Algorithm: ERM
Physical GPU: 3
Seeds: [0, 1, 2, 3, 4]
Dataset: /home/s21_yhr/lzh/GGA-new/dataset/HTP

================================================================================
Starting ERM, seed=0, physical GPU=3
/home/s21_yhr/miniconda3/envs/GGA/bin/python /home/s21_yhr/lzh/GGA-new/train_all.py HTP_ERM_seed0 --dataset HTP --data_dir /home/s21_yhr/lzh/GGA-new/dataset --algorithm ERM --steps 5000 --checkpoint_freq 100 --batch_size 32 --optimizer adam --lr 5e-5 --weight_decay 0 --resnet_dropout 0 --resnet18 False --pretrained True --freeze_bn True --swad False --seed 0 --trial_seed 0 --deterministic --prebuild_loader --cache_size 256
================================================================================
[36mINFO[0m 07/28 00:20:57 | Command :: /home/s21_yhr/lzh/GGA-new/train_all.py HTP_ERM_seed0 --dataset HTP --data_dir /home/s21_yhr/lzh/GGA-new/dataset --algorithm ERM --steps 5000 --checkpoint_freq 100 --batch_size 32 --optimizer adam --lr 5e-5 --weight_decay 0 --resnet_dropout 0 --resnet18 False --pretrained True --freeze_bn True --swad False --seed 0 --trial_seed 0 --deterministic --prebuild_loader --cache_size 256
Environment:
	Python: 3.11.15
	PyTorch: 2.11.0+cu128
	Torchvision: 0.26.0+cu128
	CUDA: 12.8
	CUDNN: 91900
	NumPy: 1.26.4
	PIL: 12.2.0
Args:
	algorithm: ERM
	batch_size: 32
	cache_root: cache
	cache_size: 256
	checkpoint_freq: 100
	configs: []
	data_dir: /home/s21_yhr/lzh/GGA-new/dataset
	dataset: HTP
	debug: False
	deterministic: True
	end_step: 200
	evalmode: fast
	extra_search: n
	extra_search_end: None
	extra_search_start: None
	gga_l_gamma: 0.001
	grad_fn: sum
	holdout_fraction: 0.2
	model_save: None
	name: HTP_ERM_seed0
	neighborhoodSize: 1e-06
	out_dir: train_output/HTP/260728_00-20-57_HTP_ERM_seed0
	out_root: train_output/HTP
	prebuild_loader: True
	seed: 0
	show: False
	start_step: 100
	steps: 5000
	tb_freq: 10
	test_envs: None
	train_output: train_output
	trial_seed: 0
	unique_name: 260728_00-20-57_HTP_ERM_seed0
	work_dir: .
HParams:
	data_augmentation: True
	val_augment: False
	[36mresnet18: False
	[0m[36mresnet_dropout: 0
	[0mclass_balanced: False
	[36moptimizer: adam
	[0m[36mfreeze_bn: True
	[0m[36mpretrained: True
	[0m[36mlr: 5e-05
	[0mbatch_size: 32
	[36mweight_decay: 0
	[0m[36mswad: False
	[0mswad_kwargs: 
	  n_converge: 3
	  n_tolerance: 6
	  tolerance_ratio: 0.3
	test_batchsize: 128
	indomain_test: False
	grad_fn: sum
	extra_search: n
	logdir: train_output/HTP/260728_00-20-57_HTP_ERM_seed0
	neighborhoodSize: 1e-06
	start_step: 100
	end_step: 200
	extra_search_start: None
	extra_search_end: None
	gga_l_gamma: 0.001
Dataset:
	[HTP] #envs=3, #classes=2
	env0: 00 (#367)
	env1: 01 (#523)
	env2: 02 (#274)

[36mINFO[0m 07/28 00:20:57 | n_steps = 5000
[36mINFO[0m 07/28 00:20:57 | checkpoint_freq = 100
[36mINFO[0m 07/28 00:20:57 | n_steps is updated to 5000 => 5001 for checkpointing
[36mINFO[0m 07/28 00:20:57 | Target test envs = [[0], [1], [2]]
[36mINFO[0m 07/28 00:20:57 | 
[36mINFO[0m 07/28 00:20:57 | Testenv name escaping te_00 -> te_00
[36mINFO[0m 07/28 00:20:57 | Test envs = [0], name = te_00
[36mINFO[0m 07/28 00:20:57 | Batch sizes for each domain: [0, 32, 32] (total=64)
[36mINFO[0m 07/28 00:20:57 | steps-per-epoch for each domain: 13.09, 6.88 -> min = 6.88
/home/s21_yhr/miniconda3/envs/GGA/lib/python3.11/site-packages/torchvision/models/_utils.py:208: UserWarning: The parameter 'pretrained' is deprecated since 0.13 and may be removed in the future, please use 'weights' instead.
  warnings.warn(
/home/s21_yhr/miniconda3/envs/GGA/lib/python3.11/site-packages/torchvision/models/_utils.py:223: UserWarning: Arguments other than a weight enum or `None` for 'weights' are deprecated since 0.13 and may be removed in the future. The current behavior is equivalent to passing `weights=ResNet50_Weights.IMAGENET1K_V1`. You can also use `weights=ResNet50_Weights.DEFAULT` to get the most up-to-date weights.
  warnings.warn(msg)
[36mINFO[0m 07/28 00:21:01 | # of params = 23512130
[36mINFO[0m 07/28 00:21:02 | test_in     test_out    train_in    train_out   test_in_au  test_out_a  train_out_  tr_outloss  env0_in     env0_in_au  env0_out    env0_out_a  env1_out    env1_out_a  env2_out    env2_out_a  step        epoch       loss        step_time   eval_time   mem_gb     
[36mINFO[0m 07/28 00:21:02 | 0.571429    0.589041    0.000000    0.566239    0.508692    0.548062    0.715278    0.784214    0.571429    0.508692    0.589041    0.548062    0.576923    0.766667    0.555556    0.663889    0           0.000000    0.725089    0.765891    0.671458    5.331002   
[36mINFO[0m 07/28 00:21:14 | 0.534014    0.493151    0.000000    0.766026    0.531179    0.496124    0.834848    0.492298    0.534014    0.531179    0.493151    0.496124    0.865385    0.928030    0.666667    0.741667    100         14.545455   0.553905    0.107283    0.456139    5.555438   
[36mINFO[0m 07/28 00:21:25 | 0.534014    0.561644    0.000000    0.751959    0.522817    0.478295    0.813005    0.616450    0.534014    0.522817    0.561644    0.478295    0.855769    0.928788    0.648148    0.697222    200         29.090909   0.359364    0.107859    0.404405    5.555438   
[36mINFO[0m 07/28 00:21:36 | 0.540816    0.520548    0.000000    0.720085    0.550737    0.510853    0.780556    0.841838    0.540816    0.550737    0.520548    0.510853    0.884615    0.933333    0.555556    0.627778    300         43.636364   0.246472    0.108850    0.470231    5.555438   
[36mINFO[0m 07/28 00:21:47 | 0.527211    0.506849    0.000000    0.633903    0.545068    0.443411    0.703662    1.163650    0.527211    0.545068    0.506849    0.443411    0.730769    0.800379    0.537037    0.606944    400         58.181818   0.193976    0.107326    0.431297    5.555438   
[36mINFO[0m 07/28 00:21:58 | 0.523810    0.493151    0.000000    0.714209    0.523337    0.468992    0.743624    1.351659    0.523810    0.523337    0.493151    0.468992    0.817308    0.892803    0.611111    0.594444    500         72.727273   0.173987    0.103193    0.399308    5.555438   
[36mINFO[0m 07/28 00:22:09 | 0.530612    0.547945    0.000000    0.718305    0.545918    0.455039    0.728472    1.599265    0.530612    0.545918    0.547945    0.455039    0.788462    0.879167    0.648148    0.577778    600         87.272727   0.132959    0.101975    0.397473    5.555438   
[36mINFO[0m 07/28 00:22:19 | 0.527211    0.547945    0.000000    0.704594    0.520314    0.489147    0.766856    1.283442    0.527211    0.520314    0.547945    0.489147    0.798077    0.879545    0.611111    0.654167    700         101.818182  0.122586    0.101435    0.408187    5.555438   
[36mINFO[0m 07/28 00:22:30 | 0.530612    0.493151    0.000000    0.709402    0.531037    0.507752    0.741351    1.803387    0.530612    0.531037    0.493151    0.507752    0.807692    0.884091    0.611111    0.598611    800         116.363636  0.120972    0.102872    0.485965    5.555438   
[36mINFO[0m 07/28 00:22:41 | 0.547619    0.479452    0.000000    0.676460    0.558272    0.501550    0.740846    1.758288    0.547619    0.558272    0.479452    0.501550    0.778846    0.871970    0.574074    0.609722    900         130.909091  0.119255    0.107987    0.437291    5.555438   
[36mINFO[0m 07/28 00:22:52 | 0.547619    0.493151    0.000000    0.728276    0.547406    0.449612    0.767456    1.890709    0.547619    0.547406    0.493151    0.449612    0.826923    0.889773    0.629630    0.645139    1000        145.454545  0.091488    0.106275    0.459165    5.555438   
[36mINFO[0m 07/28 00:23:03 | 0.527211    0.561644    0.000000    0.709046    0.550808    0.444961    0.745644    1.813977    0.527211    0.550808    0.561644    0.444961    0.788462    0.882955    0.629630    0.608333    1100        160.000000  0.096171    0.106339    0.427740    5.555438   
[36mINFO[0m 07/28 00:23:15 | 0.537415    0.493151    0.000000    0.681980    0.548044    0.496124    0.728914    1.931553    0.537415    0.548044    0.493151    0.496124    0.826923    0.910606    0.537037    0.547222    1200        174.545455  0.097965    0.106286    0.466410    5.555438   
[36mINFO[0m 07/28 00:23:26 | 0.554422    0.493151    0.000000    0.727920    0.544218    0.430233    0.758838    2.460653    0.554422    0.544218    0.493151    0.430233    0.807692    0.895455    0.648148    0.622222    1300        189.090909  0.090038    0.106854    0.438111    5.555438   
[36mINFO[0m 07/28 00:23:36 | 0.527211    0.493151    0.000000    0.727564    0.546036    0.464341    0.768845    2.505464    0.527211    0.546036    0.493151    0.464341    0.788462    0.889773    0.666667    0.647917    1400        203.636364  0.073753    0.102872    0.407525    5.555438   
[36mINFO[0m 07/28 00:23:47 | 0.557823    0.534247    0.000000    0.709046    0.564437    0.452713    0.731282    2.581573    0.557823    0.564437    0.534247    0.452713    0.788462    0.875758    0.629630    0.586806    1500        218.181818  0.071492    0.103947    0.410444    5.555438   
[36mINFO[0m 07/28 00:23:58 | 0.544218    0.520548    0.000000    0.709758    0.558012    0.450388    0.758902    2.631392    0.544218    0.558012    0.520548    0.450388    0.826923    0.888636    0.592593    0.629167    1600        232.727273  0.070892    0.101976    0.414585    5.555438   
[36mINFO[0m 07/28 00:24:09 | 0.561224    0.520548    0.000000    0.722756    0.541478    0.466667    0.761111    1.735254    0.561224    0.541478    0.520548    0.466667    0.778846    0.883333    0.666667    0.638889    1700        247.272727  0.067894    0.103074    0.509941    5.555438   
[36mINFO[0m 07/28 00:24:21 | 0.530612    0.520548    0.000000    0.690527    0.550690    0.447287    0.766446    2.566885    0.530612    0.550690    0.520548    0.447287    0.788462    0.898864    0.592593    0.634028    1800        261.818182  0.070582    0.117330    0.453954    5.555438   
[36mINFO[0m 07/28 00:24:32 | 0.564626    0.561644    0.000000    0.695691    0.555414    0.518992    0.767803    2.106472    0.564626    0.555414    0.561644    0.518992    0.817308    0.896023    0.574074    0.639583    1900        276.363636  0.071408    0.110204    0.465739    5.555438   
[36mINFO[0m 07/28 00:24:44 | 0.554422    0.479452    0.000000    0.713853    0.545328    0.479070    0.744097    2.526250    0.554422    0.545328    0.479452    0.479070    0.798077    0.879167    0.629630    0.609028    2000        290.909091  0.058928    0.111495    0.490603    5.555438   
[36mINFO[0m 07/28 00:24:55 | 0.557823    0.547945    0.000000    0.713497    0.576389    0.526357    0.724242    2.080905    0.557823    0.576389    0.547945    0.526357    0.778846    0.873485    0.648148    0.575000    2100        305.454545  0.061982    0.109943    0.451732    5.555438   
[36mINFO[0m 07/28 00:25:07 | 0.547619    0.493151    0.000000    0.723113    0.564201    0.479845    0.752841    2.660112    0.547619    0.564201    0.493151    0.479845    0.798077    0.878598    0.648148    0.627083    2200        320.000000  0.067413    0.109868    0.433132    5.555438   
[36mINFO[0m 07/28 00:25:18 | 0.534014    0.479452    0.000000    0.700142    0.541312    0.456589    0.760101    2.237224    0.534014    0.541312    0.479452    0.456589    0.807692    0.904924    0.592593    0.615278    2300        334.545455  0.047778    0.105471    0.420339    5.555438   
[36mINFO[0m 07/28 00:25:29 | 0.544218    0.506849    0.000000    0.666132    0.546131    0.482171    0.720518    2.691256    0.544218    0.546131    0.506849    0.482171    0.721154    0.842424    0.611111    0.598611    2400        349.090909  0.052737    0.104661    0.443543    5.555438   
[36mINFO[0m 07/28 00:25:40 | 0.540816    0.520548    0.000000    0.717949    0.546627    0.451938    0.782355    2.218449    0.540816    0.546627    0.520548    0.451938    0.769231    0.889015    0.666667    0.675694    2500        363.636364  0.046335    0.104801    0.440399    5.555438   
[36mINFO[0m 07/28 00:25:50 | 0.547619    0.589041    0.000000    0.685007    0.579129    0.506977    0.732765    2.427758    0.547619    0.579129    0.589041    0.506977    0.740385    0.861364    0.629630    0.604167    2600        378.181818  0.042642    0.101711    0.439797    5.555438   
[36mINFO[0m 07/28 00:26:02 | 0.530612    0.506849    0.000000    0.722756    0.540249    0.459690    0.745770    1.751033    0.530612    0.540249    0.506849    0.459690    0.778846    0.865152    0.666667    0.626389    2700        392.727273  0.056322    0.107367    0.455736    5.555438   
[36mINFO[0m 07/28 00:26:13 | 0.547619    0.506849    0.000000    0.670584    0.541265    0.490698    0.733902    2.218788    0.547619    0.541265    0.506849    0.490698    0.711538    0.838636    0.629630    0.629167    2800        407.272727  0.066747    0.108162    0.445044    5.555438   
[36mINFO[0m 07/28 00:26:24 | 0.517007    0.493151    0.000000    0.751246    0.523266    0.434884    0.753883    2.301213    0.517007    0.523266    0.493151    0.434884    0.817308    0.893182    0.685185    0.614583    2900        421.818182  0.054884    0.108157    0.478833    5.555438   
[36mINFO[0m 07/28 00:26:35 | 0.551020    0.534247    0.000000    0.699430    0.551493    0.524031    0.748674    2.077006    0.551020    0.551493    0.534247    0.524031    0.769231    0.868182    0.629630    0.629167    3000        436.363636  0.062914    0.108112    0.414493    5.555438   
[36mINFO[0m 07/28 00:26:46 | 0.554422    0.602740    0.000000    0.699074    0.571807    0.511628    0.750189    1.987131    0.554422    0.571807    0.602740    0.511628    0.750000    0.862879    0.648148    0.637500    3100        450.909091  0.069576    0.105399    0.477428    5.555438   
[36mINFO[0m 07/28 00:26:58 | 0.544218    0.547945    0.000000    0.675392    0.547997    0.525581    0.734280    2.356947    0.544218    0.547997    0.547945    0.525581    0.721154    0.868561    0.629630    0.600000    3200        465.454545  0.054408    0.106677    0.426544    5.555438   
[36mINFO[0m 07/28 00:27:08 | 0.506803    0.547945    0.000000    0.681268    0.536966    0.488372    0.737973    2.756008    0.506803    0.536966    0.547945    0.488372    0.788462    0.861364    0.574074    0.614583    3300        480.000000  0.047297    0.103463    0.425849    5.555438   
[36mINFO[0m 07/28 00:27:19 | 0.547619    0.547945    0.000000    0.732372    0.541856    0.480620    0.745202    2.975913    0.547619    0.541856    0.547945    0.480620    0.798077    0.884848    0.666667    0.605556    3400        494.545455  0.041685    0.101310    0.431563    5.555438   
[36mINFO[0m 07/28 00:27:29 | 0.537415    0.547945    0.000000    0.699074    0.540675    0.515504    0.747727    2.552119    0.537415    0.540675    0.547945    0.515504    0.750000    0.889205    0.648148    0.606250    3500        509.090909  0.063801    0.100164    0.403644    5.555438   
[36mINFO[0m 07/28 00:27:40 | 0.547619    0.534247    0.000000    0.699074    0.549461    0.484496    0.723737    2.605764    0.547619    0.549461    0.534247    0.484496    0.750000    0.853030    0.648148    0.594444    3600        523.636364  0.043122    0.105599    0.555935    5.555438   
[36mINFO[0m 07/28 00:27:52 | 0.544218    0.506849    0.000000    0.732372    0.560445    0.468217    0.723074    3.178777    0.544218    0.560445    0.506849    0.468217    0.798077    0.851705    0.666667    0.594444    3700        538.181818  0.039130    0.112783    0.454623    5.555438   
[36mINFO[0m 07/28 00:28:04 | 0.527211    0.616438    0.000000    0.676104    0.557918    0.540310    0.734122    3.047103    0.527211    0.557918    0.616438    0.540310    0.759615    0.864773    0.592593    0.603472    3800        552.727273  0.053906    0.112782    0.466039    5.555438   
[36mINFO[0m 07/28 00:28:15 | 0.544218    0.561644    0.000000    0.685719    0.538336    0.538760    0.738731    2.423974    0.544218    0.538336    0.561644    0.538760    0.778846    0.871212    0.592593    0.606250    3900        567.272727  0.047536    0.109409    0.416229    5.555438   
[36mINFO[0m 07/28 00:28:27 | 0.547619    0.589041    0.000000    0.694623    0.540533    0.496124    0.758460    1.726994    0.547619    0.540533    0.589041    0.496124    0.759615    0.861364    0.629630    0.655556    4000        581.818182  0.043487    0.110897    0.470749    5.555438   
[36mINFO[0m 07/28 00:28:38 | 0.506803    0.547945    0.000000    0.694266    0.543178    0.479070    0.739457    2.809733    0.506803    0.543178    0.547945    0.479070    0.740385    0.892803    0.648148    0.586111    4100        596.363636  0.043156    0.110165    0.420635    5.555438   
[36mINFO[0m 07/28 00:28:49 | 0.530612    0.561644    0.000000    0.704594    0.550146    0.497674    0.754798    2.672366    0.530612    0.550146    0.561644    0.497674    0.798077    0.890152    0.611111    0.619444    4200        610.909091  0.042927    0.101929    0.447398    5.555438   
[36mINFO[0m 07/28 00:29:00 | 0.537415    0.493151    0.000000    0.699786    0.552556    0.509302    0.761016    2.706331    0.537415    0.552556    0.493151    0.509302    0.788462    0.885227    0.611111    0.636806    4300        625.454545  0.030775    0.103133    0.419001    5.555438   
[36mINFO[0m 07/28 00:29:11 | 0.540816    0.438356    0.000000    0.694623    0.517290    0.419380    0.737500    2.306034    0.540816    0.517290    0.438356    0.419380    0.759615    0.879167    0.629630    0.595833    4400        640.000000  0.047847    0.103083    0.431092    5.555438   
[36mINFO[0m 07/28 00:29:22 | 0.540816    0.520548    0.000000    0.732728    0.541147    0.452326    0.747348    2.652010    0.540816    0.541147    0.520548    0.452326    0.817308    0.890530    0.648148    0.604167    4500        654.545455  0.053364    0.108053    0.451189    5.555438   
[36mINFO[0m 07/28 00:29:33 | 0.544218    0.534247    0.000000    0.684651    0.538690    0.475969    0.714268    2.101692    0.544218    0.538690    0.534247    0.475969    0.721154    0.829924    0.648148    0.598611    4600        669.090909  0.042798    0.110984    0.457334    5.555438   
[36mINFO[0m 07/28 00:29:45 | 0.544218    0.547945    0.000000    0.713497    0.550572    0.510853    0.755114    2.352379    0.544218    0.550572    0.547945    0.510853    0.778846    0.876894    0.648148    0.633333    4700        683.636364  0.040525    0.108728    0.467483    5.555438   
[36mINFO[0m 07/28 00:29:56 | 0.537415    0.534247    0.000000    0.680556    0.539848    0.480620    0.703062    2.896585    0.537415    0.539848    0.534247    0.480620    0.750000    0.817235    0.611111    0.588889    4800        698.181818  0.034170    0.111795    0.479433    5.555438   
[36mINFO[0m 07/28 00:30:08 | 0.554422    0.561644    0.000000    0.676104    0.567319    0.538760    0.714205    2.819757    0.554422    0.567319    0.561644    0.538760    0.759615    0.847159    0.592593    0.581250    4900        712.727273  0.039982    0.109599    0.464011    5.555438   
[36mINFO[0m 07/28 00:30:19 | 0.527211    0.506849    0.000000    0.689815    0.545706    0.497674    0.707260    3.083023    0.527211    0.545706    0.506849    0.497674    0.750000    0.853409    0.629630    0.561111    5000        727.272727  0.036947    0.103787    0.410814    5.555438   
[36mINFO[0m 07/28 00:30:19 | ---
[36mINFO[0m 07/28 00:30:19 | oracle = 52.721%
[36mINFO[0m 07/28 00:30:19 | iid = 53.401%
[36mINFO[0m 07/28 00:30:19 | last = 52.721%
[36mINFO[0m 07/28 00:30:19 | last (inD) = 68.981%
[36mINFO[0m 07/28 00:30:19 | iid (inD) = 76.603%
[36mINFO[0m 07/28 00:30:19 | 
[36mINFO[0m 07/28 00:30:19 | Testenv name escaping te_01 -> te_01
[36mINFO[0m 07/28 00:30:19 | Test envs = [1], name = te_01
[36mINFO[0m 07/28 00:30:19 | Batch sizes for each domain: [32, 0, 32] (total=64)
[36mINFO[0m 07/28 00:30:19 | steps-per-epoch for each domain: 9.19, 6.88 -> min = 6.88
/home/s21_yhr/miniconda3/envs/GGA/lib/python3.11/site-packages/torchvision/models/_utils.py:208: UserWarning: The parameter 'pretrained' is deprecated since 0.13 and may be removed in the future, please use 'weights' instead.
  warnings.warn(
/home/s21_yhr/miniconda3/envs/GGA/lib/python3.11/site-packages/torchvision/models/_utils.py:223: UserWarning: Arguments other than a weight enum or `None` for 'weights' are deprecated since 0.13 and may be removed in the future. The current behavior is equivalent to passing `weights=ResNet50_Weights.IMAGENET1K_V1`. You can also use `weights=ResNet50_Weights.DEFAULT` to get the most up-to-date weights.
  warnings.warn(msg)
[36mINFO[0m 07/28 00:30:22 | # of params = 23512130
[36mINFO[0m 07/28 00:30:23 | test_in     test_out    train_in    train_out   test_in_au  train_out_  tr_outloss  test_out_a  env0_out    env0_out_a  env1_in     env1_in_au  env1_out    env1_out_a  env2_out    env2_out_a  step        epoch       loss        step_time   eval_time   mem_gb     
[36mINFO[0m 07/28 00:30:23 | 0.513126    0.423077    0.000000    0.427702    0.551208    0.573740    0.852345    0.450758    0.410959    0.622481    0.513126    0.551208    0.423077    0.450758    0.444444    0.525000    0           0.000000    0.716732    0.113578    0.563339    5.335397   
[36mINFO[0m 07/28 00:30:34 | 0.599045    0.500000    0.000000    0.560629    0.683630    0.601405    0.876679    0.507197    0.602740    0.606977    0.599045    0.683630    0.500000    0.507197    0.518519    0.595833    100         14.545455   0.608941    0.101680    0.486820    5.558124   
[36mINFO[0m 07/28 00:30:44 | 0.565632    0.586538    0.000000    0.588026    0.683470    0.586289    1.745847    0.576515    0.657534    0.643411    0.565632    0.683470    0.586538    0.576515    0.518519    0.529167    200         29.090909   0.369470    0.099010    0.499884    5.558124   
[36mINFO[0m 07/28 00:30:55 | 0.558473    0.394231    0.000000    0.581177    0.523142    0.586208    1.415762    0.462121    0.643836    0.675194    0.558473    0.523142    0.394231    0.462121    0.518519    0.497222    300         43.636364   0.226321    0.106804    0.518788    5.558124   
[36mINFO[0m 07/28 00:31:07 | 0.572792    0.490385    0.000000    0.597286    0.589010    0.628811    1.696323    0.496212    0.657534    0.713178    0.572792    0.589010    0.490385    0.496212    0.537037    0.544444    400         58.181818   0.160221    0.112002    0.582952    5.558124   
