[36mINFO[0m 08/07 21:31:47 | Command :: train_all.py ERM_vis --dataset HTP --data_dir dataset --algorithm ERM --saliency --saliency_num 32 --saliency_every 100 --saliency_cmap jet
Environment:
	Python: 3.11.15
	PyTorch: 2.11.0+cu128
	Torchvision: 0.26.0+cu128
	CUDA: 12.8
	CUDNN: 91900
	NumPy: 1.26.4
	PIL: 12.2.0
Args:
	algorithm: ERM
	batch_size: 32
	cache: none
	cache_root: cache
	cache_size: None
	checkpoint_freq: None
	configs: []
	data_dir: dataset
	dataset: HTP
	debug: False
	deterministic: False
	end_step: 200
	evalmode: fast
	extra_search: n
	extra_search_end: None
	extra_search_start: None
	gga_l_gamma: 0.001
	grad_fn: sum
	holdout_fraction: 0.2
	model_save: None
	name: ERM_vis
	neighborhoodSize: 1e-06
	out_dir: train_output/HTP/260807_21-31-47_ERM_vis
	out_root: train_output/HTP
	prebuild_loader: False
	q_steps: 2000
	quant: 0
	resize_mode: stretch
	saliency: True
	saliency_cmap: jet
	saliency_every: 100
	saliency_noise: 0.15
	saliency_num: 32
	saliency_samples: 25
	saliency_split: test_in
	seed: 0
	show: False
	start_step: 100
	steps: None
	tb_freq: 10
	test_envs: None
	train_output: train_output
	trial_seed: 0
	unique_name: 260807_21-31-47_ERM_vis
	work_dir: .
HParams:
	data_augmentation: True
	val_augment: False
	resnet18: False
	resnet_dropout: 0.0
	class_balanced: False
	optimizer: adam
	freeze_bn: True
	pretrained: True
	image_size: 224
	lr: 5e-05
	batch_size: 32
	weight_decay: 0.0
	swad: LossValley
	swad_kwargs: 
	  n_converge: 3
	  n_tolerance: 6
	  tolerance_ratio: 0.3
	test_batchsize: 128
	indomain_test: False
	grad_fn: sum
	extra_search: n
	logdir: train_output/HTP/260807_21-31-47_ERM_vis
	neighborhoodSize: 1e-06
	start_step: 100
	end_step: 200
	extra_search_start: None
	extra_search_end: None
	gga_l_gamma: 0.001
Dataset:
	[HTP] #envs=3, #classes=2
	env0: 00 (#367)
	env1: 01 (#523)
	env2: 02 (#274)

[36mINFO[0m 08/07 21:31:48 | n_steps = 5001
[36mINFO[0m 08/07 21:31:48 | checkpoint_freq = 100
[36mINFO[0m 08/07 21:31:48 | n_steps is updated to 5001 => 5001 for checkpointing
[36mINFO[0m 08/07 21:31:48 | Target test envs = [[0], [1], [2]]
[36mINFO[0m 08/07 21:31:48 | 
[36mINFO[0m 08/07 21:31:48 | Testenv name escaping te_00 -> te_00
[36mINFO[0m 08/07 21:31:48 | Test envs = [0], name = te_00
[36mINFO[0m 08/07 21:31:48 | Batch sizes for each domain: [0, 32, 32] (total=64)
[36mINFO[0m 08/07 21:31:48 | steps-per-epoch for each domain: 13.09, 6.88 -> min = 6.88
/home/s21_yhr/miniconda3/envs/GGA/lib/python3.11/site-packages/torchvision/models/_utils.py:208: UserWarning: The parameter 'pretrained' is deprecated since 0.13 and may be removed in the future, please use 'weights' instead.
  warnings.warn(
/home/s21_yhr/miniconda3/envs/GGA/lib/python3.11/site-packages/torchvision/models/_utils.py:223: UserWarning: Arguments other than a weight enum or `None` for 'weights' are deprecated since 0.13 and may be removed in the future. The current behavior is equivalent to passing `weights=ResNet50_Weights.IMAGENET1K_V1`. You can also use `weights=ResNet50_Weights.DEFAULT` to get the most up-to-date weights.
  warnings.warn(msg)
[36mINFO[0m 08/07 21:31:51 | # of params = 23512130
[36mINFO[0m 08/07 21:31:59 | Saliency ON -> train_output/HTP/260807_21-31-47_ERM_vis/saliency/te_00
[36mINFO[0m 08/07 21:34:54 | test_in     test_out    train_in    train_out   test_in_au  test_out_a  train_out_  tr_outloss  env0_in     env0_in_au  env0_out    env0_out_a  env1_out    env1_out_a  env2_out    env2_out_a  step        epoch       loss        step_time   eval_time   mem_gb     
[36mINFO[0m 08/07 21:34:54 | 0.571429    0.589041    0.000000    0.566239    0.466884    0.453488    0.691667    0.745951    0.571429    0.466884    0.589041    0.453488    0.576923    0.750000    0.555556    0.633333    0           0.000000    0.678705    24.526004   149.916773  7.755353   
[36mINFO[0m 08/07 21:37:08 | 0.557823    0.575342    0.000000    0.817130    0.531368    0.495349    0.843939    0.482473    0.557823    0.531368    0.575342    0.495349    0.875000    0.929545    0.759259    0.758333    100         14.545455   0.577317    0.559241    49.928307   7.755353   
[36mINFO[0m 08/07 21:38:44 | 0.561224    0.547945    0.000000    0.747507    0.571665    0.509302    0.771843    0.658702    0.561224    0.571665    0.547945    0.509302    0.865385    0.911742    0.629630    0.631944    200         29.090909   0.366731    0.431865    45.234626   7.755353   
[36mINFO[0m 08/07 21:40:18 | 0.540816    0.547945    0.000000    0.728276    0.539494    0.500000    0.767614    1.007536    0.540816    0.539494    0.547945    0.500000    0.826923    0.922727    0.629630    0.612500    300         43.636364   0.214379    0.422583    43.589910   7.755353   
Model converged at step 100, Start step = -1; Threshold = 0.931108, 
[36mINFO[0m 08/07 21:41:50 | 0.547619    0.561644    0.000000    0.723469    0.586262    0.538760    0.774495    1.209155    0.547619    0.586262    0.561644    0.538760    0.817308    0.912879    0.629630    0.636111    400         58.181818   0.171965    0.448146    39.418925   7.755353   
[36mINFO[0m 08/07 21:43:21 | 0.561224    0.616438    0.000000    0.638355    0.556359    0.552713    0.749558    1.858338    0.561224    0.556359    0.616438    0.552713    0.721154    0.885227    0.555556    0.613889    500         72.727273   0.122590    0.443312    39.779819   7.755353   
[36mINFO[0m 08/07 21:44:59 | 0.561224    0.561644    0.000000    0.719017    0.558154    0.521705    0.753788    1.673216    0.561224    0.558154    0.561644    0.521705    0.826923    0.911742    0.611111    0.595833    600         87.272727   0.093453    0.451236    45.139992   7.755353   
[36mINFO[0m 08/07 21:46:36 | 0.561224    0.575342    0.000000    0.685363    0.551776    0.515504    0.771528    1.504126    0.561224    0.551776    0.575342    0.515504    0.759615    0.912500    0.611111    0.630556    700         101.818182  0.085692    0.440950    45.070692   7.755353   
[36mINFO[0m 08/07 21:48:20 | 0.574830    0.575342    0.000000    0.727920    0.585081    0.527907    0.785101    1.335586    0.574830    0.585081    0.575342    0.527907    0.807692    0.900758    0.648148    0.669444    800         116.363636  0.089522    0.426339    52.265521   7.755353   
Valley is dead at step 200
[36mINFO[0m 08/07 21:48:20 | SWAD valley is dead -> early stop !
[36mINFO[0m 08/07 21:48:20 | ---
[33mWARNING[0m 08/07 21:48:20 | Evaluate SWAD ...
[36mINFO[0m 08/07 21:49:08 | 0.523810    0.575342    0.000000    0.788996    0.538076    0.472093    0.840025    0.479698    0.523810    0.538076    0.575342    0.472093    0.855769    0.935606    0.722222    0.744444    [1-200]  (N=2)
[36mINFO[0m 08/07 21:49:08 | oracle = 56.122%
[36mINFO[0m 08/07 21:49:08 | iid = 55.782%
[36mINFO[0m 08/07 21:49:08 | last = 57.483%
[36mINFO[0m 08/07 21:49:08 | last (inD) = 72.792%
[36mINFO[0m 08/07 21:49:08 | iid (inD) = 81.713%
[36mINFO[0m 08/07 21:49:08 | SWAD = 52.381%
[36mINFO[0m 08/07 21:49:08 | SWAD (inD) = 78.900%
[36mINFO[0m 08/07 21:49:08 | 
[36mINFO[0m 08/07 21:49:08 | Testenv name escaping te_01 -> te_01
[36mINFO[0m 08/07 21:49:08 | Test envs = [1], name = te_01
[36mINFO[0m 08/07 21:49:08 | Batch sizes for each domain: [32, 0, 32] (total=64)
[36mINFO[0m 08/07 21:49:08 | steps-per-epoch for each domain: 9.19, 6.88 -> min = 6.88
/home/s21_yhr/miniconda3/envs/GGA/lib/python3.11/site-packages/torchvision/models/_utils.py:208: UserWarning: The parameter 'pretrained' is deprecated since 0.13 and may be removed in the future, please use 'weights' instead.
  warnings.warn(
/home/s21_yhr/miniconda3/envs/GGA/lib/python3.11/site-packages/torchvision/models/_utils.py:223: UserWarning: Arguments other than a weight enum or `None` for 'weights' are deprecated since 0.13 and may be removed in the future. The current behavior is equivalent to passing `weights=ResNet50_Weights.IMAGENET1K_V1`. You can also use `weights=ResNet50_Weights.DEFAULT` to get the most up-to-date weights.
  warnings.warn(msg)
[36mINFO[0m 08/07 21:49:11 | # of params = 23512130
[36mINFO[0m 08/07 21:49:19 | Saliency ON -> train_output/HTP/260807_21-31-47_ERM_vis/saliency/te_01
[36mINFO[0m 08/07 21:50:27 | test_in     test_out    train_in    train_out   test_in_au  train_out_  tr_outloss  test_out_a  env0_out    env0_out_a  env1_in     env1_in_au  env1_out    env1_out_a  env2_out    env2_out_a  step        epoch       loss        step_time   eval_time   mem_gb     
[36mINFO[0m 08/07 21:50:27 | 0.754177    0.682692    0.000000    0.623415    0.845554    0.634803    0.679756    0.773864    0.561644    0.534884    0.754177    0.845554    0.682692    0.773864    0.685185    0.734722    0           0.000000    0.693167    0.098561    68.120076   5.423583   
[36mINFO[0m 08/07 21:52:05 | 0.525060    0.615385    0.000000    0.546930    0.654332    0.541150    0.681271    0.669318    0.575342    0.510078    0.525060    0.654332    0.615385    0.669318    0.518519    0.572222    100         14.545455   0.673297    0.339214    56.049329   5.819056   
[36mINFO[0m 08/07 21:53:44 | 0.558473    0.576923    0.000000    0.682648    0.587369    0.653262    0.835603    0.562500    0.698630    0.675969    0.558473    0.587369    0.576923    0.562500    0.666667    0.630556    200         29.090909   0.553193    0.337312    54.834848   6.001689   
Model converged at step 0, Start step = 1; Threshold = 0.951873, 
[36mINFO[0m 08/07 21:55:21 | 0.565632    0.557692    0.000000    0.631913    0.628409    0.603779    1.267241    0.514394    0.671233    0.632558    0.565632    0.628409    0.557692    0.514394    0.592593    0.575000    300         43.636364   0.405451    0.323989    53.031908   6.182003   
[36mINFO[0m 08/07 21:57:03 | 0.546539    0.519231    0.000000    0.592846    0.587187    0.577600    1.529844    0.492045    0.630137    0.589922    0.546539    0.587187    0.519231    0.492045    0.555556    0.565278    400         58.181818   0.259674    0.353929    55.087774   6.358411   
[36mINFO[0m 08/07 21:58:35 | 0.494033    0.432692    0.000000    0.572298    0.487095    0.597255    1.936127    0.401894    0.589041    0.647287    0.494033    0.487095    0.432692    0.401894    0.555556    0.547222    500         72.727273   0.173207    0.233530    59.488791   6.536283   
[36mINFO[0m 08/07 22:00:13 | 0.527446    0.519231    0.000000    0.602106    0.583767    0.614826    2.396019    0.498485    0.630137    0.637984    0.527446    0.583767    0.519231    0.498485    0.574074    0.591667    600         87.272727   0.140708    0.241608    63.478910   6.715987   
[36mINFO[0m 08/07 22:01:45 | 0.527446    0.500000    0.000000    0.533232    0.586115    0.549693    2.974078    0.497727    0.547945    0.567442    0.527446    0.586115    0.500000    0.497727    0.518519    0.531944    700         101.818182  0.115958    0.231774    58.462857   6.885437   
[36mINFO[0m 08/07 22:03:23 | 0.522673    0.442308    0.000000    0.590436    0.545714    0.565601    2.576902    0.426894    0.643836    0.639535    0.522673    0.545714    0.442308    0.426894    0.537037    0.491667    800         116.363636  0.105239    0.236803    64.368772   6.890076   
Valley is dead at step 200
[36mINFO[0m 08/07 22:03:23 | SWAD valley is dead -> early stop !
[36mINFO[0m 08/07 22:03:23 | ---
[33mWARNING[0m 08/07 22:03:23 | Evaluate SWAD ...
[36mINFO[0m 08/07 22:04:18 | 0.606205    0.567308    0.000000    0.675799    0.633675    0.699742    0.665845    0.569697    0.684932    0.655039    0.606205    0.633675    0.567308    0.569697    0.666667    0.744444    [1-200]  (N=7)
[36mINFO[0m 08/07 22:04:18 | oracle = 75.418%
[36mINFO[0m 08/07 22:04:18 | iid = 55.847%
[36mINFO[0m 08/07 22:04:18 | last = 52.267%
[36mINFO[0m 08/07 22:04:18 | last (inD) = 59.044%
[36mINFO[0m 08/07 22:04:18 | iid (inD) = 68.265%
[36mINFO[0m 08/07 22:04:18 | SWAD = 60.621%
[36mINFO[0m 08/07 22:04:18 | SWAD (inD) = 67.580%
[36mINFO[0m 08/07 22:04:18 | 
[36mINFO[0m 08/07 22:04:18 | Testenv name escaping te_02 -> te_02
[36mINFO[0m 08/07 22:04:18 | Test envs = [2], name = te_02
[36mINFO[0m 08/07 22:04:18 | Batch sizes for each domain: [32, 32, 0] (total=64)
[36mINFO[0m 08/07 22:04:18 | steps-per-epoch for each domain: 9.19, 13.09 -> min = 9.19
/home/s21_yhr/miniconda3/envs/GGA/lib/python3.11/site-packages/torchvision/models/_utils.py:208: UserWarning: The parameter 'pretrained' is deprecated since 0.13 and may be removed in the future, please use 'weights' instead.
  warnings.warn(
/home/s21_yhr/miniconda3/envs/GGA/lib/python3.11/site-packages/torchvision/models/_utils.py:223: UserWarning: Arguments other than a weight enum or `None` for 'weights' are deprecated since 0.13 and may be removed in the future. The current behavior is equivalent to passing `weights=ResNet50_Weights.IMAGENET1K_V1`. You can also use `weights=ResNet50_Weights.DEFAULT` to get the most up-to-date weights.
  warnings.warn(msg)
[36mINFO[0m 08/07 22:04:21 | # of params = 23512130
[36mINFO[0m 08/07 22:04:27 | Saliency ON -> train_output/HTP/260807_21-31-47_ERM_vis/saliency/te_02
[36mINFO[0m 08/07 22:05:24 | test_in     test_out    train_in    train_out   test_in_au  train_out_  tr_outloss  test_out_a  env0_out    env0_out_a  env1_out    env1_out_a  env2_in     env2_in_au  env2_out    env2_out_a  step        epoch       loss        step_time   eval_time   mem_gb     
[36mINFO[0m 08/07 22:05:24 | 0.568182    0.518519    0.000000    0.620126    0.594277    0.628581    0.667476    0.512500    0.547945    0.465116    0.692308    0.792045    0.568182    0.594277    0.518519    0.512500    0           0.000000    0.712721    0.111216    57.166515   5.418090   
[36mINFO[0m 08/07 22:06:52 | 0.577273    0.722222    0.000000    0.677094    0.598764    0.710862    0.701585    0.801389    0.575342    0.589147    0.778846    0.832576    0.577273    0.598764    0.722222    0.801389    100         10.884354   0.581144    0.384359    41.344181   5.819544   
[36mINFO[0m 08/07 22:08:20 | 0.577273    0.685185    0.000000    0.688751    0.605199    0.741460    1.017455    0.725000    0.589041    0.631783    0.788462    0.851136    0.577273    0.605199    0.685185    0.725000    200         21.768707   0.404091    0.373460    43.790138   6.002910   
Model converged at step 0, Start step = 1; Threshold = 1.034157, 
[36mINFO[0m 08/07 22:09:51 | 0.527273    0.537037    0.000000    0.609194    0.620777    0.670551    0.783161    0.723611    0.506849    0.508527    0.711538    0.832576    0.527273    0.620777    0.537037    0.723611    300         32.653061   0.278044    0.385825    42.396765   6.185909   
[36mINFO[0m 08/07 22:11:20 | 0.513636    0.537037    0.000000    0.686710    0.531030    0.752471    1.130977    0.662500    0.575342    0.634109    0.798077    0.870833    0.513636    0.531030    0.537037    0.662500    400         43.537415   0.188046    0.376810    41.964037   6.360120   
[36mINFO[0m 08/07 22:12:53 | 0.568182    0.740741    0.000000    0.731296    0.566421    0.739130    1.705816    0.754167    0.616438    0.610078    0.846154    0.868182    0.568182    0.566421    0.740741    0.754167    500         54.421769   0.147254    0.386170    44.470778   6.534941   
[36mINFO[0m 08/07 22:14:31 | 0.536364    0.685185    0.000000    0.699091    0.587757    0.744803    1.370864    0.715278    0.561644    0.609302    0.836538    0.880303    0.536364    0.587757    0.685185    0.715278    600         65.306122   0.134744    0.389413    49.926245   6.713180   
[36mINFO[0m 08/07 22:16:07 | 0.536364    0.759259    0.000000    0.651739    0.575819    0.706479    1.964411    0.788889    0.534247    0.586822    0.769231    0.826136    0.536364    0.575819    0.759259    0.788889    700         76.190476   0.116213    0.388105    48.810447   6.888489   
[36mINFO[0m 08/07 22:17:44 | 0.527273    0.648148    0.000000    0.688027    0.576496    0.728744    2.015042    0.736111    0.616438    0.629457    0.759615    0.828030    0.527273    0.576496    0.648148    0.736111    800         87.074830   0.096435    0.391470    49.403459   6.890076   
[36mINFO[0m 08/07 22:19:18 | 0.513636    0.703704    0.000000    0.693559    0.529295    0.726291    2.029265    0.741667    0.589041    0.596899    0.798077    0.855682    0.513636    0.529295    0.703704    0.741667    900         97.959184   0.089485    0.397451    43.815580   6.890076   
Valley is dead at step 300
[36mINFO[0m 08/07 22:19:18 | SWAD valley is dead -> early stop !
[36mINFO[0m 08/07 22:19:18 | ---
[33mWARNING[0m 08/07 22:19:19 | Evaluate SWAD ...
[36mINFO[0m 08/07 22:20:03 | 0.550000    0.685185    0.000000    0.679136    0.606723    0.743120    0.611581    0.709722    0.589041    0.594574    0.769231    0.891667    0.550000    0.606723    0.685185    0.709722    [1-300]  (N=8)
[36mINFO[0m 08/07 22:20:03 | oracle = 53.636%
[36mINFO[0m 08/07 22:20:03 | iid = 56.818%
[36mINFO[0m 08/07 22:20:03 | last = 51.364%
[36mINFO[0m 08/07 22:20:03 | last (inD) = 69.356%
[36mINFO[0m 08/07 22:20:03 | iid (inD) = 73.130%
[36mINFO[0m 08/07 22:20:03 | SWAD = 55.000%
[36mINFO[0m 08/07 22:20:03 | SWAD (inD) = 67.914%
[36mINFO[0m 08/07 22:20:04 | === Summary ===
[36mINFO[0m 08/07 22:20:04 | Command: train_all.py ERM_vis --dataset HTP --data_dir dataset --algorithm ERM --saliency --saliency_num 32 --saliency_every 100 --saliency_cmap jet
[36mINFO[0m 08/07 22:20:04 | Unique name: 260807_21-31-47_ERM_vis
[36mINFO[0m 08/07 22:20:04 | Out path: train_output/HTP/260807_21-31-47_ERM_vis
[36mINFO[0m 08/07 22:20:04 | Algorithm: ERM
[36mINFO[0m 08/07 22:20:04 | Dataset: HTP
+------------+---------+---------+---------+---------+
| Selection  |    00   |    01   |    02   |   Avg.  |
+------------+---------+---------+---------+---------+
|   oracle   | 56.122% | 75.418% | 53.636% | 61.725% |
|    iid     | 55.782% | 55.847% | 56.818% | 56.149% |
|    last    | 57.483% | 52.267% | 51.364% | 53.705% |
| last (inD) | 72.792% | 59.044% | 69.356% | 67.064% |
| iid (inD)  | 81.713% | 68.265% | 73.130% | 74.369% |
|    SWAD    | 52.381% | 60.621% | 55.000% | 56.000% |
| SWAD (inD) | 78.900% | 67.580% | 67.914% | 71.464% |
+------------+---------+---------+---------+---------+
