Algorithm: ALOFT_E
Physical GPU: 1
Seeds: [0, 1, 2, 3, 4]
Dataset: /home/s21_yhr/lzh/new/DomainBed-new/dataset/SKET

================================================================================
Starting ALOFT_E, seed=0, physical GPU=1
/home/s21_yhr/miniconda3/envs/lzh_DG/bin/python /home/s21_yhr/lzh/new/DomainBed-new/train_all.py SKET_ALOFT_E_seed0 --dataset SKET --data_dir /home/s21_yhr/lzh/new/DomainBed-new/dataset --algorithm ALOFT_E --steps 5000 --checkpoint_freq 200 --batch_size 32 --optimizer adam --lr 5e-5 --weight_decay 0 --resnet_dropout 0 --resnet18 False --pretrained True --freeze_bn True --swad False --seed 0 --trial_seed 0 --deterministic --cache disk --prebuild_loader --image_size 224 --aloft_alpha 1.0 --aloft_mask_ratio 0.5 --aloft_perturb_prob 1.0
================================================================================
/home/s21_yhr/miniconda3/envs/lzh_DG/lib/python3.9/site-packages/munch/__init__.py:24: UserWarning: pkg_resources is deprecated as an API. See https://setuptools.pypa.io/en/latest/pkg_resources.html. The pkg_resources package is slated for removal as early as 2025-11-30. Refrain from using this package or pin to Setuptools<81.
  import pkg_resources
[36mINFO[0m 08/12 17:38:53 | Command :: /home/s21_yhr/lzh/new/DomainBed-new/train_all.py SKET_ALOFT_E_seed0 --dataset SKET --data_dir /home/s21_yhr/lzh/new/DomainBed-new/dataset --algorithm ALOFT_E --steps 5000 --checkpoint_freq 200 --batch_size 32 --optimizer adam --lr 5e-5 --weight_decay 0 --resnet_dropout 0 --resnet18 False --pretrained True --freeze_bn True --swad False --seed 0 --trial_seed 0 --deterministic --cache disk --prebuild_loader --image_size 224 --aloft_alpha 1.0 --aloft_mask_ratio 0.5 --aloft_perturb_prob 1.0
Environment:
	Python: 3.9.25
	PyTorch: 2.7.0+cu128
	Torchvision: 0.22.0+cu128
	CUDA: 12.8
	CUDNN: 90701
	NumPy: 1.23.5
	PIL: 8.1.0
Args:
	algorithm: ALOFT_E
	batch_size: 32
	cache: disk
	cache_root: cache
	cache_size: None
	checkpoint_freq: 200
	configs: []
	data_dir: /home/s21_yhr/lzh/new/DomainBed-new/dataset
	dataset: SKET
	debug: False
	deterministic: True
	end_step: 200
	evalmode: fast
	extra_search: n
	extra_search_end: None
	extra_search_start: None
	gga_l_gamma: 0.001
	grad_fn: sum
	holdout_fraction: 0.2
	model_save: None
	name: SKET_ALOFT_E_seed0
	neighborhoodSize: 1e-06
	out_dir: train_output/SKET/260812_17-38-53_SKET_ALOFT_E_seed0
	out_root: train_output/SKET
	prebuild_loader: True
	q_steps: 2000
	quant: 0
	resize_mode: stretch
	saliency: False
	saliency_cmap: jet
	saliency_every: 0
	saliency_noise: 0.15
	saliency_num: 16
	saliency_samples: 25
	saliency_split: test_in
	seed: 0
	show: False
	start_step: 100
	steps: 5000
	tb_freq: 10
	test_envs: None
	train_output: train_output
	trial_seed: 0
	unique_name: 260812_17-38-53_SKET_ALOFT_E_seed0
	work_dir: .
HParams:
	data_augmentation: True
	val_augment: False
	[36mresnet18: False
	[0m[36mresnet_dropout: 0
	[0mclass_balanced: False
	[36moptimizer: adam
	[0m[36mfreeze_bn: True
	[0m[36mpretrained: True
	[0m[36mimage_size: 224
	[0m[36mlr: 5e-05
	[0mbatch_size: 32
	[36mweight_decay: 0
	[0m[36maloft_alpha: 1.0
	[0m[36maloft_mask_ratio: 0.5
	[0m[36maloft_perturb_prob: 1.0
	[0maloft_positions: 
	  - layer1
	  - layer2
	  - layer3
	[36mswad: False
	[0mswad_kwargs: 
	  n_converge: 3
	  n_tolerance: 6
	  tolerance_ratio: 0.3
	test_batchsize: 128
	indomain_test: False
	grad_fn: sum
	extra_search: n
	logdir: train_output/SKET/260812_17-38-53_SKET_ALOFT_E_seed0
	neighborhoodSize: 1e-06
	start_step: 100
	end_step: 200
	extra_search_start: None
	extra_search_end: None
	gga_l_gamma: 0.001
[cache] 建缓存 full_a1cbcab369637f14: 77211 张
[cache] 200/77211
[cache] 400/77211
[cache] 600/77211
[cache] 800/77211
[cache] 1000/77211
[cache] 1200/77211
[cache] 1400/77211
[cache] 1600/77211
[cache] 1800/77211
[cache] 2000/77211
[cache] 2200/77211
[cache] 2400/77211
[cache] 2600/77211
[cache] 2800/77211
[cache] 3000/77211
[cache] 3200/77211
[cache] 3400/77211
[cache] 3600/77211
[cache] 3800/77211
[cache] 4000/77211
[cache] 4200/77211
[cache] 4400/77211
[cache] 4600/77211
[cache] 4800/77211
[cache] 5000/77211
[cache] 5200/77211
[cache] 5400/77211
[cache] 5600/77211
[cache] 5800/77211
[cache] 6000/77211
[cache] 6200/77211
[cache] 6400/77211
[cache] 6600/77211
[cache] 6800/77211
[cache] 7000/77211
[cache] 7200/77211
[cache] 7400/77211
[cache] 7600/77211
[cache] 7800/77211
[cache] 8000/77211
[cache] 8200/77211
[cache] 8400/77211
[cache] 8600/77211
[cache] 8800/77211
[cache] 9000/77211
[cache] 9200/77211
[cache] 9400/77211
[cache] 9600/77211
[cache] 9800/77211
[cache] 10000/77211
[cache] 10200/77211
[cache] 10400/77211
[cache] 10600/77211
[cache] 10800/77211
[cache] 11000/77211
[cache] 11200/77211
[cache] 11400/77211
[cache] 11600/77211
[cache] 11800/77211
[cache] 12000/77211
[cache] 12200/77211
[cache] 12400/77211
[cache] 12600/77211
[cache] 12800/77211
[cache] 13000/77211
[cache] 13200/77211
[cache] 13400/77211
[cache] 13600/77211
[cache] 13800/77211
[cache] 14000/77211
[cache] 14200/77211
[cache] 14400/77211
[cache] 14600/77211
[cache] 14800/77211
[cache] 15000/77211
[cache] 15200/77211
[cache] 15400/77211
[cache] 15600/77211
[cache] 15800/77211
[cache] 16000/77211
[cache] 16200/77211
[cache] 16400/77211
[cache] 16600/77211
[cache] 16800/77211
[cache] 17000/77211
[cache] 17200/77211
[cache] 17400/77211
[cache] 17600/77211
[cache] 17800/77211
[cache] 18000/77211
[cache] 18200/77211
[cache] 18400/77211
[cache] 18600/77211
[cache] 18800/77211
[cache] 19000/77211
[cache] 19200/77211
[cache] 19400/77211
[cache] 19600/77211
[cache] 19800/77211
[cache] 20000/77211
[cache] 20200/77211
[cache] 20400/77211
[cache] 20600/77211
[cache] 20800/77211
[cache] 21000/77211
[cache] 21200/77211
[cache] 21400/77211
[cache] 21600/77211
[cache] 21800/77211
[cache] 22000/77211
[cache] 22200/77211
[cache] 22400/77211
[cache] 22600/77211
[cache] 22800/77211
[cache] 23000/77211
[cache] 23200/77211
[cache] 23400/77211
[cache] 23600/77211
[cache] 23800/77211
[cache] 24000/77211
[cache] 24200/77211
[cache] 24400/77211
[cache] 24600/77211
[cache] 24800/77211
[cache] 25000/77211
[cache] 25200/77211
[cache] 25400/77211
[cache] 25600/77211
[cache] 25800/77211
[cache] 26000/77211
[cache] 26200/77211
[cache] 26400/77211
[cache] 26600/77211
[cache] 26800/77211
[cache] 27000/77211
[cache] 27200/77211
[cache] 27400/77211
[cache] 27600/77211
[cache] 27800/77211
[cache] 28000/77211
[cache] 28200/77211
[cache] 28400/77211
[cache] 28600/77211
[cache] 28800/77211
[cache] 29000/77211
[cache] 29200/77211
[cache] 29400/77211
[cache] 29600/77211
[cache] 29800/77211
[cache] 30000/77211
[cache] 30200/77211
[cache] 30400/77211
[cache] 30600/77211
[cache] 30800/77211
[cache] 31000/77211
[cache] 31200/77211
[cache] 31400/77211
[cache] 31600/77211
[cache] 31800/77211
[cache] 32000/77211
[cache] 32200/77211
[cache] 32400/77211
[cache] 32600/77211
[cache] 32800/77211
[cache] 33000/77211
[cache] 33200/77211
[cache] 33400/77211
[cache] 33600/77211
[cache] 33800/77211
[cache] 34000/77211
[cache] 34200/77211
[cache] 34400/77211
[cache] 34600/77211
[cache] 34800/77211
[cache] 35000/77211
[cache] 35200/77211
[cache] 35400/77211
[cache] 35600/77211
[cache] 35800/77211
[cache] 36000/77211
[cache] 36200/77211
[cache] 36400/77211
[cache] 36600/77211
[cache] 36800/77211
[cache] 37000/77211
[cache] 37200/77211
[cache] 37400/77211
[cache] 37600/77211
[cache] 37800/77211
[cache] 38000/77211
[cache] 38200/77211
[cache] 38400/77211
[cache] 38600/77211
[cache] 38800/77211
[cache] 39000/77211
[cache] 39200/77211
[cache] 39400/77211
[cache] 39600/77211
[cache] 39800/77211
[cache] 40000/77211
[cache] 40200/77211
[cache] 40400/77211
[cache] 40600/77211
[cache] 40800/77211
[cache] 41000/77211
[cache] 41200/77211
[cache] 41400/77211
[cache] 41600/77211
[cache] 41800/77211
[cache] 42000/77211
[cache] 42200/77211
[cache] 42400/77211
[cache] 42600/77211
[cache] 42800/77211
[cache] 43000/77211
[cache] 43200/77211
[cache] 43400/77211
[cache] 43600/77211
[cache] 43800/77211
[cache] 44000/77211
[cache] 44200/77211
[cache] 44400/77211
[cache] 44600/77211
[cache] 44800/77211
[cache] 45000/77211
[cache] 45200/77211
[cache] 45400/77211
[cache] 45600/77211
[cache] 45800/77211
[cache] 46000/77211
[cache] 46200/77211
[cache] 46400/77211
[cache] 46600/77211
[cache] 46800/77211
[cache] 47000/77211
[cache] 47200/77211
[cache] 47400/77211
[cache] 47600/77211
[cache] 47800/77211
[cache] 48000/77211
[cache] 48200/77211
[cache] 48400/77211
[cache] 48600/77211
[cache] 48800/77211
[cache] 49000/77211
[cache] 49200/77211
[cache] 49400/77211
[cache] 49600/77211
[cache] 49800/77211
[cache] 50000/77211
[cache] 50200/77211
[cache] 50400/77211
[cache] 50600/77211
[cache] 50800/77211
[cache] 51000/77211
[cache] 51200/77211
[cache] 51400/77211
[cache] 51600/77211
[cache] 51800/77211
[cache] 52000/77211
[cache] 52200/77211
[cache] 52400/77211
[cache] 52600/77211
[cache] 52800/77211
[cache] 53000/77211
[cache] 53200/77211
[cache] 53400/77211
[cache] 53600/77211
[cache] 53800/77211
[cache] 54000/77211
[cache] 54200/77211
[cache] 54400/77211
[cache] 54600/77211
[cache] 54800/77211
[cache] 55000/77211
[cache] 55200/77211
[cache] 55400/77211
[cache] 55600/77211
[cache] 55800/77211
[cache] 56000/77211
[cache] 56200/77211
[cache] 56400/77211
[cache] 56600/77211
[cache] 56800/77211
[cache] 57000/77211
[cache] 57200/77211
[cache] 57400/77211
[cache] 57600/77211
[cache] 57800/77211
[cache] 58000/77211
[cache] 58200/77211
[cache] 58400/77211
[cache] 58600/77211
[cache] 58800/77211
[cache] 59000/77211
[cache] 59200/77211
[cache] 59400/77211
[cache] 59600/77211
[cache] 59800/77211
[cache] 60000/77211
[cache] 60200/77211
[cache] 60400/77211
[cache] 60600/77211
[cache] 60800/77211
[cache] 61000/77211
[cache] 61200/77211
[cache] 61400/77211
[cache] 61600/77211
[cache] 61800/77211
[cache] 62000/77211
[cache] 62200/77211
[cache] 62400/77211
[cache] 62600/77211
[cache] 62800/77211
[cache] 63000/77211
[cache] 63200/77211
[cache] 63400/77211
[cache] 63600/77211
[cache] 63800/77211
[cache] 64000/77211
[cache] 64200/77211
[cache] 64400/77211
[cache] 64600/77211
[cache] 64800/77211
[cache] 65000/77211
[cache] 65200/77211
[cache] 65400/77211
[cache] 65600/77211
[cache] 65800/77211
[cache] 66000/77211
[cache] 66200/77211
[cache] 66400/77211
[cache] 66600/77211
[cache] 66800/77211
[cache] 67000/77211
[cache] 67200/77211
[cache] 67400/77211
[cache] 67600/77211
[cache] 67800/77211
[cache] 68000/77211
[cache] 68200/77211
[cache] 68400/77211
[cache] 68600/77211
[cache] 68800/77211
[cache] 69000/77211
[cache] 69200/77211
[cache] 69400/77211
[cache] 69600/77211
[cache] 69800/77211
[cache] 70000/77211
[cache] 70200/77211
[cache] 70400/77211
[cache] 70600/77211
[cache] 70800/77211
[cache] 71000/77211
[cache] 71200/77211
[cache] 71400/77211
[cache] 71600/77211
[cache] 71800/77211
[cache] 72000/77211
[cache] 72200/77211
[cache] 72400/77211
[cache] 72600/77211
[cache] 72800/77211
[cache] 73000/77211
[cache] 73200/77211
[cache] 73400/77211
[cache] 73600/77211
[cache] 73800/77211
[cache] 74000/77211
[cache] 74200/77211
[cache] 74400/77211
[cache] 74600/77211
[cache] 74800/77211
[cache] 75000/77211
[cache] 75200/77211
[cache] 75400/77211
[cache] 75600/77211
[cache] 75800/77211
[cache] 76000/77211
[cache] 76200/77211
[cache] 76400/77211
[cache] 76600/77211
[cache] 76800/77211
[cache] 77000/77211
[cache] 77200/77211
[cache] 建缓存 full_a59be1f77e7dcaa4: 45540 张
[cache] 200/45540
[cache] 400/45540
[cache] 600/45540
[cache] 800/45540
[cache] 1000/45540
[cache] 1200/45540
[cache] 1400/45540
[cache] 1600/45540
[cache] 1800/45540
[cache] 2000/45540
[cache] 2200/45540
[cache] 2400/45540
[cache] 2600/45540
[cache] 2800/45540
[cache] 3000/45540
[cache] 3200/45540
[cache] 3400/45540
[cache] 3600/45540
[cache] 3800/45540
[cache] 4000/45540
[cache] 4200/45540
[cache] 4400/45540
[cache] 4600/45540
[cache] 4800/45540
[cache] 5000/45540
[cache] 5200/45540
[cache] 5400/45540
[cache] 5600/45540
[cache] 5800/45540
[cache] 6000/45540
[cache] 6200/45540
[cache] 6400/45540
[cache] 6600/45540
[cache] 6800/45540
[cache] 7000/45540
[cache] 7200/45540
[cache] 7400/45540
[cache] 7600/45540
[cache] 7800/45540
[cache] 8000/45540
[cache] 8200/45540
[cache] 8400/45540
[cache] 8600/45540
[cache] 8800/45540
[cache] 9000/45540
[cache] 9200/45540
[cache] 9400/45540
[cache] 9600/45540
[cache] 9800/45540
[cache] 10000/45540
[cache] 10200/45540
[cache] 10400/45540
[cache] 10600/45540
[cache] 10800/45540
[cache] 11000/45540
[cache] 11200/45540
[cache] 11400/45540
[cache] 11600/45540
[cache] 11800/45540
[cache] 12000/45540
[cache] 12200/45540
[cache] 12400/45540
[cache] 12600/45540
[cache] 12800/45540
[cache] 13000/45540
[cache] 13200/45540
[cache] 13400/45540
[cache] 13600/45540
[cache] 13800/45540
[cache] 14000/45540
[cache] 14200/45540
[cache] 14400/45540
[cache] 14600/45540
[cache] 14800/45540
[cache] 15000/45540
[cache] 15200/45540
[cache] 15400/45540
[cache] 15600/45540
[cache] 15800/45540
[cache] 16000/45540
[cache] 16200/45540
[cache] 16400/45540
[cache] 16600/45540
[cache] 16800/45540
[cache] 17000/45540
[cache] 17200/45540
[cache] 17400/45540
[cache] 17600/45540
[cache] 17800/45540
[cache] 18000/45540
[cache] 18200/45540
[cache] 18400/45540
[cache] 18600/45540
[cache] 18800/45540
[cache] 19000/45540
[cache] 19200/45540
[cache] 19400/45540
[cache] 19600/45540
[cache] 19800/45540
[cache] 20000/45540
[cache] 20200/45540
[cache] 20400/45540
[cache] 20600/45540
[cache] 20800/45540
[cache] 21000/45540
[cache] 21200/45540
[cache] 21400/45540
[cache] 21600/45540
[cache] 21800/45540
[cache] 22000/45540
[cache] 22200/45540
[cache] 22400/45540
[cache] 22600/45540
[cache] 22800/45540
[cache] 23000/45540
[cache] 23200/45540
[cache] 23400/45540
[cache] 23600/45540
[cache] 23800/45540
[cache] 24000/45540
[cache] 24200/45540
[cache] 24400/45540
[cache] 24600/45540
[cache] 24800/45540
[cache] 25000/45540
[cache] 25200/45540
[cache] 25400/45540
[cache] 25600/45540
[cache] 25800/45540
[cache] 26000/45540
[cache] 26200/45540
[cache] 26400/45540
[cache] 26600/45540
[cache] 26800/45540
[cache] 27000/45540
[cache] 27200/45540
[cache] 27400/45540
[cache] 27600/45540
[cache] 27800/45540
[cache] 28000/45540
[cache] 28200/45540
[cache] 28400/45540
[cache] 28600/45540
[cache] 28800/45540
[cache] 29000/45540
[cache] 29200/45540
[cache] 29400/45540
[cache] 29600/45540
[cache] 29800/45540
[cache] 30000/45540
[cache] 30200/45540
[cache] 30400/45540
[cache] 30600/45540
[cache] 30800/45540
[cache] 31000/45540
[cache] 31200/45540
[cache] 31400/45540
[cache] 31600/45540
[cache] 31800/45540
[cache] 32000/45540
[cache] 32200/45540
[cache] 32400/45540
[cache] 32600/45540
[cache] 32800/45540
[cache] 33000/45540
[cache] 33200/45540
[cache] 33400/45540
[cache] 33600/45540
[cache] 33800/45540
[cache] 34000/45540
[cache] 34200/45540
[cache] 34400/45540
[cache] 34600/45540
[cache] 34800/45540
[cache] 35000/45540
[cache] 35200/45540
[cache] 35400/45540
[cache] 35600/45540
[cache] 35800/45540
[cache] 36000/45540
[cache] 36200/45540
[cache] 36400/45540
[cache] 36600/45540
[cache] 36800/45540
[cache] 37000/45540
[cache] 37200/45540
[cache] 37400/45540
[cache] 37600/45540
[cache] 37800/45540
[cache] 38000/45540
[cache] 38200/45540
[cache] 38400/45540
[cache] 38600/45540
[cache] 38800/45540
[cache] 39000/45540
[cache] 39200/45540
[cache] 39400/45540
[cache] 39600/45540
[cache] 39800/45540
[cache] 40000/45540
[cache] 40200/45540
[cache] 40400/45540
[cache] 40600/45540
[cache] 40800/45540
[cache] 41000/45540
[cache] 41200/45540
[cache] 41400/45540
[cache] 41600/45540
[cache] 41800/45540
[cache] 42000/45540
[cache] 42200/45540
[cache] 42400/45540
[cache] 42600/45540
[cache] 42800/45540
[cache] 43000/45540
[cache] 43200/45540
[cache] 43400/45540
[cache] 43600/45540
[cache] 43800/45540
[cache] 44000/45540
[cache] 44200/45540
[cache] 44400/45540
[cache] 44600/45540
[cache] 44800/45540
[cache] 45000/45540
[cache] 45200/45540
[cache] 45400/45540
Dataset:
	[SKET] #envs=3, #classes=203
	env0: TUBerlin (#16320)
	env1: quickdraw (#101500)
	env2: sketch (#45540)

[36mINFO[0m 08/12 17:56:38 | n_steps = 5000
[36mINFO[0m 08/12 17:56:38 | checkpoint_freq = 200
[36mINFO[0m 08/12 17:56:38 | n_steps is updated to 5000 => 5001 for checkpointing
[36mINFO[0m 08/12 17:56:38 | Target test envs = [[0], [1], [2]]
[36mINFO[0m 08/12 17:56:38 | 
[36mINFO[0m 08/12 17:56:41 | Testenv name escaping te_TUBerlin -> te_TUBerlin
[36mINFO[0m 08/12 17:56:41 | Test envs = [0], name = te_TUBerlin
[36mINFO[0m 08/12 17:56:41 | Batch sizes for each domain: [0, 32, 32] (total=64)
[36mINFO[0m 08/12 17:56:41 | steps-per-epoch for each domain: 2537.50, 1138.50 -> min = 1138.50
/home/s21_yhr/miniconda3/envs/lzh_DG/lib/python3.9/site-packages/torchvision/models/_utils.py:208: UserWarning: The parameter 'pretrained' is deprecated since 0.13 and may be removed in the future, please use 'weights' instead.
  warnings.warn(
/home/s21_yhr/miniconda3/envs/lzh_DG/lib/python3.9/site-packages/torchvision/models/_utils.py:223: UserWarning: Arguments other than a weight enum or `None` for 'weights' are deprecated since 0.13 and may be removed in the future. The current behavior is equivalent to passing `weights=ResNet50_Weights.IMAGENET1K_V1`. You can also use `weights=ResNet50_Weights.DEFAULT` to get the most up-to-date weights.
  warnings.warn(msg)
[36mINFO[0m 08/12 17:56:45 | # of params = 23923979
[36mINFO[0m 08/12 18:10:07 | test_in     test_out    train_in    train_out   test_in_au  test_out_a  train_out_  tr_outloss  env0_in     env0_in_au  env0_out    env0_out_a  env1_out    env1_out_a  env2_out    env2_out_a  step        epoch       loss        step_time   eval_time   mem_gb     
[36mINFO[0m 08/12 18:10:07 | 0.006510    0.005515    0.000000    0.003451    nan         nan         nan         5.347763    0.006510    nan         0.005515    nan         0.003498    nan         0.003404    nan         0           0.000000    5.324571    16.632378   785.591849  7.365096   
[36mINFO[0m 08/12 18:13:32 | 0.073683    0.078125    0.000000    0.087945    nan         nan         nan         4.478587    0.073683    nan         0.078125    nan         0.060936    nan         0.114954    nan         200         0.175670    5.105476    0.712142    62.168710   7.586143   
[36mINFO[0m 08/12 18:16:46 | 0.301317    0.301164    0.000000    0.314691    nan         nan         nan         2.994605    0.301317    nan         0.301164    nan         0.305271    nan         0.324111    nan         400         0.351339    3.691421    0.662599    61.821585   7.586143   
[36mINFO[0m 08/12 18:19:54 | 0.421186    0.433517    0.000000    0.423231    nan         nan         nan         2.411321    0.421186    nan         0.433517    nan         0.430345    nan         0.416118    nan         600         0.527009    2.727518    0.635934    61.268929   7.586143   
[36mINFO[0m 08/12 18:22:43 | 0.465303    0.474877    0.000000    0.472394    nan         nan         nan         2.204997    0.465303    nan         0.474877    nan         0.485961    nan         0.458827    nan         800         0.702679    2.337212    0.537505    61.271851   7.586143   
[36mINFO[0m 08/12 18:25:27 | 0.519455    0.518382    0.000000    0.511919    nan         nan         nan         2.005669    0.519455    nan         0.518382    nan         0.523399    nan         0.500439    nan         1000        0.878349    2.116751    0.510368    61.709886   7.586143   
[36mINFO[0m 08/12 18:28:03 | 0.528876    0.534926    0.000000    0.524656    nan         nan         nan         1.938772    0.528876    nan         0.534926    nan         0.537783    nan         0.511528    nan         1200        1.054018    1.945838    0.473697    61.538316   7.586143   
[36mINFO[0m 08/12 18:30:37 | 0.550705    0.558824    0.000000    0.559417    nan         nan         nan         1.808345    0.550705    nan         0.558824    nan         0.568768    nan         0.550066    nan         1400        1.229688    1.810999    0.457636    61.698212   7.586143   
[36mINFO[0m 08/12 18:32:54 | 0.574525    0.572917    0.000000    0.585835    nan         nan         nan         1.686562    0.574525    nan         0.572917    nan         0.605025    nan         0.566645    nan         1600        1.405358    1.734918    0.382706    61.033059   7.586143   
[36mINFO[0m 08/12 18:35:04 | 0.564338    0.576593    0.000000    0.583640    nan         nan         nan         1.678618    0.564338    nan         0.576593    nan         0.602611    nan         0.564668    nan         1800        1.581028    1.677139    0.342269    61.247665   7.586143   
[36mINFO[0m 08/12 18:37:06 | 0.571002    0.571385    0.000000    0.597470    nan         nan         nan         1.632553    0.571002    nan         0.571385    nan         0.610837    nan         0.584102    nan         2000        1.756697    1.601205    0.304796    61.135919   7.586143   
[36mINFO[0m 08/12 18:38:58 | 0.602175    0.597733    0.000000    0.615465    nan         nan         nan         1.565607    0.602175    nan         0.597733    nan         0.638374    nan         0.592556    nan         2200        1.932367    1.552739    0.257937    60.834748   7.586143   
[36mINFO[0m 08/12 18:40:49 | 0.580959    0.595588    0.000000    0.602262    nan         nan         nan         1.605970    0.580959    nan         0.595588    nan         0.622069    nan         0.582455    nan         2400        2.108037    1.512963    0.245641    61.388897   7.586143   
[36mINFO[0m 08/12 18:42:50 | 0.587240    0.595282    0.000000    0.628100    nan         nan         nan         1.506830    0.587240    nan         0.595282    nan         0.640148    nan         0.616052    nan         2600        2.283707    1.453006    0.301746    61.185953   7.586143   
[36mINFO[0m 08/12 18:45:01 | 0.583257    0.570466    0.000000    0.621631    nan         nan         nan         1.511481    0.583257    nan         0.570466    nan         0.643350    nan         0.599912    nan         2800        2.459376    1.423090    0.350922    60.807302   7.586143   
[36mINFO[0m 08/12 18:46:58 | 0.588082    0.595282    0.000000    0.619083    nan         nan         nan         1.541643    0.588082    nan         0.595282    nan         0.638473    nan         0.599693    nan         3000        2.635046    1.374205    0.274639    61.382624   7.586143   
[36mINFO[0m 08/12 18:48:43 | 0.588082    0.584559    0.000000    0.632639    nan         nan         nan         1.466277    0.588082    nan         0.584559    nan         0.648128    nan         0.617150    nan         3200        2.810716    1.350750    0.220173    61.095902   7.586143   
[36mINFO[0m 08/12 18:50:21 | 0.623621    0.630515    0.000000    0.631656    nan         nan         nan         1.497339    0.623621    nan         0.630515    nan         0.646601    nan         0.616711    nan         3400        2.986386    1.318055    0.181766    61.792547   7.586143   
[36mINFO[0m 08/12 18:51:56 | 0.609758    0.621017    0.000000    0.641516    nan         nan         nan         1.441711    0.609758    nan         0.621017    nan         0.658966    nan         0.624067    nan         3600        3.162055    1.325717    0.167576    61.328756   7.586143   
[36mINFO[0m 08/12 18:53:31 | 0.628217    0.625613    0.000000    0.648215    nan         nan         nan         1.430830    0.628217    nan         0.625613    nan         0.667094    nan         0.629337    nan         3800        3.337725    1.291057    0.167457    61.283336   7.586143   
[36mINFO[0m 08/12 18:55:06 | 0.621477    0.631434    0.000000    0.649206    nan         nan         nan         1.409191    0.621477    nan         0.631434    nan         0.665123    nan         0.633289    nan         4000        3.513395    1.239720    0.167314    61.348837   7.586143   
[36mINFO[0m 08/12 18:56:40 | 0.603171    0.609069    0.000000    0.644399    nan         nan         nan         1.441513    0.603171    nan         0.609069    nan         0.662315    nan         0.626482    nan         4200        3.689065    1.236510    0.166822    61.555450   7.586143   
[36mINFO[0m 08/12 18:58:15 | 0.609375    0.616422    0.000000    0.650461    nan         nan         nan         1.431886    0.609375    nan         0.616422    nan         0.660936    nan         0.639987    nan         4400        3.864734    1.172108    0.166979    61.562544   7.586143   
[36mINFO[0m 08/12 18:59:50 | 0.631281    0.637868    0.000000    0.659676    nan         nan         nan         1.380664    0.631281    nan         0.637868    nan         0.681232    nan         0.638120    nan         4600        4.040404    1.151987    0.167041    61.033039   7.586143   
[36mINFO[0m 08/12 19:01:25 | 0.640931    0.643995    0.000000    0.665165    nan         nan         nan         1.363109    0.640931    nan         0.643995    nan         0.683645    nan         0.646684    nan         4800        4.216074    1.142877    0.166018    61.446167   7.586143   
[36mINFO[0m 08/12 19:03:00 | 0.647672    0.640931    0.000000    0.658053    nan         nan         nan         1.382215    0.647672    nan         0.640931    nan         0.674581    nan         0.641524    nan         5000        4.391744    1.096039    0.165956    62.001656   7.586143   
[36mINFO[0m 08/12 19:03:00 | ---
[36mINFO[0m 08/12 19:03:00 | oracle = 64.093%
[36mINFO[0m 08/12 19:03:00 | iid = 64.093%
[36mINFO[0m 08/12 19:03:00 | last = 64.767%
[36mINFO[0m 08/12 19:03:00 | last (inD) = 65.805%
[36mINFO[0m 08/12 19:03:00 | iid (inD) = 66.516%
[36mINFO[0m 08/12 19:03:01 | 
[36mINFO[0m 08/12 19:03:04 | Testenv name escaping te_quickdraw -> te_quickdraw
[36mINFO[0m 08/12 19:03:04 | Test envs = [1], name = te_quickdraw
[36mINFO[0m 08/12 19:03:04 | Batch sizes for each domain: [32, 0, 32] (total=64)
[36mINFO[0m 08/12 19:03:04 | steps-per-epoch for each domain: 408.00, 1138.50 -> min = 408.00
[36mINFO[0m 08/12 19:03:08 | # of params = 23923979
[36mINFO[0m 08/12 19:08:57 | test_in     test_out    train_in    train_out   test_in_au  train_out_  tr_outloss  test_out_a  env0_out    env0_out_a  env1_in     env1_in_au  env1_out    env1_out_a  env2_out    env2_out_a  step        epoch       loss        step_time   eval_time   mem_gb     
[36mINFO[0m 08/12 19:08:57 | 0.005259    0.005665    0.000000    0.006360    nan         nan         5.347873    nan         0.004596    nan         0.005259    nan         0.005665    nan         0.008125    nan         0           0.000000    5.345600    0.172894    348.286677  7.366317   
[36mINFO[0m 08/12 19:12:56 | 0.088424    0.090197    0.000000    0.270672    nan         nan         3.265423    nan         0.295956    nan         0.088424    nan         0.090197    nan         0.245389    nan         200         0.490196    4.594474    0.301251    178.571306  7.584801   
[36mINFO[0m 08/12 19:16:22 | 0.207549    0.209803    0.000000    0.480291    nan         nan         2.198156    nan         0.558517    nan         0.207549    nan         0.209803    nan         0.402064    nan         400         0.980392    2.548081    0.201907    166.464280  7.584801   
[36mINFO[0m 08/12 19:19:42 | 0.225406    0.227291    0.000000    0.565171    nan         nan         1.794234    nan         0.648897    nan         0.225406    nan         0.227291    nan         0.481445    nan         600         1.470588    1.901706    0.167115    166.301469  7.584801   
[36mINFO[0m 08/12 19:23:02 | 0.265431    0.267685    0.000000    0.595335    nan         nan         1.692295    nan         0.678922    nan         0.265431    nan         0.267685    nan         0.511748    nan         800         1.960784    1.606755    0.167576    165.872132  7.584801   
[36mINFO[0m 08/12 19:26:21 | 0.287746    0.288571    0.000000    0.622260    nan         nan         1.565519    nan         0.695772    nan         0.287746    nan         0.288571    nan         0.548748    nan         1000        2.450980    1.454499    0.166934    166.315939  7.584801   
[36mINFO[0m 08/12 19:29:41 | 0.317919    0.321429    0.000000    0.642812    nan         nan         1.498954    nan         0.728860    nan         0.317919    nan         0.321429    nan         0.556763    nan         1200        2.941176    1.323937    0.166340    166.651719  7.584801   
[36mINFO[0m 08/12 19:33:01 | 0.316810    0.324138    0.000000    0.662649    nan         nan         1.400453    nan         0.742953    nan         0.316810    nan         0.324138    nan         0.582345    nan         1400        3.431373    1.258851    0.167195    166.696093  7.584801   
[36mINFO[0m 08/12 19:36:21 | 0.293547    0.293350    0.000000    0.664224    nan         nan         1.365595    nan         0.740502    nan         0.293547    nan         0.293350    nan         0.587945    nan         1600        3.921569    1.153610    0.166652    166.657317  7.584801   
[36mINFO[0m 08/12 19:39:41 | 0.299507    0.302857    0.000000    0.676116    nan         nan         1.354667    nan         0.758578    nan         0.299507    nan         0.302857    nan         0.593654    nan         1800        4.411765    1.121523    0.166475    165.991810  7.584801   
[36mINFO[0m 08/12 19:43:02 | 0.303805    0.310788    0.000000    0.677387    nan         nan         1.356588    nan         0.753983    nan         0.303805    nan         0.310788    nan         0.600791    nan         2000        4.901961    1.049539    0.166443    168.178383  7.584801   
[36mINFO[0m 08/12 19:46:22 | 0.306847    0.305271    0.000000    0.680094    nan         nan         1.354282    nan         0.756434    nan         0.306847    nan         0.305271    nan         0.603755    nan         2200        5.392157    0.973555    0.166656    166.087675  7.584801   
[36mINFO[0m 08/12 19:49:41 | 0.305899    0.309458    0.000000    0.685597    nan         nan         1.306331    nan         0.761949    nan         0.305899    nan         0.309458    nan         0.609245    nan         2400        5.882353    0.953932    0.166286    165.787535  7.584801   
[36mINFO[0m 08/12 19:52:59 | 0.294027    0.295320    0.000000    0.695742    nan         nan         1.271607    nan         0.768076    nan         0.294027    nan         0.295320    nan         0.623408    nan         2600        6.372549    0.918030    0.165903    165.612481  7.584801   
[36mINFO[0m 08/12 19:56:19 | 0.315936    0.319458    0.000000    0.692205    nan         nan         1.300491    nan         0.762868    nan         0.315936    nan         0.319458    nan         0.621542    nan         2800        6.862745    0.909120    0.166200    166.731004  7.584801   
[36mINFO[0m 08/12 19:59:37 | 0.321305    0.325025    0.000000    0.694583    nan         nan         1.304018    nan         0.765319    nan         0.321305    nan         0.325025    nan         0.623847    nan         3000        7.352941    0.839949    0.166415    164.616380  7.584801   
[36mINFO[0m 08/12 20:02:55 | 0.329865    0.329212    0.000000    0.705224    nan         nan         1.263301    nan         0.783088    nan         0.329865    nan         0.329212    nan         0.627361    nan         3200        7.843137    0.838206    0.166594    163.855884  7.584801   
[36mINFO[0m 08/12 20:06:13 | 0.341761    0.345714    0.000000    0.708770    nan         nan         1.220038    nan         0.783701    nan         0.341761    nan         0.345714    nan         0.633838    nan         3400        8.333333    0.825831    0.165769    165.349444  7.584801   
[36mINFO[0m 08/12 20:10:14 | 0.317081    0.320493    0.000000    0.705764    nan         nan         1.259055    nan         0.781863    nan         0.317081    nan         0.320493    nan         0.629666    nan         3600        8.823529    0.762535    0.165862    207.564551  7.584801   
[36mINFO[0m 08/12 20:59:44 | 0.330911    0.336798    0.000000    0.706038    nan         nan         1.251818    nan         0.776042    nan         0.330911    nan         0.336798    nan         0.636034    nan         3800        9.313725    0.759197    0.793230    2811.20558  7.584801   
[36mINFO[0m 08/12 21:21:44 | 0.327365    0.330345    0.000000    0.708174    nan         nan         1.241712    nan         0.779105    nan         0.327365    nan         0.330345    nan         0.637242    nan         4000        9.803922    0.751907    1.677432    983.801837  7.584801   
[36mINFO[0m 08/12 21:34:02 | 0.320530    0.319852    0.000000    0.717652    nan         nan         1.261350    nan         0.789828    nan         0.320530    nan         0.319852    nan         0.645477    nan         4200        10.294118   0.711323    1.221268    492.725807  7.584801   
[36mINFO[0m 08/12 21:39:53 | 0.324532    0.330837    0.000000    0.716071    nan         nan         1.258748    nan         0.783701    nan         0.324532    nan         0.330837    nan         0.648441    nan         4400        10.784314   0.693732    0.845470    182.225420  7.584801   
[36mINFO[0m 08/12 21:44:37 | 0.308522    0.308424    0.000000    0.717775    nan         nan         1.253484    nan         0.782169    nan         0.308522    nan         0.308424    nan         0.653382    nan         4600        11.274510   0.668858    0.520470    180.426452  7.584801   
[36mINFO[0m 08/12 21:48:29 | 0.325677    0.326552    0.000000    0.714849    nan         nan         1.254625    nan         0.785539    nan         0.325677    nan         0.326552    nan         0.644159    nan         4800        11.764706   0.647894    0.281496    175.613826  7.584801   
[36mINFO[0m 08/12 21:52:21 | 0.297660    0.303202    0.000000    0.715827    nan         nan         1.265919    nan         0.778493    nan         0.297660    nan         0.303202    nan         0.653162    nan         5000        12.254902   0.635599    0.281482    174.944105  7.584801   
[36mINFO[0m 08/12 21:52:21 | ---
[36mINFO[0m 08/12 21:52:21 | oracle = 34.176%
[36mINFO[0m 08/12 21:52:21 | iid = 30.852%
[36mINFO[0m 08/12 21:52:21 | last = 29.766%
[36mINFO[0m 08/12 21:52:21 | last (inD) = 71.583%
[36mINFO[0m 08/12 21:52:21 | iid (inD) = 71.778%
[36mINFO[0m 08/12 21:52:23 | 
[36mINFO[0m 08/12 21:52:27 | Testenv name escaping te_sketch -> te_sketch
[36mINFO[0m 08/12 21:52:27 | Test envs = [2], name = te_sketch
[36mINFO[0m 08/12 21:52:27 | Batch sizes for each domain: [32, 32, 0] (total=64)
[36mINFO[0m 08/12 21:52:27 | steps-per-epoch for each domain: 408.00, 2537.50 -> min = 408.00
[36mINFO[0m 08/12 21:52:34 | # of params = 23923979
[36mINFO[0m 08/12 21:55:55 | test_in     test_out    train_in    train_out   test_in_au  train_out_  tr_outloss  test_out_a  env0_out    env0_out_a  env1_out    env1_out_a  env2_in     env2_in_au  env2_out    env2_out_a  step        epoch       loss        step_time   eval_time   mem_gb     
[36mINFO[0m 08/12 21:55:55 | 0.005105    0.004502    0.000000    0.007847    nan         nan         5.331620    nan         0.009191    nan         0.006502    nan         0.005105    nan         0.004502    nan         0           0.000000    5.430917    0.346171    200.195909  7.366317   
[36mINFO[0m 08/12 21:58:29 | 0.030248    0.031621    0.000000    0.084855    nan         nan         4.274830    nan         0.093750    nan         0.075961    nan         0.030248    nan         0.031621    nan         200         0.490196    5.151557    0.169058    120.272034  7.584648   
[36mINFO[0m 08/12 22:01:02 | 0.102135    0.106939    0.000000    0.410756    nan         nan         2.408358    nan         0.447917    nan         0.373596    nan         0.102135    nan         0.106939    nan         400         0.980392    3.299825    0.169638    119.534089  7.584648   
[36mINFO[0m 08/12 22:03:36 | 0.151625    0.155029    0.000000    0.511688    nan         nan         1.916109    nan         0.574755    nan         0.448621    nan         0.151625    nan         0.155029    nan         600         1.470588    2.140256    0.167123    120.552521  7.584648   
[36mINFO[0m 08/12 22:06:08 | 0.191645    0.195542    0.000000    0.567466    nan         nan         1.663264    nan         0.616115    nan         0.518818    nan         0.191645    nan         0.195542    nan         800         1.960784    1.718605    0.168367    118.043130  7.584648   
[36mINFO[0m 08/12 22:08:38 | 0.192303    0.195213    0.000000    0.603209    nan         nan         1.497804    nan         0.659620    nan         0.546798    nan         0.192303    nan         0.195213    nan         1000        2.450980    1.502877    0.169511    116.205619  7.584648   
[36mINFO[0m 08/12 22:11:11 | 0.199852    0.202899    0.000000    0.626434    nan         nan         1.404666    nan         0.680453    nan         0.572414    nan         0.199852    nan         0.202899    nan         1200        2.941176    1.360390    0.169589    118.728000  7.584648   
[36mINFO[0m 08/12 22:13:45 | 0.189614    0.203996    0.000000    0.662757    nan         nan         1.296673    nan         0.723346    nan         0.602167    nan         0.189614    nan         0.203996    nan         1400        3.431373    1.247317    0.166960    120.932806  7.584648   
[36mINFO[0m 08/12 22:16:16 | 0.184755    0.192139    0.000000    0.675261    nan         nan         1.224849    nan         0.734069    nan         0.616453    nan         0.184755    nan         0.192139    nan         1600        3.921569    1.149981    0.168636    117.151559  7.584648   
[36mINFO[0m 08/12 22:18:51 | 0.215662    0.223540    0.000000    0.680092    nan         nan         1.195241    nan         0.732843    nan         0.627340    nan         0.215662    nan         0.223540    nan         1800        4.411765    1.097521    0.171147    120.434175  7.584648   
[36mINFO[0m 08/12 22:22:27 | 0.221262    0.228261    0.000000    0.688007    nan         nan         1.189465    nan         0.741728    nan         0.634286    nan         0.221262    nan         0.228261    nan         2000        4.901961    1.043245    0.346303    146.648380  7.584648   
[36mINFO[0m 08/12 22:27:19 | 0.209349    0.212341    0.000000    0.680617    nan         nan         1.202413    nan         0.744485    nan         0.616749    nan         0.209349    nan         0.212341    nan         2200        5.392157    0.984650    0.232046    246.284899  7.584648   
[36mINFO[0m 08/12 22:31:24 | 0.218050    0.227163    0.000000    0.704565    nan         nan         1.095275    nan         0.761642    nan         0.647488    nan         0.218050    nan         0.227163    nan         2400        5.882353    0.943831    0.496371    145.235694  7.584648   
[36mINFO[0m 08/12 22:35:36 | 0.202652    0.210255    0.000000    0.708237    nan         nan         1.100333    nan         0.763174    nan         0.653300    nan         0.202652    nan         0.210255    nan         2600        6.372549    0.919777    0.526588    146.481430  7.584648   
[36mINFO[0m 08/12 22:39:31 | 0.207565    0.219148    0.000000    0.712674    nan         nan         1.064802    nan         0.771752    nan         0.653596    nan         0.207565    nan         0.219148    nan         2800        6.862745    0.900968    0.533404    128.445576  7.584648   
[36mINFO[0m 08/12 22:43:04 | 0.215442    0.226614    0.000000    0.712815    nan         nan         1.062537    nan         0.767157    nan         0.658473    nan         0.215442    nan         0.226614    nan         3000        7.352941    0.844405    0.467567    119.637740  7.584648   
[36mINFO[0m 08/12 22:46:16 | 0.231363    0.238142    0.000000    0.714463    nan         nan         1.078328    nan         0.765625    nan         0.663300    nan         0.231363    nan         0.238142    nan         3200        7.843137    0.833930    0.364676    119.365282  7.584648   
[36mINFO[0m 08/12 22:49:03 | 0.243522    0.246047    0.000000    0.721443    nan         nan         1.054186    nan         0.771752    nan         0.671133    nan         0.243522    nan         0.246047    nan         3400        8.333333    0.799865    0.254229    116.078791  7.584648   
[36mINFO[0m 08/12 22:51:56 | 0.207098    0.213439    0.000000    0.716436    nan         nan         1.055995    nan         0.764400    nan         0.668473    nan         0.207098    nan         0.213439    nan         3600        8.823529    0.774951    0.254931    121.982297  7.584648   
[36mINFO[0m 08/12 22:54:47 | 0.228261    0.232543    0.000000    0.721306    nan         nan         1.102396    nan         0.769608    nan         0.673005    nan         0.228261    nan         0.232543    nan         3800        9.313725    0.755153    0.238370    123.124894  7.584648   
[36mINFO[0m 08/12 22:57:22 | 0.230292    0.236825    0.000000    0.724740    nan         nan         1.067762    nan         0.772978    nan         0.676502    nan         0.230292    nan         0.236825    nan         4000        9.803922    0.721337    0.192480    116.716789  7.584648   
[36mINFO[0m 08/12 22:59:56 | 0.220575    0.225736    0.000000    0.724341    nan         nan         1.073965    nan         0.769914    nan         0.678768    nan         0.220575    nan         0.225736    nan         4200        10.294118   0.730605    0.191287    115.826610  7.584648   
[36mINFO[0m 08/12 23:02:30 | 0.215086    0.219258    0.000000    0.741744    nan         nan         0.993333    nan         0.794424    nan         0.689064    nan         0.215086    nan         0.219258    nan         4400        10.784314   0.703676    0.170342    119.117329  7.584648   
[36mINFO[0m 08/12 23:05:23 | 0.221838    0.226834    0.000000    0.737782    nan         nan         1.010252    nan         0.790441    nan         0.685123    nan         0.221838    nan         0.226834    nan         4600        11.274510   0.696478    0.285202    116.461387  7.584648   
[36mINFO[0m 08/12 23:07:54 | 0.230155    0.237593    0.000000    0.732418    nan         nan         1.041441    nan         0.778186    nan         0.686650    nan         0.230155    nan         0.237593    nan         4800        11.764706   0.689486    0.181671    114.954153  7.584648   
[36mINFO[0m 08/12 23:10:27 | 0.232433    0.238801    0.000000    0.739787    nan         nan         0.994941    nan         0.784007    nan         0.695567    nan         0.232433    nan         0.238801    nan         5000        12.254902   0.661514    0.172092    118.616499  7.584648   
[36mINFO[0m 08/12 23:10:27 | ---
[36mINFO[0m 08/12 23:10:27 | oracle = 24.352%
[36mINFO[0m 08/12 23:10:27 | iid = 21.509%
[36mINFO[0m 08/12 23:10:27 | last = 23.243%
[36mINFO[0m 08/12 23:10:27 | last (inD) = 73.979%
[36mINFO[0m 08/12 23:10:27 | iid (inD) = 74.174%
[36mINFO[0m 08/12 23:10:29 | === Summary ===
[36mINFO[0m 08/12 23:10:29 | Command: /home/s21_yhr/lzh/new/DomainBed-new/train_all.py SKET_ALOFT_E_seed0 --dataset SKET --data_dir /home/s21_yhr/lzh/new/DomainBed-new/dataset --algorithm ALOFT_E --steps 5000 --checkpoint_freq 200 --batch_size 32 --optimizer adam --lr 5e-5 --weight_decay 0 --resnet_dropout 0 --resnet18 False --pretrained True --freeze_bn True --swad False --seed 0 --trial_seed 0 --deterministic --cache disk --prebuild_loader --image_size 224 --aloft_alpha 1.0 --aloft_mask_ratio 0.5 --aloft_perturb_prob 1.0
[36mINFO[0m 08/12 23:10:29 | Unique name: 260812_17-38-53_SKET_ALOFT_E_seed0
[36mINFO[0m 08/12 23:10:29 | Out path: train_output/SKET/260812_17-38-53_SKET_ALOFT_E_seed0
[36mINFO[0m 08/12 23:10:29 | Algorithm: ALOFT_E
[36mINFO[0m 08/12 23:10:29 | Dataset: SKET
+------------+----------+-----------+---------+---------+
| Selection  | TUBerlin | quickdraw |  sketch |   Avg.  |
+------------+----------+-----------+---------+---------+
|   oracle   | 64.093%  |  34.176%  | 24.352% | 40.874% |
|    iid     | 64.093%  |  30.852%  | 21.509% | 38.818% |
|    last    | 64.767%  |  29.766%  | 23.243% | 39.259% |
| last (inD) | 65.805%  |  71.583%  | 73.979% | 70.456% |
| iid (inD)  | 66.516%  |  71.778%  | 74.174% | 70.823% |
+------------+----------+-----------+---------+---------+
================================================================================
Starting ALOFT_E, seed=1, physical GPU=1
/home/s21_yhr/miniconda3/envs/lzh_DG/bin/python /home/s21_yhr/lzh/new/DomainBed-new/train_all.py SKET_ALOFT_E_seed1 --dataset SKET --data_dir /home/s21_yhr/lzh/new/DomainBed-new/dataset --algorithm ALOFT_E --steps 5000 --checkpoint_freq 200 --batch_size 32 --optimizer adam --lr 5e-5 --weight_decay 0 --resnet_dropout 0 --resnet18 False --pretrained True --freeze_bn True --swad False --seed 1 --trial_seed 1 --deterministic --cache disk --prebuild_loader --image_size 224 --aloft_alpha 1.0 --aloft_mask_ratio 0.5 --aloft_perturb_prob 1.0
================================================================================
/home/s21_yhr/miniconda3/envs/lzh_DG/lib/python3.9/site-packages/munch/__init__.py:24: UserWarning: pkg_resources is deprecated as an API. See https://setuptools.pypa.io/en/latest/pkg_resources.html. The pkg_resources package is slated for removal as early as 2025-11-30. Refrain from using this package or pin to Setuptools<81.
  import pkg_resources
[36mINFO[0m 08/12 23:12:10 | Command :: /home/s21_yhr/lzh/new/DomainBed-new/train_all.py SKET_ALOFT_E_seed1 --dataset SKET --data_dir /home/s21_yhr/lzh/new/DomainBed-new/dataset --algorithm ALOFT_E --steps 5000 --checkpoint_freq 200 --batch_size 32 --optimizer adam --lr 5e-5 --weight_decay 0 --resnet_dropout 0 --resnet18 False --pretrained True --freeze_bn True --swad False --seed 1 --trial_seed 1 --deterministic --cache disk --prebuild_loader --image_size 224 --aloft_alpha 1.0 --aloft_mask_ratio 0.5 --aloft_perturb_prob 1.0
Environment:
	Python: 3.9.25
	PyTorch: 2.7.0+cu128
	Torchvision: 0.22.0+cu128
	CUDA: 12.8
	CUDNN: 90701
	NumPy: 1.23.5
	PIL: 8.1.0
Args:
	algorithm: ALOFT_E
	batch_size: 32
	cache: disk
	cache_root: cache
	cache_size: None
	checkpoint_freq: 200
	configs: []
	data_dir: /home/s21_yhr/lzh/new/DomainBed-new/dataset
	dataset: SKET
	debug: False
	deterministic: True
	end_step: 200
	evalmode: fast
	extra_search: n
	extra_search_end: None
	extra_search_start: None
	gga_l_gamma: 0.001
	grad_fn: sum
	holdout_fraction: 0.2
	model_save: None
	name: SKET_ALOFT_E_seed1
	neighborhoodSize: 1e-06
	out_dir: train_output/SKET/260812_23-12-09_SKET_ALOFT_E_seed1
	out_root: train_output/SKET
	prebuild_loader: True
	q_steps: 2000
	quant: 0
	resize_mode: stretch
	saliency: False
	saliency_cmap: jet
	saliency_every: 0
	saliency_noise: 0.15
	saliency_num: 16
	saliency_samples: 25
	saliency_split: test_in
	seed: 1
	show: False
	start_step: 100
	steps: 5000
	tb_freq: 10
	test_envs: None
	train_output: train_output
	trial_seed: 1
	unique_name: 260812_23-12-09_SKET_ALOFT_E_seed1
	work_dir: .
HParams:
	data_augmentation: True
	val_augment: False
	[36mresnet18: False
	[0m[36mresnet_dropout: 0
	[0mclass_balanced: False
	[36moptimizer: adam
	[0m[36mfreeze_bn: True
	[0m[36mpretrained: True
	[0m[36mimage_size: 224
	[0m[36mlr: 5e-05
	[0mbatch_size: 32
	[36mweight_decay: 0
	[0m[36maloft_alpha: 1.0
	[0m[36maloft_mask_ratio: 0.5
	[0m[36maloft_perturb_prob: 1.0
	[0maloft_positions: 
	  - layer1
	  - layer2
	  - layer3
	[36mswad: False
	[0mswad_kwargs: 
	  n_converge: 3
	  n_tolerance: 6
	  tolerance_ratio: 0.3
	test_batchsize: 128
	indomain_test: False
	grad_fn: sum
	extra_search: n
	logdir: train_output/SKET/260812_23-12-09_SKET_ALOFT_E_seed1
	neighborhoodSize: 1e-06
	start_step: 100
	end_step: 200
	extra_search_start: None
	extra_search_end: None
	gga_l_gamma: 0.001
Dataset:
	[SKET] #envs=3, #classes=203
	env0: TUBerlin (#16320)
	env1: quickdraw (#101500)
	env2: sketch (#45540)

[36mINFO[0m 08/12 23:12:12 | n_steps = 5000
[36mINFO[0m 08/12 23:12:12 | checkpoint_freq = 200
[36mINFO[0m 08/12 23:12:12 | n_steps is updated to 5000 => 5001 for checkpointing
[36mINFO[0m 08/12 23:12:12 | Target test envs = [[0], [1], [2]]
[36mINFO[0m 08/12 23:12:12 | 
[36mINFO[0m 08/12 23:12:15 | Testenv name escaping te_TUBerlin -> te_TUBerlin
[36mINFO[0m 08/12 23:12:15 | Test envs = [0], name = te_TUBerlin
[36mINFO[0m 08/12 23:12:15 | Batch sizes for each domain: [0, 32, 32] (total=64)
[36mINFO[0m 08/12 23:12:15 | steps-per-epoch for each domain: 2537.50, 1138.50 -> min = 1138.50
/home/s21_yhr/miniconda3/envs/lzh_DG/lib/python3.9/site-packages/torchvision/models/_utils.py:208: UserWarning: The parameter 'pretrained' is deprecated since 0.13 and may be removed in the future, please use 'weights' instead.
  warnings.warn(
/home/s21_yhr/miniconda3/envs/lzh_DG/lib/python3.9/site-packages/torchvision/models/_utils.py:223: UserWarning: Arguments other than a weight enum or `None` for 'weights' are deprecated since 0.13 and may be removed in the future. The current behavior is equivalent to passing `weights=ResNet50_Weights.IMAGENET1K_V1`. You can also use `weights=ResNet50_Weights.DEFAULT` to get the most up-to-date weights.
  warnings.warn(msg)
[36mINFO[0m 08/12 23:12:21 | # of params = 23923979
[36mINFO[0m 08/12 23:14:11 | test_in     test_out    train_in    train_out   test_in_au  test_out_a  train_out_  tr_outloss  env0_in     env0_in_au  env0_out    env0_out_a  env1_out    env1_out_a  env2_out    env2_out_a  step        epoch       loss        step_time   eval_time   mem_gb     
[36mINFO[0m 08/12 23:14:11 | 0.005668    0.005208    0.000000    0.007656    nan         nan         nan         5.344533    0.005668    nan         0.005208    nan         0.005320    nan         0.009991    nan         0           0.000000    5.347379    2.872907    106.684821  7.365096   
[36mINFO[0m 08/12 23:15:57 | 0.238664    0.232230    0.000000    0.232972    nan         nan         nan         3.526367    0.238664    nan         0.232230    nan         0.201232    nan         0.264712    nan         200         0.175670    4.701746    0.167312    73.149607   7.586143   
[36mINFO[0m 08/12 23:17:38 | 0.417586    0.419118    0.000000    0.417288    nan         nan         nan         2.487868    0.417586    nan         0.419118    nan         0.393645    nan         0.440931    nan         400         0.351339    3.051708    0.172970    65.986730   7.586143   
[36mINFO[0m 08/12 23:19:16 | 0.469439    0.480392    0.000000    0.471869    nan         nan         nan         2.191528    0.469439    nan         0.480392    nan         0.471626    nan         0.472112    nan         600         0.527009    2.448405    0.168348    64.880108   7.586143   
[36mINFO[0m 08/12 23:20:59 | 0.543122    0.544730    0.000000    0.520065    nan         nan         nan         1.993802    0.543122    nan         0.544730    nan         0.520148    nan         0.519982    nan         800         0.702679    2.133189    0.174769    67.602802   7.586143   
[36mINFO[0m 08/12 23:22:38 | 0.518382    0.524816    0.000000    0.536736    nan         nan         nan         1.874511    0.518382    nan         0.524816    nan         0.541084    nan         0.532389    nan         1000        0.878349    1.948452    0.173040    64.598981   7.586143   
[36mINFO[0m 08/12 23:24:22 | 0.565487    0.559743    0.000000    0.561748    nan         nan         nan         1.786204    0.565487    nan         0.559743    nan         0.566404    nan         0.557093    nan         1200        1.054018    1.825962    0.171635    69.454876   7.586143   
[36mINFO[0m 08/12 23:26:04 | 0.581725    0.577206    0.000000    0.572651    nan         nan         nan         1.717156    0.581725    nan         0.577206    nan         0.586453    nan         0.558849    nan         1400        1.229688    1.746451    0.175106    66.685788   7.586143   
[36mINFO[0m 08/12 23:29:33 | 0.570006    0.567096    0.000000    0.580393    nan         nan         nan         1.697303    0.570006    nan         0.567096    nan         0.596995    nan         0.563790    nan         1600        1.405358    1.684774    0.169382    174.877519  7.586143   
[36mINFO[0m 08/12 23:33:09 | 0.605086    0.597120    0.000000    0.603242    nan         nan         nan         1.597399    0.605086    nan         0.597120    nan         0.612611    nan         0.593874    nan         1800        1.581028    1.603661    0.401802    136.307470  7.586143   
[36mINFO[0m 08/12 23:35:03 | 0.605545    0.604779    0.000000    0.610592    nan         nan         nan         1.566127    0.605545    nan         0.604779    nan         0.624236    nan         0.596948    nan         2000        1.756697    1.545287    0.266574    59.943120   7.586143   
[36mINFO[0m 08/12 23:37:03 | 0.618107    0.608456    0.000000    0.618060    nan         nan         nan         1.527513    0.618107    nan         0.608456    nan         0.628522    nan         0.607598    nan         2200        1.932367    1.490674    0.304668    59.550467   7.586143   
[36mINFO[0m 08/13 00:20:52 | 0.600950    0.599265    0.000000    0.608009    nan         nan         nan         1.565591    0.600950    nan         0.599265    nan         0.620936    nan         0.595081    nan         2400        2.108037    1.415466    0.916490    2445.49153  7.586143   
[36mINFO[0m 08/13 01:29:53 | 0.586014    0.582721    0.000000    0.622888    nan         nan         nan         1.531053    0.586014    nan         0.582721    nan         0.638177    nan         0.607598    nan         2600        2.283707    1.415502    2.537853    3631.62889  7.586143   
[36mINFO[0m 08/13 02:24:48 | 0.604856    0.600797    0.000000    0.632712    nan         nan         nan         1.473259    0.604856    nan         0.600797    nan         0.643005    nan         0.622420    nan         2800        2.459376    1.337042    1.801076    2933.84759  7.586143   
[36mINFO[0m 08/13 03:07:10 | 0.614890    0.615196    0.000000    0.633278    nan         nan         nan         1.474273    0.614890    nan         0.615196    nan         0.655665    nan         0.610892    nan         3000        2.635046    1.323326    1.688896    2201.67752  7.586143   
[36mINFO[0m 08/13 03:47:30 | 0.609605    0.613358    0.000000    0.643434    nan         nan         nan         1.427562    0.609605    nan         0.613358    nan         0.659507    nan         0.627361    nan         3200        2.810716    1.313122    1.743447    2070.04944  7.586143   
[36mINFO[0m 08/13 04:36:05 | 0.626532    0.620711    0.000000    0.645694    nan         nan         nan         1.413658    0.626532    nan         0.620711    nan         0.666552    nan         0.624835    nan         3400        2.986386    1.256775    2.413218    2430.84334  7.586143   
[36mINFO[0m 08/13 05:19:46 | 0.638710    0.642463    0.000000    0.645562    nan         nan         nan         1.424899    0.638710    nan         0.642463    nan         0.660690    nan         0.630435    nan         3600        3.162055    1.261658    2.697569    2077.79979  7.586143   
[36mINFO[0m 08/13 06:09:58 | 0.627298    0.636336    0.000000    0.642302    nan         nan         nan         1.424391    0.627298    nan         0.636336    nan         0.654828    nan         0.629776    nan         3800        3.337725    1.226196    2.703703    2469.08435  7.586143   
[36mINFO[0m 08/13 06:59:57 | 0.615043    0.604167    0.000000    0.655722    nan         nan         nan         1.370737    0.615043    nan         0.604167    nan         0.673103    nan         0.638340    nan         4000        3.513395    1.180157    2.516221    2495.34216  7.586143   
[36mINFO[0m 08/13 07:48:06 | 0.615732    0.612745    0.000000    0.654713    nan         nan         nan         1.387032    0.615732    nan         0.612745    nan         0.670099    nan         0.639328    nan         4200        3.689065    1.170131    2.608445    2366.56314  7.586143   
[36mINFO[0m 08/13 08:30:28 | 0.633885    0.625000    0.000000    0.663040    nan         nan         nan         1.337258    0.633885    nan         0.625000    nan         0.672808    nan         0.653272    nan         4400        3.864734    1.136650    2.798731    1982.39912  7.586143   
[36mINFO[0m 08/13 09:17:28 | 0.631970    0.626838    0.000000    0.667017    nan         nan         nan         1.340481    0.631970    nan         0.626838    nan         0.678128    nan         0.655907    nan         4600        4.040404    1.154571    2.159825    2387.30773  7.586143   
[36mINFO[0m 08/13 10:01:34 | 0.624770    0.622855    0.000000    0.662538    nan         nan         nan         1.358726    0.624770    nan         0.622855    nan         0.680148    nan         0.644928    nan         4800        4.216074    1.117484    2.521357    2141.33996  7.586143   
Traceback (most recent call last):
  File "/home/s21_yhr/lzh/new/DomainBed-new/run_all.py", line 309, in <module>
    main()
  File "/home/s21_yhr/lzh/new/DomainBed-new/run_all.py", line 300, in main
    subprocess.run(
  File "/home/s21_yhr/miniconda3/envs/lzh_DG/lib/python3.9/subprocess.py", line 528, in run
    raise CalledProcessError(retcode, process.args,
subprocess.CalledProcessError: Command '['/home/s21_yhr/miniconda3/envs/lzh_DG/bin/python', '/home/s21_yhr/lzh/new/DomainBed-new/train_all.py', 'SKET_ALOFT_E_seed1', '--dataset', 'SKET', '--data_dir', '/home/s21_yhr/lzh/new/DomainBed-new/dataset', '--algorithm', 'ALOFT_E', '--steps', '5000', '--checkpoint_freq', '200', '--batch_size', '32', '--optimizer', 'adam', '--lr', '5e-5', '--weight_decay', '0', '--resnet_dropout', '0', '--resnet18', 'False', '--pretrained', 'True', '--freeze_bn', 'True', '--swad', 'False', '--seed', '1', '--trial_seed', '1', '--deterministic', '--cache', 'disk', '--prebuild_loader', '--image_size', '224', '--aloft_alpha', '1.0', '--aloft_mask_ratio', '0.5', '--aloft_perturb_prob', '1.0']' died with <Signals.SIGTERM: 15>.
