Algorithm: SWAD
Physical GPU: 0
Seeds: [0, 1, 2, 3, 4]
Dataset: /home/kxrgzn/lzh/GGA/dataset/HTP

================================================================================
Starting SWAD, seed=0, physical GPU=0
/home/kxrgzn/anaconda3/envs/QTKAN/bin/python /home/kxrgzn/lzh/GGA/train_all.py HTP_SWAD_seed0 --dataset HTP --data_dir /home/kxrgzn/lzh/GGA/dataset --algorithm ERM --steps 5000 --checkpoint_freq 100 --batch_size 32 --optimizer adam --lr 5e-5 --weight_decay 0 --resnet_dropout 0 --resnet18 False --pretrained True --freeze_bn True --swad LossValley --seed 0 --trial_seed 0 --deterministic
================================================================================
[36mINFO[0m 07/24 22:34:18 | Command :: /home/kxrgzn/lzh/GGA/train_all.py HTP_SWAD_seed0 --dataset HTP --data_dir /home/kxrgzn/lzh/GGA/dataset --algorithm ERM --steps 5000 --checkpoint_freq 100 --batch_size 32 --optimizer adam --lr 5e-5 --weight_decay 0 --resnet_dropout 0 --resnet18 False --pretrained True --freeze_bn True --swad LossValley --seed 0 --trial_seed 0 --deterministic
Environment:
	Python: 3.8.20
	PyTorch: 2.4.1+cu121
	Torchvision: 0.19.1+cu121
	CUDA: 12.1
	CUDNN: 90100
	NumPy: 1.24.4
	PIL: 8.1.0
Args:
	algorithm: ERM
	batch_size: 32
	checkpoint_freq: 100
	configs: []
	data_dir: /home/kxrgzn/lzh/GGA/dataset
	dataset: HTP
	debug: False
	deterministic: True
	end_step: 200
	evalmode: fast
	extra_search: n
	extra_search_end: None
	extra_search_start: None
	gga_l_gamma: 0.001
	grad_fn: sum
	holdout_fraction: 0.2
	model_save: None
	name: HTP_SWAD_seed0
	neighborhoodSize: 1e-06
	out_dir: train_output/HTP/260724_22-34-18_HTP_SWAD_seed0
	out_root: train_output/HTP
	prebuild_loader: False
	seed: 0
	show: False
	start_step: 100
	steps: 5000
	tb_freq: 10
	test_envs: None
	train_output: train_output
	trial_seed: 0
	unique_name: 260724_22-34-18_HTP_SWAD_seed0
	work_dir: .
HParams:
	data_augmentation: True
	val_augment: False
	[36mresnet18: False
	[0m[36mresnet_dropout: 0
	[0mclass_balanced: False
	[36moptimizer: adam
	[0m[36mfreeze_bn: True
	[0m[36mpretrained: True
	[0m[36mlr: 5e-05
	[0mbatch_size: 32
	[36mweight_decay: 0
	[0m[36mswad: LossValley
	[0mswad_kwargs: 
	  n_converge: 3
	  n_tolerance: 6
	  tolerance_ratio: 0.3
	test_batchsize: 128
	indomain_test: False
	grad_fn: sum
	extra_search: n
	logdir: train_output/HTP/260724_22-34-18_HTP_SWAD_seed0
	neighborhoodSize: 1e-06
	start_step: 100
	end_step: 200
	extra_search_start: None
	extra_search_end: None
	gga_l_gamma: 0.001
Dataset:
	[HTP] #envs=3, #classes=2
	env0: 00 (#367)
	env1: 01 (#523)
	env2: 02 (#274)

[36mINFO[0m 07/24 22:34:18 | n_steps = 5000
[36mINFO[0m 07/24 22:34:18 | checkpoint_freq = 100
[36mINFO[0m 07/24 22:34:18 | n_steps is updated to 5000 => 5001 for checkpointing
[36mINFO[0m 07/24 22:34:18 | Target test envs = [[0], [1], [2]]
[36mINFO[0m 07/24 22:34:18 | 
[36mINFO[0m 07/24 22:34:18 | Testenv name escaping te_00 -> te_00
[36mINFO[0m 07/24 22:34:18 | Test envs = [0], name = te_00
[36mINFO[0m 07/24 22:34:18 | Batch sizes for each domain: [0, 32, 32] (total=64)
[36mINFO[0m 07/24 22:34:18 | steps-per-epoch for each domain: 13.09, 6.88 -> min = 6.88
[36mINFO[0m 07/24 22:34:20 | # of params = 23512130
/home/kxrgzn/anaconda3/envs/QTKAN/lib/python3.8/site-packages/torchvision/models/_utils.py:208: UserWarning: The parameter 'pretrained' is deprecated since 0.13 and may be removed in the future, please use 'weights' instead.
  warnings.warn(
/home/kxrgzn/anaconda3/envs/QTKAN/lib/python3.8/site-packages/torchvision/models/_utils.py:223: UserWarning: Arguments other than a weight enum or `None` for 'weights' are deprecated since 0.13 and may be removed in the future. The current behavior is equivalent to passing `weights=ResNet50_Weights.IMAGENET1K_V1`. You can also use `weights=ResNet50_Weights.DEFAULT` to get the most up-to-date weights.
  warnings.warn(msg)
[36mINFO[0m 07/24 22:35:26 | test_in     test_out    train_in    train_out   tr_outloss  env0_in     env0_out    env1_out    env2_out    step        epoch       loss        step_time   eval_time   mem_gb     
[36mINFO[0m 07/24 22:35:26 | 0.571429    0.589041    0.000000    0.566239    0.746833    0.571429    0.589041    0.576923    0.555556    0           0.000000    0.678758    5.243927    60.111494   8.330930   
[36mINFO[0m 07/24 22:37:53 | 0.557823    0.575342    0.000000    0.652422    0.533340    0.557823    0.575342    0.730769    0.574074    100         14.545455   0.581482    0.532787    66.759027   8.691803   
[36mINFO[0m 07/24 22:40:22 | 0.581633    0.534247    0.000000    0.770833    0.751116    0.581633    0.534247    0.875000    0.666667    200         29.090909   0.360365    0.536190    67.056962   8.870774   
[36mINFO[0m 07/24 22:42:48 | 0.571429    0.479452    0.000000    0.732728    1.063222    0.571429    0.479452    0.817308    0.648148    300         43.636364   0.219719    0.549511    66.102051   9.046815   
Model converged at step 100, Start step = -1; Threshold = 1.017327, 
[36mINFO[0m 07/24 22:45:17 | 0.571429    0.520548    0.000000    0.724537    0.921179    0.571429    0.520548    0.875000    0.574074    400         58.181818   0.166894    0.578126    66.699825   9.394626   
[36mINFO[0m 07/24 22:47:47 | 0.568027    0.520548    0.000000    0.680556    1.235579    0.568027    0.520548    0.750000    0.611111    500         72.727273   0.145208    0.573249    68.646479   9.573475   
[36mINFO[0m 07/24 22:50:12 | 0.547619    0.534247    0.000000    0.718305    1.797103    0.547619    0.534247    0.788462    0.648148    600         87.272727   0.105852    0.566892    62.942295   9.747198   
[36mINFO[0m 07/24 22:52:39 | 0.540816    0.506849    0.000000    0.761218    1.469661    0.540816    0.506849    0.855769    0.666667    700         101.818182  0.095527    0.605142    63.826414   9.920310   
[36mINFO[0m 07/24 22:55:09 | 0.568027    0.534247    0.000000    0.709402    1.273267    0.568027    0.534247    0.807692    0.611111    800         116.363636  0.091548    0.550270    66.375227   9.920310   
[36mINFO[0m 07/24 22:57:37 | 0.568027    0.520548    0.000000    0.714566    1.583193    0.568027    0.520548    0.836538    0.592593    900         130.909091  0.081996    0.568064    61.635890   9.920310   
[36mINFO[0m 07/24 23:00:05 | 0.564626    0.520548    0.000000    0.723113    1.310652    0.564626    0.520548    0.798077    0.648148    1000        145.454545  0.086786    0.610306    62.162025   9.920310   
Valley is dead at step 400
[36mINFO[0m 07/24 23:00:06 | SWAD valley is dead -> early stop !
[36mINFO[0m 07/24 23:00:06 | ---
[33mWARNING[0m 07/24 23:00:06 | Evaluate SWAD ...
[36mINFO[0m 07/24 23:01:02 | 0.540816    0.561644    0.000000    0.775641    0.526286    0.540816    0.561644    0.884615    0.666667    [1-400]  (N=4)
[36mINFO[0m 07/24 23:01:02 | oracle = 57.143%
[36mINFO[0m 07/24 23:01:02 | iid = 58.163%
[36mINFO[0m 07/24 23:01:02 | last = 56.463%
[36mINFO[0m 07/24 23:01:02 | last (inD) = 72.311%
[36mINFO[0m 07/24 23:01:02 | iid (inD) = 77.083%
[36mINFO[0m 07/24 23:01:02 | SWAD = 54.082%
[36mINFO[0m 07/24 23:01:02 | SWAD (inD) = 77.564%
[36mINFO[0m 07/24 23:01:02 | 
[36mINFO[0m 07/24 23:01:02 | Testenv name escaping te_01 -> te_01
[36mINFO[0m 07/24 23:01:02 | Test envs = [1], name = te_01
[36mINFO[0m 07/24 23:01:02 | Batch sizes for each domain: [32, 0, 32] (total=64)
[36mINFO[0m 07/24 23:01:02 | steps-per-epoch for each domain: 9.19, 6.88 -> min = 6.88
[36mINFO[0m 07/24 23:01:06 | # of params = 23512130
[36mINFO[0m 07/24 23:02:38 | test_in     test_out    train_in    train_out   tr_outloss  env0_out    env1_in     env1_out    env2_out    step        epoch       loss        step_time   eval_time   mem_gb     
[36mINFO[0m 07/24 23:02:38 | 0.486874    0.576923    0.000000    0.572298    0.707165    0.589041    0.486874    0.576923    0.555556    0           0.000000    0.706585    0.880869    91.069308   8.333616   
[36mINFO[0m 07/24 23:05:20 | 0.460621    0.557692    0.000000    0.558600    0.665101    0.561644    0.460621    0.557692    0.555556    100         14.545455   0.663600    0.435169    91.720319   8.688873   
[36mINFO[0m 07/24 23:08:05 | 0.503580    0.615385    0.000000    0.586377    0.698078    0.561644    0.503580    0.615385    0.611111    200         29.090909   0.644041    0.419386    97.191142   8.869431   
[36mINFO[0m 07/24 23:10:42 | 0.520286    0.403846    0.000000    0.577118    0.834168    0.561644    0.520286    0.403846    0.592593    300         43.636364   0.522277    0.380840    97.840266   9.048280   
Model converged at step 100, Start step = 1; Threshold = 0.952183, 
[36mINFO[0m 07/24 23:13:15 | 0.477327    0.413462    0.000000    0.590817    1.540860    0.589041    0.477327    0.413462    0.592593    400         58.181818   0.383411    0.367575    96.596576   9.398410   
[36mINFO[0m 07/24 23:15:30 | 0.467780    0.451923    0.000000    0.604135    1.829236    0.671233    0.467780    0.451923    0.537037    500         72.727273   0.257605    0.365440    81.416301   9.571400   
[36mINFO[0m 07/24 23:18:13 | 0.501193    0.471154    0.000000    0.588407    1.643407    0.602740    0.501193    0.471154    0.574074    600         87.272727   0.165544    0.395111    102.049726  9.745977   
[36mINFO[0m 07/24 23:20:42 | 0.477327    0.471154    0.000000    0.581558    2.001745    0.589041    0.477327    0.471154    0.574074    700         101.818182  0.143510    0.381599    93.775126   9.918234   
[36mINFO[0m 07/24 23:23:10 | 0.515513    0.471154    0.000000    0.576738    2.335744    0.616438    0.515513    0.471154    0.537037    800         116.363636  0.110328    0.352042    97.826985   9.918234   
[36mINFO[0m 07/24 23:25:30 | 0.465394    0.480769    0.000000    0.595256    2.633722    0.616438    0.465394    0.480769    0.574074    900         130.909091  0.081741    0.357541    92.893739   9.918234   
Valley is dead at step 300
[36mINFO[0m 07/24 23:25:32 | SWAD valley is dead -> early stop !
[36mINFO[0m 07/24 23:25:32 | ---
[33mWARNING[0m 07/24 23:25:32 | Evaluate SWAD ...
[36mINFO[0m 07/24 23:27:09 | 0.570406    0.625000    0.000000    0.561010    0.664041    0.547945    0.570406    0.625000    0.574074    [1-300]  (N=6)
[36mINFO[0m 07/24 23:27:09 | oracle = 50.358%
[36mINFO[0m 07/24 23:27:09 | iid = 46.778%
[36mINFO[0m 07/24 23:27:09 | last = 46.539%
[36mINFO[0m 07/24 23:27:09 | last (inD) = 59.526%
[36mINFO[0m 07/24 23:27:09 | iid (inD) = 60.413%
[36mINFO[0m 07/24 23:27:09 | SWAD = 57.041%
[36mINFO[0m 07/24 23:27:09 | SWAD (inD) = 56.101%
[36mINFO[0m 07/24 23:27:09 | 
[36mINFO[0m 07/24 23:27:09 | Testenv name escaping te_02 -> te_02
[36mINFO[0m 07/24 23:27:09 | Test envs = [2], name = te_02
[36mINFO[0m 07/24 23:27:09 | Batch sizes for each domain: [32, 32, 0] (total=64)
[36mINFO[0m 07/24 23:27:09 | steps-per-epoch for each domain: 9.19, 13.09 -> min = 9.19
[36mINFO[0m 07/24 23:27:12 | # of params = 23512130
[36mINFO[0m 07/24 23:28:27 | test_in     test_out    train_in    train_out   tr_outloss  env0_out    env1_out    env2_in     env2_out    step        epoch       loss        step_time   eval_time   mem_gb     
[36mINFO[0m 07/24 23:28:27 | 0.577273    0.555556    0.000000    0.582982    0.686169    0.589041    0.576923    0.577273    0.555556    0           0.000000    0.703929    5.101297    70.183004   8.333616   
[36mINFO[0m 07/24 23:30:50 | 0.577273    0.685185    0.000000    0.711473    0.752645    0.547945    0.875000    0.577273    0.685185    100         10.884354   0.571988    0.599649    74.642855   8.688873   
[36mINFO[0m 07/24 23:33:19 | 0.590909    0.629630    0.000000    0.775158    0.758671    0.684932    0.865385    0.590909    0.629630    200         21.768707   0.395829    0.590111    78.030750   8.869431   
Model converged at step 0, Start step = 1; Threshold = 0.952244, 
[36mINFO[0m 07/24 23:35:43 | 0.545455    0.666667    0.000000    0.718915    1.036548    0.630137    0.807692    0.545455    0.666667    300         32.653061   0.285718    0.551385    79.024176   9.048280   
[36mINFO[0m 07/24 23:38:07 | 0.572727    0.648148    0.000000    0.725764    1.391712    0.643836    0.807692    0.572727    0.648148    400         43.537415   0.190628    0.536795    78.941763   9.225909   
[36mINFO[0m 07/24 23:40:35 | 0.572727    0.740741    0.000000    0.682626    1.889950    0.547945    0.817308    0.572727    0.740741    500         54.421769   0.137214    0.573620    80.936014   9.397800   
[36mINFO[0m 07/24 23:42:56 | 0.554545    0.703704    0.000000    0.692242    1.790729    0.547945    0.836538    0.554545    0.703704    600         65.306122   0.123257    0.564201    74.619440   9.571766   
[36mINFO[0m 07/24 23:45:02 | 0.613636    0.722222    0.000000    0.702450    1.529516    0.616438    0.788462    0.613636    0.722222    700         76.190476   0.123283    0.586830    63.917837   9.744390   
[36mINFO[0m 07/24 23:47:15 | 0.595455    0.740741    0.000000    0.715556    1.671331    0.575342    0.855769    0.595455    0.740741    800         87.074830   0.102548    0.626374    60.855312   9.746587   
Valley is dead at step 200
[36mINFO[0m 07/24 23:47:16 | SWAD valley is dead -> early stop !
[36mINFO[0m 07/24 23:47:16 | ---
[33mWARNING[0m 07/24 23:47:16 | Evaluate SWAD ...
[36mINFO[0m 07/24 23:48:17 | 0.563636    0.592593    0.000000    0.723722    0.590758    0.630137    0.817308    0.563636    0.592593    [1-200]  (N=7)
[36mINFO[0m 07/24 23:48:17 | oracle = 57.273%
[36mINFO[0m 07/24 23:48:17 | iid = 59.091%
[36mINFO[0m 07/24 23:48:17 | last = 59.545%
[36mINFO[0m 07/24 23:48:17 | last (inD) = 71.556%
[36mINFO[0m 07/24 23:48:17 | iid (inD) = 77.516%
[36mINFO[0m 07/24 23:48:17 | SWAD = 56.364%
[36mINFO[0m 07/24 23:48:17 | SWAD (inD) = 72.372%
[36mINFO[0m 07/24 23:48:17 | === Summary ===
[36mINFO[0m 07/24 23:48:17 | Command: /home/kxrgzn/lzh/GGA/train_all.py HTP_SWAD_seed0 --dataset HTP --data_dir /home/kxrgzn/lzh/GGA/dataset --algorithm ERM --steps 5000 --checkpoint_freq 100 --batch_size 32 --optimizer adam --lr 5e-5 --weight_decay 0 --resnet_dropout 0 --resnet18 False --pretrained True --freeze_bn True --swad LossValley --seed 0 --trial_seed 0 --deterministic
[36mINFO[0m 07/24 23:48:17 | Unique name: 260724_22-34-18_HTP_SWAD_seed0
[36mINFO[0m 07/24 23:48:17 | Out path: train_output/HTP/260724_22-34-18_HTP_SWAD_seed0
[36mINFO[0m 07/24 23:48:17 | Algorithm: ERM
[36mINFO[0m 07/24 23:48:17 | Dataset: HTP
+------------+---------+---------+---------+---------+
| Selection  |    00   |    01   |    02   |   Avg.  |
+------------+---------+---------+---------+---------+
|   oracle   | 57.143% | 50.358% | 57.273% | 54.925% |
|    iid     | 58.163% | 46.778% | 59.091% | 54.677% |
|    last    | 56.463% | 46.539% | 59.545% | 54.182% |
| last (inD) | 72.311% | 59.526% | 71.556% | 67.797% |
| iid (inD)  | 77.083% | 60.413% | 77.516% | 71.671% |
|    SWAD    | 54.082% | 57.041% | 56.364% | 55.829% |
| SWAD (inD) | 77.564% | 56.101% | 72.372% | 68.679% |
+------------+---------+---------+---------+---------+
================================================================================
Starting SWAD, seed=1, physical GPU=0
/home/kxrgzn/anaconda3/envs/QTKAN/bin/python /home/kxrgzn/lzh/GGA/train_all.py HTP_SWAD_seed1 --dataset HTP --data_dir /home/kxrgzn/lzh/GGA/dataset --algorithm ERM --steps 5000 --checkpoint_freq 100 --batch_size 32 --optimizer adam --lr 5e-5 --weight_decay 0 --resnet_dropout 0 --resnet18 False --pretrained True --freeze_bn True --swad LossValley --seed 1 --trial_seed 1 --deterministic
================================================================================
[36mINFO[0m 07/24 23:48:21 | Command :: /home/kxrgzn/lzh/GGA/train_all.py HTP_SWAD_seed1 --dataset HTP --data_dir /home/kxrgzn/lzh/GGA/dataset --algorithm ERM --steps 5000 --checkpoint_freq 100 --batch_size 32 --optimizer adam --lr 5e-5 --weight_decay 0 --resnet_dropout 0 --resnet18 False --pretrained True --freeze_bn True --swad LossValley --seed 1 --trial_seed 1 --deterministic
Environment:
	Python: 3.8.20
	PyTorch: 2.4.1+cu121
	Torchvision: 0.19.1+cu121
	CUDA: 12.1
	CUDNN: 90100
	NumPy: 1.24.4
	PIL: 8.1.0
Args:
	algorithm: ERM
	batch_size: 32
	checkpoint_freq: 100
	configs: []
	data_dir: /home/kxrgzn/lzh/GGA/dataset
	dataset: HTP
	debug: False
	deterministic: True
	end_step: 200
	evalmode: fast
	extra_search: n
	extra_search_end: None
	extra_search_start: None
	gga_l_gamma: 0.001
	grad_fn: sum
	holdout_fraction: 0.2
	model_save: None
	name: HTP_SWAD_seed1
	neighborhoodSize: 1e-06
	out_dir: train_output/HTP/260724_23-48-21_HTP_SWAD_seed1
	out_root: train_output/HTP
	prebuild_loader: False
	seed: 1
	show: False
	start_step: 100
	steps: 5000
	tb_freq: 10
	test_envs: None
	train_output: train_output
	trial_seed: 1
	unique_name: 260724_23-48-21_HTP_SWAD_seed1
	work_dir: .
HParams:
	data_augmentation: True
	val_augment: False
	[36mresnet18: False
	[0m[36mresnet_dropout: 0
	[0mclass_balanced: False
	[36moptimizer: adam
	[0m[36mfreeze_bn: True
	[0m[36mpretrained: True
	[0m[36mlr: 5e-05
	[0mbatch_size: 32
	[36mweight_decay: 0
	[0m[36mswad: LossValley
	[0mswad_kwargs: 
	  n_converge: 3
	  n_tolerance: 6
	  tolerance_ratio: 0.3
	test_batchsize: 128
	indomain_test: False
	grad_fn: sum
	extra_search: n
	logdir: train_output/HTP/260724_23-48-21_HTP_SWAD_seed1
	neighborhoodSize: 1e-06
	start_step: 100
	end_step: 200
	extra_search_start: None
	extra_search_end: None
	gga_l_gamma: 0.001
Dataset:
	[HTP] #envs=3, #classes=2
	env0: 00 (#367)
	env1: 01 (#523)
	env2: 02 (#274)

[36mINFO[0m 07/24 23:48:21 | n_steps = 5000
[36mINFO[0m 07/24 23:48:21 | checkpoint_freq = 100
[36mINFO[0m 07/24 23:48:21 | n_steps is updated to 5000 => 5001 for checkpointing
[36mINFO[0m 07/24 23:48:21 | Target test envs = [[0], [1], [2]]
[36mINFO[0m 07/24 23:48:21 | 
[36mINFO[0m 07/24 23:48:21 | Testenv name escaping te_00 -> te_00
[36mINFO[0m 07/24 23:48:21 | Test envs = [0], name = te_00
[36mINFO[0m 07/24 23:48:21 | Batch sizes for each domain: [0, 32, 32] (total=64)
[36mINFO[0m 07/24 23:48:21 | steps-per-epoch for each domain: 13.09, 6.88 -> min = 6.88
[36mINFO[0m 07/24 23:48:24 | # of params = 23512130
/home/kxrgzn/anaconda3/envs/QTKAN/lib/python3.8/site-packages/torchvision/models/_utils.py:208: UserWarning: The parameter 'pretrained' is deprecated since 0.13 and may be removed in the future, please use 'weights' instead.
  warnings.warn(
/home/kxrgzn/anaconda3/envs/QTKAN/lib/python3.8/site-packages/torchvision/models/_utils.py:223: UserWarning: Arguments other than a weight enum or `None` for 'weights' are deprecated since 0.13 and may be removed in the future. The current behavior is equivalent to passing `weights=ResNet50_Weights.IMAGENET1K_V1`. You can also use `weights=ResNet50_Weights.DEFAULT` to get the most up-to-date weights.
  warnings.warn(msg)
[36mINFO[0m 07/24 23:49:33 | test_in     test_out    train_in    train_out   tr_outloss  env0_in     env0_out    env1_out    env2_out    step        epoch       loss        step_time   eval_time   mem_gb     
[36mINFO[0m 07/24 23:49:33 | 0.493197    0.506849    0.000000    0.656873    0.650515    0.493197    0.506849    0.721154    0.592593    0           0.000000    0.718058    5.544538    63.040083   8.330930   
[36mINFO[0m 07/24 23:51:54 | 0.554422    0.493151    0.000000    0.661325    0.852905    0.554422    0.493151    0.711538    0.611111    100         14.545455   0.465726    0.633300    64.524509   8.691803   
[36mINFO[0m 07/24 23:54:27 | 0.537415    0.493151    0.000000    0.690171    1.013094    0.537415    0.493151    0.769231    0.611111    200         29.090909   0.243117    0.614078    72.642545   8.870774   
Model converged at step 0, Start step = 1; Threshold = 1.090489, 
[36mINFO[0m 07/24 23:57:06 | 0.530612    0.520548    0.000000    0.680556    1.541055    0.530612    0.520548    0.750000    0.611111    300         43.636364   0.169670    0.692434    72.777411   9.046815   
[36mINFO[0m 07/24 23:59:37 | 0.496599    0.465753    0.000000    0.675748    1.739606    0.496599    0.465753    0.740385    0.611111    400         58.181818   0.121963    0.597778    72.073429   9.222857   
[36mINFO[0m 07/25 00:02:04 | 0.554422    0.479452    0.000000    0.723825    0.875751    0.554422    0.479452    0.836538    0.611111    500         72.727273   0.120225    0.653326    63.993743   9.399997   
[36mINFO[0m 07/25 00:04:39 | 0.517007    0.479452    0.000000    0.713497    1.884716    0.517007    0.479452    0.778846    0.648148    600         87.272727   0.096706    0.607873    72.742532   9.574940   
[36mINFO[0m 07/25 00:07:11 | 0.503401    0.452055    0.000000    0.724181    1.013056    0.503401    0.452055    0.855769    0.592593    700         101.818182  0.131951    0.610927    72.170190   9.748662   
[36mINFO[0m 07/25 00:09:43 | 0.523810    0.493151    0.000000    0.708689    1.312809    0.523810    0.493151    0.769231    0.648148    800         116.363636  0.087275    0.627229    70.334472   9.748662   
[36mINFO[0m 07/25 00:12:13 | 0.530612    0.479452    0.000000    0.690527    1.744011    0.530612    0.479452    0.788462    0.592593    900         130.909091  0.078884    0.597950    70.299254   9.748662   
[36mINFO[0m 07/25 00:14:44 | 0.503401    0.452055    0.000000    0.657942    1.265811    0.503401    0.452055    0.778846    0.537037    1000        145.454545  0.081745    0.621514    67.162060   9.748662   
[36mINFO[0m 07/25 00:17:26 | 0.530612    0.506849    0.000000    0.713141    1.563179    0.530612    0.506849    0.759615    0.666667    1100        160.000000  0.071111    0.635358    74.932592   9.748662   
[36mINFO[0m 07/25 00:19:54 | 0.530612    0.424658    0.000000    0.722756    1.218188    0.530612    0.424658    0.778846    0.666667    1200        174.545455  0.073128    0.558549    72.084077   9.750127   
[36mINFO[0m 07/25 00:22:12 | 0.534014    0.506849    0.000000    0.671652    1.674819    0.534014    0.506849    0.769231    0.574074    1300        189.090909  0.080665    0.666359    54.993552   9.751836   
Valley is dead at step 700
[36mINFO[0m 07/25 00:22:13 | SWAD valley is dead -> early stop !
[36mINFO[0m 07/25 00:22:13 | ---
[33mWARNING[0m 07/25 00:22:14 | Evaluate SWAD ...
[36mINFO[0m 07/25 00:23:29 | 0.544218    0.534247    0.000000    0.690883    0.591807    0.544218    0.534247    0.807692    0.574074    [1-700]  (N=12)
[36mINFO[0m 07/25 00:23:29 | oracle = 53.061%
[36mINFO[0m 07/25 00:23:29 | iid = 50.340%
[36mINFO[0m 07/25 00:23:29 | last = 53.401%
[36mINFO[0m 07/25 00:23:29 | last (inD) = 67.165%
[36mINFO[0m 07/25 00:23:29 | iid (inD) = 72.418%
[36mINFO[0m 07/25 00:23:29 | SWAD = 54.422%
[36mINFO[0m 07/25 00:23:29 | SWAD (inD) = 69.088%
[36mINFO[0m 07/25 00:23:29 | 
[36mINFO[0m 07/25 00:23:29 | Testenv name escaping te_01 -> te_01
[36mINFO[0m 07/25 00:23:29 | Test envs = [1], name = te_01
[36mINFO[0m 07/25 00:23:29 | Batch sizes for each domain: [32, 0, 32] (total=64)
[36mINFO[0m 07/25 00:23:29 | steps-per-epoch for each domain: 9.19, 6.88 -> min = 6.88
[36mINFO[0m 07/25 00:23:31 | # of params = 23512130
[36mINFO[0m 07/25 00:25:04 | test_in     test_out    train_in    train_out   tr_outloss  env0_out    env1_in     env1_out    env2_out    step        epoch       loss        step_time   eval_time   mem_gb     
[36mINFO[0m 07/25 00:25:04 | 0.505967    0.500000    0.000000    0.598047    0.723691    0.547945    0.505967    0.500000    0.648148    0           0.000000    0.766832    2.044397    91.090369   8.333616   
[36mINFO[0m 07/25 00:27:47 | 0.508353    0.500000    0.000000    0.591197    0.647736    0.534247    0.508353    0.500000    0.648148    100         14.545455   0.646776    0.380069    104.687738  8.688873   
[36mINFO[0m 07/25 00:30:19 | 0.463007    0.548077    0.000000    0.604896    0.841749    0.561644    0.463007    0.548077    0.648148    200         29.090909   0.543440    0.370925    97.694120   8.869431   
[36mINFO[0m 07/25 00:32:41 | 0.556086    0.605769    0.000000    0.618595    2.007808    0.589041    0.556086    0.605769    0.648148    300         43.636364   0.333483    0.333332    97.753958   9.048280   
Model converged at step 100, Start step = -1; Threshold = 1.515494, 
[36mINFO[0m 07/25 00:35:16 | 0.501193    0.509615    0.000000    0.588787    1.236401    0.547945    0.501193    0.509615    0.629630    400         58.181818   0.222885    0.363529    104.062577  9.398410   
[36mINFO[0m 07/25 00:37:28 | 0.553699    0.528846    0.000000    0.618595    2.122309    0.589041    0.553699    0.528846    0.648148    500         72.727273   0.164200    0.325584    92.534198   9.571400   
[36mINFO[0m 07/25 00:39:48 | 0.534606    0.576923    0.000000    0.627854    2.002400    0.589041    0.534606    0.576923    0.666667    600         87.272727   0.123730    0.334026    102.613061  9.745977   
[36mINFO[0m 07/25 00:41:59 | 0.548926    0.557692    0.000000    0.572679    1.554182    0.534247    0.548926    0.557692    0.611111    700         101.818182  0.110541    0.283223    100.151285  9.918234   
[36mINFO[0m 07/25 00:44:14 | 0.525060    0.548077    0.000000    0.629883    1.746791    0.630137    0.525060    0.548077    0.629630    800         116.363636  0.087295    0.321689    95.485291   9.918234   
[36mINFO[0m 07/25 00:46:57 | 0.560859    0.576923    0.000000    0.639143    1.788643    0.630137    0.560859    0.576923    0.648148    900         130.909091  0.108222    0.422899    94.618512   9.918234   
[36mINFO[0m 07/25 00:49:36 | 0.575179    0.615385    0.000000    0.637113    2.618021    0.589041    0.575179    0.615385    0.685185    1000        145.454545  0.087435    0.432028    88.945430   9.918234   
Valley is dead at step 400
[36mINFO[0m 07/25 00:49:36 | SWAD valley is dead -> early stop !
[36mINFO[0m 07/25 00:49:36 | ---
[33mWARNING[0m 07/25 00:49:36 | Evaluate SWAD ...
[36mINFO[0m 07/25 00:51:12 | 0.591885    0.586538    0.000000    0.549721    0.776509    0.506849    0.591885    0.586538    0.592593    [1-400]  (N=4)
[36mINFO[0m 07/25 00:51:12 | oracle = 57.518%
[36mINFO[0m 07/25 00:51:12 | iid = 56.086%
[36mINFO[0m 07/25 00:51:12 | last = 57.518%
[36mINFO[0m 07/25 00:51:12 | last (inD) = 63.711%
[36mINFO[0m 07/25 00:51:12 | iid (inD) = 63.914%
[36mINFO[0m 07/25 00:51:12 | SWAD = 59.189%
[36mINFO[0m 07/25 00:51:12 | SWAD (inD) = 54.972%
[36mINFO[0m 07/25 00:51:12 | 
[36mINFO[0m 07/25 00:51:12 | Testenv name escaping te_02 -> te_02
[36mINFO[0m 07/25 00:51:12 | Test envs = [2], name = te_02
[36mINFO[0m 07/25 00:51:12 | Batch sizes for each domain: [32, 32, 0] (total=64)
[36mINFO[0m 07/25 00:51:12 | steps-per-epoch for each domain: 9.19, 13.09 -> min = 9.19
[36mINFO[0m 07/25 00:51:15 | # of params = 23512130
[36mINFO[0m 07/25 00:52:31 | test_in     test_out    train_in    train_out   tr_outloss  env0_out    env1_out    env2_in     env2_out    step        epoch       loss        step_time   eval_time   mem_gb     
[36mINFO[0m 07/25 00:52:31 | 0.572727    0.518519    0.000000    0.550184    0.684585    0.465753    0.634615    0.572727    0.518519    0           0.000000    0.678560    4.901386    71.624408   8.333616   
[36mINFO[0m 07/25 00:54:44 | 0.559091    0.574074    0.000000    0.718322    0.610524    0.561644    0.875000    0.559091    0.574074    100         10.884354   0.585841    0.438018    61.649571   8.688873   
[36mINFO[0m 07/25 00:57:03 | 0.572727    0.666667    0.000000    0.681178    1.145883    0.602740    0.759615    0.572727    0.666667    200         21.768707   0.383556    0.552282    72.740548   8.869431   
[36mINFO[0m 07/25 00:59:21 | 0.572727    0.611111    0.000000    0.746312    0.755801    0.684932    0.807692    0.572727    0.611111    300         32.653061   0.232630    0.613893    73.367804   9.048280   
Model converged at step 100, Start step = -1; Threshold = 1.088624, 
[36mINFO[0m 07/25 01:01:40 | 0.600000    0.574074    0.000000    0.707258    0.936026    0.616438    0.798077    0.600000    0.574074    400         43.537415   0.184459    0.609351    75.080408   9.398410   
[36mINFO[0m 07/25 01:03:56 | 0.536364    0.666667    0.000000    0.725764    0.844032    0.643836    0.807692    0.536364    0.666667    500         54.421769   0.153347    0.556579    72.498275   9.571400   
[36mINFO[0m 07/25 01:06:16 | 0.522727    0.592593    0.000000    0.710748    1.075666    0.575342    0.846154    0.522727    0.592593    600         65.306122   0.116180    0.429457    71.193845   9.745977   
[36mINFO[0m 07/25 01:08:22 | 0.536364    0.537037    0.000000    0.697642    1.679298    0.616438    0.778846    0.536364    0.537037    700         76.190476   0.097405    0.503359    59.370956   9.918234   
[36mINFO[0m 07/25 01:10:42 | 0.522727    0.537037    0.000000    0.714107    1.461865    0.630137    0.798077    0.522727    0.537037    800         87.074830   0.095568    0.636286    72.901879   9.918234   
[36mINFO[0m 07/25 01:12:59 | 0.550000    0.592593    0.000000    0.677094    1.685375    0.575342    0.778846    0.550000    0.592593    900         97.959184   0.084219    0.645292    67.908653   9.918234   
[36mINFO[0m 07/25 01:15:15 | 0.522727    0.666667    0.000000    0.683219    2.235639    0.616438    0.750000    0.522727    0.666667    1000        108.843537  0.076919    0.494443    65.691821   9.918234   
[36mINFO[0m 07/25 01:17:33 | 0.563636    0.611111    0.000000    0.673604    2.408404    0.616438    0.730769    0.563636    0.611111    1100        119.727891  0.084443    0.496076    64.207696   9.920065   
[36mINFO[0m 07/25 01:19:53 | 0.545455    0.685185    0.000000    0.674328    2.651174    0.589041    0.759615    0.545455    0.685185    1200        130.612245  0.057274    0.547593    69.160304   9.922507   
Valley is dead at step 600
[36mINFO[0m 07/25 01:19:53 | SWAD valley is dead -> early stop !
[36mINFO[0m 07/25 01:19:53 | ---
[33mWARNING[0m 07/25 01:19:53 | Evaluate SWAD ...
[36mINFO[0m 07/25 01:21:01 | 0.581818    0.611111    0.000000    0.731296    0.728720    0.616438    0.846154    0.581818    0.611111    [1-600]  (N=6)
[36mINFO[0m 07/25 01:21:01 | oracle = 54.545%
[36mINFO[0m 07/25 01:21:01 | iid = 57.273%
[36mINFO[0m 07/25 01:21:01 | last = 54.545%
[36mINFO[0m 07/25 01:21:01 | last (inD) = 67.433%
[36mINFO[0m 07/25 01:21:01 | iid (inD) = 74.631%
[36mINFO[0m 07/25 01:21:01 | SWAD = 58.182%
[36mINFO[0m 07/25 01:21:01 | SWAD (inD) = 73.130%
[36mINFO[0m 07/25 01:21:02 | === Summary ===
[36mINFO[0m 07/25 01:21:02 | Command: /home/kxrgzn/lzh/GGA/train_all.py HTP_SWAD_seed1 --dataset HTP --data_dir /home/kxrgzn/lzh/GGA/dataset --algorithm ERM --steps 5000 --checkpoint_freq 100 --batch_size 32 --optimizer adam --lr 5e-5 --weight_decay 0 --resnet_dropout 0 --resnet18 False --pretrained True --freeze_bn True --swad LossValley --seed 1 --trial_seed 1 --deterministic
[36mINFO[0m 07/25 01:21:02 | Unique name: 260724_23-48-21_HTP_SWAD_seed1
[36mINFO[0m 07/25 01:21:02 | Out path: train_output/HTP/260724_23-48-21_HTP_SWAD_seed1
[36mINFO[0m 07/25 01:21:02 | Algorithm: ERM
[36mINFO[0m 07/25 01:21:02 | Dataset: HTP
+------------+---------+---------+---------+---------+
| Selection  |    00   |    01   |    02   |   Avg.  |
+------------+---------+---------+---------+---------+
|   oracle   | 53.061% | 57.518% | 54.545% | 55.042% |
|    iid     | 50.340% | 56.086% | 57.273% | 54.566% |
|    last    | 53.401% | 57.518% | 54.545% | 55.155% |
| last (inD) | 67.165% | 63.711% | 67.433% | 66.103% |
| iid (inD)  | 72.418% | 63.914% | 74.631% | 70.321% |
|    SWAD    | 54.422% | 59.189% | 58.182% | 57.264% |
| SWAD (inD) | 69.088% | 54.972% | 73.130% | 65.730% |
+------------+---------+---------+---------+---------+
================================================================================
Starting SWAD, seed=2, physical GPU=0
/home/kxrgzn/anaconda3/envs/QTKAN/bin/python /home/kxrgzn/lzh/GGA/train_all.py HTP_SWAD_seed2 --dataset HTP --data_dir /home/kxrgzn/lzh/GGA/dataset --algorithm ERM --steps 5000 --checkpoint_freq 100 --batch_size 32 --optimizer adam --lr 5e-5 --weight_decay 0 --resnet_dropout 0 --resnet18 False --pretrained True --freeze_bn True --swad LossValley --seed 2 --trial_seed 2 --deterministic
================================================================================
[36mINFO[0m 07/25 01:21:06 | Command :: /home/kxrgzn/lzh/GGA/train_all.py HTP_SWAD_seed2 --dataset HTP --data_dir /home/kxrgzn/lzh/GGA/dataset --algorithm ERM --steps 5000 --checkpoint_freq 100 --batch_size 32 --optimizer adam --lr 5e-5 --weight_decay 0 --resnet_dropout 0 --resnet18 False --pretrained True --freeze_bn True --swad LossValley --seed 2 --trial_seed 2 --deterministic
Environment:
	Python: 3.8.20
	PyTorch: 2.4.1+cu121
	Torchvision: 0.19.1+cu121
	CUDA: 12.1
	CUDNN: 90100
	NumPy: 1.24.4
	PIL: 8.1.0
Args:
	algorithm: ERM
	batch_size: 32
	checkpoint_freq: 100
	configs: []
	data_dir: /home/kxrgzn/lzh/GGA/dataset
	dataset: HTP
	debug: False
	deterministic: True
	end_step: 200
	evalmode: fast
	extra_search: n
	extra_search_end: None
	extra_search_start: None
	gga_l_gamma: 0.001
	grad_fn: sum
	holdout_fraction: 0.2
	model_save: None
	name: HTP_SWAD_seed2
	neighborhoodSize: 1e-06
	out_dir: train_output/HTP/260725_01-21-06_HTP_SWAD_seed2
	out_root: train_output/HTP
	prebuild_loader: False
	seed: 2
	show: False
	start_step: 100
	steps: 5000
	tb_freq: 10
	test_envs: None
	train_output: train_output
	trial_seed: 2
	unique_name: 260725_01-21-06_HTP_SWAD_seed2
	work_dir: .
HParams:
	data_augmentation: True
	val_augment: False
	[36mresnet18: False
	[0m[36mresnet_dropout: 0
	[0mclass_balanced: False
	[36moptimizer: adam
	[0m[36mfreeze_bn: True
	[0m[36mpretrained: True
	[0m[36mlr: 5e-05
	[0mbatch_size: 32
	[36mweight_decay: 0
	[0m[36mswad: LossValley
	[0mswad_kwargs: 
	  n_converge: 3
	  n_tolerance: 6
	  tolerance_ratio: 0.3
	test_batchsize: 128
	indomain_test: False
	grad_fn: sum
	extra_search: n
	logdir: train_output/HTP/260725_01-21-06_HTP_SWAD_seed2
	neighborhoodSize: 1e-06
	start_step: 100
	end_step: 200
	extra_search_start: None
	extra_search_end: None
	gga_l_gamma: 0.001
Dataset:
	[HTP] #envs=3, #classes=2
	env0: 00 (#367)
	env1: 01 (#523)
	env2: 02 (#274)

[36mINFO[0m 07/25 01:21:06 | n_steps = 5000
[36mINFO[0m 07/25 01:21:06 | checkpoint_freq = 100
[36mINFO[0m 07/25 01:21:06 | n_steps is updated to 5000 => 5001 for checkpointing
[36mINFO[0m 07/25 01:21:06 | Target test envs = [[0], [1], [2]]
[36mINFO[0m 07/25 01:21:06 | 
[36mINFO[0m 07/25 01:21:06 | Testenv name escaping te_00 -> te_00
[36mINFO[0m 07/25 01:21:06 | Test envs = [0], name = te_00
[36mINFO[0m 07/25 01:21:06 | Batch sizes for each domain: [0, 32, 32] (total=64)
[36mINFO[0m 07/25 01:21:06 | steps-per-epoch for each domain: 13.09, 6.88 -> min = 6.88
[36mINFO[0m 07/25 01:21:08 | # of params = 23512130
/home/kxrgzn/anaconda3/envs/QTKAN/lib/python3.8/site-packages/torchvision/models/_utils.py:208: UserWarning: The parameter 'pretrained' is deprecated since 0.13 and may be removed in the future, please use 'weights' instead.
  warnings.warn(
/home/kxrgzn/anaconda3/envs/QTKAN/lib/python3.8/site-packages/torchvision/models/_utils.py:223: UserWarning: Arguments other than a weight enum or `None` for 'weights' are deprecated since 0.13 and may be removed in the future. The current behavior is equivalent to passing `weights=ResNet50_Weights.IMAGENET1K_V1`. You can also use `weights=ResNet50_Weights.DEFAULT` to get the most up-to-date weights.
  warnings.warn(msg)
[36mINFO[0m 07/25 01:22:24 | test_in     test_out    train_in    train_out   tr_outloss  env0_in     env0_out    env1_out    env2_out    step        epoch       loss        step_time   eval_time   mem_gb     
[36mINFO[0m 07/25 01:22:24 | 0.568027    0.602740    0.000000    0.552172    0.677143    0.568027    0.602740    0.567308    0.537037    0           0.000000    0.710019    5.962572    69.343088   8.330930   
[36mINFO[0m 07/25 01:24:42 | 0.510204    0.684932    0.000000    0.701211    1.314534    0.510204    0.684932    0.865385    0.537037    100         14.545455   0.472289    0.681038    64.856755   8.691803   
[36mINFO[0m 07/25 01:27:10 | 0.530612    0.589041    0.000000    0.634259    1.395601    0.530612    0.589041    0.750000    0.518519    200         29.090909   0.241295    0.696825    73.934965   8.870774   
Model converged at step 0, Start step = 1; Threshold = 1.467820, 
[36mINFO[0m 07/25 01:29:29 | 0.530612    0.616438    0.000000    0.657942    1.210927    0.530612    0.616438    0.778846    0.537037    300         43.636364   0.148720    0.570986    74.004547   9.046815   
[36mINFO[0m 07/25 01:31:50 | 0.537415    0.547945    0.000000    0.681980    1.788937    0.537415    0.547945    0.826923    0.537037    400         58.181818   0.133777    0.508313    67.107514   9.222857   
[36mINFO[0m 07/25 01:34:14 | 0.544218    0.561644    0.000000    0.658654    2.337478    0.544218    0.561644    0.817308    0.500000    500         72.727273   0.099668    0.533350    70.471075   9.399997   
[36mINFO[0m 07/25 01:36:38 | 0.537415    0.506849    0.000000    0.686788    1.737367    0.537415    0.506849    0.836538    0.537037    600         87.272727   0.086743    0.689558    65.194348   9.574940   
[36mINFO[0m 07/25 01:39:00 | 0.544218    0.630137    0.000000    0.677172    2.431324    0.544218    0.630137    0.817308    0.537037    700         101.818182  0.088418    0.721398    67.214244   9.748662   
[36mINFO[0m 07/25 01:41:17 | 0.527211    0.534247    0.000000    0.649751    2.562467    0.527211    0.534247    0.836538    0.462963    800         116.363636  0.092565    0.714436    59.294672   9.748662   
[36mINFO[0m 07/25 01:43:38 | 0.571429    0.547945    0.000000    0.677528    2.187611    0.571429    0.547945    0.836538    0.518519    900         130.909091  0.080871    0.524700    66.322243   9.748662   
Valley is dead at step 300
[36mINFO[0m 07/25 01:43:38 | SWAD valley is dead -> early stop !
[36mINFO[0m 07/25 01:43:38 | ---
[33mWARNING[0m 07/25 01:43:38 | Evaluate SWAD ...
[36mINFO[0m 07/25 01:44:52 | 0.527211    0.602740    0.000000    0.706019    0.589613    0.527211    0.602740    0.875000    0.537037    [1-300]  (N=8)
[36mINFO[0m 07/25 01:44:52 | oracle = 51.020%
[36mINFO[0m 07/25 01:44:52 | iid = 51.020%
[36mINFO[0m 07/25 01:44:52 | last = 57.143%
[36mINFO[0m 07/25 01:44:52 | last (inD) = 67.753%
[36mINFO[0m 07/25 01:44:52 | iid (inD) = 70.121%
[36mINFO[0m 07/25 01:44:52 | SWAD = 52.721%
[36mINFO[0m 07/25 01:44:52 | SWAD (inD) = 70.602%
[36mINFO[0m 07/25 01:44:53 | 
[36mINFO[0m 07/25 01:44:53 | Testenv name escaping te_01 -> te_01
[36mINFO[0m 07/25 01:44:53 | Test envs = [1], name = te_01
[36mINFO[0m 07/25 01:44:53 | Batch sizes for each domain: [32, 0, 32] (total=64)
[36mINFO[0m 07/25 01:44:53 | steps-per-epoch for each domain: 9.19, 6.88 -> min = 6.88
[36mINFO[0m 07/25 01:44:55 | # of params = 23512130
[36mINFO[0m 07/25 01:46:13 | test_in     test_out    train_in    train_out   tr_outloss  env0_out    env1_in     env1_out    env2_out    step        epoch       loss        step_time   eval_time   mem_gb     
[36mINFO[0m 07/25 01:46:13 | 0.510740    0.451923    0.000000    0.404744    0.730207    0.383562    0.510740    0.451923    0.425926    0           0.000000    0.684379    1.389163    76.416946   8.333616   
[36mINFO[0m 07/25 01:48:46 | 0.572792    0.605769    0.000000    0.590817    1.384668    0.589041    0.572792    0.605769    0.592593    100         14.545455   0.484018    0.425960    84.928435   8.688873   
[36mINFO[0m 07/25 01:50:48 | 0.482100    0.576923    0.000000    0.572298    1.443386    0.589041    0.482100    0.576923    0.555556    200         29.090909   0.232628    0.269281    92.878498   8.869431   
Model converged at step 0, Start step = 1; Threshold = 1.541913, 
[36mINFO[0m 07/25 01:52:57 | 0.570406    0.663462    0.000000    0.606164    2.093981    0.712329    0.570406    0.663462    0.500000    300         43.636364   0.137449    0.273932    97.620794   9.048280   
[36mINFO[0m 07/25 01:55:13 | 0.505967    0.586538    0.000000    0.617453    2.582570    0.753425    0.505967    0.586538    0.481481    400         58.181818   0.102425    0.290870    100.878437  9.225909   
[36mINFO[0m 07/25 01:57:38 | 0.563246    0.673077    0.000000    0.579148    2.093631    0.602740    0.563246    0.673077    0.555556    500         72.727273   0.081523    0.337020    98.333484   9.397800   
[36mINFO[0m 07/25 02:00:24 | 0.548926    0.586538    0.000000    0.578767    2.639438    0.657534    0.548926    0.586538    0.500000    600         87.272727   0.062199    0.429159    95.144279   9.571766   
[36mINFO[0m 07/25 02:03:09 | 0.434368    0.480769    0.000000    0.641172    2.653460    0.671233    0.434368    0.480769    0.611111    700         101.818182  0.072905    0.430515    96.375873   9.744390   
[36mINFO[0m 07/25 02:05:36 | 0.520286    0.625000    0.000000    0.617834    1.999032    0.698630    0.520286    0.625000    0.537037    800         116.363636  0.079065    0.353819    95.813304   9.746587   
Valley is dead at step 200
[36mINFO[0m 07/25 02:05:36 | SWAD valley is dead -> early stop !
[36mINFO[0m 07/25 02:05:36 | ---
[33mWARNING[0m 07/25 02:05:36 | Evaluate SWAD ...
[36mINFO[0m 07/25 02:07:04 | 0.563246    0.615385    0.000000    0.554160    0.705359    0.534247    0.563246    0.615385    0.574074    [1-200]  (N=7)
[36mINFO[0m 07/25 02:07:04 | oracle = 56.325%
[36mINFO[0m 07/25 02:07:04 | iid = 43.437%
[36mINFO[0m 07/25 02:07:04 | last = 52.029%
[36mINFO[0m 07/25 02:07:04 | last (inD) = 61.783%
[36mINFO[0m 07/25 02:07:04 | iid (inD) = 64.117%
[36mINFO[0m 07/25 02:07:04 | SWAD = 56.325%
[36mINFO[0m 07/25 02:07:04 | SWAD (inD) = 55.416%
[36mINFO[0m 07/25 02:07:05 | 
[36mINFO[0m 07/25 02:07:05 | Testenv name escaping te_02 -> te_02
[36mINFO[0m 07/25 02:07:05 | Test envs = [2], name = te_02
[36mINFO[0m 07/25 02:07:05 | Batch sizes for each domain: [32, 32, 0] (total=64)
[36mINFO[0m 07/25 02:07:05 | steps-per-epoch for each domain: 9.19, 13.09 -> min = 9.19
[36mINFO[0m 07/25 02:07:08 | # of params = 23512130
[36mINFO[0m 07/25 02:08:19 | test_in     test_out    train_in    train_out   tr_outloss  env0_out    env1_out    env2_in     env2_out    step        epoch       loss        step_time   eval_time   mem_gb     
[36mINFO[0m 07/25 02:08:19 | 0.581818    0.537037    0.000000    0.585024    0.769379    0.602740    0.567308    0.581818    0.537037    0           0.000000    0.706402    4.489543    65.544804   8.333616   
[36mINFO[0m 07/25 02:10:38 | 0.595455    0.574074    0.000000    0.659905    0.637237    0.589041    0.730769    0.595455    0.574074    100         10.884354   0.640635    0.537271    72.115892   8.688873   
[36mINFO[0m 07/25 02:12:56 | 0.540909    0.481481    0.000000    0.771075    0.605678    0.657534    0.884615    0.540909    0.481481    200         21.768707   0.502085    0.632088    71.523982   8.869431   
[36mINFO[0m 07/25 02:15:11 | 0.554545    0.518519    0.000000    0.742953    0.686776    0.630137    0.855769    0.554545    0.518519    300         32.653061   0.293140    0.652019    66.689337   9.048280   
[36mINFO[0m 07/25 02:17:31 | 0.568182    0.500000    0.000000    0.725764    1.354704    0.643836    0.807692    0.568182    0.500000    400         43.537415   0.203378    0.539253    68.093857   9.225909   
Model converged at step 200, Start step = 1; Threshold = 1.147102, 
[36mINFO[0m 07/25 02:19:44 | 0.572727    0.500000    0.000000    0.737421    0.896835    0.657534    0.817308    0.572727    0.500000    500         54.421769   0.160519    0.466790    62.924461   9.571644   
[36mINFO[0m 07/25 02:22:00 | 0.559091    0.537037    0.000000    0.701133    1.249831    0.575342    0.826923    0.559091    0.537037    600         65.306122   0.141587    0.652546    62.261235   9.747198   
[36mINFO[0m 07/25 02:24:18 | 0.559091    0.500000    0.000000    0.736104    1.644317    0.616438    0.855769    0.559091    0.500000    700         76.190476   0.135918    0.630698    72.423497   9.920432   
[36mINFO[0m 07/25 02:26:38 | 0.545455    0.462963    0.000000    0.733338    1.150469    0.630137    0.836538    0.545455    0.462963    800         87.074830   0.130486    0.557304    73.106113   9.923605   
[36mINFO[0m 07/25 02:29:00 | 0.522727    0.518519    0.000000    0.689476    1.462582    0.561644    0.817308    0.522727    0.518519    900         97.959184   0.116727    0.445072    69.485231   9.923605   
[36mINFO[0m 07/25 02:31:26 | 0.531818    0.574074    0.000000    0.719639    1.382812    0.602740    0.836538    0.531818    0.574074    1000        108.843537  0.094293    0.536003    75.212281   9.923605   
[36mINFO[0m 07/25 02:33:35 | 0.522727    0.500000    0.000000    0.678411    1.908088    0.616438    0.740385    0.522727    0.500000    1100        119.727891  0.080552    0.652559    60.243896   9.923605   
Valley is dead at step 500
[36mINFO[0m 07/25 02:33:36 | SWAD valley is dead -> early stop !
[36mINFO[0m 07/25 02:33:36 | ---
[33mWARNING[0m 07/25 02:33:37 | Evaluate SWAD ...
[36mINFO[0m 07/25 02:34:44 | 0.586364    0.574074    0.000000    0.778649    0.514235    0.643836    0.913462    0.586364    0.574074    [1-500]  (N=7)
[36mINFO[0m 07/25 02:34:44 | oracle = 59.545%
[36mINFO[0m 07/25 02:34:44 | iid = 54.091%
[36mINFO[0m 07/25 02:34:44 | last = 52.273%
[36mINFO[0m 07/25 02:34:44 | last (inD) = 67.841%
[36mINFO[0m 07/25 02:34:44 | iid (inD) = 77.107%
[36mINFO[0m 07/25 02:34:44 | SWAD = 58.636%
[36mINFO[0m 07/25 02:34:44 | SWAD (inD) = 77.865%
[36mINFO[0m 07/25 02:34:45 | === Summary ===
[36mINFO[0m 07/25 02:34:45 | Command: /home/kxrgzn/lzh/GGA/train_all.py HTP_SWAD_seed2 --dataset HTP --data_dir /home/kxrgzn/lzh/GGA/dataset --algorithm ERM --steps 5000 --checkpoint_freq 100 --batch_size 32 --optimizer adam --lr 5e-5 --weight_decay 0 --resnet_dropout 0 --resnet18 False --pretrained True --freeze_bn True --swad LossValley --seed 2 --trial_seed 2 --deterministic
[36mINFO[0m 07/25 02:34:45 | Unique name: 260725_01-21-06_HTP_SWAD_seed2
[36mINFO[0m 07/25 02:34:45 | Out path: train_output/HTP/260725_01-21-06_HTP_SWAD_seed2
[36mINFO[0m 07/25 02:34:45 | Algorithm: ERM
[36mINFO[0m 07/25 02:34:45 | Dataset: HTP
+------------+---------+---------+---------+---------+
| Selection  |    00   |    01   |    02   |   Avg.  |
+------------+---------+---------+---------+---------+
|   oracle   | 51.020% | 56.325% | 59.545% | 55.630% |
|    iid     | 51.020% | 43.437% | 54.091% | 49.516% |
|    last    | 57.143% | 52.029% | 52.273% | 53.815% |
| last (inD) | 67.753% | 61.783% | 67.841% | 65.792% |
| iid (inD)  | 70.121% | 64.117% | 77.107% | 70.449% |
|    SWAD    | 52.721% | 56.325% | 58.636% | 55.894% |
| SWAD (inD) | 70.602% | 55.416% | 77.865% | 67.961% |
+------------+---------+---------+---------+---------+
================================================================================
Starting SWAD, seed=3, physical GPU=0
/home/kxrgzn/anaconda3/envs/QTKAN/bin/python /home/kxrgzn/lzh/GGA/train_all.py HTP_SWAD_seed3 --dataset HTP --data_dir /home/kxrgzn/lzh/GGA/dataset --algorithm ERM --steps 5000 --checkpoint_freq 100 --batch_size 32 --optimizer adam --lr 5e-5 --weight_decay 0 --resnet_dropout 0 --resnet18 False --pretrained True --freeze_bn True --swad LossValley --seed 3 --trial_seed 3 --deterministic
================================================================================
[36mINFO[0m 07/25 02:34:49 | Command :: /home/kxrgzn/lzh/GGA/train_all.py HTP_SWAD_seed3 --dataset HTP --data_dir /home/kxrgzn/lzh/GGA/dataset --algorithm ERM --steps 5000 --checkpoint_freq 100 --batch_size 32 --optimizer adam --lr 5e-5 --weight_decay 0 --resnet_dropout 0 --resnet18 False --pretrained True --freeze_bn True --swad LossValley --seed 3 --trial_seed 3 --deterministic
Environment:
	Python: 3.8.20
	PyTorch: 2.4.1+cu121
	Torchvision: 0.19.1+cu121
	CUDA: 12.1
	CUDNN: 90100
	NumPy: 1.24.4
	PIL: 8.1.0
Args:
	algorithm: ERM
	batch_size: 32
	checkpoint_freq: 100
	configs: []
	data_dir: /home/kxrgzn/lzh/GGA/dataset
	dataset: HTP
	debug: False
	deterministic: True
	end_step: 200
	evalmode: fast
	extra_search: n
	extra_search_end: None
	extra_search_start: None
	gga_l_gamma: 0.001
	grad_fn: sum
	holdout_fraction: 0.2
	model_save: None
	name: HTP_SWAD_seed3
	neighborhoodSize: 1e-06
	out_dir: train_output/HTP/260725_02-34-49_HTP_SWAD_seed3
	out_root: train_output/HTP
	prebuild_loader: False
	seed: 3
	show: False
	start_step: 100
	steps: 5000
	tb_freq: 10
	test_envs: None
	train_output: train_output
	trial_seed: 3
	unique_name: 260725_02-34-49_HTP_SWAD_seed3
	work_dir: .
HParams:
	data_augmentation: True
	val_augment: False
	[36mresnet18: False
	[0m[36mresnet_dropout: 0
	[0mclass_balanced: False
	[36moptimizer: adam
	[0m[36mfreeze_bn: True
	[0m[36mpretrained: True
	[0m[36mlr: 5e-05
	[0mbatch_size: 32
	[36mweight_decay: 0
	[0m[36mswad: LossValley
	[0mswad_kwargs: 
	  n_converge: 3
	  n_tolerance: 6
	  tolerance_ratio: 0.3
	test_batchsize: 128
	indomain_test: False
	grad_fn: sum
	extra_search: n
	logdir: train_output/HTP/260725_02-34-49_HTP_SWAD_seed3
	neighborhoodSize: 1e-06
	start_step: 100
	end_step: 200
	extra_search_start: None
	extra_search_end: None
	gga_l_gamma: 0.001
Dataset:
	[HTP] #envs=3, #classes=2
	env0: 00 (#367)
	env1: 01 (#523)
	env2: 02 (#274)

[36mINFO[0m 07/25 02:34:49 | n_steps = 5000
[36mINFO[0m 07/25 02:34:49 | checkpoint_freq = 100
[36mINFO[0m 07/25 02:34:49 | n_steps is updated to 5000 => 5001 for checkpointing
[36mINFO[0m 07/25 02:34:49 | Target test envs = [[0], [1], [2]]
[36mINFO[0m 07/25 02:34:49 | 
[36mINFO[0m 07/25 02:34:49 | Testenv name escaping te_00 -> te_00
[36mINFO[0m 07/25 02:34:49 | Test envs = [0], name = te_00
[36mINFO[0m 07/25 02:34:49 | Batch sizes for each domain: [0, 32, 32] (total=64)
[36mINFO[0m 07/25 02:34:49 | steps-per-epoch for each domain: 13.09, 6.88 -> min = 6.88
[36mINFO[0m 07/25 02:34:51 | # of params = 23512130
/home/kxrgzn/anaconda3/envs/QTKAN/lib/python3.8/site-packages/torchvision/models/_utils.py:208: UserWarning: The parameter 'pretrained' is deprecated since 0.13 and may be removed in the future, please use 'weights' instead.
  warnings.warn(
/home/kxrgzn/anaconda3/envs/QTKAN/lib/python3.8/site-packages/torchvision/models/_utils.py:223: UserWarning: Arguments other than a weight enum or `None` for 'weights' are deprecated since 0.13 and may be removed in the future. The current behavior is equivalent to passing `weights=ResNet50_Weights.IMAGENET1K_V1`. You can also use `weights=ResNet50_Weights.DEFAULT` to get the most up-to-date weights.
  warnings.warn(msg)
[36mINFO[0m 07/25 02:36:09 | test_in     test_out    train_in    train_out   tr_outloss  env0_in     env0_out    env1_out    env2_out    step        epoch       loss        step_time   eval_time   mem_gb     
[36mINFO[0m 07/25 02:36:09 | 0.571429    0.589041    0.000000    0.537393    0.700494    0.571429    0.589041    0.519231    0.555556    0           0.000000    0.872234    5.656577    72.854793   8.330930   
[36mINFO[0m 07/25 02:38:33 | 0.561224    0.589041    0.000000    0.737179    0.686085    0.561224    0.589041    0.807692    0.666667    100         14.545455   0.583453    0.648054    72.308912   8.691803   
[36mINFO[0m 07/25 02:40:57 | 0.534014    0.589041    0.000000    0.700499    0.605864    0.534014    0.589041    0.826923    0.574074    200         29.090909   0.433567    0.521641    70.949062   8.870774   
[36mINFO[0m 07/25 02:43:20 | 0.561224    0.643836    0.000000    0.743056    0.960236    0.561224    0.643836    0.875000    0.611111    300         43.636364   0.252938    0.527630    69.463668   9.046815   
[36mINFO[0m 07/25 02:45:43 | 0.540816    0.616438    0.000000    0.766026    1.167980    0.540816    0.616438    0.865385    0.666667    400         58.181818   0.203543    0.611405    73.272668   9.222857   
Model converged at step 200, Start step = 1; Threshold = 1.184768, 
[36mINFO[0m 07/25 02:48:07 | 0.561224    0.602740    0.000000    0.690883    1.569355    0.561224    0.602740    0.807692    0.574074    500         72.727273   0.171506    0.649941    76.033779   9.573964   
[36mINFO[0m 07/25 02:50:26 | 0.557823    0.630137    0.000000    0.704950    1.564066    0.557823    0.630137    0.817308    0.592593    600         87.272727   0.131830    0.619084    74.107633   9.745489   
[36mINFO[0m 07/25 02:52:30 | 0.551020    0.616438    0.000000    0.696047    1.077675    0.551020    0.616438    0.836538    0.555556    700         101.818182  0.122796    0.575505    52.755624   9.920676   
[36mINFO[0m 07/25 02:54:54 | 0.544218    0.616438    0.000000    0.686432    1.562927    0.544218    0.616438    0.817308    0.555556    800         116.363636  0.118510    0.515561    66.582473   9.920676   
[36mINFO[0m 07/25 02:57:17 | 0.544218    0.630137    0.000000    0.628027    2.323505    0.544218    0.630137    0.663462    0.592593    900         130.909091  0.108067    0.617466    71.109322   9.920676   
[36mINFO[0m 07/25 02:59:36 | 0.554422    0.643836    0.000000    0.676460    2.024623    0.554422    0.643836    0.778846    0.574074    1000        145.454545  0.090720    0.698475    64.626952   9.927268   
[36mINFO[0m 07/25 03:01:50 | 0.537415    0.602740    0.000000    0.691239    1.724845    0.537415    0.602740    0.826923    0.555556    1100        160.000000  0.085065    0.663815    63.761791   9.927268   
[36mINFO[0m 07/25 03:04:16 | 0.547619    0.547945    0.000000    0.728989    1.607023    0.547619    0.547945    0.865385    0.592593    1200        174.545455  0.107856    0.624382    68.782956   9.927268   
[36mINFO[0m 07/25 03:06:54 | 0.578231    0.616438    0.000000    0.690527    2.507124    0.578231    0.616438    0.788462    0.592593    1300        189.090909  0.077835    0.662242    74.295883   9.927268   
Valley is dead at step 700
[36mINFO[0m 07/25 03:06:54 | SWAD valley is dead -> early stop !
[36mINFO[0m 07/25 03:06:54 | ---
[33mWARNING[0m 07/25 03:06:54 | Evaluate SWAD ...
[36mINFO[0m 07/25 03:07:55 | 0.554422    0.630137    0.000000    0.728989    0.704822    0.554422    0.630137    0.865385    0.592593    [1-700]  (N=9)
[36mINFO[0m 07/25 03:07:55 | oracle = 56.122%
[36mINFO[0m 07/25 03:07:55 | iid = 54.082%
[36mINFO[0m 07/25 03:07:55 | last = 57.823%
[36mINFO[0m 07/25 03:07:55 | last (inD) = 69.053%
[36mINFO[0m 07/25 03:07:55 | iid (inD) = 76.603%
[36mINFO[0m 07/25 03:07:55 | SWAD = 55.442%
[36mINFO[0m 07/25 03:07:55 | SWAD (inD) = 72.899%
[36mINFO[0m 07/25 03:07:55 | 
[36mINFO[0m 07/25 03:07:55 | Testenv name escaping te_01 -> te_01
[36mINFO[0m 07/25 03:07:55 | Test envs = [1], name = te_01
[36mINFO[0m 07/25 03:07:55 | Batch sizes for each domain: [32, 0, 32] (total=64)
[36mINFO[0m 07/25 03:07:55 | steps-per-epoch for each domain: 9.19, 6.88 -> min = 6.88
[36mINFO[0m 07/25 03:07:58 | # of params = 23512130
[36mINFO[0m 07/25 03:09:42 | test_in     test_out    train_in    train_out   tr_outloss  env0_out    env1_in     env1_out    env2_out    step        epoch       loss        step_time   eval_time   mem_gb     
[36mINFO[0m 07/25 03:09:42 | 0.498807    0.480769    0.000000    0.427702    1.389985    0.410959    0.498807    0.480769    0.444444    0           0.000000    0.691690    1.775603    102.167645  8.333616   
[36mINFO[0m 07/25 03:12:19 | 0.570406    0.557692    0.000000    0.614155    0.659249    0.561644    0.570406    0.557692    0.666667    100         14.545455   0.648080    0.394040    95.056596   8.688873   
[36mINFO[0m 07/25 03:14:56 | 0.539379    0.548077    0.000000    0.641172    0.985398    0.671233    0.539379    0.548077    0.611111    200         29.090909   0.427992    0.384568    97.680353   8.869431   
[36mINFO[0m 07/25 03:17:38 | 0.596659    0.605769    0.000000    0.595637    1.460044    0.561644    0.596659    0.605769    0.629630    300         43.636364   0.231692    0.394282    100.288082  9.048280   
Model converged at step 100, Start step = -1; Threshold = 1.345366, 
[36mINFO[0m 07/25 03:20:29 | 0.587112    0.596154    0.000000    0.639143    1.633919    0.630137    0.587112    0.596154    0.648148    400         58.181818   0.158242    0.413802    104.576585  9.398410   
[36mINFO[0m 07/25 03:23:12 | 0.510740    0.471154    0.000000    0.627473    1.734469    0.643836    0.510740    0.471154    0.611111    500         72.727273   0.134815    0.401714    101.159736  9.571400   
[36mINFO[0m 07/25 03:25:48 | 0.527446    0.480769    0.000000    0.666159    1.863953    0.739726    0.527446    0.480769    0.592593    600         87.272727   0.111145    0.378691    100.117043  9.745977   
[36mINFO[0m 07/25 03:28:07 | 0.544153    0.567308    0.000000    0.648021    1.894829    0.684932    0.544153    0.567308    0.611111    700         101.818182  0.103622    0.368512    86.645230   9.918234   
[36mINFO[0m 07/25 03:30:45 | 0.536993    0.548077    0.000000    0.687088    1.830780    0.726027    0.536993    0.548077    0.648148    800         116.363636  0.080504    0.363401    105.730994  9.918234   
Valley is dead at step 200
[36mINFO[0m 07/25 03:30:46 | SWAD valley is dead -> early stop !
[36mINFO[0m 07/25 03:30:46 | ---
[33mWARNING[0m 07/25 03:30:47 | Evaluate SWAD ...
[36mINFO[0m 07/25 03:32:13 | 0.634845    0.644231    0.000000    0.657661    0.635675    0.630137    0.634845    0.644231    0.685185    [1-200]  (N=2)
[36mINFO[0m 07/25 03:32:13 | oracle = 59.666%
[36mINFO[0m 07/25 03:32:13 | iid = 53.699%
[36mINFO[0m 07/25 03:32:13 | last = 53.699%
[36mINFO[0m 07/25 03:32:13 | last (inD) = 68.709%
[36mINFO[0m 07/25 03:32:13 | iid (inD) = 68.709%
[36mINFO[0m 07/25 03:32:13 | SWAD = 63.484%
[36mINFO[0m 07/25 03:32:13 | SWAD (inD) = 65.766%
[36mINFO[0m 07/25 03:32:13 | 
[36mINFO[0m 07/25 03:32:14 | Testenv name escaping te_02 -> te_02
[36mINFO[0m 07/25 03:32:14 | Test envs = [2], name = te_02
[36mINFO[0m 07/25 03:32:14 | Batch sizes for each domain: [32, 32, 0] (total=64)
[36mINFO[0m 07/25 03:32:14 | steps-per-epoch for each domain: 9.19, 13.09 -> min = 9.19
[36mINFO[0m 07/25 03:32:16 | # of params = 23512130
[36mINFO[0m 07/25 03:33:36 | test_in     test_out    train_in    train_out   tr_outloss  env0_out    env1_out    env2_in     env2_out    step        epoch       loss        step_time   eval_time   mem_gb     
[36mINFO[0m 07/25 03:33:36 | 0.577273    0.555556    0.000000    0.554136    0.863683    0.589041    0.519231    0.577273    0.555556    0           0.000000    0.683514    4.048994    76.353596   8.333616   
[36mINFO[0m 07/25 03:36:07 | 0.595455    0.555556    0.000000    0.668796    0.613927    0.616438    0.721154    0.595455    0.555556    100         10.884354   0.610224    0.665840    81.056471   8.688873   
[36mINFO[0m 07/25 03:38:39 | 0.568182    0.537037    0.000000    0.766267    0.622935    0.657534    0.875000    0.568182    0.537037    200         21.768707   0.464320    0.628712    83.903691   8.869431   
[36mINFO[0m 07/25 03:41:00 | 0.586364    0.592593    0.000000    0.729847    0.873051    0.671233    0.788462    0.586364    0.592593    300         32.653061   0.302625    0.649435    72.318033   9.048280   
Model converged at step 100, Start step = 1; Threshold = 0.914295, 
[36mINFO[0m 07/25 03:43:33 | 0.595455    0.574074    0.000000    0.718915    0.909127    0.630137    0.807692    0.595455    0.574074    400         43.537415   0.229229    0.663068    76.810881   9.398410   
[36mINFO[0m 07/25 03:45:58 | 0.554545    0.518519    0.000000    0.685985    1.293606    0.602740    0.769231    0.554545    0.518519    500         54.421769   0.161356    0.608885    77.214818   9.571400   
[36mINFO[0m 07/25 03:48:13 | 0.527273    0.574074    0.000000    0.648973    1.340090    0.547945    0.750000    0.527273    0.574074    600         65.306122   0.153281    0.621604    61.198842   9.745977   
[36mINFO[0m 07/25 03:50:35 | 0.513636    0.555556    0.000000    0.703174    1.157313    0.589041    0.817308    0.513636    0.555556    700         76.190476   0.133676    0.586956    63.036388   9.918234   
[36mINFO[0m 07/25 03:53:01 | 0.527273    0.574074    0.000000    0.683944    1.328977    0.589041    0.778846    0.527273    0.574074    800         87.074830   0.101021    0.593666    63.322366   9.918234   
[36mINFO[0m 07/25 03:55:27 | 0.540909    0.555556    0.000000    0.754478    1.018131    0.739726    0.769231    0.540909    0.555556    900         97.959184   0.093281    0.569897    63.769628   9.918234   
[36mINFO[0m 07/25 03:57:55 | 0.509091    0.611111    0.000000    0.679729    1.816748    0.657534    0.701923    0.509091    0.611111    1000        108.843537  0.086364    0.544817    65.205313   9.918234   
Valley is dead at step 400
[36mINFO[0m 07/25 03:57:56 | SWAD valley is dead -> early stop !
[36mINFO[0m 07/25 03:57:56 | ---
[33mWARNING[0m 07/25 03:57:56 | Evaluate SWAD ...
[36mINFO[0m 07/25 03:59:13 | 0.600000    0.574074    0.000000    0.757376    0.488739    0.630137    0.884615    0.600000    0.574074    [1-400]  (N=7)
[36mINFO[0m 07/25 03:59:13 | oracle = 50.909%
[36mINFO[0m 07/25 03:59:13 | iid = 56.818%
[36mINFO[0m 07/25 03:59:13 | last = 50.909%
[36mINFO[0m 07/25 03:59:13 | last (inD) = 67.973%
[36mINFO[0m 07/25 03:59:13 | iid (inD) = 76.627%
[36mINFO[0m 07/25 03:59:13 | SWAD = 60.000%
[36mINFO[0m 07/25 03:59:13 | SWAD (inD) = 75.738%
[36mINFO[0m 07/25 03:59:14 | === Summary ===
[36mINFO[0m 07/25 03:59:14 | Command: /home/kxrgzn/lzh/GGA/train_all.py HTP_SWAD_seed3 --dataset HTP --data_dir /home/kxrgzn/lzh/GGA/dataset --algorithm ERM --steps 5000 --checkpoint_freq 100 --batch_size 32 --optimizer adam --lr 5e-5 --weight_decay 0 --resnet_dropout 0 --resnet18 False --pretrained True --freeze_bn True --swad LossValley --seed 3 --trial_seed 3 --deterministic
[36mINFO[0m 07/25 03:59:14 | Unique name: 260725_02-34-49_HTP_SWAD_seed3
[36mINFO[0m 07/25 03:59:14 | Out path: train_output/HTP/260725_02-34-49_HTP_SWAD_seed3
[36mINFO[0m 07/25 03:59:14 | Algorithm: ERM
[36mINFO[0m 07/25 03:59:14 | Dataset: HTP
+------------+---------+---------+---------+---------+
| Selection  |    00   |    01   |    02   |   Avg.  |
+------------+---------+---------+---------+---------+
|   oracle   | 56.122% | 59.666% | 50.909% | 55.566% |
|    iid     | 54.082% | 53.699% | 56.818% | 54.866% |
|    last    | 57.823% | 53.699% | 50.909% | 54.144% |
| last (inD) | 69.053% | 68.709% | 67.973% | 68.578% |
| iid (inD)  | 76.603% | 68.709% | 76.627% | 73.979% |
|    SWAD    | 55.442% | 63.484% | 60.000% | 59.642% |
| SWAD (inD) | 72.899% | 65.766% | 75.738% | 71.468% |
+------------+---------+---------+---------+---------+
================================================================================
Starting SWAD, seed=4, physical GPU=0
/home/kxrgzn/anaconda3/envs/QTKAN/bin/python /home/kxrgzn/lzh/GGA/train_all.py HTP_SWAD_seed4 --dataset HTP --data_dir /home/kxrgzn/lzh/GGA/dataset --algorithm ERM --steps 5000 --checkpoint_freq 100 --batch_size 32 --optimizer adam --lr 5e-5 --weight_decay 0 --resnet_dropout 0 --resnet18 False --pretrained True --freeze_bn True --swad LossValley --seed 4 --trial_seed 4 --deterministic
================================================================================
[36mINFO[0m 07/25 03:59:19 | Command :: /home/kxrgzn/lzh/GGA/train_all.py HTP_SWAD_seed4 --dataset HTP --data_dir /home/kxrgzn/lzh/GGA/dataset --algorithm ERM --steps 5000 --checkpoint_freq 100 --batch_size 32 --optimizer adam --lr 5e-5 --weight_decay 0 --resnet_dropout 0 --resnet18 False --pretrained True --freeze_bn True --swad LossValley --seed 4 --trial_seed 4 --deterministic
Environment:
	Python: 3.8.20
	PyTorch: 2.4.1+cu121
	Torchvision: 0.19.1+cu121
	CUDA: 12.1
	CUDNN: 90100
	NumPy: 1.24.4
	PIL: 8.1.0
Args:
	algorithm: ERM
	batch_size: 32
	checkpoint_freq: 100
	configs: []
	data_dir: /home/kxrgzn/lzh/GGA/dataset
	dataset: HTP
	debug: False
	deterministic: True
	end_step: 200
	evalmode: fast
	extra_search: n
	extra_search_end: None
	extra_search_start: None
	gga_l_gamma: 0.001
	grad_fn: sum
	holdout_fraction: 0.2
	model_save: None
	name: HTP_SWAD_seed4
	neighborhoodSize: 1e-06
	out_dir: train_output/HTP/260725_03-59-19_HTP_SWAD_seed4
	out_root: train_output/HTP
	prebuild_loader: False
	seed: 4
	show: False
	start_step: 100
	steps: 5000
	tb_freq: 10
	test_envs: None
	train_output: train_output
	trial_seed: 4
	unique_name: 260725_03-59-19_HTP_SWAD_seed4
	work_dir: .
HParams:
	data_augmentation: True
	val_augment: False
	[36mresnet18: False
	[0m[36mresnet_dropout: 0
	[0mclass_balanced: False
	[36moptimizer: adam
	[0m[36mfreeze_bn: True
	[0m[36mpretrained: True
	[0m[36mlr: 5e-05
	[0mbatch_size: 32
	[36mweight_decay: 0
	[0m[36mswad: LossValley
	[0mswad_kwargs: 
	  n_converge: 3
	  n_tolerance: 6
	  tolerance_ratio: 0.3
	test_batchsize: 128
	indomain_test: False
	grad_fn: sum
	extra_search: n
	logdir: train_output/HTP/260725_03-59-19_HTP_SWAD_seed4
	neighborhoodSize: 1e-06
	start_step: 100
	end_step: 200
	extra_search_start: None
	extra_search_end: None
	gga_l_gamma: 0.001
Dataset:
	[HTP] #envs=3, #classes=2
	env0: 00 (#367)
	env1: 01 (#523)
	env2: 02 (#274)

[36mINFO[0m 07/25 03:59:19 | n_steps = 5000
[36mINFO[0m 07/25 03:59:19 | checkpoint_freq = 100
[36mINFO[0m 07/25 03:59:19 | n_steps is updated to 5000 => 5001 for checkpointing
[36mINFO[0m 07/25 03:59:19 | Target test envs = [[0], [1], [2]]
[36mINFO[0m 07/25 03:59:19 | 
[36mINFO[0m 07/25 03:59:19 | Testenv name escaping te_00 -> te_00
[36mINFO[0m 07/25 03:59:19 | Test envs = [0], name = te_00
[36mINFO[0m 07/25 03:59:19 | Batch sizes for each domain: [0, 32, 32] (total=64)
[36mINFO[0m 07/25 03:59:19 | steps-per-epoch for each domain: 13.09, 6.88 -> min = 6.88
[36mINFO[0m 07/25 03:59:21 | # of params = 23512130
/home/kxrgzn/anaconda3/envs/QTKAN/lib/python3.8/site-packages/torchvision/models/_utils.py:208: UserWarning: The parameter 'pretrained' is deprecated since 0.13 and may be removed in the future, please use 'weights' instead.
  warnings.warn(
/home/kxrgzn/anaconda3/envs/QTKAN/lib/python3.8/site-packages/torchvision/models/_utils.py:223: UserWarning: Arguments other than a weight enum or `None` for 'weights' are deprecated since 0.13 and may be removed in the future. The current behavior is equivalent to passing `weights=ResNet50_Weights.IMAGENET1K_V1`. You can also use `weights=ResNet50_Weights.DEFAULT` to get the most up-to-date weights.
  warnings.warn(msg)
[36mINFO[0m 07/25 04:00:29 | test_in     test_out    train_in    train_out   tr_outloss  env0_in     env0_out    env1_out    env2_out    step        epoch       loss        step_time   eval_time   mem_gb     
[36mINFO[0m 07/25 04:00:29 | 0.431973    0.424658    0.000000    0.459580    0.716332    0.431973    0.424658    0.567308    0.351852    0           0.000000    0.711296    5.108232    62.505023   8.330930   
[36mINFO[0m 07/25 04:03:05 | 0.547619    0.520548    0.000000    0.700855    0.637147    0.547619    0.520548    0.846154    0.555556    100         14.545455   0.522325    0.628410    68.267590   8.691803   
[36mINFO[0m 07/25 04:05:38 | 0.547619    0.520548    0.000000    0.742343    0.937952    0.547619    0.520548    0.836538    0.648148    200         29.090909   0.299572    0.586452    68.390856   8.870774   
[36mINFO[0m 07/25 04:08:12 | 0.554422    0.493151    0.000000    0.704594    1.217750    0.554422    0.493151    0.798077    0.611111    300         43.636364   0.200443    0.552062    70.601825   9.046815   
Model converged at step 100, Start step = -1; Threshold = 1.210235, 
[36mINFO[0m 07/25 04:10:47 | 0.564626    0.452055    0.000000    0.714922    1.175073    0.564626    0.452055    0.855769    0.574074    400         58.181818   0.152373    0.560141    70.861125   9.394626   
[36mINFO[0m 07/25 04:13:22 | 0.564626    0.438356    0.000000    0.720442    1.622556    0.564626    0.438356    0.903846    0.537037    500         72.727273   0.138910    0.557655    70.636040   9.573475   
[36mINFO[0m 07/25 04:15:57 | 0.568027    0.534247    0.000000    0.715278    1.465291    0.568027    0.534247    0.875000    0.555556    600         87.272727   0.155381    0.558957    72.650684   9.747198   
[36mINFO[0m 07/25 04:18:33 | 0.568027    0.465753    0.000000    0.720085    1.680278    0.568027    0.465753    0.884615    0.555556    700         101.818182  0.111953    0.596977    70.756545   9.920310   
[36mINFO[0m 07/25 04:21:05 | 0.554422    0.520548    0.000000    0.718305    1.650532    0.554422    0.520548    0.788462    0.648148    800         116.363636  0.101231    0.609671    71.709627   9.920310   
[36mINFO[0m 07/25 04:23:34 | 0.561224    0.506849    0.000000    0.719017    1.818573    0.561224    0.506849    0.826923    0.611111    900         130.909091  0.100192    0.630704    66.383318   9.920310   
[36mINFO[0m 07/25 04:26:03 | 0.561224    0.479452    0.000000    0.766026    1.163721    0.561224    0.479452    0.865385    0.666667    1000        145.454545  0.088437    0.650462    66.221783   9.920310   
[36mINFO[0m 07/25 04:28:33 | 0.568027    0.506849    0.000000    0.701211    1.612732    0.568027    0.506849    0.865385    0.537037    1100        160.000000  0.083632    0.581736    67.122004   9.922385   
[36mINFO[0m 07/25 04:31:06 | 0.588435    0.424658    0.000000    0.757123    1.507640    0.588435    0.424658    0.884615    0.629630    1200        174.545455  0.075209    0.542573    70.839852   9.923361   
[36mINFO[0m 07/25 04:33:30 | 0.568027    0.479452    0.000000    0.719729    1.447402    0.568027    0.479452    0.865385    0.574074    1300        189.090909  0.091868    0.552239    60.331352   9.926169   
[36mINFO[0m 07/25 04:36:04 | 0.564626    0.479452    0.000000    0.709402    1.339322    0.564626    0.479452    0.807692    0.611111    1400        203.636364  0.071621    0.553445    75.231538   9.926169   
[36mINFO[0m 07/25 04:38:38 | 0.568027    0.520548    0.000000    0.733084    1.376697    0.568027    0.520548    0.836538    0.629630    1500        218.181818  0.072705    0.629823    73.916513   9.928977   
[36mINFO[0m 07/25 04:41:22 | 0.554422    0.465753    0.000000    0.753027    1.266048    0.554422    0.465753    0.913462    0.592593    1600        232.727273  0.078227    0.648562    78.731871   9.928977   
Valley is dead at step 1000
[36mINFO[0m 07/25 04:41:22 | SWAD valley is dead -> early stop !
[36mINFO[0m 07/25 04:41:22 | ---
[33mWARNING[0m 07/25 04:41:22 | Evaluate SWAD ...
[36mINFO[0m 07/25 04:42:33 | 0.568027    0.534247    0.000000    0.733796    0.994440    0.568027    0.534247    0.875000    0.592593    [1-1000]  (N=10)
[36mINFO[0m 07/25 04:42:33 | oracle = 56.803%
[36mINFO[0m 07/25 04:42:33 | iid = 56.122%
[36mINFO[0m 07/25 04:42:33 | last = 55.442%
[36mINFO[0m 07/25 04:42:33 | last (inD) = 75.303%
[36mINFO[0m 07/25 04:42:33 | iid (inD) = 76.603%
[36mINFO[0m 07/25 04:42:33 | SWAD = 56.803%
[36mINFO[0m 07/25 04:42:33 | SWAD (inD) = 73.380%
[36mINFO[0m 07/25 04:42:33 | 
[36mINFO[0m 07/25 04:42:33 | Testenv name escaping te_01 -> te_01
[36mINFO[0m 07/25 04:42:33 | Test envs = [1], name = te_01
[36mINFO[0m 07/25 04:42:33 | Batch sizes for each domain: [32, 0, 32] (total=64)
[36mINFO[0m 07/25 04:42:33 | steps-per-epoch for each domain: 9.19, 6.88 -> min = 6.88
[36mINFO[0m 07/25 04:42:37 | # of params = 23512130
[36mINFO[0m 07/25 04:44:21 | test_in     test_out    train_in    train_out   tr_outloss  env0_out    env1_in     env1_out    env2_out    step        epoch       loss        step_time   eval_time   mem_gb     
[36mINFO[0m 07/25 04:44:21 | 0.503580    0.509615    0.000000    0.625444    0.670140    0.602740    0.503580    0.509615    0.648148    0           0.000000    0.784448    1.616942    102.375976  8.333616   
[36mINFO[0m 07/25 04:47:09 | 0.642005    0.557692    0.000000    0.492136    0.747439    0.465753    0.642005    0.557692    0.518519    100         14.545455   0.662151    0.438175    96.572062   8.688873   
[36mINFO[0m 07/25 04:49:53 | 0.615752    0.586538    0.000000    0.614155    0.982257    0.561644    0.615752    0.586538    0.666667    200         29.090909   0.481052    0.409058    99.467168   8.869431   
Model converged at step 0, Start step = 1; Threshold = 1.039929, 
[36mINFO[0m 07/25 04:52:31 | 0.565632    0.432692    0.000000    0.570269    1.537870    0.547945    0.565632    0.432692    0.592593    300         43.636364   0.248466    0.364954    100.453690  9.048280   
[36mINFO[0m 07/25 04:55:09 | 0.568019    0.557692    0.000000    0.634323    1.041354    0.657534    0.568019    0.557692    0.611111    400         58.181818   0.194720    0.368476    100.805282  9.225909   
[36mINFO[0m 07/25 04:57:37 | 0.563246    0.490385    0.000000    0.602106    1.684862    0.630137    0.563246    0.490385    0.574074    500         72.727273   0.138614    0.347293    95.002698   9.397800   
[36mINFO[0m 07/25 05:00:21 | 0.606205    0.596154    0.000000    0.597666    1.649884    0.602740    0.606205    0.596154    0.592593    600         87.272727   0.107728    0.366523    107.014415  9.571766   
[36mINFO[0m 07/25 05:02:59 | 0.560859    0.509615    0.000000    0.613775    2.324280    0.616438    0.560859    0.509615    0.611111    700         101.818182  0.093914    0.363530    105.223890  9.744390   
[36mINFO[0m 07/25 05:05:34 | 0.601432    0.567308    0.000000    0.618214    2.064612    0.643836    0.601432    0.567308    0.592593    800         116.363636  0.088531    0.367135    100.037425  9.746587   
Valley is dead at step 200
[36mINFO[0m 07/25 05:05:34 | SWAD valley is dead -> early stop !
[36mINFO[0m 07/25 05:05:34 | ---
[33mWARNING[0m 07/25 05:05:35 | Evaluate SWAD ...
[36mINFO[0m 07/25 05:07:21 | 0.761337    0.788462    0.000000    0.572679    0.670203    0.534247    0.761337    0.788462    0.611111    [1-200]  (N=7)
[36mINFO[0m 07/25 05:07:21 | oracle = 60.621%
[36mINFO[0m 07/25 05:07:21 | iid = 56.802%
[36mINFO[0m 07/25 05:07:21 | last = 60.143%
[36mINFO[0m 07/25 05:07:21 | last (inD) = 61.821%
[36mINFO[0m 07/25 05:07:21 | iid (inD) = 63.432%
[36mINFO[0m 07/25 05:07:21 | SWAD = 76.134%
[36mINFO[0m 07/25 05:07:21 | SWAD (inD) = 57.268%
[36mINFO[0m 07/25 05:07:21 | 
[36mINFO[0m 07/25 05:07:21 | Testenv name escaping te_02 -> te_02
[36mINFO[0m 07/25 05:07:21 | Test envs = [2], name = te_02
[36mINFO[0m 07/25 05:07:21 | Batch sizes for each domain: [32, 32, 0] (total=64)
[36mINFO[0m 07/25 05:07:21 | steps-per-epoch for each domain: 9.19, 13.09 -> min = 9.19
[36mINFO[0m 07/25 05:07:24 | # of params = 23512130
[36mINFO[0m 07/25 05:08:44 | test_in     test_out    train_in    train_out   tr_outloss  env0_out    env1_out    env2_in     env2_out    step        epoch       loss        step_time   eval_time   mem_gb     
[36mINFO[0m 07/25 05:08:44 | 0.445455    0.351852    0.000000    0.453438    0.791773    0.397260    0.509615    0.445455    0.351852    0           0.000000    0.676687    4.556587    76.006773   8.333616   
[36mINFO[0m 07/25 05:11:08 | 0.604545    0.555556    0.000000    0.741636    0.584418    0.589041    0.894231    0.604545    0.555556    100         10.884354   0.546464    0.661551    74.423810   8.688873   
[36mINFO[0m 07/25 05:13:37 | 0.536364    0.537037    0.000000    0.736104    0.677705    0.616438    0.855769    0.536364    0.537037    200         21.768707   0.375084    0.504157    73.514501   8.869431   
[36mINFO[0m 07/25 05:16:11 | 0.559091    0.444444    0.000000    0.721681    0.759653    0.616438    0.826923    0.559091    0.444444    300         32.653061   0.272711    0.535470    74.501047   9.048280   
Model converged at step 100, Start step = 1; Threshold = 0.876103, 
[36mINFO[0m 07/25 05:18:31 | 0.504545    0.407407    0.000000    0.762908    0.653278    0.602740    0.923077    0.504545    0.407407    400         43.537415   0.191413    0.517618    62.951483   9.398410   
[36mINFO[0m 07/25 05:21:07 | 0.509091    0.444444    0.000000    0.733338    0.816588    0.630137    0.836538    0.509091    0.444444    500         54.421769   0.159373    0.565173    80.213199   9.571400   
[36mINFO[0m 07/25 05:23:29 | 0.609091    0.537037    0.000000    0.717597    1.154896    0.589041    0.846154    0.609091    0.537037    600         65.306122   0.121532    0.541243    67.975412   9.745977   
[36mINFO[0m 07/25 05:26:07 | 0.568182    0.500000    0.000000    0.757376    0.881615    0.630137    0.884615    0.568182    0.500000    700         76.190476   0.113620    0.579201    83.638638   9.918234   
[36mINFO[0m 07/25 05:28:41 | 0.554545    0.462963    0.000000    0.762908    1.074041    0.602740    0.923077    0.554545    0.462963    800         87.074830   0.116454    0.543272    79.822801   9.918234   
[36mINFO[0m 07/25 05:31:18 | 0.581818    0.574074    0.000000    0.716149    1.355833    0.643836    0.788462    0.581818    0.574074    900         97.959184   0.103131    0.547842    83.794594   9.918234   
[36mINFO[0m 07/25 05:33:48 | 0.559091    0.500000    0.000000    0.739463    1.249903    0.671233    0.807692    0.559091    0.500000    1000        108.843537  0.079039    0.524543    80.320766   9.918234   
[36mINFO[0m 07/25 05:36:15 | 0.540909    0.500000    0.000000    0.795113    1.165754    0.657534    0.932692    0.540909    0.500000    1100        119.727891  0.079483    0.533264    76.393299   9.920065   
Valley is dead at step 500
[36mINFO[0m 07/25 05:36:15 | SWAD valley is dead -> early stop !
[36mINFO[0m 07/25 05:36:15 | ---
[33mWARNING[0m 07/25 05:36:16 | Evaluate SWAD ...
[36mINFO[0m 07/25 05:37:27 | 0.568182    0.481481    0.000000    0.756059    0.512607    0.589041    0.923077    0.568182    0.481481    [1-500]  (N=8)
[36mINFO[0m 07/25 05:37:27 | oracle = 58.182%
[36mINFO[0m 07/25 05:37:27 | iid = 54.091%
[36mINFO[0m 07/25 05:37:27 | last = 54.091%
[36mINFO[0m 07/25 05:37:27 | last (inD) = 79.511%
[36mINFO[0m 07/25 05:37:27 | iid (inD) = 79.511%
[36mINFO[0m 07/25 05:37:27 | SWAD = 56.818%
[36mINFO[0m 07/25 05:37:27 | SWAD (inD) = 75.606%
[36mINFO[0m 07/25 05:37:28 | === Summary ===
[36mINFO[0m 07/25 05:37:28 | Command: /home/kxrgzn/lzh/GGA/train_all.py HTP_SWAD_seed4 --dataset HTP --data_dir /home/kxrgzn/lzh/GGA/dataset --algorithm ERM --steps 5000 --checkpoint_freq 100 --batch_size 32 --optimizer adam --lr 5e-5 --weight_decay 0 --resnet_dropout 0 --resnet18 False --pretrained True --freeze_bn True --swad LossValley --seed 4 --trial_seed 4 --deterministic
[36mINFO[0m 07/25 05:37:28 | Unique name: 260725_03-59-19_HTP_SWAD_seed4
[36mINFO[0m 07/25 05:37:28 | Out path: train_output/HTP/260725_03-59-19_HTP_SWAD_seed4
[36mINFO[0m 07/25 05:37:28 | Algorithm: ERM
[36mINFO[0m 07/25 05:37:28 | Dataset: HTP
+------------+---------+---------+---------+---------+
| Selection  |    00   |    01   |    02   |   Avg.  |
+------------+---------+---------+---------+---------+
|   oracle   | 56.803% | 60.621% | 58.182% | 58.535% |
|    iid     | 56.122% | 56.802% | 54.091% | 55.672% |
|    last    | 55.442% | 60.143% | 54.091% | 56.559% |
| last (inD) | 75.303% | 61.821% | 79.511% | 72.212% |
| iid (inD)  | 76.603% | 63.432% | 79.511% | 73.182% |
|    SWAD    | 56.803% | 76.134% | 56.818% | 63.252% |
| SWAD (inD) | 73.380% | 57.268% | 75.606% | 68.751% |
+------------+---------+---------+---------+---------+
