Algorithm: GGA
Physical GPU: 3
Seeds: [0, 1, 2, 3, 4]
Dataset: /home/s21_yhr/lzh/new/DomainBed-new/dataset/PACS

================================================================================
Starting GGA, seed=0, physical GPU=3
/home/s21_yhr/miniconda3/envs/lzh_DG/bin/python /home/s21_yhr/lzh/new/DomainBed-new/train_all.py PACS_GGA_seed0 --dataset PACS --data_dir /home/s21_yhr/lzh/new/DomainBed-new/dataset --algorithm ERM_GGA --steps 5000 --checkpoint_freq 200 --batch_size 32 --optimizer adam --lr 5e-5 --weight_decay 0 --resnet_dropout 0 --resnet18 False --pretrained True --freeze_bn True --swad False --seed 0 --trial_seed 0 --deterministic --cache disk --prebuild_loader --image_size 224 --start_step 100 --end_step 200 --neighborhoodSize 1e-5
================================================================================
/home/s21_yhr/miniconda3/envs/lzh_DG/lib/python3.9/site-packages/munch/__init__.py:24: UserWarning: pkg_resources is deprecated as an API. See https://setuptools.pypa.io/en/latest/pkg_resources.html. The pkg_resources package is slated for removal as early as 2025-11-30. Refrain from using this package or pin to Setuptools<81.
  import pkg_resources
[36mINFO[0m 08/12 20:45:52 | Command :: /home/s21_yhr/lzh/new/DomainBed-new/train_all.py PACS_GGA_seed0 --dataset PACS --data_dir /home/s21_yhr/lzh/new/DomainBed-new/dataset --algorithm ERM_GGA --steps 5000 --checkpoint_freq 200 --batch_size 32 --optimizer adam --lr 5e-5 --weight_decay 0 --resnet_dropout 0 --resnet18 False --pretrained True --freeze_bn True --swad False --seed 0 --trial_seed 0 --deterministic --cache disk --prebuild_loader --image_size 224 --start_step 100 --end_step 200 --neighborhoodSize 1e-5
Environment:
	Python: 3.9.25
	PyTorch: 2.7.0+cu128
	Torchvision: 0.22.0+cu128
	CUDA: 12.8
	CUDNN: 90701
	NumPy: 1.23.5
	PIL: 8.1.0
Args:
	algorithm: ERM_GGA
	batch_size: 32
	cache: disk
	cache_root: cache
	cache_size: None
	checkpoint_freq: 200
	configs: []
	data_dir: /home/s21_yhr/lzh/new/DomainBed-new/dataset
	dataset: PACS
	debug: False
	deterministic: True
	end_step: 200
	evalmode: fast
	extra_search: n
	extra_search_end: None
	extra_search_start: None
	gga_l_gamma: 0.001
	grad_fn: sum
	holdout_fraction: 0.2
	model_save: None
	name: PACS_GGA_seed0
	neighborhoodSize: 1e-05
	out_dir: train_output/PACS/260812_20-45-48_PACS_GGA_seed0
	out_root: train_output/PACS
	prebuild_loader: True
	q_steps: 2000
	quant: 0
	resize_mode: stretch
	saliency: False
	saliency_cmap: jet
	saliency_every: 0
	saliency_noise: 0.15
	saliency_num: 16
	saliency_samples: 25
	saliency_split: test_in
	seed: 0
	show: False
	start_step: 100
	steps: 5000
	tb_freq: 10
	test_envs: None
	train_output: train_output
	trial_seed: 0
	unique_name: 260812_20-45-48_PACS_GGA_seed0
	work_dir: .
HParams:
	data_augmentation: True
	val_augment: False
	[36mresnet18: False
	[0m[36mresnet_dropout: 0
	[0mclass_balanced: False
	[36moptimizer: adam
	[0m[36mfreeze_bn: True
	[0m[36mpretrained: True
	[0m[36mimage_size: 224
	[0m[36mlr: 5e-05
	[0mbatch_size: 32
	[36mweight_decay: 0
	[0m[36mswad: False
	[0mswad_kwargs: 
	  n_converge: 3
	  n_tolerance: 6
	  tolerance_ratio: 0.3
	test_batchsize: 128
	indomain_test: False
	grad_fn: sum
	extra_search: n
	logdir: train_output/PACS/260812_20-45-48_PACS_GGA_seed0
	neighborhoodSize: 1e-05
	start_step: 100
	end_step: 200
	extra_search_start: None
	extra_search_end: None
	gga_l_gamma: 0.001
Dataset:
	[PACS] #envs=4, #classes=7
	env0: art_painting (#2048)
	env1: cartoon (#2344)
	env2: photo (#1670)
	env3: sketch (#3929)

[36mINFO[0m 08/12 20:45:57 | n_steps = 5000
[36mINFO[0m 08/12 20:45:57 | checkpoint_freq = 200
[36mINFO[0m 08/12 20:45:57 | n_steps is updated to 5000 => 5001 for checkpointing
[36mINFO[0m 08/12 20:45:57 | Target test envs = [[0], [1], [2], [3]]
[36mINFO[0m 08/12 20:45:57 | 
[36mINFO[0m 08/12 20:45:58 | Testenv name escaping te_art_painting -> te_art_painting
[36mINFO[0m 08/12 20:45:58 | Test envs = [0], name = te_art_painting
[36mINFO[0m 08/12 20:45:58 | Batch sizes for each domain: [0, 32, 32, 32] (total=96)
[36mINFO[0m 08/12 20:45:58 | steps-per-epoch for each domain: 58.62, 41.75, 98.25 -> min = 41.75
/home/s21_yhr/miniconda3/envs/lzh_DG/lib/python3.9/site-packages/torchvision/models/_utils.py:208: UserWarning: The parameter 'pretrained' is deprecated since 0.13 and may be removed in the future, please use 'weights' instead.
  warnings.warn(
/home/s21_yhr/miniconda3/envs/lzh_DG/lib/python3.9/site-packages/torchvision/models/_utils.py:223: UserWarning: Arguments other than a weight enum or `None` for 'weights' are deprecated since 0.13 and may be removed in the future. The current behavior is equivalent to passing `weights=ResNet50_Weights.IMAGENET1K_V1`. You can also use `weights=ResNet50_Weights.DEFAULT` to get the most up-to-date weights.
  warnings.warn(msg)
[36mINFO[0m 08/12 20:46:01 | # of params = 23522375
[36mINFO[0m 08/12 20:47:21 | test_in     test_out    train_in    train_out   test_in_au  test_out_a  train_out_  tr_outloss  env0_in     env0_in_au  env0_out    env0_out_a  env1_out    env1_out_a  env2_out    env2_out_a  env3_out    env3_out_a  step        epoch       loss        step_time   eval_time   mem_gb     
[36mINFO[0m 08/12 20:47:21 | 0.286150    0.320293    0.000000    0.345703    nan         nan         nan         1.795350    0.286150    nan         0.320293    nan         0.322650    nan         0.502994    nan         0.211465    nan         0           0.000000    1.905446    24.159825   51.565782   7.935572   
[36mINFO[0m 08/12 22:18:19 | 0.791336    0.775061    0.000000    0.938069    nan         nan         nan         0.185585    0.791336    nan         0.775061    nan         0.938034    nan         0.964072    nan         0.912102    nan         200         4.790419    0.261758    27.189330   19.934023   8.581998   
[36mINFO[0m 08/12 22:19:29 | 0.809640    0.860636    0.000000    0.958234    nan         nan         nan         0.147328    0.809640    nan         0.860636    nan         0.948718    nan         0.982036    nan         0.943949    nan         400         9.580838    0.088241    0.289042    12.008025   8.581998   
[36mINFO[0m 08/12 22:20:21 | 0.774253    0.770171    0.000000    0.951954    nan         nan         nan         0.164943    0.774253    nan         0.770171    nan         0.961538    nan         0.949102    nan         0.945223    nan         600         14.371257   0.053601    0.234127    4.936693    8.581998   
[36mINFO[0m 08/12 22:21:16 | 0.859060    0.877751    0.000000    0.960657    nan         nan         nan         0.121640    0.859060    nan         0.877751    nan         0.952991    nan         0.985030    nan         0.943949    nan         800         19.161677   0.041223    0.250652    4.794039    8.581998   
[36mINFO[0m 08/12 22:22:09 | 0.832215    0.836186    0.000000    0.967318    nan         nan         nan         0.125588    0.832215    nan         0.836186    nan         0.963675    nan         0.979042    nan         0.959236    nan         1000        23.952096   0.033091    0.245376    4.079376    8.581998   
[36mINFO[0m 08/12 22:22:56 | 0.800488    0.811736    0.000000    0.953665    nan         nan         nan         0.173510    0.800488    nan         0.811736    nan         0.940171    nan         0.973054    nan         0.947771    nan         1200        28.742515   0.033502    0.217917    3.507710    8.581998   
[36mINFO[0m 08/12 22:23:46 | 0.852349    0.838631    0.000000    0.959206    nan         nan         nan         0.168517    0.852349    nan         0.838631    nan         0.963675    nan         0.961078    nan         0.952866    nan         1400        33.532934   0.023731    0.228243    3.944982    8.581998   
[36mINFO[0m 08/12 22:24:38 | 0.825503    0.838631    0.000000    0.966173    nan         nan         nan         0.134088    0.825503    nan         0.838631    nan         0.967949    nan         0.970060    nan         0.960510    nan         1600        38.323353   0.022038    0.238650    4.763000    8.581998   
[36mINFO[0m 08/12 22:25:44 | 0.790116    0.804401    0.000000    0.966895    nan         nan         nan         0.119224    0.790116    nan         0.804401    nan         0.967949    nan         0.976048    nan         0.956688    nan         1800        43.113772   0.024390    0.228356    19.904478   8.581998   
[36mINFO[0m 08/12 22:26:42 | 0.837096    0.831296    0.000000    0.959915    nan         nan         nan         0.120985    0.837096    nan         0.831296    nan         0.957265    nan         0.967066    nan         0.955414    nan         2000        47.904192   0.021699    0.163214    24.868827   8.581998   
[36mINFO[0m 08/12 22:27:19 | 0.757779    0.782396    0.000000    0.970750    nan         nan         nan         0.134480    0.757779    nan         0.782396    nan         0.970085    nan         0.988024    nan         0.954140    nan         2200        52.694611   0.019863    0.171616    2.875041    8.581998   
[36mINFO[0m 08/12 22:27:54 | 0.842587    0.850856    0.000000    0.958369    nan         nan         nan         0.183318    0.842587    nan         0.850856    nan         0.965812    nan         0.964072    nan         0.945223    nan         2400        57.485030   0.019974    0.162687    2.765501    8.581998   
[36mINFO[0m 08/12 22:28:30 | 0.841977    0.843521    0.000000    0.958066    nan         nan         nan         0.160739    0.841977    nan         0.843521    nan         0.952991    nan         0.967066    nan         0.954140    nan         2600        62.275449   0.018096    0.164384    2.793431    8.581998   
[36mINFO[0m 08/12 22:29:06 | 0.799878    0.779951    0.000000    0.955512    nan         nan         nan         0.144505    0.799878    nan         0.779951    nan         0.963675    nan         0.955090    nan         0.947771    nan         2800        67.065868   0.016957    0.163428    3.324881    8.581998   
[36mINFO[0m 08/12 22:29:48 | 0.802929    0.826406    0.000000    0.968871    nan         nan         nan         0.115009    0.802929    nan         0.826406    nan         0.972222    nan         0.970060    nan         0.964331    nan         3000        71.856287   0.017398    0.192502    3.618928    8.581998   
[36mINFO[0m 08/12 22:30:34 | 0.854790    0.867971    0.000000    0.968607    nan         nan         nan         0.151083    0.854790    nan         0.867971    nan         0.974359    nan         0.976048    nan         0.955414    nan         3200        76.646707   0.019699    0.208793    3.914032    8.581998   
[36mINFO[0m 08/12 22:31:20 | 0.808420    0.797066    0.000000    0.961768    nan         nan         nan         0.135581    0.808420    nan         0.797066    nan         0.970085    nan         0.961078    nan         0.954140    nan         3400        81.437126   0.013541    0.215367    3.608458    8.581998   
[36mINFO[0m 08/12 22:32:05 | 0.855400    0.853301    0.000000    0.962353    nan         nan         nan         0.146570    0.855400    nan         0.853301    nan         0.972222    nan         0.967066    nan         0.947771    nan         3600        86.227545   0.010834    0.205120    3.445227    8.581998   
[36mINFO[0m 08/12 22:32:48 | 0.821843    0.838631    0.000000    0.965621    nan         nan         nan         0.126232    0.821843    nan         0.838631    nan         0.967949    nan         0.976048    nan         0.952866    nan         3800        91.017964   0.013774    0.200725    3.370562    8.581998   
[36mINFO[0m 08/12 22:33:36 | 0.819402    0.833741    0.000000    0.962478    nan         nan         nan         0.148075    0.819402    nan         0.833741    nan         0.967949    nan         0.964072    nan         0.955414    nan         4000        95.808383   0.015876    0.219154    4.213373    8.581998   
[36mINFO[0m 08/12 22:34:25 | 0.846858    0.865526    0.000000    0.970865    nan         nan         nan         0.127005    0.846858    nan         0.865526    nan         0.967949    nan         0.979042    nan         0.965605    nan         4200        100.598802  0.010309    0.222600    3.938917    8.581998   
[36mINFO[0m 08/12 22:35:16 | 0.790726    0.801956    0.000000    0.961234    nan         nan         nan         0.178786    0.790726    nan         0.801956    nan         0.961538    nan         0.982036    nan         0.940127    nan         4400        105.389222  0.011267    0.234588    4.562821    8.581998   
[36mINFO[0m 08/12 22:36:02 | 0.788896    0.784841    0.000000    0.964895    nan         nan         nan         0.142505    0.788896    nan         0.784841    nan         0.959402    nan         0.976048    nan         0.959236    nan         4600        110.179641  0.013541    0.211941    3.190731    8.581998   
[36mINFO[0m 08/12 22:36:44 | 0.789506    0.823961    0.000000    0.959930    nan         nan         nan         0.183320    0.789506    nan         0.823961    nan         0.967949    nan         0.964072    nan         0.947771    nan         4800        114.970060  0.011213    0.195010    3.159992    8.581998   
[36mINFO[0m 08/12 22:37:29 | 0.728493    0.775061    0.000000    0.954232    nan         nan         nan         0.211658    0.728493    nan         0.775061    nan         0.950855    nan         0.964072    nan         0.947771    nan         5000        119.760479  0.013584    0.203217    4.598784    8.581998   
[36mINFO[0m 08/12 22:37:29 | ---
[36mINFO[0m 08/12 22:37:29 | oracle = 85.906%
[36mINFO[0m 08/12 22:37:29 | iid = 84.686%
[36mINFO[0m 08/12 22:37:29 | last = 72.849%
[36mINFO[0m 08/12 22:37:29 | last (inD) = 95.423%
[36mINFO[0m 08/12 22:37:29 | iid (inD) = 97.087%
[36mINFO[0m 08/12 22:37:30 | 
[36mINFO[0m 08/12 22:37:31 | Testenv name escaping te_cartoon -> te_cartoon
[36mINFO[0m 08/12 22:37:31 | Test envs = [1], name = te_cartoon
[36mINFO[0m 08/12 22:37:31 | Batch sizes for each domain: [32, 0, 32, 32] (total=96)
[36mINFO[0m 08/12 22:37:31 | steps-per-epoch for each domain: 51.22, 41.75, 98.25 -> min = 41.75
[36mINFO[0m 08/12 22:37:36 | # of params = 23522375
[36mINFO[0m 08/12 22:37:41 | test_in     test_out    train_in    train_out   test_in_au  train_out_  tr_outloss  test_out_a  env0_out    env0_out_a  env1_in     env1_in_au  env1_out    env1_out_a  env2_out    env2_out_a  env3_out    env3_out_a  step        epoch       loss        step_time   eval_time   mem_gb     
[36mINFO[0m 08/12 22:37:41 | 0.191898    0.217949    0.000000    0.339847    nan         nan         1.762757    nan         0.315403    nan         0.191898    nan         0.217949    nan         0.485030    nan         0.219108    nan         0           0.000000    1.870773    0.172517    4.506812    7.936121   
Traceback (most recent call last):
  File "/home/s21_yhr/lzh/new/DomainBed-new/run_all.py", line 309, in <module>
    main()
  File "/home/s21_yhr/lzh/new/DomainBed-new/run_all.py", line 300, in main
    subprocess.run(
  File "/home/s21_yhr/miniconda3/envs/lzh_DG/lib/python3.9/subprocess.py", line 528, in run
    raise CalledProcessError(retcode, process.args,
subprocess.CalledProcessError: Command '['/home/s21_yhr/miniconda3/envs/lzh_DG/bin/python', '/home/s21_yhr/lzh/new/DomainBed-new/train_all.py', 'PACS_GGA_seed0', '--dataset', 'PACS', '--data_dir', '/home/s21_yhr/lzh/new/DomainBed-new/dataset', '--algorithm', 'ERM_GGA', '--steps', '5000', '--checkpoint_freq', '200', '--batch_size', '32', '--optimizer', 'adam', '--lr', '5e-5', '--weight_decay', '0', '--resnet_dropout', '0', '--resnet18', 'False', '--pretrained', 'True', '--freeze_bn', 'True', '--swad', 'False', '--seed', '0', '--trial_seed', '0', '--deterministic', '--cache', 'disk', '--prebuild_loader', '--image_size', '224', '--start_step', '100', '--end_step', '200', '--neighborhoodSize', '1e-5']' died with <Signals.SIGTERM: 15>.
