Algorithm: iDAG_SWAD
Physical GPU: 3
Seeds: [0, 1, 2, 3, 4]
Dataset: /home/s21_yhr/lzh/new/DomainBed-new/dataset/PACS

================================================================================
Starting iDAG_SWAD, seed=0, physical GPU=3
/home/s21_yhr/miniconda3/envs/GGA/bin/python /home/s21_yhr/lzh/new/DomainBed-new/train_all.py PACS_iDAG_SWAD_seed0 --dataset PACS --data_dir /home/s21_yhr/lzh/new/DomainBed-new/dataset --algorithm iDAG --steps 5000 --checkpoint_freq 200 --batch_size 32 --optimizer adam --lr 5e-5 --weight_decay 0 --resnet_dropout 0 --resnet18 False --pretrained True --freeze_bn True --swad LossValley --seed 0 --trial_seed 0 --deterministic --cache disk --prebuild_loader --image_size 224 --out_dim 512 --hidden_size 512 --num_hidden_layers 0 --dag_anneal_steps 200 --temperature 0.07 --ema_ratio 0.99 --lambda1 0.01 --lambda2 0.01 --rho 1.0 --alpha 1.0 --rho_max 100.0 --weight_mu 1.0 --weight_nu 1.0
================================================================================
[36mINFO[0m 08/07 10:18:29 | Command :: /home/s21_yhr/lzh/new/DomainBed-new/train_all.py PACS_iDAG_SWAD_seed0 --dataset PACS --data_dir /home/s21_yhr/lzh/new/DomainBed-new/dataset --algorithm iDAG --steps 5000 --checkpoint_freq 200 --batch_size 32 --optimizer adam --lr 5e-5 --weight_decay 0 --resnet_dropout 0 --resnet18 False --pretrained True --freeze_bn True --swad LossValley --seed 0 --trial_seed 0 --deterministic --cache disk --prebuild_loader --image_size 224 --out_dim 512 --hidden_size 512 --num_hidden_layers 0 --dag_anneal_steps 200 --temperature 0.07 --ema_ratio 0.99 --lambda1 0.01 --lambda2 0.01 --rho 1.0 --alpha 1.0 --rho_max 100.0 --weight_mu 1.0 --weight_nu 1.0
Environment:
	Python: 3.11.15
	PyTorch: 2.11.0+cu128
	Torchvision: 0.26.0+cu128
	CUDA: 12.8
	CUDNN: 91900
	NumPy: 1.26.4
	PIL: 12.2.0
Args:
	algorithm: iDAG
	batch_size: 32
	cache: disk
	cache_root: cache
	cache_size: None
	checkpoint_freq: 200
	configs: []
	data_dir: /home/s21_yhr/lzh/new/DomainBed-new/dataset
	dataset: PACS
	debug: False
	deterministic: True
	end_step: 200
	evalmode: fast
	extra_search: n
	extra_search_end: None
	extra_search_start: None
	gga_l_gamma: 0.001
	grad_fn: sum
	holdout_fraction: 0.2
	model_save: None
	name: PACS_iDAG_SWAD_seed0
	neighborhoodSize: 1e-06
	out_dir: train_output/PACS/260807_10-18-29_PACS_iDAG_SWAD_seed0
	out_root: train_output/PACS
	prebuild_loader: True
	q_steps: 2000
	quant: 0
	resize_mode: stretch
	saliency: False
	saliency_cmap: jet
	saliency_every: 0
	saliency_noise: 0.15
	saliency_num: 16
	saliency_samples: 25
	saliency_split: test_in
	seed: 0
	show: False
	start_step: 100
	steps: 5000
	tb_freq: 10
	test_envs: None
	train_output: train_output
	trial_seed: 0
	unique_name: 260807_10-18-29_PACS_iDAG_SWAD_seed0
	work_dir: .
HParams:
	data_augmentation: True
	val_augment: False
	[36mresnet18: False
	[0m[36mresnet_dropout: 0
	[0mclass_balanced: False
	[36moptimizer: adam
	[0m[36mfreeze_bn: True
	[0m[36mpretrained: True
	[0m[36mimage_size: 224
	[0m[36mlr: 5e-05
	[0mbatch_size: 32
	[36mweight_decay: 0
	[0m[36mhidden_size: 512
	[0m[36mout_dim: 512
	[0m[36mnum_hidden_layers: 0
	[0m[36mdag_anneal_steps: 200
	[0m[36mtemperature: 0.07
	[0m[36mema_ratio: 0.99
	[0m[36mlambda1: 0.01
	[0m[36mlambda2: 0.01
	[0m[36mrho_max: 100.0
	[0m[36mrho: 1.0
	[0m[36malpha: 1.0
	[0m[36mweight_nu: 1.0
	[0m[36mweight_mu: 1.0
	[0m[36mswad: LossValley
	[0mswad_kwargs: 
	  n_converge: 3
	  n_tolerance: 6
	  tolerance_ratio: 0.3
	test_batchsize: 128
	indomain_test: False
	grad_fn: sum
	extra_search: n
	logdir: train_output/PACS/260807_10-18-29_PACS_iDAG_SWAD_seed0
	neighborhoodSize: 1e-06
	start_step: 100
	end_step: 200
	extra_search_start: None
	extra_search_end: None
	gga_l_gamma: 0.001
Dataset:
	[PACS] #envs=4, #classes=7
	env0: art_painting (#2048)
	env1: cartoon (#2344)
	env2: photo (#1670)
	env3: sketch (#3929)

[36mINFO[0m 08/07 10:18:29 | n_steps = 5000
[36mINFO[0m 08/07 10:18:29 | checkpoint_freq = 200
[36mINFO[0m 08/07 10:18:29 | n_steps is updated to 5000 => 5001 for checkpointing
[36mINFO[0m 08/07 10:18:29 | Target test envs = [[0], [1], [2], [3]]
[36mINFO[0m 08/07 10:18:29 | 
[36mINFO[0m 08/07 10:18:29 | Testenv name escaping te_art_painting -> te_art_painting
[36mINFO[0m 08/07 10:18:29 | Test envs = [0], name = te_art_painting
[36mINFO[0m 08/07 10:18:29 | Batch sizes for each domain: [0, 32, 32, 32] (total=96)
[36mINFO[0m 08/07 10:18:29 | steps-per-epoch for each domain: 58.62, 41.75, 98.25 -> min = 41.75
/home/s21_yhr/miniconda3/envs/GGA/lib/python3.11/site-packages/torchvision/models/_utils.py:208: UserWarning: The parameter 'pretrained' is deprecated since 0.13 and may be removed in the future, please use 'weights' instead.
  warnings.warn(
/home/s21_yhr/miniconda3/envs/GGA/lib/python3.11/site-packages/torchvision/models/_utils.py:223: UserWarning: Arguments other than a weight enum or `None` for 'weights' are deprecated since 0.13 and may be removed in the future. The current behavior is equivalent to passing `weights=ResNet50_Weights.IMAGENET1K_V1`. You can also use `weights=ResNet50_Weights.DEFAULT` to get the most up-to-date weights.
  warnings.warn(msg)
[36mINFO[0m 08/07 10:18:32 | # of params = 25354320
/home/s21_yhr/lzh/new/DomainBed-new/domainbed/algorithms/algorithms.py:161: UserWarning: The use of `x.T` on tensors of dimension other than 2 to reverse their shape is deprecated and it will throw an error in a future release. Consider `x.mT` to transpose batches of matrices or `x.permute(*torch.arange(x.ndim - 1, -1, -1))` to reverse the dimensions of a tensor. (Triggered internally at /pytorch/aten/src/ATen/native/TensorShape.cpp:4480.)
  mask_neg = torch.not_equal(labels, labels.T)
[36mINFO[0m 08/07 10:18:36 | test_in     test_out    train_in    train_out   test_in_au  test_out_a  train_out_  tr_outloss  env0_in     env0_in_au  env0_out    env0_out_a  env1_out    env1_out_a  env2_out    env2_out_a  env3_out    env3_out_a  step        epoch       loss        inv_ce      l2          penalty     l1          cl          step_time   eval_time   mem_gb     
[36mINFO[0m 08/07 10:18:36 | 0.139109    0.154034    0.000000    0.144510    nan         nan         nan         1.937272    0.139109    nan         0.154034    nan         0.145299    nan         0.104790    nan         0.183439    nan         0           0.000000    2.238102    1.957156    0.029485    0.000000    0.000019    0.964005    1.096368    2.930236    8.056007   
[36mINFO[0m 08/07 10:19:20 | 0.842587    0.841076    0.000000    0.935322    nan         nan         nan         0.216373    0.842587    nan         0.841076    nan         0.963675    nan         0.976048    nan         0.866242    nan         200         4.790419    0.862973    0.556509    0.029508    0.000000    0.000019    0.583279    0.184153    2.642419    8.463568   
[36mINFO[0m 08/07 10:20:05 | 0.751068    0.740831    0.000000    0.948014    nan         nan         nan         0.162435    0.751068    nan         0.740831    nan         0.955128    nan         0.964072    nan         0.924841    nan         400         9.580838    0.333462    0.118202    0.020965    0.000000    0.000022    0.194272    0.192588    2.729150    8.666975   
[36mINFO[0m 08/07 10:20:51 | 0.785845    0.811736    0.000000    0.961371    nan         nan         nan         0.115348    0.785845    nan         0.811736    nan         0.959402    nan         0.982036    nan         0.942675    nan         600         14.371257   0.221761    0.070964    0.020891    0.000000    0.000023    0.129883    0.193545    2.733522    8.858402   
[36mINFO[0m 08/07 10:21:37 | 0.801098    0.809291    0.000000    0.951808    nan         nan         nan         0.137245    0.801098    nan         0.809291    nan         0.965812    nan         0.943114    nan         0.946497    nan         800         19.161677   0.167672    0.050135    0.020754    0.000000    0.000023    0.096761    0.193553    2.738426    9.052991   
[36mINFO[0m 08/07 10:22:24 | 0.727273    0.753056    0.000000    0.953685    nan         nan         nan         0.148579    0.727273    nan         0.753056    nan         0.935897    nan         0.985030    nan         0.940127    nan         1000        23.952096   0.123807    0.036038    0.020537    0.000000    0.000023    0.067209    0.196240    2.780992    9.240882   
Model converged at step 600, Start step = 401; Threshold = 0.173841, 
[36mINFO[0m 08/07 10:23:11 | 0.762050    0.787286    0.000000    0.960793    nan         nan         nan         0.120051    0.762050    nan         0.787286    nan         0.974359    nan         0.964072    nan         0.943949    nan         1200        28.742515   0.115464    0.031930    0.020296    0.000000    0.000023    0.063214    0.191795    2.789289    9.621354   
[36mINFO[0m 08/07 10:23:57 | 0.807200    0.809291    0.000000    0.954399    nan         nan         nan         0.132939    0.807200    nan         0.809291    nan         0.965812    nan         0.961078    nan         0.936306    nan         1400        33.532934   0.107216    0.029041    0.020082    0.000000    0.000023    0.058070    0.192571    2.721109    9.812930   
[36mINFO[0m 08/07 10:24:42 | 0.796827    0.843521    0.000000    0.963924    nan         nan         nan         0.113826    0.796827    nan         0.843521    nan         0.972222    nan         0.973054    nan         0.946497    nan         1600        38.323353   0.092267    0.024126    0.019891    0.000000    0.000023    0.048227    0.193020    2.825830    9.821540   
[36mINFO[0m 08/07 10:25:32 | 0.827334    0.853301    0.000000    0.963934    nan         nan         nan         0.135298    0.827334    nan         0.853301    nan         0.970085    nan         0.979042    nan         0.942675    nan         1800        43.113772   0.071898    0.017553    0.019737    0.000000    0.000023    0.034584    0.195588    2.747346    9.823741   
[36mINFO[0m 08/07 10:26:20 | 0.827944    0.845966    0.000000    0.959942    nan         nan         nan         0.145709    0.827944    nan         0.845966    nan         0.970085    nan         0.967066    nan         0.942675    nan         2000        47.904192   0.080683    0.020208    0.019598    0.000000    0.000024    0.040853    0.194809    2.724820    9.824727   
[36mINFO[0m 08/07 10:27:08 | 0.755949    0.792176    0.000000    0.967453    nan         nan         nan         0.108221    0.755949    nan         0.792176    nan         0.957265    nan         0.982036    nan         0.963057    nan         2200        52.694611   0.086251    0.022442    0.019476    0.000000    0.000024    0.044309    0.194391    2.736832    9.825893   
[36mINFO[0m 08/07 10:27:56 | 0.848688    0.843521    0.000000    0.973724    nan         nan         nan         0.097320    0.848688    nan         0.843521    nan         0.974359    nan         0.985030    nan         0.961783    nan         2400        57.485030   0.068654    0.016113    0.019378    0.000000    0.000024    0.033139    0.194593    2.737123    9.827053   
[36mINFO[0m 08/07 10:28:44 | 0.823063    0.853301    0.000000    0.963650    nan         nan         nan         0.148127    0.823063    nan         0.853301    nan         0.976496    nan         0.973054    nan         0.941401    nan         2600        62.275449   0.079241    0.019630    0.019304    0.000000    0.000024    0.040284    0.194494    2.730280    9.827480   
[36mINFO[0m 08/07 10:29:32 | 0.828554    0.823961    0.000000    0.958925    nan         nan         nan         0.164805    0.828554    nan         0.823961    nan         0.950855    nan         0.973054    nan         0.952866    nan         2800        67.065868   0.056685    0.012408    0.019221    0.000000    0.000024    0.025032    0.193990    2.753588    9.827480   
[36mINFO[0m 08/07 10:30:20 | 0.794387    0.806846    0.000000    0.966329    nan         nan         nan         0.124421    0.794387    nan         0.806846    nan         0.961538    nan         0.982036    nan         0.955414    nan         3000        71.856287   0.061740    0.013867    0.019154    0.000000    0.000024    0.028695    0.194332    2.853787    9.827940   
[36mINFO[0m 08/07 10:31:08 | 0.762660    0.775061    0.000000    0.963359    nan         nan         nan         0.151676    0.762660    nan         0.775061    nan         0.965812    nan         0.979042    nan         0.945223    nan         3200        76.646707   0.066571    0.014644    0.019099    0.000000    0.000024    0.032804    0.194369    2.756314    9.831057   
[36mINFO[0m 08/07 10:31:56 | 0.811470    0.841076    0.000000    0.967736    nan         nan         nan         0.128773    0.811470    nan         0.841076    nan         0.974359    nan         0.967066    nan         0.961783    nan         3400        81.437126   0.069851    0.016358    0.019039    0.000000    0.000024    0.034431    0.194915    2.782800    9.831244   
[36mINFO[0m 08/07 10:32:45 | 0.787065    0.821516    0.000000    0.955078    nan         nan         nan         0.165405    0.787065    nan         0.821516    nan         0.942308    nan         0.970060    nan         0.952866    nan         3600        86.227545   0.072806    0.017284    0.018996    0.000000    0.000024    0.036502    0.194985    3.031317    9.838003   
[36mINFO[0m 08/07 10:33:33 | 0.707138    0.718826    0.000000    0.958611    nan         nan         nan         0.157401    0.707138    nan         0.718826    nan         0.963675    nan         0.949102    nan         0.963057    nan         3800        91.017964   0.067351    0.015241    0.018949    0.000000    0.000025    0.033136    0.195227    2.751519    9.840908   
[36mINFO[0m 08/07 10:34:21 | 0.813301    0.792176    0.000000    0.968605    nan         nan         nan         0.127959    0.813301    nan         0.792176    nan         0.970085    nan         0.979042    nan         0.956688    nan         4000        95.808383   0.036369    0.005452    0.018891    0.000000    0.000025    0.012001    0.194908    2.707475    9.840908   
[36mINFO[0m 08/07 10:35:10 | 0.822453    0.841076    0.000000    0.958563    nan         nan         nan         0.170606    0.822453    nan         0.841076    nan         0.970085    nan         0.982036    nan         0.923567    nan         4200        100.598802  0.062468    0.014466    0.018849    0.000000    0.000025    0.029128    0.198840    2.758495    9.840908   
[36mINFO[0m 08/07 10:35:58 | 0.823063    0.828851    0.000000    0.961909    nan         nan         nan         0.163185    0.823063    nan         0.828851    nan         0.952991    nan         0.976048    nan         0.956688    nan         4400        105.389222  0.061912    0.013500    0.018818    0.000000    0.000025    0.029569    0.194861    2.775993    9.840908   
[36mINFO[0m 08/07 10:36:46 | 0.830995    0.804401    0.000000    0.945693    nan         nan         nan         0.208888    0.830995    nan         0.804401    nan         0.942308    nan         0.952096    nan         0.942675    nan         4600        110.179641  0.085966    0.020920    0.018784    0.000000    0.000025    0.046236    0.194223    2.759025    9.840908   
[36mINFO[0m 08/07 10:37:34 | 0.802318    0.801956    0.000000    0.966915    nan         nan         nan         0.126325    0.802318    nan         0.801956    nan         0.963675    nan         0.988024    nan         0.949045    nan         4800        114.970060  0.046876    0.008635    0.018738    0.000000    0.000025    0.019477    0.194938    2.753553    9.840908   
[36mINFO[0m 08/07 10:38:22 | 0.743136    0.767726    0.000000    0.962607    nan         nan         nan         0.135626    0.743136    nan         0.767726    nan         0.972222    nan         0.955090    nan         0.960510    nan         5000        119.760479  0.052912    0.010777    0.018699    0.000000    0.000025    0.023411    0.192962    2.896338    9.840908   
[36mINFO[0m 08/07 10:38:24 | ---
[33mWARNING[0m 08/07 10:38:33 | Evaluate SWAD ...
[36mINFO[0m 08/07 10:38:36 | 0.897498    0.897311    0.000000    0.976996    nan         nan         nan         0.086862    0.897498    nan         0.897311    nan         0.978632    nan         0.988024    nan         0.964331    nan         [401-5000]  (N=24)
[36mINFO[0m 08/07 10:38:36 | oracle = 82.733%
[36mINFO[0m 08/07 10:38:36 | iid = 84.869%
[36mINFO[0m 08/07 10:38:36 | last = 74.314%
[36mINFO[0m 08/07 10:38:36 | last (inD) = 96.261%
[36mINFO[0m 08/07 10:38:36 | iid (inD) = 97.372%
[36mINFO[0m 08/07 10:38:36 | SWAD = 89.750%
[36mINFO[0m 08/07 10:38:36 | SWAD (inD) = 97.700%
[36mINFO[0m 08/07 10:38:37 | 
[36mINFO[0m 08/07 10:38:37 | Testenv name escaping te_cartoon -> te_cartoon
[36mINFO[0m 08/07 10:38:37 | Test envs = [1], name = te_cartoon
[36mINFO[0m 08/07 10:38:37 | Batch sizes for each domain: [32, 0, 32, 32] (total=96)
[36mINFO[0m 08/07 10:38:37 | steps-per-epoch for each domain: 51.22, 41.75, 98.25 -> min = 41.75
[36mINFO[0m 08/07 10:38:42 | # of params = 25354320
[36mINFO[0m 08/07 10:38:45 | test_in     test_out    train_in    train_out   test_in_au  train_out_  tr_outloss  test_out_a  env0_out    env0_out_a  env1_in     env1_in_au  env1_out    env1_out_a  env2_out    env2_out_a  env3_out    env3_out_a  step        epoch       loss        inv_ce      l2          penalty     l1          cl          step_time   eval_time   mem_gb     
[36mINFO[0m 08/07 10:38:45 | 0.147122    0.123932    0.000000    0.199119    nan         nan         1.937993    nan         0.134474    nan         0.147122    nan         0.123932    nan         0.122754    nan         0.340127    nan         0           0.000000    2.211722    1.967668    0.029479    0.000000    0.000019    0.887169    0.195228    2.892999    8.056678   
[36mINFO[0m 08/07 10:39:31 | 0.752665    0.786325    0.000000    0.934902    nan         nan         0.252982    nan         0.904645    nan         0.752665    nan         0.786325    nan         0.979042    nan         0.921019    nan         200         4.790419    0.863331    0.539123    0.029572    0.000000    0.000019    0.577270    0.190700    2.954847    8.462653   
[36mINFO[0m 08/07 10:40:16 | 0.751599    0.790598    0.000000    0.960817    nan         nan         0.122119    nan         0.946210    nan         0.751599    nan         0.790598    nan         0.991018    nan         0.945223    nan         400         9.580838    0.364439    0.124365    0.020847    0.000000    0.000022    0.219205    0.190358    3.046123    8.667162   
[36mINFO[0m 08/07 10:41:02 | 0.752665    0.792735    0.000000    0.953416    nan         nan         0.150326    nan         0.936430    nan         0.752665    nan         0.792735    nan         0.976048    nan         0.947771    nan         600         14.371257   0.247734    0.077606    0.020749    0.000000    0.000023    0.149356    0.191806    2.957097    8.856394   
[36mINFO[0m 08/07 10:41:48 | 0.828358    0.848291    0.000000    0.958570    nan         nan         0.147897    nan         0.953545    nan         0.828358    nan         0.848291    nan         0.982036    nan         0.940127    nan         800         19.161677   0.168254    0.048503    0.020595    0.000000    0.000023    0.099134    0.191519    2.950715    9.051185   
Model converged at step 400, Start step = 401; Threshold = 0.182148, 
[36mINFO[0m 08/07 10:42:35 | 0.748401    0.771368    0.000000    0.958030    nan         nan         0.127680    nan         0.951100    nan         0.748401    nan         0.771368    nan         0.979042    nan         0.943949    nan         1000        23.952096   0.150362    0.041289    0.020417    0.000000    0.000023    0.088633    0.191656    2.948383    9.431917   
[36mINFO[0m 08/07 10:43:21 | 0.738806    0.754274    0.000000    0.948662    nan         nan         0.181238    nan         0.924205    nan         0.738806    nan         0.754274    nan         0.988024    nan         0.933758    nan         1200        28.742515   0.141800    0.039894    0.020215    0.000000    0.000023    0.081668    0.192501    3.009836    9.625846   
[36mINFO[0m 08/07 10:44:07 | 0.778785    0.807692    0.000000    0.949341    nan         nan         0.164060    nan         0.924205    nan         0.778785    nan         0.807692    nan         0.976048    nan         0.947771    nan         1400        33.532934   0.118528    0.031300    0.020020    0.000000    0.000023    0.067186    0.191038    2.947740    9.816271   
[36mINFO[0m 08/07 10:44:55 | 0.808102    0.826923    0.000000    0.960314    nan         nan         0.136540    nan         0.960880    nan         0.808102    nan         0.826923    nan         0.985030    nan         0.935032    nan         1600        38.323353   0.115515    0.030142    0.019858    0.000000    0.000023    0.065492    0.191120    2.921498    9.826797   
[36mINFO[0m 08/07 10:45:43 | 0.794776    0.811966    0.000000    0.952211    nan         nan         0.145390    nan         0.931540    nan         0.794776    nan         0.811966    nan         0.976048    nan         0.949045    nan         1800        43.113772   0.062349    0.014025    0.019711    0.000000    0.000023    0.028589    0.192579    3.013126    9.830329   
[36mINFO[0m 08/07 10:46:31 | 0.756397    0.773504    0.000000    0.941676    nan         nan         0.200503    nan         0.924205    nan         0.756397    nan         0.773504    nan         0.967066    nan         0.933758    nan         2000        47.904192   0.073186    0.017269    0.019589    0.000000    0.000024    0.036305    0.192757    2.995624    9.831973   
[36mINFO[0m 08/07 10:47:19 | 0.744136    0.752137    0.000000    0.950144    nan         nan         0.168980    nan         0.929095    nan         0.744136    nan         0.752137    nan         0.985030    nan         0.936306    nan         2200        52.694611   0.110141    0.026923    0.019469    0.000000    0.000024    0.063726    0.191168    3.108679    9.832633   
[36mINFO[0m 08/07 10:48:07 | 0.783582    0.818376    0.000000    0.954470    nan         nan         0.172837    nan         0.933985    nan         0.783582    nan         0.818376    nan         0.988024    nan         0.941401    nan         2400        57.485030   0.067358    0.015109    0.019366    0.000000    0.000024    0.032859    0.190661    2.927024    9.835319   
[36mINFO[0m 08/07 10:48:54 | 0.780384    0.792735    0.000000    0.955468    nan         nan         0.160229    nan         0.933985    nan         0.780384    nan         0.792735    nan         0.991018    nan         0.941401    nan         2600        62.275449   0.105256    0.025832    0.019282    0.000000    0.000024    0.060118    0.190715    2.937655    9.838813   
[36mINFO[0m 08/07 10:49:42 | 0.742537    0.752137    0.000000    0.952738    nan         nan         0.170240    nan         0.924205    nan         0.742537    nan         0.752137    nan         0.976048    nan         0.957962    nan         2800        67.065868   0.086951    0.020676    0.019211    0.000000    0.000024    0.047040    0.192865    2.871259    9.838813   
[36mINFO[0m 08/07 10:50:30 | 0.830490    0.865385    0.000000    0.970446    nan         nan         0.112630    nan         0.955990    nan         0.830490    nan         0.865385    nan         0.991018    nan         0.964331    nan         3000        71.856287   0.070903    0.015112    0.019152    0.000000    0.000024    0.036615    0.190456    2.941349    9.838813   
[36mINFO[0m 08/07 10:51:18 | 0.811301    0.816239    0.000000    0.948687    nan         nan         0.182201    nan         0.931540    nan         0.811301    nan         0.816239    nan         0.982036    nan         0.932484    nan         3200        76.646707   0.061409    0.013521    0.019089    0.000000    0.000024    0.028775    0.192274    3.030402    9.838813   
[36mINFO[0m 08/07 10:52:07 | 0.792644    0.811966    0.000000    0.964722    nan         nan         0.126965    nan         0.958435    nan         0.792644    nan         0.811966    nan         0.979042    nan         0.956688    nan         3400        81.437126   0.070819    0.015520    0.019037    0.000000    0.000024    0.036238    0.192900    3.224674    9.839839   
[36mINFO[0m 08/07 10:52:55 | 0.794243    0.807692    0.000000    0.966144    nan         nan         0.116857    nan         0.958435    nan         0.794243    nan         0.807692    nan         0.982036    nan         0.957962    nan         3600        86.227545   0.052758    0.009419    0.018976    0.000000    0.000025    0.024338    0.191794    3.005295    9.841422   
[36mINFO[0m 08/07 10:53:44 | 0.814499    0.839744    0.000000    0.966776    nan         nan         0.111306    nan         0.963325    nan         0.814499    nan         0.839744    nan         0.979042    nan         0.957962    nan         3800        91.017964   0.057151    0.011503    0.018928    0.000000    0.000025    0.026695    0.192749    3.007606    9.841422   
[36mINFO[0m 08/07 10:54:32 | 0.795842    0.807692    0.000000    0.946737    nan         nan         0.222657    nan         0.938875    nan         0.795842    nan         0.807692    nan         0.979042    nan         0.922293    nan         4000        95.808383   0.084948    0.018786    0.018892    0.000000    0.000025    0.047245    0.192396    2.915478    9.841422   
[36mINFO[0m 08/07 10:55:41 | 0.813966    0.822650    0.000000    0.944800    nan         nan         0.197937    nan         0.931540    nan         0.813966    nan         0.822650    nan         0.955090    nan         0.947771    nan         4200        100.598802  0.080581    0.018663    0.018857    0.000000    0.000025    0.043036    0.273566    4.743243    9.841422   
[36mINFO[0m 08/07 10:57:31 | 0.753731    0.754274    0.000000    0.949666    nan         nan         0.202368    nan         0.938875    nan         0.753731    nan         0.754274    nan         0.961078    nan         0.949045    nan         4400        105.389222  0.073250    0.016910    0.018819    0.000000    0.000025    0.037495    0.429554    4.865922    9.841422   
[36mINFO[0m 08/07 10:59:24 | 0.791578    0.818376    0.000000    0.959441    nan         nan         0.171015    nan         0.941320    nan         0.791578    nan         0.818376    nan         0.979042    nan         0.957962    nan         4600        110.179641  0.076170    0.017612    0.018799    0.000000    0.000025    0.039734    0.440084    4.867586    9.841422   
[36mINFO[0m 08/07 11:01:12 | 0.752132    0.756410    0.000000    0.950501    nan         nan         0.214408    nan         0.921760    nan         0.752132    nan         0.756410    nan         0.973054    nan         0.956688    nan         4800        114.970060  0.043920    0.007686    0.018750    0.000000    0.000025    0.017458    0.409589    5.012204    9.841422   
[36mINFO[0m 08/07 11:03:03 | 0.815565    0.850427    0.000000    0.951832    nan         nan         0.190889    nan         0.938875    nan         0.815565    nan         0.850427    nan         0.979042    nan         0.937580    nan         5000        119.760479  0.071716    0.016632    0.018723    0.000000    0.000025    0.036336    0.437994    3.985050    9.841422   
[36mINFO[0m 08/07 11:03:08 | ---
[33mWARNING[0m 08/07 11:03:17 | Evaluate SWAD ...
[36mINFO[0m 08/07 11:03:22 | 0.819829    0.852564    0.000000    0.975554    nan         nan         0.096548    nan         0.965770    nan         0.819829    nan         0.852564    nan         0.994012    nan         0.966879    nan         [401-4600]  (N=23)
[36mINFO[0m 08/07 11:03:22 | oracle = 83.049%
[36mINFO[0m 08/07 11:03:22 | iid = 83.049%
[36mINFO[0m 08/07 11:03:22 | last = 81.557%
[36mINFO[0m 08/07 11:03:22 | last (inD) = 95.183%
[36mINFO[0m 08/07 11:03:22 | iid (inD) = 97.045%
[36mINFO[0m 08/07 11:03:22 | SWAD = 81.983%
[36mINFO[0m 08/07 11:03:22 | SWAD (inD) = 97.555%
[36mINFO[0m 08/07 11:03:24 | 
[36mINFO[0m 08/07 11:03:24 | Testenv name escaping te_photo -> te_photo
[36mINFO[0m 08/07 11:03:24 | Test envs = [2], name = te_photo
[36mINFO[0m 08/07 11:03:24 | Batch sizes for each domain: [32, 32, 0, 32] (total=96)
[36mINFO[0m 08/07 11:03:24 | steps-per-epoch for each domain: 51.22, 58.62, 98.25 -> min = 51.22
[36mINFO[0m 08/07 11:03:30 | # of params = 25354320
[36mINFO[0m 08/07 11:03:34 | test_in     test_out    train_in    train_out   test_in_au  train_out_  tr_outloss  test_out_a  env0_out    env0_out_a  env1_out    env1_out_a  env2_in     env2_in_au  env2_out    env2_out_a  env3_out    env3_out_a  step        epoch       loss        inv_ce      l2          penalty     l1          cl          step_time   eval_time   mem_gb     
[36mINFO[0m 08/07 11:03:34 | 0.174401    0.161677    0.000000    0.230795    nan         nan         1.943716    nan         0.290954    nan         0.158120    nan         0.174401    nan         0.161677    nan         0.243312    nan         0           0.000000    2.275309    1.965776    0.029492    0.000000    0.000019    1.053582    0.293253    4.303909    8.056678   
[36mINFO[0m 08/07 11:05:16 | 0.964072    0.943114    0.000000    0.875956    nan         nan         0.403503    nan         0.892421    nan         0.865385    nan         0.964072    nan         0.943114    nan         0.870064    nan         200         3.904820    1.052732    0.665892    0.029496    0.000000    0.000019    0.745925    0.408398    4.103016    8.462653   
[36mINFO[0m 08/07 11:07:04 | 0.976796    0.964072    0.000000    0.934197    nan         nan         0.192160    nan         0.931540    nan         0.955128    nan         0.976796    nan         0.964072    nan         0.915924    nan         400         7.809640    0.444019    0.160732    0.020811    0.000000    0.000022    0.262453    0.425921    4.254391    8.667162   
[36mINFO[0m 08/07 11:08:51 | 0.970060    0.964072    0.000000    0.926562    nan         nan         0.242152    nan         0.924205    nan         0.910256    nan         0.970060    nan         0.964072    nan         0.945223    nan         600         11.714460   0.264210    0.089846    0.020693    0.000000    0.000023    0.153648    0.427214    3.975581    8.856394   
[36mINFO[0m 08/07 11:10:31 | 0.931138    0.904192    0.000000    0.911905    nan         nan         0.278763    nan         0.909535    nan         0.910256    nan         0.931138    nan         0.904192    nan         0.915924    nan         800         15.619280   0.188190    0.059751    0.020526    0.000000    0.000023    0.107890    0.392859    4.137200    9.051185   
Model converged at step 400, Start step = 401; Threshold = 0.308999, 
[36mINFO[0m 08/07 11:12:20 | 0.967814    0.970060    0.000000    0.957271    nan         nan         0.147934    nan         0.963325    nan         0.965812    nan         0.967814    nan         0.970060    nan         0.942675    nan         1000        19.524100   0.155136    0.047088    0.020321    0.000000    0.000023    0.087704    0.419692    4.029580    9.431917   
[36mINFO[0m 08/07 11:14:00 | 0.954341    0.934132    0.000000    0.948032    nan         nan         0.154082    nan         0.926650    nan         0.972222    nan         0.954341    nan         0.934132    nan         0.945223    nan         1200        23.428920   0.126903    0.035721    0.020120    0.000000    0.000023    0.071039    0.396281    4.245933    9.625846   
[36mINFO[0m 08/07 11:15:44 | 0.962575    0.946108    0.000000    0.950086    nan         nan         0.162068    nan         0.931540    nan         0.972222    nan         0.962575    nan         0.946108    nan         0.946497    nan         1400        27.333740   0.126358    0.036173    0.019927    0.000000    0.000023    0.070234    0.417578    3.878958    9.816271   
[36mINFO[0m 08/07 11:17:31 | 0.958832    0.928144    0.000000    0.955148    nan         nan         0.134288    nan         0.943765    nan         0.970085    nan         0.958832    nan         0.928144    nan         0.951592    nan         1600        31.238560   0.109329    0.029940    0.019751    0.000000    0.000023    0.059616    0.408868    4.143959    9.826797   
[36mINFO[0m 08/07 11:19:18 | 0.970060    0.952096    0.000000    0.956230    nan         nan         0.154161    nan         0.938875    nan         0.980769    nan         0.970060    nan         0.952096    nan         0.949045    nan         1800        35.143380   0.117460    0.031992    0.019598    0.000000    0.000023    0.065847    0.413591    4.042104    9.830329   
[36mINFO[0m 08/07 11:21:08 | 0.958832    0.937126    0.000000    0.957175    nan         nan         0.140975    nan         0.958435    nan         0.955128    nan         0.958832    nan         0.937126    nan         0.957962    nan         2000        39.048200   0.090622    0.023733    0.019481    0.000000    0.000024    0.047384    0.423066    4.143551    9.831973   
[36mINFO[0m 08/07 11:22:40 | 0.955838    0.931138    0.000000    0.952819    nan         nan         0.145361    nan         0.948655    nan         0.972222    nan         0.955838    nan         0.931138    nan         0.937580    nan         2200        42.953020   0.113305    0.029457    0.019365    0.000000    0.000024    0.064460    0.353128    4.199775    9.832633   
[36mINFO[0m 08/07 11:24:31 | 0.954341    0.931138    0.000000    0.958949    nan         nan         0.129082    nan         0.946210    nan         0.976496    nan         0.954341    nan         0.931138    nan         0.954140    nan         2400        46.857840   0.066673    0.015899    0.019267    0.000000    0.000024    0.031483    0.425741    4.196030    9.835319   
[36mINFO[0m 08/07 11:26:17 | 0.956587    0.937126    0.000000    0.953737    nan         nan         0.173409    nan         0.953545    nan         0.970085    nan         0.956587    nan         0.937126    nan         0.937580    nan         2600        50.762660   0.090308    0.023054    0.019178    0.000000    0.000024    0.048052    0.404369    4.199068    9.838813   
[36mINFO[0m 08/07 11:28:04 | 0.951347    0.925150    0.000000    0.956353    nan         nan         0.161239    nan         0.958435    nan         0.967949    nan         0.951347    nan         0.925150    nan         0.942675    nan         2800        54.667480   0.081796    0.020022    0.019104    0.000000    0.000024    0.042646    0.421658    4.597275    9.838813   
[36mINFO[0m 08/07 11:29:51 | 0.961078    0.931138    0.000000    0.953504    nan         nan         0.165736    nan         0.938875    nan         0.963675    nan         0.961078    nan         0.931138    nan         0.957962    nan         3000        58.572300   0.079543    0.019857    0.019034    0.000000    0.000024    0.040628    0.408937    4.135919    9.838813   
[36mINFO[0m 08/07 11:31:41 | 0.955090    0.934132    0.000000    0.944779    nan         nan         0.204160    nan         0.933985    nan         0.955128    nan         0.955090    nan         0.934132    nan         0.945223    nan         3200        62.477120   0.098248    0.025781    0.018978    0.000000    0.000024    0.053465    0.436928    4.185123    9.838813   
[36mINFO[0m 08/07 11:33:28 | 0.962575    0.952096    0.000000    0.954846    nan         nan         0.172686    nan         0.953545    nan         0.959402    nan         0.962575    nan         0.952096    nan         0.951592    nan         3400        66.381940   0.086200    0.021746    0.018918    0.000000    0.000024    0.045512    0.413898    4.366206    9.839839   
[36mINFO[0m 08/07 11:35:16 | 0.940868    0.928144    0.000000    0.949114    nan         nan         0.201466    nan         0.955990    nan         0.942308    nan         0.940868    nan         0.928144    nan         0.949045    nan         3600        70.286760   0.075890    0.018085    0.018875    0.000000    0.000025    0.038905    0.419157    4.044442    9.841422   
[36mINFO[0m 08/07 11:37:04 | 0.965569    0.940120    0.000000    0.961120    nan         nan         0.150858    nan         0.963325    nan         0.978632    nan         0.965569    nan         0.940120    nan         0.941401    nan         3800        74.191580   0.050415    0.010196    0.018826    0.000000    0.000025    0.021368    0.416845    3.851832    9.841422   
[36mINFO[0m 08/07 11:38:52 | 0.913922    0.901198    0.000000    0.916419    nan         nan         0.322908    nan         0.882641    nan         0.925214    nan         0.913922    nan         0.901198    nan         0.941401    nan         4000        78.096400   0.085993    0.021295    0.018792    0.000000    0.000025    0.045881    0.416317    4.111043    9.841422   
[36mINFO[0m 08/07 11:40:41 | 0.940868    0.919162    0.000000    0.954620    nan         nan         0.154847    nan         0.941320    nan         0.972222    nan         0.940868    nan         0.919162    nan         0.950318    nan         4200        82.001220   0.071763    0.016939    0.018746    0.000000    0.000025    0.036053    0.423066    4.200848    9.841422   
[36mINFO[0m 08/07 11:42:28 | 0.946856    0.928144    0.000000    0.965250    nan         nan         0.132522    nan         0.960880    nan         0.974359    nan         0.946856    nan         0.928144    nan         0.960510    nan         4400        85.906040   0.057090    0.012369    0.018710    0.000000    0.000025    0.025986    0.409050    4.562819    9.841422   
[36mINFO[0m 08/07 11:44:18 | 0.931886    0.904192    0.000000    0.954894    nan         nan         0.163206    nan         0.941320    nan         0.967949    nan         0.931886    nan         0.904192    nan         0.955414    nan         4600        89.810860   0.079578    0.019205    0.018676    0.000000    0.000025    0.041672    0.426706    4.152938    9.841422   
[36mINFO[0m 08/07 11:46:02 | 0.944611    0.940120    0.000000    0.953586    nan         nan         0.173090    nan         0.933985    nan         0.970085    nan         0.944611    nan         0.940120    nan         0.956688    nan         4800        93.715680   0.053357    0.010938    0.018640    0.000000    0.000025    0.023754    0.406750    4.342417    9.841422   
[36mINFO[0m 08/07 11:47:44 | 0.952096    0.925150    0.000000    0.954182    nan         nan         0.172191    nan         0.941320    nan         0.965812    nan         0.952096    nan         0.925150    nan         0.955414    nan         5000        97.620500   0.063725    0.013918    0.018612    0.000000    0.000025    0.031170    0.397034    3.225434    9.841422   
[36mINFO[0m 08/07 11:47:48 | ---
[33mWARNING[0m 08/07 11:48:03 | Evaluate SWAD ...
[36mINFO[0m 08/07 11:48:06 | 0.977545    0.973054    0.000000    0.972769    nan         nan         0.105840    nan         0.970660    nan         0.980769    nan         0.977545    nan         0.973054    nan         0.966879    nan         [401-5000]  (N=25)
[36mINFO[0m 08/07 11:48:06 | oracle = 96.781%
[36mINFO[0m 08/07 11:48:06 | iid = 94.686%
[36mINFO[0m 08/07 11:48:06 | last = 95.210%
[36mINFO[0m 08/07 11:48:06 | last (inD) = 95.418%
[36mINFO[0m 08/07 11:48:06 | iid (inD) = 96.525%
[36mINFO[0m 08/07 11:48:06 | SWAD = 97.754%
[36mINFO[0m 08/07 11:48:06 | SWAD (inD) = 97.277%
[36mINFO[0m 08/07 11:48:08 | 
[36mINFO[0m 08/07 11:48:08 | Testenv name escaping te_sketch -> te_sketch
[36mINFO[0m 08/07 11:48:08 | Test envs = [3], name = te_sketch
[36mINFO[0m 08/07 11:48:08 | Batch sizes for each domain: [32, 32, 32, 0] (total=96)
[36mINFO[0m 08/07 11:48:08 | steps-per-epoch for each domain: 51.22, 58.62, 41.75 -> min = 41.75
[36mINFO[0m 08/07 11:48:14 | # of params = 25354320
[36mINFO[0m 08/07 11:48:21 | test_in     test_out    train_in    train_out   test_in_au  train_out_  tr_outloss  test_out_a  env0_out    env0_out_a  env1_out    env1_out_a  env2_out    env2_out_a  env3_in     env3_in_au  env3_out    env3_out_a  step        epoch       loss        inv_ce      l2          penalty     l1          cl          step_time   eval_time   mem_gb     
[36mINFO[0m 08/07 11:48:21 | 0.121501    0.126115    0.000000    0.249357    nan         nan         1.943363    nan         0.246944    nan         0.183761    nan         0.317365    nan         0.121501    nan         0.126115    nan         0           0.000000    2.191746    1.951820    0.029514    0.000000    0.000019    0.775029    0.319766    6.671827    8.056678   
[36mINFO[0m 08/07 11:50:09 | 0.622137    0.625478    0.000000    0.902014    nan         nan         0.305742    nan         0.875306    nan         0.869658    nan         0.961078    nan         0.622137    nan         0.625478    nan         200         4.790419    0.902552    0.549050    0.029512    0.000000    0.000019    0.580862    0.429738    6.310801    8.462653   
[36mINFO[0m 08/07 11:52:00 | 0.645674    0.630573    0.000000    0.949809    nan         nan         0.178207    nan         0.941320    nan         0.923077    nan         0.985030    nan         0.645674    nan         0.630573    nan         400         9.580838    0.348774    0.114247    0.020684    0.000000    0.000022    0.213820    0.435312    6.455762    8.667162   
[36mINFO[0m 08/07 11:53:45 | 0.794529    0.784713    0.000000    0.969759    nan         nan         0.111780    nan         0.958435    nan         0.965812    nan         0.985030    nan         0.794529    nan         0.784713    nan         600         14.371257   0.199593    0.058682    0.020613    0.000000    0.000023    0.120276    0.410769    6.400441    8.856394   
[36mINFO[0m 08/07 11:55:34 | 0.746819    0.719745    0.000000    0.956764    nan         nan         0.126861    nan         0.933985    nan         0.957265    nan         0.979042    nan         0.746819    nan         0.719745    nan         800         19.161677   0.157966    0.043184    0.020452    0.000000    0.000023    0.094307    0.422622    6.604105    9.051185   
[36mINFO[0m 08/07 11:57:17 | 0.629771    0.608917    0.000000    0.963139    nan         nan         0.138654    nan         0.953545    nan         0.965812    nan         0.970060    nan         0.629771    nan         0.608917    nan         1000        23.952096   0.140806    0.036846    0.020277    0.000000    0.000023    0.083660    0.408926    6.406103    9.241520   
Model converged at step 600, Start step = -1; Threshold = 0.163494, 
[36mINFO[0m 08/07 11:59:08 | 0.770674    0.756688    0.000000    0.955378    nan         nan         0.158035    nan         0.931540    nan         0.961538    nan         0.973054    nan         0.770674    nan         0.756688    nan         1200        28.742515   0.114148    0.028938    0.020110    0.000000    0.000023    0.065076    0.427912    6.473313    9.622500   
[36mINFO[0m 08/07 12:00:57 | 0.666349    0.649682    0.000000    0.947558    nan         nan         0.176477    nan         0.921760    nan         0.950855    nan         0.970060    nan         0.666349    nan         0.649682    nan         1400        33.532934   0.105779    0.026031    0.019934    0.000000    0.000023    0.059791    0.425790    6.336626    9.811624   
[36mINFO[0m 08/07 12:02:40 | 0.742684    0.721019    0.000000    0.963871    nan         nan         0.124980    nan         0.943765    nan         0.965812    nan         0.982036    nan         0.742684    nan         0.721019    nan         1600        38.323353   0.082043    0.018202    0.019773    0.000000    0.000023    0.044045    0.401360    6.679926    9.824836   
[36mINFO[0m 08/07 12:04:28 | 0.731552    0.732484    0.000000    0.952265    nan         nan         0.156946    nan         0.938875    nan         0.950855    nan         0.967066    nan         0.731552    nan         0.732484    nan         1800        43.113772   0.077114    0.017349    0.019637    0.000000    0.000023    0.040104    0.413009    5.921468    9.826813   
[36mINFO[0m 08/07 12:06:23 | 0.728690    0.721019    0.000000    0.952810    nan         nan         0.142075    nan         0.931540    nan         0.965812    nan         0.961078    nan         0.728690    nan         0.721019    nan         2000        47.904192   0.092629    0.021709    0.019524    0.000000    0.000024    0.051373    0.438459    6.382806    9.827419   
[36mINFO[0m 08/07 12:08:07 | 0.763995    0.770701    0.000000    0.964811    nan         nan         0.125636    nan         0.955990    nan         0.959402    nan         0.979042    nan         0.763995    nan         0.770701    nan         2200        52.694611   0.078749    0.016811    0.019423    0.000000    0.000024    0.042492    0.394239    6.418258    9.827419   
[36mINFO[0m 08/07 12:09:54 | 0.743321    0.746497    0.000000    0.965379    nan         nan         0.114962    nan         0.955990    nan         0.970085    nan         0.970060    nan         0.743321    nan         0.746497    nan         2400        57.485030   0.117156    0.028133    0.019333    0.000000    0.000024    0.069667    0.403547    6.303833    9.827419   
[36mINFO[0m 08/07 12:11:48 | 0.790712    0.761783    0.000000    0.968228    nan         nan         0.100573    nan         0.955990    nan         0.978632    nan         0.970060    nan         0.790712    nan         0.761783    nan         2600        62.275449   0.043907    0.007077    0.019254    0.000000    0.000024    0.017552    0.433173    6.283796    9.829291   
[36mINFO[0m 08/07 12:13:35 | 0.729326    0.715924    0.000000    0.967558    nan         nan         0.115199    nan         0.953545    nan         0.970085    nan         0.979042    nan         0.729326    nan         0.715924    nan         2800        67.065868   0.058722    0.011707    0.019179    0.000000    0.000024    0.027812    0.400483    6.405687    9.832347   
[36mINFO[0m 08/07 12:15:01 | 0.761450    0.740127    0.000000    0.959940    nan         nan         0.122393    nan         0.948655    nan         0.970085    nan         0.961078    nan         0.761450    nan         0.740127    nan         3000        71.856287   0.050780    0.009572    0.019113    0.000000    0.000024    0.022071    0.318953    7.060165    9.832347   
[36mINFO[0m 08/07 12:16:55 | 0.583969    0.563057    0.000000    0.955686    nan         nan         0.161727    nan         0.938875    nan         0.955128    nan         0.973054    nan         0.583969    nan         0.563057    nan         3200        76.646707   0.073463    0.014717    0.019058    0.000000    0.000024    0.039664    0.427475    6.469681    9.834865   
[36mINFO[0m 08/07 12:18:51 | 0.760496    0.754140    0.000000    0.954822    nan         nan         0.149808    nan         0.921760    nan         0.978632    nan         0.964072    nan         0.760496    nan         0.754140    nan         3400        81.437126   0.062351    0.011981    0.019005    0.000000    0.000024    0.031340    0.424703    7.899811    9.835493   
[36mINFO[0m 08/07 12:20:42 | 0.743957    0.745223    0.000000    0.951835    nan         nan         0.225499    nan         0.938875    nan         0.961538    nan         0.955090    nan         0.743957    nan         0.745223    nan         3600        86.227545   0.079438    0.017308    0.018954    0.000000    0.000024    0.043152    0.414906    6.910944    9.836635   
[36mINFO[0m 08/07 12:22:32 | 0.775127    0.773248    0.000000    0.963608    nan         nan         0.118459    nan         0.951100    nan         0.963675    nan         0.976048    nan         0.775127    nan         0.773248    nan         3800        91.017964   0.080647    0.016729    0.018908    0.000000    0.000025    0.044986    0.411539    7.343597    9.836635   
[36mINFO[0m 08/07 12:24:24 | 0.698155    0.696815    0.000000    0.946621    nan         nan         0.225143    nan         0.926650    nan         0.955128    nan         0.958084    nan         0.698155    nan         0.696815    nan         4000        95.808383   0.072332    0.015152    0.018871    0.000000    0.000025    0.038285    0.412010    6.811979    9.838015   
[36mINFO[0m 08/07 12:26:16 | 0.750000    0.747771    0.000000    0.952669    nan         nan         0.194932    nan         0.931540    nan         0.959402    nan         0.967066    nan         0.750000    nan         0.747771    nan         4200        100.598802  0.057566    0.010095    0.018820    0.000000    0.000025    0.028627    0.416832    6.841508    9.840395   
[36mINFO[0m 08/07 12:28:04 | 0.758906    0.754140    0.000000    0.943642    nan         nan         0.266241    nan         0.916870    nan         0.967949    nan         0.946108    nan         0.758906    nan         0.754140    nan         4400        105.389222  0.060298    0.011408    0.018790    0.000000    0.000025    0.030076    0.395353    6.965043    9.840395   
[36mINFO[0m 08/07 12:29:45 | 0.822201    0.802548    0.000000    0.963257    nan         nan         0.124777    nan         0.946210    nan         0.976496    nan         0.967066    nan         0.822201    nan         0.802548    nan         4600        110.179641  0.055290    0.010206    0.018749    0.000000    0.000025    0.026310    0.375459    7.036367    9.840395   
[36mINFO[0m 08/07 12:31:29 | 0.784987    0.766879    0.000000    0.970387    nan         nan         0.094763    nan         0.963325    nan         0.980769    nan         0.967066    nan         0.784987    nan         0.766879    nan         4800        114.970060  0.047761    0.007790    0.018713    0.000000    0.000025    0.021232    0.382940    7.248278    9.840395   
[36mINFO[0m 08/07 12:33:17 | 0.782443    0.785987    0.000000    0.968109    nan         nan         0.133525    nan         0.963325    nan         0.967949    nan         0.973054    nan         0.782443    nan         0.785987    nan         5000        119.760479  0.052268    0.009506    0.018680    0.000000    0.000025    0.024057    0.398530    7.292311    9.842255   
[36mINFO[0m 08/07 12:33:23 | ---
[33mWARNING[0m 08/07 12:33:45 | Evaluate SWAD ...
[36mINFO[0m 08/07 12:33:51 | 0.806616    0.802548    0.000000    0.979738    nan         nan         0.105687    nan         0.975550    nan         0.978632    nan         0.985030    nan         0.806616    nan         0.802548    nan         [401-5000]  (N=23)
[36mINFO[0m 08/07 12:33:51 | oracle = 82.220%
[36mINFO[0m 08/07 12:33:51 | iid = 78.499%
[36mINFO[0m 08/07 12:33:51 | last = 78.244%
[36mINFO[0m 08/07 12:33:51 | last (inD) = 96.811%
[36mINFO[0m 08/07 12:33:51 | iid (inD) = 97.039%
[36mINFO[0m 08/07 12:33:51 | SWAD = 80.662%
[36mINFO[0m 08/07 12:33:51 | SWAD (inD) = 97.974%
[36mINFO[0m 08/07 12:33:53 | === Summary ===
[36mINFO[0m 08/07 12:33:53 | Command: /home/s21_yhr/lzh/new/DomainBed-new/train_all.py PACS_iDAG_SWAD_seed0 --dataset PACS --data_dir /home/s21_yhr/lzh/new/DomainBed-new/dataset --algorithm iDAG --steps 5000 --checkpoint_freq 200 --batch_size 32 --optimizer adam --lr 5e-5 --weight_decay 0 --resnet_dropout 0 --resnet18 False --pretrained True --freeze_bn True --swad LossValley --seed 0 --trial_seed 0 --deterministic --cache disk --prebuild_loader --image_size 224 --out_dim 512 --hidden_size 512 --num_hidden_layers 0 --dag_anneal_steps 200 --temperature 0.07 --ema_ratio 0.99 --lambda1 0.01 --lambda2 0.01 --rho 1.0 --alpha 1.0 --rho_max 100.0 --weight_mu 1.0 --weight_nu 1.0
[36mINFO[0m 08/07 12:33:53 | Unique name: 260807_10-18-29_PACS_iDAG_SWAD_seed0
[36mINFO[0m 08/07 12:33:53 | Out path: train_output/PACS/260807_10-18-29_PACS_iDAG_SWAD_seed0
[36mINFO[0m 08/07 12:33:53 | Algorithm: iDAG
[36mINFO[0m 08/07 12:33:53 | Dataset: PACS
+------------+--------------+---------+---------+---------+---------+
| Selection  | art_painting | cartoon |  photo  |  sketch |   Avg.  |
+------------+--------------+---------+---------+---------+---------+
|   oracle   |   82.733%    | 83.049% | 96.781% | 82.220% | 86.196% |
|    iid     |   84.869%    | 83.049% | 94.686% | 78.499% | 85.276% |
|    last    |   74.314%    | 81.557% | 95.210% | 78.244% | 82.331% |
| last (inD) |   96.261%    | 95.183% | 95.418% | 96.811% | 95.918% |
| iid (inD)  |   97.372%    | 97.045% | 96.525% | 97.039% | 96.995% |
|    SWAD    |   89.750%    | 81.983% | 97.754% | 80.662% | 87.537% |
| SWAD (inD) |   97.700%    | 97.555% | 97.277% | 97.974% | 97.626% |
+------------+--------------+---------+---------+---------+---------+
================================================================================
Starting iDAG_SWAD, seed=1, physical GPU=3
/home/s21_yhr/miniconda3/envs/GGA/bin/python /home/s21_yhr/lzh/new/DomainBed-new/train_all.py PACS_iDAG_SWAD_seed1 --dataset PACS --data_dir /home/s21_yhr/lzh/new/DomainBed-new/dataset --algorithm iDAG --steps 5000 --checkpoint_freq 200 --batch_size 32 --optimizer adam --lr 5e-5 --weight_decay 0 --resnet_dropout 0 --resnet18 False --pretrained True --freeze_bn True --swad LossValley --seed 1 --trial_seed 1 --deterministic --cache disk --prebuild_loader --image_size 224 --out_dim 512 --hidden_size 512 --num_hidden_layers 0 --dag_anneal_steps 200 --temperature 0.07 --ema_ratio 0.99 --lambda1 0.01 --lambda2 0.01 --rho 1.0 --alpha 1.0 --rho_max 100.0 --weight_mu 1.0 --weight_nu 1.0
================================================================================
[36mINFO[0m 08/07 12:34:00 | Command :: /home/s21_yhr/lzh/new/DomainBed-new/train_all.py PACS_iDAG_SWAD_seed1 --dataset PACS --data_dir /home/s21_yhr/lzh/new/DomainBed-new/dataset --algorithm iDAG --steps 5000 --checkpoint_freq 200 --batch_size 32 --optimizer adam --lr 5e-5 --weight_decay 0 --resnet_dropout 0 --resnet18 False --pretrained True --freeze_bn True --swad LossValley --seed 1 --trial_seed 1 --deterministic --cache disk --prebuild_loader --image_size 224 --out_dim 512 --hidden_size 512 --num_hidden_layers 0 --dag_anneal_steps 200 --temperature 0.07 --ema_ratio 0.99 --lambda1 0.01 --lambda2 0.01 --rho 1.0 --alpha 1.0 --rho_max 100.0 --weight_mu 1.0 --weight_nu 1.0
Environment:
	Python: 3.11.15
	PyTorch: 2.11.0+cu128
	Torchvision: 0.26.0+cu128
	CUDA: 12.8
	CUDNN: 91900
	NumPy: 1.26.4
	PIL: 12.2.0
Args:
	algorithm: iDAG
	batch_size: 32
	cache: disk
	cache_root: cache
	cache_size: None
	checkpoint_freq: 200
	configs: []
	data_dir: /home/s21_yhr/lzh/new/DomainBed-new/dataset
	dataset: PACS
	debug: False
	deterministic: True
	end_step: 200
	evalmode: fast
	extra_search: n
	extra_search_end: None
	extra_search_start: None
	gga_l_gamma: 0.001
	grad_fn: sum
	holdout_fraction: 0.2
	model_save: None
	name: PACS_iDAG_SWAD_seed1
	neighborhoodSize: 1e-06
	out_dir: train_output/PACS/260807_12-34-00_PACS_iDAG_SWAD_seed1
	out_root: train_output/PACS
	prebuild_loader: True
	q_steps: 2000
	quant: 0
	resize_mode: stretch
	saliency: False
	saliency_cmap: jet
	saliency_every: 0
	saliency_noise: 0.15
	saliency_num: 16
	saliency_samples: 25
	saliency_split: test_in
	seed: 1
	show: False
	start_step: 100
	steps: 5000
	tb_freq: 10
	test_envs: None
	train_output: train_output
	trial_seed: 1
	unique_name: 260807_12-34-00_PACS_iDAG_SWAD_seed1
	work_dir: .
HParams:
	data_augmentation: True
	val_augment: False
	[36mresnet18: False
	[0m[36mresnet_dropout: 0
	[0mclass_balanced: False
	[36moptimizer: adam
	[0m[36mfreeze_bn: True
	[0m[36mpretrained: True
	[0m[36mimage_size: 224
	[0m[36mlr: 5e-05
	[0mbatch_size: 32
	[36mweight_decay: 0
	[0m[36mhidden_size: 512
	[0m[36mout_dim: 512
	[0m[36mnum_hidden_layers: 0
	[0m[36mdag_anneal_steps: 200
	[0m[36mtemperature: 0.07
	[0m[36mema_ratio: 0.99
	[0m[36mlambda1: 0.01
	[0m[36mlambda2: 0.01
	[0m[36mrho_max: 100.0
	[0m[36mrho: 1.0
	[0m[36malpha: 1.0
	[0m[36mweight_nu: 1.0
	[0m[36mweight_mu: 1.0
	[0m[36mswad: LossValley
	[0mswad_kwargs: 
	  n_converge: 3
	  n_tolerance: 6
	  tolerance_ratio: 0.3
	test_batchsize: 128
	indomain_test: False
	grad_fn: sum
	extra_search: n
	logdir: train_output/PACS/260807_12-34-00_PACS_iDAG_SWAD_seed1
	neighborhoodSize: 1e-06
	start_step: 100
	end_step: 200
	extra_search_start: None
	extra_search_end: None
	gga_l_gamma: 0.001
Dataset:
	[PACS] #envs=4, #classes=7
	env0: art_painting (#2048)
	env1: cartoon (#2344)
	env2: photo (#1670)
	env3: sketch (#3929)

[36mINFO[0m 08/07 12:34:00 | n_steps = 5000
[36mINFO[0m 08/07 12:34:00 | checkpoint_freq = 200
[36mINFO[0m 08/07 12:34:00 | n_steps is updated to 5000 => 5001 for checkpointing
[36mINFO[0m 08/07 12:34:00 | Target test envs = [[0], [1], [2], [3]]
[36mINFO[0m 08/07 12:34:00 | 
[36mINFO[0m 08/07 12:34:00 | Testenv name escaping te_art_painting -> te_art_painting
[36mINFO[0m 08/07 12:34:00 | Test envs = [0], name = te_art_painting
[36mINFO[0m 08/07 12:34:00 | Batch sizes for each domain: [0, 32, 32, 32] (total=96)
[36mINFO[0m 08/07 12:34:00 | steps-per-epoch for each domain: 58.62, 41.75, 98.25 -> min = 41.75
/home/s21_yhr/miniconda3/envs/GGA/lib/python3.11/site-packages/torchvision/models/_utils.py:208: UserWarning: The parameter 'pretrained' is deprecated since 0.13 and may be removed in the future, please use 'weights' instead.
  warnings.warn(
/home/s21_yhr/miniconda3/envs/GGA/lib/python3.11/site-packages/torchvision/models/_utils.py:223: UserWarning: Arguments other than a weight enum or `None` for 'weights' are deprecated since 0.13 and may be removed in the future. The current behavior is equivalent to passing `weights=ResNet50_Weights.IMAGENET1K_V1`. You can also use `weights=ResNet50_Weights.DEFAULT` to get the most up-to-date weights.
  warnings.warn(msg)
[36mINFO[0m 08/07 12:34:06 | # of params = 25354320
/home/s21_yhr/lzh/new/DomainBed-new/domainbed/algorithms/algorithms.py:161: UserWarning: The use of `x.T` on tensors of dimension other than 2 to reverse their shape is deprecated and it will throw an error in a future release. Consider `x.mT` to transpose batches of matrices or `x.permute(*torch.arange(x.ndim - 1, -1, -1))` to reverse the dimensions of a tensor. (Triggered internally at /pytorch/aten/src/ATen/native/TensorShape.cpp:4480.)
  mask_neg = torch.not_equal(labels, labels.T)
[36mINFO[0m 08/07 12:34:12 | test_in     test_out    train_in    train_out   test_in_au  test_out_a  train_out_  tr_outloss  env0_in     env0_in_au  env0_out    env0_out_a  env1_out    env1_out_a  env2_out    env2_out_a  env3_out    env3_out_a  step        epoch       loss        inv_ce      l2          penalty     l1          cl          step_time   eval_time   mem_gb     
[36mINFO[0m 08/07 12:34:12 | 0.205613    0.200489    0.000000    0.198045    nan         nan         nan         1.936360    0.205613    nan         0.200489    nan         0.181624    nan         0.203593    nan         0.208917    nan         0           0.000000    2.188231    1.945591    0.029489    0.000000    0.000019    0.834822    1.553292    5.082002    8.056007   
[36mINFO[0m 08/07 12:35:50 | 0.808420    0.789731    0.000000    0.928540    nan         nan         nan         0.227768    0.808420    nan         0.789731    nan         0.899573    nan         0.979042    nan         0.907006    nan         200         4.790419    0.880285    0.569987    0.029376    0.000000    0.000019    0.590098    0.375191    4.352627    8.463568   
[36mINFO[0m 08/07 12:37:35 | 0.830995    0.828851    0.000000    0.965050    nan         nan         nan         0.114331    0.830995    nan         0.828851    nan         0.948718    nan         0.991018    nan         0.955414    nan         400         9.580838    0.332311    0.117927    0.020678    0.000000    0.000022    0.193684    0.413851    4.483833    8.666975   
[36mINFO[0m 08/07 12:39:13 | 0.817572    0.784841    0.000000    0.943472    nan         nan         nan         0.169300    0.817572    nan         0.784841    nan         0.935897    nan         0.976048    nan         0.918471    nan         600         14.371257   0.214869    0.068909    0.020585    0.000000    0.000023    0.125352    0.390130    4.305497    8.858402   
[36mINFO[0m 08/07 12:40:57 | 0.840146    0.850856    0.000000    0.963485    nan         nan         nan         0.114164    0.840146    nan         0.850856    nan         0.938034    nan         0.997006    nan         0.955414    nan         800         19.161677   0.178120    0.055792    0.020422    0.000000    0.000023    0.101883    0.410459    4.999341    9.052991   
[36mINFO[0m 08/07 12:42:38 | 0.821232    0.828851    0.000000    0.959123    nan         nan         nan         0.135318    0.821232    nan         0.828851    nan         0.963675    nan         0.985030    nan         0.928662    nan         1000        23.952096   0.119724    0.033676    0.020206    0.000000    0.000023    0.065819    0.407741    4.960641    9.240882   
[36mINFO[0m 08/07 12:44:17 | 0.824893    0.801956    0.000000    0.964351    nan         nan         nan         0.094228    0.824893    nan         0.801956    nan         0.952991    nan         0.991018    nan         0.949045    nan         1200        28.742515   0.115475    0.032584    0.020001    0.000000    0.000023    0.062868    0.388273    5.005348    9.431201   
[36mINFO[0m 08/07 12:45:40 | 0.805979    0.806846    0.000000    0.960641    nan         nan         nan         0.115182    0.805979    nan         0.806846    nan         0.942308    nan         0.988024    nan         0.951592    nan         1400        33.532934   0.102482    0.027557    0.019801    0.000000    0.000023    0.055102    0.327657    4.757437    9.621332   
[36mINFO[0m 08/07 12:47:28 | 0.788896    0.765281    0.000000    0.958097    nan         nan         nan         0.116145    0.788896    nan         0.765281    nan         0.950855    nan         0.982036    nan         0.941401    nan         1600        38.323353   0.087714    0.022425    0.019630    0.000000    0.000023    0.045636    0.426796    4.884057    9.630980   
Model converged at step 1200, Start step = 801; Threshold = 0.141074, 
[36mINFO[0m 08/07 12:49:20 | 0.796827    0.792176    0.000000    0.969734    nan         nan         nan         0.091394    0.796827    nan         0.792176    nan         0.955128    nan         0.991018    nan         0.963057    nan         1800        43.113772   0.062585    0.014544    0.019472    0.000000    0.000024    0.028546    0.414209    4.981063    9.826362   
[36mINFO[0m 08/07 12:51:13 | 0.841367    0.831296    0.000000    0.969459    nan         nan         nan         0.107781    0.841367    nan         0.831296    nan         0.955128    nan         0.994012    nan         0.959236    nan         2000        47.904192   0.128063    0.034574    0.019333    0.000000    0.000024    0.074133    0.438222    5.129315    9.827415   
[36mINFO[0m 08/07 12:52:59 | 0.832215    0.831296    0.000000    0.972998    nan         nan         nan         0.097731    0.832215    nan         0.831296    nan         0.965812    nan         0.985030    nan         0.968153    nan         2200        52.694611   0.091353    0.022895    0.019217    0.000000    0.000024    0.049217    0.428872    5.247705    9.829230   
[36mINFO[0m 08/07 12:54:48 | 0.824893    0.814181    0.000000    0.975407    nan         nan         nan         0.102214    0.824893    nan         0.814181    nan         0.963675    nan         0.988024    nan         0.974522    nan         2400        57.485030   0.056796    0.012421    0.019113    0.000000    0.000024    0.025238    0.405936    4.791180    9.831142   
[36mINFO[0m 08/07 12:56:41 | 0.732764    0.723716    0.000000    0.971855    nan         nan         nan         0.098077    0.732764    nan         0.723716    nan         0.974359    nan         0.973054    nan         0.968153    nan         2600        62.275449   0.069029    0.016222    0.019030    0.000000    0.000024    0.033754    0.419516    5.736860    9.832855   
[36mINFO[0m 08/07 12:58:32 | 0.851739    0.877751    0.000000    0.967637    nan         nan         nan         0.107111    0.851739    nan         0.877751    nan         0.963675    nan         0.994012    nan         0.945223    nan         2800        67.065868   0.088588    0.022325    0.018958    0.000000    0.000024    0.047281    0.427519    4.475527    9.832855   
[36mINFO[0m 08/07 13:00:16 | 0.829164    0.826406    0.000000    0.970139    nan         nan         nan         0.090586    0.829164    nan         0.826406    nan         0.959402    nan         0.979042    nan         0.971975    nan         3000        71.856287   0.062226    0.014073    0.018883    0.000000    0.000024    0.029245    0.398350    4.610053    9.832925   
[36mINFO[0m 08/07 13:02:13 | 0.791946    0.782396    0.000000    0.970863    nan         nan         nan         0.089783    0.791946    nan         0.782396    nan         0.963675    nan         0.982036    nan         0.966879    nan         3200        76.646707   0.053421    0.010817    0.018832    0.000000    0.000024    0.023747    0.455387    4.555324    9.835085   
[36mINFO[0m 08/07 13:04:03 | 0.812691    0.809291    0.000000    0.961805    nan         nan         nan         0.133321    0.812691    nan         0.809291    nan         0.957265    nan         0.988024    nan         0.940127    nan         3400        81.437126   0.067548    0.015432    0.018788    0.000000    0.000025    0.033304    0.426114    5.028460    9.836277   
[36mINFO[0m 08/07 13:05:50 | 0.737645    0.733496    0.000000    0.976845    nan         nan         nan         0.075868    0.737645    nan         0.733496    nan         0.974359    nan         0.988024    nan         0.968153    nan         3600        86.227545   0.077779    0.018561    0.018740    0.000000    0.000025    0.040453    0.406302    4.852962    9.836277   
[36mINFO[0m 08/07 13:07:38 | 0.810860    0.809291    0.000000    0.965637    nan         nan         nan         0.139302    0.810860    nan         0.809291    nan         0.955128    nan         0.994012    nan         0.947771    nan         3800        91.017964   0.051583    0.010739    0.018700    0.000000    0.000025    0.022119    0.411562    4.350418    9.836864   
[36mINFO[0m 08/07 13:09:32 | 0.875534    0.885086    0.000000    0.979129    nan         nan         nan         0.075124    0.875534    nan         0.885086    nan         0.976496    nan         0.994012    nan         0.966879    nan         4000        95.808383   0.037105    0.005650    0.018636    0.000000    0.000025    0.012794    0.433068    4.891397    9.837405   
[36mINFO[0m 08/07 13:11:22 | 0.761440    0.767726    0.000000    0.962745    nan         nan         nan         0.137001    0.761440    nan         0.767726    nan         0.946581    nan         0.976048    nan         0.965605    nan         4200        100.598802  0.068151    0.015673    0.018608    0.000000    0.000025    0.033844    0.417587    5.161820    9.838247   
[36mINFO[0m 08/07 13:12:58 | 0.721782    0.721271    0.000000    0.971435    nan         nan         nan         0.104124    0.721782    nan         0.721271    nan         0.959402    nan         0.988024    nan         0.966879    nan         4400        105.389222  0.074615    0.017202    0.018556    0.000000    0.000025    0.038833    0.363114    6.042183    9.841197   
[36mINFO[0m 08/07 13:14:53 | 0.767541    0.750611    0.000000    0.967721    nan         nan         nan         0.114154    0.767541    nan         0.750611    nan         0.940171    nan         0.991018    nan         0.971975    nan         4600        110.179641  0.052019    0.010651    0.018523    0.000000    0.000025    0.022820    0.439755    4.756575    9.841631   
[36mINFO[0m 08/07 13:16:49 | 0.690665    0.674817    0.000000    0.942126    nan         nan         nan         0.233164    0.690665    nan         0.674817    nan         0.918803    nan         0.961078    nan         0.946497    nan         4800        114.970060  0.045485    0.008608    0.018478    0.000000    0.000025    0.018374    0.448777    4.837392    9.843252   
[36mINFO[0m 08/07 13:18:39 | 0.779744    0.772616    0.000000    0.967866    nan         nan         nan         0.106910    0.779744    nan         0.772616    nan         0.955128    nan         0.979042    nan         0.969427    nan         5000        119.760479  0.070752    0.016494    0.018438    0.000000    0.000026    0.035794    0.424358    5.019805    9.843252   
[36mINFO[0m 08/07 13:18:45 | ---
[33mWARNING[0m 08/07 13:19:05 | Evaluate SWAD ...
[36mINFO[0m 08/07 13:19:10 | 0.885296    0.882641    0.000000    0.987222    nan         nan         nan         0.051975    0.885296    nan         0.882641    nan         0.985043    nan         0.997006    nan         0.979618    nan         [801-5000]  (N=22)
[36mINFO[0m 08/07 13:19:10 | oracle = 87.553%
[36mINFO[0m 08/07 13:19:10 | iid = 87.553%
[36mINFO[0m 08/07 13:19:10 | last = 77.974%
[36mINFO[0m 08/07 13:19:10 | last (inD) = 96.787%
[36mINFO[0m 08/07 13:19:10 | iid (inD) = 97.913%
[36mINFO[0m 08/07 13:19:10 | SWAD = 88.530%
[36mINFO[0m 08/07 13:19:10 | SWAD (inD) = 98.722%
[36mINFO[0m 08/07 13:19:11 | 
[36mINFO[0m 08/07 13:19:12 | Testenv name escaping te_cartoon -> te_cartoon
[36mINFO[0m 08/07 13:19:12 | Test envs = [1], name = te_cartoon
[36mINFO[0m 08/07 13:19:12 | Batch sizes for each domain: [32, 0, 32, 32] (total=96)
[36mINFO[0m 08/07 13:19:12 | steps-per-epoch for each domain: 51.22, 41.75, 98.25 -> min = 41.75
[36mINFO[0m 08/07 13:19:20 | # of params = 25354320
[36mINFO[0m 08/07 13:19:26 | test_in     test_out    train_in    train_out   test_in_au  train_out_  tr_outloss  test_out_a  env0_out    env0_out_a  env1_in     env1_in_au  env1_out    env1_out_a  env2_out    env2_out_a  env3_out    env3_out_a  step        epoch       loss        inv_ce      l2          penalty     l1          cl          step_time   eval_time   mem_gb     
[36mINFO[0m 08/07 13:19:26 | 0.181770    0.188034    0.000000    0.204953    nan         nan         1.938447    nan         0.195599    nan         0.181770    nan         0.188034    nan         0.197605    nan         0.221656    nan         0           0.000000    2.228827    1.952341    0.029503    0.000000    0.000019    0.864803    0.396571    5.082882    8.056678   
[36mINFO[0m 08/07 13:21:13 | 0.732409    0.726496    0.000000    0.955331    nan         nan         0.179601    nan         0.943765    nan         0.732409    nan         0.726496    nan         0.991018    nan         0.931210    nan         200         4.790419    0.884927    0.548654    0.029460    0.000000    0.000019    0.596471    0.411424    5.271508    8.462653   
[36mINFO[0m 08/07 13:22:54 | 0.744136    0.711538    0.000000    0.949055    nan         nan         0.153587    nan         0.946210    nan         0.744136    nan         0.711538    nan         0.985030    nan         0.915924    nan         400         9.580838    0.375436    0.126715    0.020784    0.000000    0.000022    0.227914    0.401476    5.003322    8.667162   
[36mINFO[0m 08/07 13:24:44 | 0.745736    0.722222    0.000000    0.960025    nan         nan         0.133512    nan         0.931540    nan         0.745736    nan         0.722222    nan         0.988024    nan         0.960510    nan         600         14.371257   0.221640    0.067623    0.020690    0.000000    0.000023    0.133305    0.440135    4.971823    8.856394   
[36mINFO[0m 08/07 13:26:31 | 0.780384    0.758547    0.000000    0.961976    nan         nan         0.115662    nan         0.943765    nan         0.780384    nan         0.758547    nan         0.988024    nan         0.954140    nan         800         19.161677   0.179852    0.052594    0.020541    0.000000    0.000023    0.106695    0.424265    3.631763    9.051185   
[36mINFO[0m 08/07 13:28:25 | 0.729744    0.720085    0.000000    0.954287    nan         nan         0.149964    nan         0.936430    nan         0.729744    nan         0.720085    nan         0.985030    nan         0.941401    nan         1000        23.952096   0.126475    0.034758    0.020350    0.000000    0.000023    0.071344    0.445337    5.535953    9.241520   
[36mINFO[0m 08/07 13:30:07 | 0.809168    0.807692    0.000000    0.958741    nan         nan         0.127057    nan         0.941320    nan         0.809168    nan         0.807692    nan         0.982036    nan         0.952866    nan         1200        28.742515   0.133934    0.036877    0.020160    0.000000    0.000023    0.076873    0.405737    4.936435    9.431189   
Model converged at step 800, Start step = 401; Threshold = 0.170163, 
[36mINFO[0m 08/07 13:32:05 | 0.779851    0.752137    0.000000    0.949500    nan         nan         0.165703    nan         0.914425    nan         0.779851    nan         0.752137    nan         0.985030    nan         0.949045    nan         1400        33.532934   0.111687    0.030288    0.019951    0.000000    0.000023    0.061425    0.440014    4.987676    9.811192   
[36mINFO[0m 08/07 13:33:47 | 0.785714    0.771368    0.000000    0.965235    nan         nan         0.102322    nan         0.933985    nan         0.785714    nan         0.771368    nan         0.991018    nan         0.970701    nan         1600        38.323353   0.118073    0.030497    0.019763    0.000000    0.000023    0.067789    0.396515    4.985837    9.822333   
[36mINFO[0m 08/07 13:35:33 | 0.829424    0.794872    0.000000    0.963365    nan         nan         0.114318    nan         0.946210    nan         0.829424    nan         0.794872    nan         0.991018    nan         0.952866    nan         1800        43.113772   0.080326    0.019076    0.019609    0.000000    0.000023    0.041618    0.412612    5.359870    9.826128   
[36mINFO[0m 08/07 13:37:18 | 0.761727    0.756410    0.000000    0.963192    nan         nan         0.133679    nan         0.938875    nan         0.761727    nan         0.756410    nan         0.994012    nan         0.956688    nan         2000        47.904192   0.094375    0.024135    0.019478    0.000000    0.000024    0.050738    0.393782    5.129914    9.831325   
[36mINFO[0m 08/07 13:39:07 | 0.813433    0.794872    0.000000    0.962287    nan         nan         0.139068    nan         0.941320    nan         0.813433    nan         0.794872    nan         0.985030    nan         0.960510    nan         2200        52.694611   0.097737    0.024565    0.019363    0.000000    0.000024    0.053785    0.414303    5.090033    9.831534   
[36mINFO[0m 08/07 13:40:44 | 0.722814    0.722222    0.000000    0.955237    nan         nan         0.169464    nan         0.909535    nan         0.722814    nan         0.722222    nan         0.988024    nan         0.968153    nan         2400        57.485030   0.061080    0.013186    0.019250    0.000000    0.000024    0.028620    0.368514    4.480095    9.833409   
[36mINFO[0m 08/07 13:42:28 | 0.825693    0.831197    0.000000    0.968965    nan         nan         0.121285    nan         0.951100    nan         0.825693    nan         0.831197    nan         0.994012    nan         0.961783    nan         2600        62.275449   0.079880    0.018228    0.019158    0.000000    0.000024    0.042469    0.389825    5.307229    9.834739   
[36mINFO[0m 08/07 13:44:21 | 0.807036    0.807692    0.000000    0.969448    nan         nan         0.097834    nan         0.955990    nan         0.807036    nan         0.807692    nan         0.988024    nan         0.964331    nan         2800        67.065868   0.075409    0.017160    0.019069    0.000000    0.000024    0.039156    0.436363    5.410208    9.835223   
[36mINFO[0m 08/07 13:46:17 | 0.787846    0.762821    0.000000    0.958509    nan         nan         0.172885    nan         0.929095    nan         0.787846    nan         0.762821    nan         0.991018    nan         0.955414    nan         3000        71.856287   0.067621    0.014467    0.018996    0.000000    0.000024    0.034133    0.432732    5.388546    9.835648   
[36mINFO[0m 08/07 13:48:14 | 0.731343    0.707265    0.000000    0.958533    nan         nan         0.131140    nan         0.936430    nan         0.731343    nan         0.707265    nan         0.985030    nan         0.954140    nan         3200        76.646707   0.091545    0.021837    0.018949    0.000000    0.000024    0.050735    0.460517    4.748585    9.837184   
[36mINFO[0m 08/07 13:50:08 | 0.814499    0.809829    0.000000    0.971686    nan         nan         0.103445    nan         0.958435    nan         0.814499    nan         0.809829    nan         0.991018    nan         0.965605    nan         3400        81.437126   0.061787    0.013586    0.018889    0.000000    0.000024    0.029287    0.450723    4.949070    9.837184   
[36mINFO[0m 08/07 13:52:06 | 0.795309    0.782051    0.000000    0.959314    nan         nan         0.164202    nan         0.941320    nan         0.795309    nan         0.782051    nan         0.985030    nan         0.951592    nan         3600        86.227545   0.055696    0.011388    0.018835    0.000000    0.000025    0.025448    0.446592    5.199451    9.837184   
[36mINFO[0m 08/07 13:53:57 | 0.808102    0.792735    0.000000    0.965891    nan         nan         0.124675    nan         0.946210    nan         0.808102    nan         0.792735    nan         0.982036    nan         0.969427    nan         3800        91.017964   0.080551    0.017761    0.018792    0.000000    0.000025    0.043974    0.428588    5.630871    9.837184   
[36mINFO[0m 08/07 13:55:48 | 0.813966    0.786325    0.000000    0.977069    nan         nan         0.101647    nan         0.968215    nan         0.813966    nan         0.786325    nan         0.991018    nan         0.971975    nan         4000        95.808383   0.071049    0.015927    0.018751    0.000000    0.000025    0.036346    0.418137    5.597668    9.839434   
[36mINFO[0m 08/07 13:57:42 | 0.764925    0.730769    0.000000    0.969700    nan         nan         0.097702    nan         0.948655    nan         0.764925    nan         0.730769    nan         0.991018    nan         0.969427    nan         4200        100.598802  0.071434    0.016036    0.018704    0.000000    0.000025    0.036668    0.440910    5.860085    9.839569   
[36mINFO[0m 08/07 13:59:35 | 0.810768    0.805556    0.000000    0.966257    nan         nan         0.146257    nan         0.941320    nan         0.810768    nan         0.805556    nan         0.988024    nan         0.969427    nan         4400        105.389222  0.052637    0.010087    0.018666    0.000000    0.000025    0.023859    0.436044    5.400400    9.840339   
[36mINFO[0m 08/07 14:01:27 | 0.766525    0.762821    0.000000    0.956316    nan         nan         0.188303    nan         0.914425    nan         0.766525    nan         0.762821    nan         0.994012    nan         0.960510    nan         4600        110.179641  0.081726    0.018102    0.018637    0.000000    0.000025    0.044962    0.427509    5.114277    9.840339   
[36mINFO[0m 08/07 14:03:19 | 0.810235    0.764957    0.000000    0.970986    nan         nan         0.110230    nan         0.958435    nan         0.810235    nan         0.764957    nan         0.994012    nan         0.960510    nan         4800        114.970060  0.051977    0.009637    0.018601    0.000000    0.000025    0.023714    0.417817    5.348704    9.840339   
[36mINFO[0m 08/07 14:05:09 | 0.798507    0.792735    0.000000    0.964007    nan         nan         0.136359    nan         0.941320    nan         0.798507    nan         0.792735    nan         0.994012    nan         0.956688    nan         5000        119.760479  0.078966    0.019260    0.018554    0.000000    0.000025    0.041127    0.419831    5.247139    9.840339   
[36mINFO[0m 08/07 14:05:15 | ---
[33mWARNING[0m 08/07 14:05:36 | Evaluate SWAD ...
[36mINFO[0m 08/07 14:05:41 | 0.837953    0.822650    0.000000    0.983243    nan         nan         0.072470    nan         0.973105    nan         0.837953    nan         0.822650    nan         0.997006    nan         0.979618    nan         [401-5000]  (N=24)
[36mINFO[0m 08/07 14:05:41 | oracle = 82.569%
[36mINFO[0m 08/07 14:05:41 | iid = 81.397%
[36mINFO[0m 08/07 14:05:41 | last = 79.851%
[36mINFO[0m 08/07 14:05:41 | last (inD) = 96.401%
[36mINFO[0m 08/07 14:05:41 | iid (inD) = 97.707%
[36mINFO[0m 08/07 14:05:41 | SWAD = 83.795%
[36mINFO[0m 08/07 14:05:41 | SWAD (inD) = 98.324%
[36mINFO[0m 08/07 14:05:43 | 
[36mINFO[0m 08/07 14:05:43 | Testenv name escaping te_photo -> te_photo
[36mINFO[0m 08/07 14:05:43 | Test envs = [2], name = te_photo
[36mINFO[0m 08/07 14:05:43 | Batch sizes for each domain: [32, 32, 0, 32] (total=96)
[36mINFO[0m 08/07 14:05:43 | steps-per-epoch for each domain: 51.22, 58.62, 98.25 -> min = 51.22
[36mINFO[0m 08/07 14:05:52 | # of params = 25354320
[36mINFO[0m 08/07 14:05:57 | test_in     test_out    train_in    train_out   test_in_au  train_out_  tr_outloss  test_out_a  env0_out    env0_out_a  env1_out    env1_out_a  env2_in     env2_in_au  env2_out    env2_out_a  env3_out    env3_out_a  step        epoch       loss        inv_ce      l2          penalty     l1          cl          step_time   eval_time   mem_gb     
[36mINFO[0m 08/07 14:05:57 | 0.095060    0.086826    0.000000    0.116573    nan         nan         1.943019    nan         0.085575    nan         0.070513    nan         0.095060    nan         0.086826    nan         0.193631    nan         0           0.000000    2.303422    1.963264    0.029498    0.000000    0.000019    1.068548    0.390227    4.694051    8.056678   
[36mINFO[0m 08/07 14:07:38 | 0.967066    0.967066    0.000000    0.930150    nan         nan         0.248438    nan         0.933985    nan         0.931624    nan         0.967066    nan         0.967066    nan         0.924841    nan         200         3.904820    1.037571    0.661156    0.029513    0.000000    0.000019    0.741135    0.396897    4.449235    8.462653   
[36mINFO[0m 08/07 14:09:09 | 0.945359    0.958084    0.000000    0.924486    nan         nan         0.217489    nan         0.941320    nan         0.912393    nan         0.945359    nan         0.958084    nan         0.919745    nan         400         7.809640    0.414819    0.150272    0.020851    0.000000    0.000022    0.243673    0.365396    4.406076    8.667162   
[36mINFO[0m 08/07 14:11:02 | 0.951347    0.967066    0.000000    0.943964    nan         nan         0.175019    nan         0.951100    nan         0.950855    nan         0.951347    nan         0.967066    nan         0.929936    nan         600         11.714460   0.258069    0.085008    0.020681    0.000000    0.000023    0.152356    0.447222    5.003324    8.856394   
[36mINFO[0m 08/07 14:12:46 | 0.967066    0.964072    0.000000    0.948436    nan         nan         0.150439    nan         0.943765    nan         0.942308    nan         0.967066    nan         0.964072    nan         0.959236    nan         800         15.619280   0.182924    0.056990    0.020488    0.000000    0.000023    0.105423    0.413809    4.252460    9.051185   
[36mINFO[0m 08/07 14:14:36 | 0.946108    0.958084    0.000000    0.939320    nan         nan         0.207922    nan         0.911980    nan         0.972222    nan         0.946108    nan         0.958084    nan         0.933758    nan         1000        19.524100   0.162498    0.048166    0.020255    0.000000    0.000023    0.094054    0.439860    4.341594    9.241520   
[36mINFO[0m 08/07 14:16:23 | 0.968563    0.967066    0.000000    0.960332    nan         nan         0.123795    nan         0.965770    nan         0.957265    nan         0.968563    nan         0.967066    nan         0.957962    nan         1200        23.428920   0.139778    0.040473    0.020026    0.000000    0.000023    0.079256    0.450279    4.583066    9.431189   
[36mINFO[0m 08/07 14:18:03 | 0.946856    0.943114    0.000000    0.944443    nan         nan         0.177563    nan         0.936430    nan         0.946581    nan         0.946856    nan         0.943114    nan         0.950318    nan         1400        27.333740   0.123909    0.034923    0.019827    0.000000    0.000023    0.069136    0.414322    4.813442    9.621825   
[36mINFO[0m 08/07 14:19:51 | 0.949850    0.967066    0.000000    0.932609    nan         nan         0.200832    nan         0.892421    nan         0.948718    nan         0.949850    nan         0.967066    nan         0.956688    nan         1600        31.238560   0.105680    0.028904    0.019657    0.000000    0.000023    0.057095    0.427588    4.599433    9.632580   
Model converged at step 1200, Start step = 601; Threshold = 0.217616, 
[36mINFO[0m 08/07 14:21:55 | 0.948353    0.943114    0.000000    0.951758    nan         nan         0.161290    nan         0.931540    nan         0.959402    nan         0.948353    nan         0.943114    nan         0.964331    nan         1800        35.143380   0.126945    0.035069    0.019500    0.000000    0.000024    0.072353    0.440173    4.416166    9.822902   
[36mINFO[0m 08/07 14:23:41 | 0.960329    0.961078    0.000000    0.942998    nan         nan         0.192991    nan         0.919315    nan         0.952991    nan         0.960329    nan         0.961078    nan         0.956688    nan         2000        39.048200   0.110851    0.030267    0.019374    0.000000    0.000024    0.061186    0.413618    4.343358    9.829690   
[36mINFO[0m 08/07 14:25:30 | 0.951347    0.952096    0.000000    0.952956    nan         nan         0.161846    nan         0.938875    nan         0.972222    nan         0.951347    nan         0.952096    nan         0.947771    nan         2200        42.953020   0.074862    0.018193    0.019264    0.000000    0.000024    0.037381    0.429681    4.529996    9.833213   
[36mINFO[0m 08/07 14:27:21 | 0.947605    0.973054    0.000000    0.953545    nan         nan         0.157314    nan         0.943765    nan         0.948718    nan         0.947605    nan         0.973054    nan         0.968153    nan         2400        46.857840   0.090977    0.022519    0.019170    0.000000    0.000024    0.049264    0.418082    4.594503    9.835109   
[36mINFO[0m 08/07 14:29:09 | 0.943862    0.949102    0.000000    0.960277    nan         nan         0.132868    nan         0.951100    nan         0.967949    nan         0.943862    nan         0.949102    nan         0.961783    nan         2600        50.762660   0.066656    0.015068    0.019085    0.000000    0.000024    0.032479    0.414846    4.208141    9.838935   
[36mINFO[0m 08/07 14:30:59 | 0.952844    0.955090    0.000000    0.971105    nan         nan         0.112181    nan         0.968215    nan         0.980769    nan         0.952844    nan         0.955090    nan         0.964331    nan         2800        54.667480   0.083380    0.020914    0.019008    0.000000    0.000024    0.043433    0.420257    4.862565    9.838935   
[36mINFO[0m 08/07 14:32:46 | 0.954341    0.955090    0.000000    0.949621    nan         nan         0.179967    nan         0.951100    nan         0.948718    nan         0.954341    nan         0.955090    nan         0.949045    nan         3000        58.572300   0.087604    0.022663    0.018936    0.000000    0.000024    0.045981    0.397085    4.824643    9.838935   
[36mINFO[0m 08/07 14:34:33 | 0.952844    0.961078    0.000000    0.957853    nan         nan         0.162036    nan         0.951100    nan         0.959402    nan         0.952844    nan         0.961078    nan         0.963057    nan         3200        62.477120   0.096453    0.025685    0.018878    0.000000    0.000024    0.051866    0.407114    5.054529    9.838935   
[36mINFO[0m 08/07 14:36:22 | 0.956587    0.967066    0.000000    0.952977    nan         nan         0.155807    nan         0.955990    nan         0.961538    nan         0.956587    nan         0.967066    nan         0.941401    nan         3400        66.381940   0.061983    0.013899    0.018844    0.000000    0.000025    0.029215    0.412329    2.892949    9.838935   
[36mINFO[0m 08/07 14:37:50 | 0.949850    0.940120    0.000000    0.949402    nan         nan         0.164013    nan         0.936430    nan         0.948718    nan         0.949850    nan         0.940120    nan         0.963057    nan         3600        70.286760   0.062947    0.014253    0.018798    0.000000    0.000025    0.029871    0.339981    4.419020    9.838935   
[36mINFO[0m 08/07 14:39:25 | 0.938623    0.961078    0.000000    0.941587    nan         nan         0.194847    nan         0.899756    nan         0.959402    nan         0.938623    nan         0.961078    nan         0.965605    nan         3800        74.191580   0.079461    0.019022    0.018733    0.000000    0.000025    0.041682    0.360873    4.219258    9.838935   
[36mINFO[0m 08/07 14:41:15 | 0.950599    0.958084    0.000000    0.968236    nan         nan         0.145165    nan         0.960880    nan         0.980769    nan         0.950599    nan         0.958084    nan         0.963057    nan         4000        78.096400   0.058658    0.012456    0.018700    0.000000    0.000025    0.027478    0.421330    4.403624    9.838935   
[36mINFO[0m 08/07 14:43:08 | 0.903443    0.943114    0.000000    0.933273    nan         nan         0.305309    nan         0.894866    nan         0.944444    nan         0.903443    nan         0.943114    nan         0.960510    nan         4200        82.001220   0.084858    0.021141    0.018662    0.000000    0.000025    0.045030    0.441817    3.906390    9.840400   
[36mINFO[0m 08/07 14:45:05 | 0.952844    0.964072    0.000000    0.955593    nan         nan         0.164238    nan         0.931540    nan         0.965812    nan         0.952844    nan         0.964072    nan         0.969427    nan         4400        85.906040   0.073752    0.017275    0.018625    0.000000    0.000025    0.037827    0.445139    4.738990    9.840892   
[36mINFO[0m 08/07 14:46:59 | 0.944611    0.961078    0.000000    0.943847    nan         nan         0.230752    nan         0.929095    nan         0.950855    nan         0.944611    nan         0.961078    nan         0.951592    nan         4600        89.810860   0.075961    0.018286    0.018588    0.000000    0.000025    0.039062    0.441948    4.477948    9.845302   
[36mINFO[0m 08/07 14:48:48 | 0.951347    0.958084    0.000000    0.955271    nan         nan         0.176182    nan         0.953545    nan         0.959402    nan         0.951347    nan         0.958084    nan         0.952866    nan         4800        93.715680   0.067677    0.015111    0.018559    0.000000    0.000025    0.033982    0.416213    4.765715    9.847220   
[36mINFO[0m 08/07 14:50:40 | 0.919910    0.958084    0.000000    0.929397    nan         nan         0.287605    nan         0.919315    nan         0.946581    nan         0.919910    nan         0.958084    nan         0.922293    nan         5000        97.620500   0.052023    0.010456    0.018523    0.000000    0.000025    0.023019    0.415706    4.375837    9.847220   
[36mINFO[0m 08/07 14:50:46 | ---
[33mWARNING[0m 08/07 14:51:03 | Evaluate SWAD ...
[36mINFO[0m 08/07 14:51:07 | 0.968563    0.970060    0.000000    0.975119    nan         nan         0.107436    nan         0.973105    nan         0.970085    nan         0.968563    nan         0.970060    nan         0.982166    nan         [601-4800]  (N=22)
[36mINFO[0m 08/07 14:51:07 | oracle = 94.760%
[36mINFO[0m 08/07 14:51:07 | iid = 95.284%
[36mINFO[0m 08/07 14:51:07 | last = 91.991%
[36mINFO[0m 08/07 14:51:07 | last (inD) = 92.940%
[36mINFO[0m 08/07 14:51:07 | iid (inD) = 97.111%
[36mINFO[0m 08/07 14:51:07 | SWAD = 96.856%
[36mINFO[0m 08/07 14:51:07 | SWAD (inD) = 97.512%
[36mINFO[0m 08/07 14:51:09 | 
[36mINFO[0m 08/07 14:51:09 | Testenv name escaping te_sketch -> te_sketch
[36mINFO[0m 08/07 14:51:09 | Test envs = [3], name = te_sketch
[36mINFO[0m 08/07 14:51:09 | Batch sizes for each domain: [32, 32, 32, 0] (total=96)
[36mINFO[0m 08/07 14:51:09 | steps-per-epoch for each domain: 51.22, 58.62, 41.75 -> min = 41.75
[36mINFO[0m 08/07 14:51:18 | # of params = 25354320
[36mINFO[0m 08/07 14:51:25 | test_in     test_out    train_in    train_out   test_in_au  train_out_  tr_outloss  test_out_a  env0_out    env0_out_a  env1_out    env1_out_a  env2_out    env2_out_a  env3_in     env3_in_au  env3_out    env3_out_a  step        epoch       loss        inv_ce      l2          penalty     l1          cl          step_time   eval_time   mem_gb     
[36mINFO[0m 08/07 14:51:25 | 0.153944    0.157962    0.000000    0.086251    nan         nan         1.941932    nan         0.085575    nan         0.053419    nan         0.119760    nan         0.153944    nan         0.157962    nan         0           0.000000    2.276657    1.969194    0.029418    0.000000    0.000019    0.866421    0.391508    7.015213    8.056678   
[36mINFO[0m 08/07 14:53:10 | 0.650445    0.650955    0.000000    0.933561    nan         nan         0.242976    nan         0.924205    nan         0.897436    nan         0.979042    nan         0.650445    nan         0.650955    nan         200         4.790419    0.939837    0.578595    0.029466    0.000000    0.000019    0.597158    0.397989    6.675930    8.462653   
[36mINFO[0m 08/07 14:55:02 | 0.687659    0.677707    0.000000    0.937877    nan         nan         0.194143    nan         0.921760    nan         0.903846    nan         0.988024    nan         0.687659    nan         0.677707    nan         400         9.580838    0.346750    0.116678    0.020747    0.000000    0.000022    0.209302    0.431304    7.757878    8.667162   
[36mINFO[0m 08/07 14:56:52 | 0.700700    0.691720    0.000000    0.968884    nan         nan         0.115987    nan         0.951100    nan         0.961538    nan         0.994012    nan         0.700700    nan         0.691720    nan         600         14.371257   0.215279    0.064064    0.020656    0.000000    0.000023    0.130536    0.427787    6.728420    8.856394   
[36mINFO[0m 08/07 14:58:42 | 0.752545    0.754140    0.000000    0.962534    nan         nan         0.126900    nan         0.955990    nan         0.946581    nan         0.985030    nan         0.752545    nan         0.754140    nan         800         19.161677   0.161680    0.045558    0.020485    0.000000    0.000023    0.095615    0.420348    6.726544    9.051185   
