nohup: 忽略输入
设备 cuda | arch resnet50 | scope pooled_split | image_size [224, 640] | seeds [0, 1, 2, 3, 4]
数据集：3 个域，2 个类 ['00', '01']
  域 00: 共   367 张   00:211  01:156   多数类基线 0.575
  域 01: 共   523 张   00:264  01:259   多数类基线 0.505
  域 02: 共   274 张   00:157  01:117   多数类基线 0.573
  合计   : 共  1164 张   多数类基线 0.543

[seed=0 size=224 pooled_split] 训练 932 张 / 测试 232 张 / 每 epoch 29 个 batch
 epoch       loss      acc      auc       秒
     1     0.6645    0.651    0.740    10.5
     2     0.5696    0.690    0.757     3.0
     3     0.5156    0.672    0.772     3.0
     4     0.4755    0.711    0.790     3.0
     5     0.4305    0.681    0.782     3.0
     6     0.4072    0.659    0.740     3.0
     7     0.3732    0.677    0.778     3.1
     8     0.3173    0.707    0.791     3.0
     9     0.2911    0.690    0.761     3.0
    10     0.2650    0.659    0.732     3.0
    11     0.2526    0.685    0.737     3.0
    12     0.2232    0.634    0.726     3.0
    13     0.1988    0.668    0.734     3.0
    14     0.2035    0.621    0.735     3.0
    15     0.2100    0.634    0.719     3.0
    16     0.2312    0.664    0.754     3.0
    17     0.1963    0.664    0.762     3.0
    18     0.1708    0.677    0.739     3.0
    19     0.1716    0.677    0.742     3.0
    20     0.1836    0.672    0.742     3.0
    21     0.1503    0.672    0.749     3.0
    22     0.1718    0.664    0.750     3.0
    23     0.1683    0.625    0.729     3.0
    24     0.1560    0.634    0.721     3.0
    25     0.1714    0.647    0.716     3.0
    26     0.1467    0.634    0.723     3.0
    27     0.1560    0.647    0.723     3.0
    28     0.1314    0.651    0.728     3.0
    29     0.1290    0.668    0.710     3.0
    30     0.1304    0.612    0.716     3.0
    31     0.1414    0.664    0.743     3.0
    32     0.1431    0.664    0.726     3.0
    33     0.1235    0.659    0.718     3.0
    34     0.1254    0.655    0.709     3.0
    35     0.1432    0.668    0.712     3.0
    36     0.1035    0.694    0.749     3.0
    37     0.1355    0.625    0.698     3.0
    38     0.1360    0.655    0.734     3.0
    39     0.1336    0.659    0.715     3.0
    40     0.1341    0.638    0.692     3.0
    41     0.1163    0.647    0.743     3.0
    42     0.1092    0.681    0.738     3.0
    43     0.0868    0.668    0.744     3.0
    44     0.1354    0.651    0.752     3.0
    45     0.0864    0.664    0.749     3.1
    46     0.1028    0.716    0.765     3.0
    47     0.1439    0.659    0.753     3.2
    48     0.1176    0.634    0.723     3.0
    49     0.1082    0.668    0.726     3.2
    50     0.1011    0.659    0.752     3.5
[seed=0 size=224 pooled_split] 末轮 acc 0.659（记进汇总的是这个）   最好 epoch acc 0.716（挑了测试集上最好的一轮，只能参考，不能当结果报）

[seed=0 size=640 pooled_split] 训练 932 张 / 测试 232 张 / 每 epoch 29 个 batch
 epoch       loss      acc      auc       秒
     1     0.6437    0.681    0.758    31.0
     2     0.5591    0.694    0.793    17.5
     3     0.5291    0.677    0.742    17.2
     4     0.5077    0.690    0.799    17.7
     5     0.4459    0.621    0.768    18.2
     6     0.4093    0.703    0.758    18.5
     7     0.3956    0.681    0.719    18.3
     8     0.3415    0.672    0.717    18.9
     9     0.3032    0.634    0.734    18.6
    10     0.2694    0.668    0.760    16.3
    11     0.2323    0.672    0.745    16.3
    12     0.2227    0.681    0.766    16.8
    13     0.1786    0.677    0.770    16.8
    14     0.2020    0.629    0.730    14.5
    15     0.1409    0.668    0.747    13.6
    16     0.1560    0.685    0.784    13.3
    17     0.1673    0.690    0.765    13.6
    18     0.1487    0.711    0.780    13.4
    19     0.1404    0.651    0.728    13.5
    20     0.1482    0.672    0.774    13.6
    21     0.1551    0.642    0.748    13.4
    22     0.1200    0.681    0.752    13.4
    23     0.1227    0.677    0.747    13.6
    24     0.1037    0.690    0.746    13.4
    25     0.0986    0.608    0.691    13.4
    26     0.1036    0.690    0.771    13.7
    27     0.1464    0.659    0.743    13.5
    28     0.0892    0.655    0.737    13.6
    29     0.0826    0.664    0.744    13.5
    30     0.0923    0.664    0.758    13.6
    31     0.0874    0.655    0.756    13.7
    32     0.0663    0.638    0.742    13.7
    33     0.0603    0.659    0.764    13.6
    34     0.0624    0.681    0.748    13.6
    35     0.0820    0.664    0.754    13.3
    36     0.0668    0.664    0.756    13.5
    37     0.0855    0.681    0.769    13.5
    38     0.1114    0.612    0.723    13.4
    39     0.0690    0.681    0.721    13.1
    40     0.0612    0.685    0.753    13.2
    41     0.0712    0.690    0.769    13.2
    42     0.1069    0.659    0.727    13.3
    43     0.0728    0.664    0.753    13.3
    44     0.0774    0.642    0.729    13.4
    45     0.0624    0.672    0.744    13.3
    46     0.0506    0.694    0.765    13.4
    47     0.0625    0.677    0.772    13.1
    48     0.0615    0.681    0.769    13.3
    49     0.0659    0.703    0.753    13.0
    50     0.0817    0.681    0.746    13.2
[seed=0 size=640 pooled_split] 末轮 acc 0.681（记进汇总的是这个）   最好 epoch acc 0.711（挑了测试集上最好的一轮，只能参考，不能当结果报）

[seed=1 size=224 pooled_split] 训练 932 张 / 测试 232 张 / 每 epoch 29 个 batch
 epoch       loss      acc      auc       秒
     1     0.6440    0.659    0.732     3.0
     2     0.5622    0.694    0.761     3.0
     3     0.5240    0.616    0.753     3.0
     4     0.4718    0.698    0.772     3.0
     5     0.4319    0.728    0.788     3.0
     6     0.3873    0.664    0.737     3.0
     7     0.3418    0.711    0.770     3.0
     8     0.3036    0.694    0.749     3.0
     9     0.2836    0.677    0.748     3.0
    10     0.2842    0.634    0.696     3.0
    11     0.2305    0.677    0.752     3.0
    12     0.2372    0.672    0.751     3.0
    13     0.2350    0.698    0.784     3.0
    14     0.1968    0.659    0.768     3.0
    15     0.1714    0.677    0.772     3.0
    16     0.1755    0.681    0.747     3.0
    17     0.1827    0.685    0.755     3.0
    18     0.1879    0.690    0.770     3.0
    19     0.1902    0.685    0.777     3.0
    20     0.1418    0.651    0.735     3.0
    21     0.1429    0.681    0.738     3.0
    22     0.1504    0.647    0.755     3.0
    23     0.1273    0.638    0.698     3.0
    24     0.1436    0.664    0.739     3.0
    25     0.1274    0.647    0.747     3.0
    26     0.1514    0.681    0.730     3.0
    27     0.1341    0.651    0.749     3.0
    28     0.1732    0.694    0.756     3.0
    29     0.1322    0.698    0.742     3.0
    30     0.1288    0.642    0.706     3.0
    31     0.1460    0.659    0.723     3.0
    32     0.1541    0.668    0.748     3.0
    33     0.1141    0.716    0.762     3.0
    34     0.1172    0.677    0.739     3.0
    35     0.1041    0.647    0.753     3.0
    36     0.1314    0.664    0.745     3.0
    37     0.1169    0.638    0.691     3.0
    38     0.0982    0.668    0.726     3.0
    39     0.0843    0.659    0.737     3.0
    40     0.1174    0.651    0.735     3.0
    41     0.1237    0.647    0.714     3.0
    42     0.1039    0.659    0.734     3.0
    43     0.1154    0.638    0.722     3.0
    44     0.1023    0.668    0.764     3.0
    45     0.1081    0.668    0.733     3.0
    46     0.1327    0.690    0.756     3.0
    47     0.1042    0.681    0.750     3.0
    48     0.1266    0.664    0.748     3.0
    49     0.0954    0.659    0.737     3.0
    50     0.1058    0.659    0.752     3.0
[seed=1 size=224 pooled_split] 末轮 acc 0.659（记进汇总的是这个）   最好 epoch acc 0.728（挑了测试集上最好的一轮，只能参考，不能当结果报）

[seed=1 size=640 pooled_split] 训练 932 张 / 测试 232 张 / 每 epoch 29 个 batch
 epoch       loss      acc      auc       秒
     1     0.6350    0.642    0.732    13.1
     2     0.5578    0.720    0.796    13.0
     3     0.5331    0.647    0.779    13.2
     4     0.5038    0.634    0.778    13.3
     5     0.4562    0.750    0.826    13.3
     6     0.4277    0.685    0.769    13.4
     7     0.3911    0.685    0.777    13.2
     8     0.3298    0.677    0.752    13.4
     9     0.3042    0.664    0.762    13.5
    10     0.3278    0.642    0.769    13.3
    11     0.2378    0.672    0.755    13.2
    12     0.2261    0.716    0.777    13.4
    13     0.2266    0.664    0.771    13.3
    14     0.1875    0.685    0.775    13.3
    15     0.1800    0.642    0.735    13.5
    16     0.1691    0.668    0.739    13.4
    17     0.1395    0.642    0.733    13.4
    18     0.1462    0.672    0.749    13.2
    19     0.1359    0.724    0.790    13.2
    20     0.1085    0.685    0.763    13.2
    21     0.1315    0.685    0.796    13.1
    22     0.1019    0.690    0.795    13.3
    23     0.0981    0.681    0.740    13.5
    24     0.1054    0.664    0.743    13.2
    25     0.1125    0.677    0.729    13.4
    26     0.0910    0.668    0.751    13.4
    27     0.1028    0.681    0.775    13.3
    28     0.1194    0.659    0.769    13.3
    29     0.0808    0.698    0.792    13.5
    30     0.0763    0.698    0.771    13.3
    31     0.0932    0.703    0.769    13.2
    32     0.0846    0.728    0.770    13.3
    33     0.0560    0.698    0.770    13.1
    34     0.0541    0.716    0.768    13.1
    35     0.0673    0.711    0.779    13.4
    36     0.0934    0.716    0.811    13.3
    37     0.0537    0.754    0.816    13.2
    38     0.0598    0.668    0.770    13.3
    39     0.0525    0.685    0.765    13.4
    40     0.0609    0.720    0.785    13.1
    41     0.0930    0.694    0.771    13.5
    42     0.0750    0.694    0.761    13.2
    43     0.0588    0.681    0.773    13.5
    44     0.0789    0.703    0.765    13.3
    45     0.0771    0.703    0.773    13.3
    46     0.0772    0.694    0.780    13.3
    47     0.0619    0.694    0.781    13.5
    48     0.0516    0.690    0.788    13.5
    49     0.0348    0.698    0.788    13.5
    50     0.0607    0.711    0.776    13.3
[seed=1 size=640 pooled_split] 末轮 acc 0.711（记进汇总的是这个）   最好 epoch acc 0.754（挑了测试集上最好的一轮，只能参考，不能当结果报）

[seed=2 size=224 pooled_split] 训练 932 张 / 测试 232 张 / 每 epoch 29 个 batch
 epoch       loss      acc      auc       秒
     1     0.6503    0.672    0.746     3.0
     2     0.5809    0.720    0.820     3.0
     3     0.5151    0.711    0.802     3.0
     4     0.4919    0.707    0.761     3.0
     5     0.4328    0.694    0.776     3.0
     6     0.3823    0.694    0.770     3.0
     7     0.3230    0.703    0.774     3.1
     8     0.3064    0.685    0.765     3.0
     9     0.2894    0.685    0.766     3.0
    10     0.3016    0.737    0.779     3.0
    11     0.2508    0.664    0.744     3.0
    12     0.2283    0.698    0.763     3.0
    13     0.2519    0.685    0.750     3.0
    14     0.2182    0.698    0.760     3.0
    15     0.1815    0.677    0.743     3.0
    16     0.1887    0.698    0.752     3.0
    17     0.1912    0.681    0.730     3.0
    18     0.1450    0.668    0.741     3.0
    19     0.1785    0.690    0.732     3.0
    20     0.1560    0.703    0.754     3.0
    21     0.1551    0.724    0.760     3.0
    22     0.1709    0.690    0.740     3.0
    23     0.1525    0.720    0.769     3.0
    24     0.1452    0.703    0.734     3.0
    25     0.1349    0.720    0.751     3.0
    26     0.1293    0.720    0.792     3.0
    27     0.1459    0.711    0.761     3.0
    28     0.1658    0.707    0.775     3.0
    29     0.1375    0.685    0.775     3.0
    30     0.1525    0.685    0.752     3.0
    31     0.1023    0.681    0.727     3.0
    32     0.1056    0.681    0.758     3.0
    33     0.1055    0.707    0.751     3.0
    34     0.1037    0.703    0.759     3.0
    35     0.1104    0.694    0.750     3.0
    36     0.0954    0.728    0.761     3.2
    37     0.1336    0.659    0.750     3.0
    38     0.1123    0.694    0.751     3.0
    39     0.1275    0.703    0.762     3.0
    40     0.1414    0.690    0.726     3.0
    41     0.1297    0.690    0.753     3.0
    42     0.1042    0.672    0.741     3.0
    43     0.1113    0.694    0.782     3.1
    44     0.1041    0.703    0.779     3.0
    45     0.1167    0.728    0.774     3.0
    46     0.1104    0.711    0.768     3.0
    47     0.0864    0.716    0.776     3.0
    48     0.0941    0.741    0.783     3.0
    49     0.1047    0.711    0.763     3.0
    50     0.0724    0.711    0.778     3.0
[seed=2 size=224 pooled_split] 末轮 acc 0.711（记进汇总的是这个）   最好 epoch acc 0.741（挑了测试集上最好的一轮，只能参考，不能当结果报）

[seed=2 size=640 pooled_split] 训练 932 张 / 测试 232 张 / 每 epoch 29 个 batch
 epoch       loss      acc      auc       秒
     1     0.6288    0.703    0.789    13.2
     2     0.5694    0.759    0.827    13.2
     3     0.5285    0.780    0.838    13.4
     4     0.5035    0.716    0.809    13.4
     5     0.4662    0.711    0.782    13.2
     6     0.4503    0.759    0.818    13.2
     7     0.3659    0.690    0.811    13.5
     8     0.3415    0.707    0.799    13.3
     9     0.2771    0.698    0.795    13.2
    10     0.2483    0.694    0.756    13.2
    11     0.2172    0.728    0.791    13.2
    12     0.2582    0.668    0.784    13.4
    13     0.2115    0.681    0.784    13.1
    14     0.2038    0.694    0.786    13.2
    15     0.1739    0.677    0.785    13.2
    16     0.1490    0.728    0.797    13.2
    17     0.1477    0.707    0.784    13.2
    18     0.1035    0.741    0.776    13.4
    19     0.1267    0.707    0.793    13.2
    20     0.1103    0.707    0.771    13.3
    21     0.0943    0.746    0.793    13.0
    22     0.0839    0.716    0.794    13.2
    23     0.0883    0.733    0.781    13.2
    24     0.0977    0.707    0.776    13.3
    25     0.0890    0.737    0.806    13.4
    26     0.0875    0.759    0.813    13.4
    27     0.0828    0.746    0.797    13.1
    28     0.0773    0.737    0.794    13.2
    29     0.0855    0.724    0.778    13.4
    30     0.0762    0.707    0.799    13.2
    31     0.0779    0.703    0.793    13.3
    32     0.0702    0.720    0.780    13.2
    33     0.0696    0.711    0.771    13.3
    34     0.0730    0.711    0.763    13.1
    35     0.0888    0.741    0.780    13.0
    36     0.0695    0.685    0.750    13.3
    37     0.0917    0.642    0.751    13.4
    38     0.1112    0.685    0.766    13.3
    39     0.0981    0.681    0.766    13.4
    40     0.1010    0.741    0.795    13.3
    41     0.0826    0.728    0.778    13.4
    42     0.0696    0.690    0.759    13.2
    43     0.0731    0.724    0.786    13.2
    44     0.0624    0.716    0.790    13.4
    45     0.0392    0.728    0.795    13.4
    46     0.0429    0.728    0.781    13.4
    47     0.0565    0.703    0.788    13.2
    48     0.0535    0.724    0.766    13.3
    49     0.0586    0.737    0.778    13.3
    50     0.0449    0.733    0.778    13.4
[seed=2 size=640 pooled_split] 末轮 acc 0.733（记进汇总的是这个）   最好 epoch acc 0.780（挑了测试集上最好的一轮，只能参考，不能当结果报）

[seed=3 size=224 pooled_split] 训练 932 张 / 测试 232 张 / 每 epoch 29 个 batch
 epoch       loss      acc      auc       秒
     1     0.6630    0.690    0.775     3.0
     2     0.5691    0.767    0.826     3.0
     3     0.5068    0.716    0.840     3.0
     4     0.4930    0.677    0.769     3.0
     5     0.4635    0.707    0.802     3.0
     6     0.4172    0.716    0.796     3.0
     7     0.3730    0.677    0.769     3.0
     8     0.3234    0.703    0.812     3.0
     9     0.3172    0.750    0.816     3.0
    10     0.2830    0.733    0.834     3.0
    11     0.2677    0.754    0.837     3.0
    12     0.2597    0.750    0.826     3.0
    13     0.2188    0.737    0.828     3.0
    14     0.2370    0.733    0.787     3.0
    15     0.2174    0.746    0.814     3.0
    16     0.2319    0.759    0.807     3.0
    17     0.2142    0.741    0.817     3.0
    18     0.1861    0.720    0.807     3.0
    19     0.1702    0.746    0.817     3.0
    20     0.1701    0.716    0.812     3.0
    21     0.1769    0.707    0.789     3.0
    22     0.1882    0.724    0.813     3.0
    23     0.1912    0.772    0.830     3.0
    24     0.1550    0.698    0.795     3.0
    25     0.1674    0.733    0.803     3.0
    26     0.1635    0.720    0.790     3.0
    27     0.1425    0.741    0.820     3.0
    28     0.1038    0.694    0.785     3.0
    29     0.1481    0.703    0.783     3.0
    30     0.1693    0.733    0.806     3.0
    31     0.1357    0.698    0.786     3.0
    32     0.1735    0.711    0.787     3.0
    33     0.1386    0.724    0.789     3.0
    34     0.1095    0.698    0.782     3.0
    35     0.1345    0.728    0.803     3.0
    36     0.1337    0.707    0.797     3.0
    37     0.1149    0.720    0.791     3.0
    38     0.1129    0.733    0.791     3.0
    39     0.1135    0.703    0.771     3.0
    40     0.1326    0.711    0.773     3.0
    41     0.1065    0.668    0.802     3.0
    42     0.1137    0.690    0.755     3.0
    43     0.1034    0.698    0.780     3.0
    44     0.1338    0.707    0.781     3.0
    45     0.1526    0.703    0.779     3.0
    46     0.1384    0.707    0.805     3.0
    47     0.1122    0.672    0.798     3.0
    48     0.1221    0.741    0.806     3.0
    49     0.1128    0.724    0.795     3.0
    50     0.0900    0.737    0.819     3.0
[seed=3 size=224 pooled_split] 末轮 acc 0.737（记进汇总的是这个）   最好 epoch acc 0.772（挑了测试集上最好的一轮，只能参考，不能当结果报）

[seed=3 size=640 pooled_split] 训练 932 张 / 测试 232 张 / 每 epoch 29 个 batch
 epoch       loss      acc      auc       秒
     1     0.6479    0.711    0.765    13.2
     2     0.5613    0.694    0.805    13.3
     3     0.5315    0.681    0.800    13.3
     4     0.4983    0.720    0.802    13.4
     5     0.4783    0.741    0.823    13.3
     6     0.4450    0.638    0.749    13.3
     7     0.3887    0.677    0.774    13.3
     8     0.3569    0.603    0.781    13.3
     9     0.3066    0.724    0.815    13.4
    10     0.2974    0.716    0.797    13.2
    11     0.2568    0.716    0.776    13.2
    12     0.2795    0.741    0.829    13.3
    13     0.2421    0.685    0.800    13.4
    14     0.2055    0.690    0.777    13.2
    15     0.1603    0.711    0.822    13.3
    16     0.1615    0.724    0.803    13.2
    17     0.1469    0.720    0.817    13.2
    18     0.1320    0.716    0.789    13.3
    19     0.1391    0.672    0.781    13.1
    20     0.1530    0.690    0.783    13.3
    21     0.1504    0.720    0.795    13.3
    22     0.1383    0.767    0.816    13.2
    23     0.1364    0.698    0.782    13.3
    24     0.1357    0.733    0.803    13.2
    25     0.1225    0.750    0.805    13.3
    26     0.0919    0.750    0.824    13.3
    27     0.0876    0.724    0.809    13.2
    28     0.0734    0.759    0.831    13.2
    29     0.0944    0.737    0.810    13.1
    30     0.1068    0.746    0.784    13.3
    31     0.0826    0.716    0.808    13.3
    32     0.0894    0.733    0.819    13.2
    33     0.0947    0.720    0.796    13.2
    34     0.1039    0.668    0.836    13.5
    35     0.1017    0.707    0.802    13.1
    36     0.0907    0.677    0.809    13.4
    37     0.0906    0.737    0.816    13.3
    38     0.0765    0.703    0.809    13.2
    39     0.0697    0.711    0.809    13.4
    40     0.0801    0.728    0.795    13.3
    41     0.0580    0.767    0.820    13.3
    42     0.0547    0.724    0.791    13.4
    43     0.0692    0.754    0.801    13.2
    44     0.0860    0.724    0.826    13.1
    45     0.0851    0.741    0.802    13.2
    46     0.0627    0.733    0.804    13.1
    47     0.0446    0.716    0.834    13.2
    48     0.0784    0.741    0.809    13.4
    49     0.0843    0.698    0.789    13.4
    50     0.0779    0.711    0.796    13.3
[seed=3 size=640 pooled_split] 末轮 acc 0.711（记进汇总的是这个）   最好 epoch acc 0.767（挑了测试集上最好的一轮，只能参考，不能当结果报）

[seed=4 size=224 pooled_split] 训练 932 张 / 测试 232 张 / 每 epoch 29 个 batch
 epoch       loss      acc      auc       秒
     1     0.6508    0.668    0.750     3.0
     2     0.5968    0.716    0.808     3.0
     3     0.5199    0.724    0.812     3.0
     4     0.4601    0.772    0.840     3.0
     5     0.4352    0.737    0.831     3.1
     6     0.3967    0.698    0.804     3.1
     7     0.3470    0.746    0.806     3.0
     8     0.3469    0.694    0.836     3.0
     9     0.3213    0.767    0.842     3.0
    10     0.2643    0.746    0.821     3.0
    11     0.2476    0.720    0.784     3.0
    12     0.2409    0.677    0.809     3.0
    13     0.2173    0.724    0.797     3.0
    14     0.2421    0.728    0.827     3.0
    15     0.1948    0.754    0.829     3.0
    16     0.2055    0.759    0.836     3.0
    17     0.1927    0.694    0.775     3.0
    18     0.1775    0.707    0.791     3.0
    19     0.1844    0.711    0.786     3.0
    20     0.1845    0.720    0.780     3.0
    21     0.1804    0.724    0.776     3.0
    22     0.1524    0.741    0.805     3.0
    23     0.1658    0.724    0.796     3.0
    24     0.1619    0.711    0.799     3.0
    25     0.1526    0.707    0.784     3.0
    26     0.1690    0.711    0.782     3.0
    27     0.1522    0.677    0.767     3.1
    28     0.1169    0.698    0.791     3.0
    29     0.1334    0.733    0.797     3.0
    30     0.1241    0.737    0.803     3.1
    31     0.1429    0.763    0.844     3.0
    32     0.1193    0.720    0.806     3.0
    33     0.1446    0.737    0.812     3.0
    34     0.1595    0.703    0.783     3.0
    35     0.1678    0.694    0.780     3.0
    36     0.1645    0.737    0.818     3.0
    37     0.1085    0.724    0.802     3.0
    38     0.1125    0.724    0.798     3.0
    39     0.1226    0.716    0.781     3.0
    40     0.1593    0.720    0.808     3.0
    41     0.1286    0.707    0.814     3.0
    42     0.1118    0.737    0.807     3.0
    43     0.1089    0.707    0.781     3.0
    44     0.0888    0.733    0.797     3.0
    45     0.0766    0.716    0.795     3.0
    46     0.0814    0.694    0.800     3.0
    47     0.0910    0.677    0.791     3.0
    48     0.0964    0.711    0.817     3.0
    49     0.1100    0.733    0.819     3.0
    50     0.1011    0.737    0.814     3.0
[seed=4 size=224 pooled_split] 末轮 acc 0.737（记进汇总的是这个）   最好 epoch acc 0.772（挑了测试集上最好的一轮，只能参考，不能当结果报）

[seed=4 size=640 pooled_split] 训练 932 张 / 测试 232 张 / 每 epoch 29 个 batch
 epoch       loss      acc      auc       秒
     1     0.6366    0.685    0.762    13.3
     2     0.6013    0.776    0.864    13.3
     3     0.5409    0.767    0.862    13.3
     4     0.4945    0.754    0.853    13.2
     5     0.4644    0.750    0.837    13.4
     6     0.4368    0.608    0.824    13.3
     7     0.3994    0.772    0.882    13.4
     8     0.4076    0.767    0.831    13.4
     9     0.3652    0.711    0.844    13.2
    10     0.3162    0.720    0.808    13.3
    11     0.2801    0.754    0.835    13.4
    12     0.2359    0.737    0.858    13.5
    13     0.2401    0.754    0.843    13.3
    14     0.2080    0.711    0.789    13.5
    15     0.2246    0.681    0.839    13.5
    16     0.2178    0.733    0.828    13.3
    17     0.1487    0.724    0.818    13.5
    18     0.1370    0.716    0.822    13.3
    19     0.1416    0.737    0.826    13.4
    20     0.1577    0.690    0.824    13.4
    21     0.1507    0.711    0.809    13.5
    22     0.1387    0.746    0.825    13.2
    23     0.1269    0.659    0.778    13.2
    24     0.1300    0.707    0.845    13.4
    25     0.1299    0.724    0.829    13.3
    26     0.1135    0.741    0.845    13.3
    27     0.1059    0.733    0.841    13.3
    28     0.0880    0.763    0.825    13.3
    29     0.1147    0.694    0.819    13.2
    30     0.0927    0.724    0.847    13.5
    31     0.0997    0.741    0.824    13.1
    32     0.0830    0.716    0.832    13.3
    33     0.0754    0.776    0.850    13.7
    34     0.0851    0.707    0.801    13.3
    35     0.0893    0.767    0.852    13.5
    36     0.0837    0.698    0.806    13.5
    37     0.0892    0.720    0.813    13.3
    38     0.1047    0.750    0.825    13.8
    39     0.0895    0.690    0.787    13.4
    40     0.0946    0.698    0.782    13.6
    41     0.1009    0.720    0.820    13.7
    42     0.0608    0.720    0.797    13.6
    43     0.0743    0.724    0.820    13.6
    44     0.0509    0.711    0.813    13.5
    45     0.0501    0.759    0.825    13.9
    46     0.0691    0.690    0.803    13.3
    47     0.0697    0.716    0.826    13.6
    48     0.0404    0.754    0.820    13.7
    49     0.0495    0.754    0.850    13.5
    50     0.0527    0.720    0.827    13.6
[seed=4 size=640 pooled_split] 末轮 acc 0.720（记进汇总的是这个）   最好 epoch acc 0.776（挑了测试集上最好的一轮，只能参考，不能当结果报）

=== 汇总  dataset=HTP  scope=pooled_split  arch=resnet50  seeds=[0, 1, 2, 3, 4]  epochs=50  test_ratio=0.2 ===

acc
 image_size              00              01              02         overall
        224     0.608±0.035     0.834±0.029     0.567±0.074     0.701±0.035
        640     0.625±0.055     0.830±0.072     0.596±0.054     0.711±0.017

auc
 image_size              00              01              02         overall
        224     0.646±0.052     0.934±0.013     0.610±0.085     0.783±0.029
        640     0.654±0.047     0.933±0.042     0.619±0.048     0.785±0.027

结果已写入 indomain_res.csv（本次 2000 行）
