nohup: 忽略输入
设备 cuda | arch vit_b_16 | scope per_env | image_size [224, 640] | seeds [0, 1, 2, 3, 4]
数据集：3 个域，2 个类 ['00', '01']
  域 00: 共   367 张   00:211  01:156   多数类基线 0.575
  域 01: 共   523 张   00:264  01:259   多数类基线 0.505
  域 02: 共   274 张   00:157  01:117   多数类基线 0.573
  合计   : 共  1164 张   多数类基线 0.543

[seed=0 size=224 env=00] 训练 294 张 / 测试 73 张 / 每 epoch 18 个 batch
 epoch       loss      acc      auc       秒
     1     0.8081    0.575    0.457     2.5
     2     0.7131    0.575    0.450     1.9
     3     0.6932    0.575    0.589     1.9
     4     0.6914    0.575    0.587     1.8
     5     0.6874    0.575    0.570     1.8
     6     0.6863    0.575    0.570     1.9
     7     0.6848    0.575    0.574     1.9
     8     0.6868    0.466    0.565     1.9
     9     0.6936    0.575    0.570     1.9
    10     0.6752    0.575    0.561     1.9
    11     0.6918    0.575    0.559     1.8
    12     0.6682    0.575    0.568     1.8
    13     0.6810    0.575    0.566     1.8
    14     0.6772    0.575    0.557     1.8
    15     0.6924    0.575    0.566     1.9
    16     0.6812    0.575    0.573     1.9
    17     0.6707    0.575    0.565     1.9
    18     0.6798    0.575    0.565     1.9
    19     0.6649    0.575    0.556     1.9
    20     0.6773    0.575    0.552     1.8
    21     0.6754    0.575    0.549     1.8
    22     0.6672    0.575    0.568     1.8
    23     0.6700    0.575    0.565     1.9
    24     0.6655    0.575    0.553     1.9
    25     0.6716    0.575    0.561     1.8
    26     0.6703    0.575    0.561     1.8
    27     0.6711    0.575    0.570     1.9
    28     0.6533    0.575    0.576     1.8
    29     0.6534    0.575    0.592     1.8
    30     0.6563    0.575    0.510     1.8
    31     0.6606    0.575    0.476     1.8
    32     0.6522    0.575    0.482     1.8
    33     0.6681    0.575    0.577     1.9
    34     0.6756    0.575    0.560     1.8
    35     0.6654    0.575    0.571     1.8
    36     0.6646    0.575    0.572     1.9
    37     0.6576    0.575    0.573     1.9
    38     0.6643    0.493    0.510     1.9
    39     0.6637    0.575    0.561     1.9
    40     0.6490    0.575    0.541     1.9
    41     0.6497    0.575    0.496     1.8
    42     0.6453    0.575    0.517     1.8
    43     0.6449    0.466    0.491     1.9
    44     0.6643    0.507    0.414     1.9
    45     0.6654    0.575    0.499     1.9
    46     0.6683    0.534    0.446     1.9
    47     0.6321    0.575    0.500     1.8
    48     0.6460    0.562    0.489     1.8
    49     0.6310    0.575    0.456     1.9
    50     0.6768    0.562    0.461     1.9
[seed=0 size=224 env=00] 末轮 acc 0.562（记进汇总的是这个）   最好 epoch acc 0.575（挑了测试集上最好的一轮，只能参考，不能当结果报）

[seed=0 size=224 env=01] 训练 418 张 / 测试 105 张 / 每 epoch 26 个 batch
 epoch       loss      acc      auc       秒
     1     0.7161    0.524    0.826     2.4
     2     0.5345    0.724    0.893     2.4
     3     0.5030    0.733    0.787     2.4
     4     0.3972    0.676    0.825     2.5
     5     0.4433    0.781    0.880     2.4
     6     0.3132    0.810    0.902     2.4
     7     0.3450    0.771    0.887     2.4
     8     0.2785    0.790    0.886     2.4
     9     0.3398    0.705    0.871     2.4
    10     0.3237    0.752    0.871     2.4
    11     0.3237    0.810    0.865     2.4
    12     0.2630    0.771    0.890     2.4
    13     0.2701    0.762    0.878     2.4
    14     0.2906    0.810    0.899     2.4
    15     0.3123    0.819    0.896     2.4
    16     0.2035    0.800    0.891     2.4
    17     0.2583    0.752    0.858     2.4
    18     0.1977    0.743    0.832     2.4
    19     0.2558    0.800    0.874     2.4
    20     0.2776    0.762    0.849     2.5
    21     0.2169    0.819    0.911     2.4
    22     0.2038    0.857    0.915     2.4
    23     0.2537    0.762    0.814     2.4
    24     0.2196    0.819    0.901     2.4
    25     0.1495    0.781    0.898     2.4
    26     0.2098    0.829    0.898     2.4
    27     0.1673    0.848    0.932     2.4
    28     0.2479    0.829    0.911     2.4
    29     0.2137    0.752    0.836     2.4
    30     0.2143    0.667    0.755     2.4
    31     0.2489    0.724    0.798     2.4
    32     0.2256    0.762    0.872     2.4
    33     0.1898    0.810    0.874     2.4
    34     0.1616    0.810    0.876     2.4
    35     0.1696    0.800    0.881     2.4
    36     0.2082    0.762    0.903     2.4
    37     0.1630    0.857    0.888     2.4
    38     0.1645    0.810    0.884     2.4
    39     0.1681    0.829    0.888     2.4
    40     0.2409    0.800    0.903     2.6
    41     0.1947    0.819    0.910     2.7
    42     0.1515    0.819    0.896     2.4
    43     0.1561    0.810    0.901     2.5
    44     0.1479    0.810    0.898     2.4
    45     0.1658    0.857    0.923     2.5
    46     0.1102    0.838    0.913     2.4
    47     0.1981    0.819    0.888     2.4
    48     0.1618    0.800    0.913     2.4
    49     0.1376    0.819    0.904     2.4
    50     0.1775    0.829    0.928     2.4
[seed=0 size=224 env=01] 末轮 acc 0.829（记进汇总的是这个）   最好 epoch acc 0.857（挑了测试集上最好的一轮，只能参考，不能当结果报）

[seed=0 size=224 env=02] 训练 220 张 / 测试 54 张 / 每 epoch 13 个 batch
 epoch       loss      acc      auc       秒
     1     0.7274    0.574    0.701     1.5
     2     0.7559    0.611    0.543     1.5
     3     0.6663    0.574    0.673     1.5
     4     0.6908    0.574    0.648     1.5
     5     0.6113    0.648    0.729     1.5
     6     0.5794    0.685    0.711     1.5
     7     0.5023    0.574    0.561     1.5
     8     0.5735    0.537    0.597     1.5
     9     0.5230    0.667    0.619     1.5
    10     0.4520    0.556    0.595     1.5
    11     0.4240    0.611    0.654     1.5
    12     0.3897    0.611    0.642     1.5
    13     0.3224    0.630    0.655     1.5
    14     0.2452    0.537    0.619     1.5
    15     0.2731    0.574    0.652     1.5
    16     0.3725    0.593    0.658     1.5
    17     0.2855    0.648    0.670     1.5
    18     0.3728    0.593    0.647     1.5
    19     0.3126    0.537    0.612     1.5
    20     0.3209    0.556    0.575     1.5
    21     0.1894    0.611    0.638     1.5
    22     0.2084    0.648    0.640     1.5
    23     0.2121    0.593    0.633     1.5
    24     0.1849    0.556    0.652     1.5
    25     0.2125    0.611    0.654     1.5
    26     0.2077    0.574    0.539     1.5
    27     0.2181    0.574    0.585     1.5
    28     0.2544    0.611    0.620     1.5
    29     0.1777    0.593    0.610     1.5
    30     0.1957    0.556    0.596     1.5
    31     0.1919    0.593    0.602     1.5
    32     0.1471    0.593    0.595     1.5
    33     0.1522    0.611    0.609     1.5
    34     0.1347    0.630    0.589     1.5
    35     0.1815    0.593    0.586     1.5
    36     0.1524    0.556    0.600     1.5
    37     0.1312    0.556    0.543     1.5
    38     0.1944    0.556    0.554     1.5
    39     0.1543    0.574    0.562     1.5
    40     0.1327    0.593    0.593     1.5
    41     0.1151    0.574    0.561     1.5
    42     0.1099    0.593    0.581     1.5
    43     0.1335    0.519    0.561     1.5
    44     0.2072    0.574    0.588     1.5
    45     0.2468    0.556    0.606     1.5
    46     0.1694    0.574    0.613     1.5
    47     0.1872    0.537    0.526     1.5
    48     0.1396    0.556    0.551     1.5
    49     0.2367    0.593    0.583     1.5
    50     0.1395    0.481    0.565     1.5
[seed=0 size=224 env=02] 末轮 acc 0.481（记进汇总的是这个）   最好 epoch acc 0.685（挑了测试集上最好的一轮，只能参考，不能当结果报）

[seed=0 size=640 env=00] 训练 294 张 / 测试 73 张 / 每 epoch 18 个 batch
 epoch       loss      acc      auc       秒
     1     0.8080    0.575    0.618    11.5
     2     0.6825    0.493    0.525    10.5
     3     0.6916    0.575    0.473    10.4
     4     0.6955    0.575    0.498    10.4
     5     0.6709    0.575    0.580    10.4
     6     0.6648    0.575    0.603    10.4
     7     0.6417    0.548    0.558    10.4
     8     0.6541    0.575    0.618    10.4
     9     0.6238    0.616    0.589    10.3
    10     0.6559    0.616    0.592    10.5
    11     0.6348    0.548    0.525    10.4
    12     0.6447    0.493    0.582    10.5
    13     0.6273    0.589    0.658    10.5
    14     0.5967    0.644    0.621    10.5
    15     0.5629    0.603    0.558    10.4
    16     0.5935    0.548    0.580    10.4
    17     0.5922    0.548    0.572    10.5
    18     0.5854    0.589    0.629    10.5
    19     0.5646    0.630    0.649    10.4
    20     0.4988    0.562    0.621    10.3
    21     0.5844    0.603    0.685    10.3
    22     0.5869    0.575    0.651    10.3
    23     0.5288    0.616    0.667    10.4
    24     0.5124    0.630    0.636    10.5
    25     0.4840    0.603    0.618    10.5
    26     0.4769    0.534    0.606    10.6
    27     0.5198    0.575    0.591    10.4
    28     0.4799    0.534    0.601    10.4
    29     0.4132    0.575    0.625    10.4
    30     0.4564    0.548    0.640    10.4
    31     0.4183    0.548    0.591    10.4
    32     0.3680    0.589    0.626    10.4
    33     0.3997    0.534    0.590    10.5
    34     0.4242    0.658    0.613    10.4
    35     0.3683    0.658    0.684    10.4
    36     0.3502    0.562    0.619    10.4
    37     0.3807    0.562    0.636    10.4
    38     0.3080    0.575    0.635    10.4
    39     0.3459    0.589    0.614    10.5
    40     0.3567    0.562    0.641    10.5
    41     0.2676    0.658    0.642    10.4
    42     0.3547    0.616    0.688    10.5
    43     0.2340    0.589    0.644    10.4
    44     0.1905    0.562    0.635    10.4
    45     0.3173    0.616    0.672    10.4
    46     0.1918    0.644    0.668    10.4
    47     0.1764    0.548    0.608    10.4
    48     0.2730    0.534    0.585    10.3
    49     0.2948    0.589    0.641    10.4
    50     0.2283    0.589    0.666    10.4
[seed=0 size=640 env=00] 末轮 acc 0.589（记进汇总的是这个）   最好 epoch acc 0.658（挑了测试集上最好的一轮，只能参考，不能当结果报）

[seed=0 size=640 env=01] 训练 418 张 / 测试 105 张 / 每 epoch 26 个 batch
 epoch       loss      acc      auc       秒
     1     0.7078    0.505    0.512    14.6
     2     0.7178    0.524    0.635    14.4
     3     0.6862    0.505    0.723    14.5
     4     0.6281    0.619    0.811    14.5
     5     0.5985    0.743    0.834    14.6
     6     0.5311    0.724    0.831    14.6
     7     0.4772    0.781    0.861    14.6
     8     0.4460    0.771    0.860    14.5
     9     0.4483    0.790    0.901    14.4
    10     0.3272    0.800    0.896    14.5
    11     0.3255    0.829    0.907    14.5
    12     0.5298    0.829    0.907    14.6
    13     0.3156    0.848    0.938    14.5
    14     0.2412    0.857    0.933    14.7
    15     0.2793    0.867    0.951    14.6
    16     0.2811    0.876    0.933    14.6
    17     0.2632    0.867    0.927    14.6
    18     0.2127    0.876    0.924    14.8
    19     0.1808    0.819    0.913    14.5
    20     0.3601    0.562    0.716    14.5
    21     0.3441    0.810    0.926    14.5
    22     0.2128    0.790    0.919    14.5
    23     0.2432    0.876    0.934    14.6
    24     0.1243    0.810    0.894    14.5
    25     0.2217    0.857    0.918    14.5
    26     0.1551    0.867    0.921    14.6
    27     0.2264    0.895    0.926    14.6
    28     0.2186    0.819    0.906    14.6
    29     0.1325    0.800    0.930    14.6
    30     0.1604    0.781    0.906    14.5
    31     0.1155    0.848    0.928    14.6
    32     0.1104    0.848    0.925    14.5
    33     0.1548    0.848    0.923    14.5
    34     0.1188    0.848    0.929    14.6
    35     0.1342    0.819    0.923    14.5
    36     0.0896    0.829    0.910    14.6
    37     0.1208    0.838    0.914    14.5
    38     0.1524    0.838    0.894    14.6
    39     0.2089    0.790    0.896    14.4
    40     0.1368    0.829    0.919    14.7
    41     0.0972    0.790    0.891    14.7
    42     0.1538    0.829    0.898    14.4
    43     0.1394    0.848    0.924    14.5
    44     0.1237    0.800    0.917    14.4
    45     0.1585    0.857    0.926    14.5
    46     0.0686    0.829    0.924    14.7
    47     0.0750    0.686    0.866    14.5
    48     0.1634    0.838    0.907    14.5
    49     0.1054    0.819    0.923    14.4
    50     0.0533    0.848    0.916    14.5
[seed=0 size=640 env=01] 末轮 acc 0.848（记进汇总的是这个）   最好 epoch acc 0.895（挑了测试集上最好的一轮，只能参考，不能当结果报）

[seed=0 size=640 env=02] 训练 220 张 / 测试 54 张 / 每 epoch 13 个 batch
 epoch       loss      acc      auc       秒
     1     0.7821    0.574    0.613     8.1
     2     0.6749    0.593    0.661     8.0
     3     0.6167    0.574    0.644     7.9
     4     0.6297    0.593    0.721     7.9
     5     0.5804    0.574    0.623     7.9
     6     0.5627    0.481    0.548     8.0
     7     0.5239    0.648    0.696     7.9
     8     0.4073    0.537    0.666     7.8
     9     0.4243    0.537    0.583     7.9
    10     0.4713    0.519    0.529     7.8
    11     0.4044    0.574    0.564     7.8
    12     0.3726    0.519    0.537     7.8
    13     0.2554    0.463    0.520     7.9
    14     0.2200    0.556    0.585     7.9
    15     0.2199    0.519    0.597     7.9
    16     0.2538    0.574    0.550     8.0
    17     0.2045    0.574    0.633     8.0
    18     0.1848    0.519    0.550     8.0
    19     0.2456    0.500    0.530     7.9
    20     0.2383    0.519    0.490     7.8
    21     0.2201    0.426    0.499     7.8
    22     0.1806    0.519    0.504     7.9
    23     0.1069    0.611    0.572     7.9
    24     0.1460    0.500    0.499     7.8
    25     0.1171    0.463    0.543     7.9
    26     0.2626    0.444    0.477     7.9
    27     0.2743    0.481    0.422     7.8
    28     0.1784    0.519    0.561     7.8
    29     0.1203    0.519    0.550     7.8
    30     0.1098    0.519    0.523     7.8
    31     0.1108    0.519    0.568     8.0
    32     0.1053    0.519    0.536     7.8
    33     0.1065    0.537    0.597     7.9
    34     0.1395    0.481    0.553     7.8
    35     0.1333    0.593    0.597     7.8
    36     0.1170    0.500    0.537     7.8
    37     0.1418    0.463    0.526     7.9
    38     0.1598    0.556    0.550     7.8
    39     0.1526    0.556    0.561     7.8
    40     0.1087    0.463    0.485     7.9
    41     0.0658    0.481    0.474     7.9
    42     0.1239    0.519    0.502     7.8
    43     0.0942    0.537    0.564     7.8
    44     0.0709    0.519    0.492     7.8
    45     0.0904    0.537    0.554     7.8
    46     0.0929    0.519    0.527     7.9
    47     0.1374    0.630    0.600     7.8
    48     0.1346    0.556    0.592     7.8
    49     0.1835    0.556    0.644     7.8
    50     0.1549    0.593    0.634     8.0
[seed=0 size=640 env=02] 末轮 acc 0.593（记进汇总的是这个）   最好 epoch acc 0.648（挑了测试集上最好的一轮，只能参考，不能当结果报）

[seed=1 size=224 env=00] 训练 294 张 / 测试 73 张 / 每 epoch 18 个 batch
 epoch       loss      acc      auc       秒
     1     0.7603    0.575    0.553     1.9
     2     0.6902    0.575    0.510     1.9
     3     0.6962    0.575    0.480     1.9
     4     0.6753    0.575    0.499     1.8
     5     0.6727    0.575    0.495     1.9
     6     0.6684    0.630    0.624     1.8
     7     0.6587    0.603    0.601     1.8
     8     0.6369    0.562    0.567     1.9
     9     0.6426    0.616    0.560     1.9
    10     0.6795    0.466    0.613     1.8
    11     0.6236    0.507    0.555     1.8
    12     0.5876    0.575    0.577     1.8
    13     0.6590    0.562    0.529     1.9
    14     0.6410    0.575    0.614     1.9
    15     0.6199    0.438    0.523     1.8
    16     0.5631    0.575    0.645     1.9
    17     0.5827    0.548    0.644     1.9
    18     0.5844    0.575    0.647     1.8
    19     0.5753    0.575    0.486     1.9
    20     0.6520    0.575    0.582     1.9
    21     0.6291    0.616    0.606     1.8
    22     0.5452    0.589    0.559     1.9
    23     0.5697    0.521    0.631     1.9
    24     0.5592    0.589    0.618     1.9
    25     0.5447    0.548    0.561     1.9
    26     0.5127    0.521    0.501     1.8
    27     0.5784    0.589    0.612     1.9
    28     0.5630    0.589    0.587     1.8
    29     0.4387    0.507    0.560     1.8
    30     0.4626    0.575    0.618     1.9
    31     0.4916    0.534    0.551     1.8
    32     0.4247    0.507    0.511     1.9
    33     0.4148    0.548    0.593     1.8
    34     0.4323    0.548    0.554     1.9
    35     0.4625    0.548    0.589     1.8
    36     0.3974    0.658    0.645     1.9
    37     0.4281    0.507    0.592     1.9
    38     0.3872    0.562    0.547     1.9
    39     0.4279    0.507    0.550     1.9
    40     0.3491    0.630    0.691     1.9
    41     0.4255    0.575    0.590     1.9
    42     0.3654    0.589    0.610     1.9
    43     0.3387    0.534    0.530     1.9
    44     0.3732    0.548    0.580     1.9
    45     0.3253    0.548    0.575     1.9
    46     0.3639    0.616    0.631     1.9
    47     0.3896    0.630    0.671     1.9
    48     0.3476    0.603    0.680     1.8
    49     0.2702    0.616    0.641     2.0
    50     0.3000    0.644    0.687     1.8
[seed=1 size=224 env=00] 末轮 acc 0.644（记进汇总的是这个）   最好 epoch acc 0.658（挑了测试集上最好的一轮，只能参考，不能当结果报）

[seed=1 size=224 env=01] 训练 418 张 / 测试 105 张 / 每 epoch 26 个 batch
 epoch       loss      acc      auc       秒
     1     0.7198    0.533    0.483     2.4
     2     0.6603    0.505    0.678     2.4
     3     0.6158    0.505    0.780     2.4
     4     0.5593    0.743    0.911     2.4
     5     0.4559    0.743    0.896     2.4
     6     0.4987    0.695    0.767     2.4
     7     0.4720    0.800    0.919     2.4
     8     0.3901    0.714    0.854     2.4
     9     0.3643    0.848    0.977     2.4
    10     0.3909    0.752    0.865     2.4
    11     0.3885    0.810    0.973     2.4
    12     0.3242    0.800    0.965     2.4
    13     0.2587    0.829    0.947     2.4
    14     0.2979    0.914    0.983     2.4
    15     0.2798    0.857    0.945     2.4
    16     0.2675    0.895    0.962     2.4
    17     0.2841    0.857    0.950     2.4
    18     0.2250    0.819    0.957     2.4
    19     0.2937    0.895    0.964     2.4
    20     0.1999    0.867    0.950     2.4
    21     0.3144    0.924    0.964     2.4
    22     0.2344    0.857    0.970     2.4
    23     0.1906    0.876    0.963     2.4
    24     0.2183    0.810    0.924     2.4
    25     0.2060    0.762    0.952     2.4
    26     0.2092    0.800    0.899     2.4
    27     0.2812    0.886    0.974     2.4
    28     0.1727    0.829    0.964     2.4
    29     0.2338    0.819    0.929     2.4
    30     0.2436    0.886    0.967     2.4
    31     0.1841    0.800    0.941     2.4
    32     0.1593    0.867    0.940     2.4
    33     0.2216    0.867    0.931     2.5
    34     0.2019    0.886    0.960     2.4
    35     0.1688    0.771    0.925     2.4
    36     0.1528    0.838    0.910     2.4
    37     0.1600    0.819    0.964     2.4
    38     0.1740    0.867    0.962     2.4
    39     0.1858    0.800    0.945     2.5
    40     0.2815    0.752    0.803     2.4
    41     0.3001    0.733    0.949     2.4
    42     0.2241    0.752    0.874     2.4
    43     0.2374    0.800    0.937     2.4
    44     0.1644    0.867    0.965     2.4
    45     0.1973    0.905    0.968     2.4
    46     0.1718    0.914    0.964     2.4
    47     0.1547    0.800    0.968     2.5
    48     0.1344    0.781    0.960     2.4
    49     0.1327    0.819    0.938     2.4
    50     0.1528    0.781    0.942     2.4
[seed=1 size=224 env=01] 末轮 acc 0.781（记进汇总的是这个）   最好 epoch acc 0.924（挑了测试集上最好的一轮，只能参考，不能当结果报）

[seed=1 size=224 env=02] 训练 220 张 / 测试 54 张 / 每 epoch 13 个 batch
 epoch       loss      acc      auc       秒
     1     0.9535    0.611    0.647     1.5
     2     0.6933    0.574    0.560     1.5
     3     0.6895    0.574    0.567     1.5
     4     0.6785    0.574    0.627     1.5
     5     0.6831    0.537    0.602     1.5
     6     0.6639    0.500    0.560     1.5
     7     0.6344    0.500    0.560     1.5
     8     0.6510    0.481    0.543     1.5
     9     0.6093    0.593    0.579     1.5
    10     0.5566    0.556    0.588     1.5
    11     0.5749    0.574    0.604     1.5
    12     0.5099    0.519    0.578     1.5
    13     0.4799    0.500    0.600     1.5
    14     0.4886    0.574    0.596     1.5
    15     0.4590    0.556    0.581     1.5
    16     0.3998    0.574    0.620     1.5
    17     0.3373    0.481    0.595     1.5
    18     0.4233    0.463    0.481     1.5
    19     0.3561    0.556    0.578     1.5
    20     0.3182    0.556    0.574     1.5
    21     0.3490    0.519    0.561     1.5
    22     0.2624    0.463    0.515     1.5
    23     0.2851    0.519    0.586     1.5
    24     0.2663    0.537    0.563     1.5
    25     0.3309    0.537    0.613     1.5
    26     0.2417    0.519    0.582     1.5
    27     0.2656    0.500    0.558     1.5
    28     0.2443    0.463    0.540     1.5
    29     0.1708    0.500    0.574     1.5
    30     0.1791    0.537    0.582     1.5
    31     0.2012    0.500    0.574     1.5
    32     0.2285    0.500    0.581     1.5
    33     0.1899    0.556    0.583     1.5
    34     0.1951    0.500    0.555     1.5
    35     0.1374    0.556    0.555     1.5
    36     0.2081    0.500    0.553     1.5
    37     0.1733    0.500    0.572     1.5
    38     0.1528    0.481    0.550     1.5
    39     0.1480    0.556    0.578     1.5
    40     0.2411    0.537    0.550     1.5
    41     0.1912    0.556    0.557     1.5
    42     0.1594    0.463    0.504     1.5
    43     0.2341    0.574    0.586     1.5
    44     0.2134    0.537    0.561     1.5
    45     0.1404    0.537    0.568     1.5
    46     0.1188    0.556    0.539     1.5
    47     0.1529    0.556    0.557     1.5
    48     0.1847    0.556    0.540     1.5
    49     0.1658    0.500    0.536     1.5
    50     0.2139    0.537    0.555     1.5
[seed=1 size=224 env=02] 末轮 acc 0.537（记进汇总的是这个）   最好 epoch acc 0.611（挑了测试集上最好的一轮，只能参考，不能当结果报）

[seed=1 size=640 env=00] 训练 294 张 / 测试 73 张 / 每 epoch 18 个 batch
 epoch       loss      acc      auc       秒
     1     0.7813    0.397    0.476    10.3
     2     0.6878    0.575    0.578    10.3
     3     0.6530    0.479    0.631    10.3
     4     0.6674    0.479    0.627    10.2
     5     0.6703    0.575    0.617    10.5
     6     0.6320    0.479    0.638    10.4
     7     0.6179    0.630    0.652    10.2
     8     0.6245    0.616    0.633    10.3
     9     0.5388    0.603    0.654    10.4
    10     0.5751    0.534    0.653    10.3
    11     0.5832    0.562    0.618    10.3
    12     0.5256    0.630    0.696    10.4
    13     0.5256    0.575    0.657    10.4
    14     0.5520    0.616    0.657    10.3
    15     0.5141    0.603    0.704    10.3
    16     0.5142    0.548    0.685    10.2
    17     0.4416    0.644    0.726    10.3
    18     0.4520    0.603    0.667    10.2
    19     0.4642    0.685    0.750    10.2
    20     0.4749    0.699    0.744    10.2
    21     0.4331    0.658    0.726    10.3
    22     0.3593    0.589    0.738    10.2
    23     0.3936    0.644    0.700    10.2
    24     0.3723    0.603    0.730    10.2
    25     0.3468    0.630    0.685    10.2
    26     0.3612    0.630    0.690    10.2
    27     0.3136    0.712    0.757    10.3
    28     0.2483    0.616    0.733    10.3
    29     0.3227    0.767    0.770    10.3
    30     0.2864    0.712    0.783    10.3
    31     0.2419    0.699    0.748    10.3
    32     0.2498    0.603    0.679    10.4
    33     0.2379    0.699    0.759    10.3
    34     0.1830    0.712    0.763    10.4
    35     0.1595    0.658    0.739    10.4
    36     0.1378    0.589    0.723    10.2
    37     0.1874    0.685    0.730    10.3
    38     0.1606    0.671    0.757    10.3
    39     0.1421    0.699    0.810    10.1
    40     0.1406    0.658    0.767    10.3
    41     0.1550    0.699    0.773    10.1
    42     0.1271    0.671    0.737    10.2
    43     0.1358    0.712    0.760    10.3
    44     0.0820    0.671    0.745    10.2
    45     0.0999    0.795    0.791    10.4
    46     0.1316    0.685    0.727    10.2
    47     0.1175    0.658    0.750    10.2
    48     0.0785    0.671    0.730    10.2
    49     0.0748    0.603    0.677    10.3
    50     0.1055    0.603    0.733    10.2
[seed=1 size=640 env=00] 末轮 acc 0.603（记进汇总的是这个）   最好 epoch acc 0.795（挑了测试集上最好的一轮，只能参考，不能当结果报）

[seed=1 size=640 env=01] 训练 418 张 / 测试 105 张 / 每 epoch 26 个 batch
 epoch       loss      acc      auc       秒
     1     0.6027    0.771    0.923    14.4
     2     0.4744    0.571    0.941    14.4
     3     0.3536    0.914    0.958    14.3
     4     0.3238    0.819    0.950    14.4
     5     0.3089    0.838    0.918    14.3
     6     0.2979    0.790    0.940    14.5
     7     0.2540    0.876    0.953    14.5
     8     0.2171    0.905    0.948    14.5
     9     0.2066    0.857    0.939    14.4
    10     0.1609    0.905    0.934    14.5
    11     0.1628    0.876    0.940    14.6
    12     0.1996    0.914    0.946    14.4
    13     0.1714    0.876    0.934    14.5
    14     0.1387    0.886    0.936    14.4
    15     0.2153    0.905    0.931    14.5
    16     0.1336    0.790    0.883    14.5
    17     0.1907    0.905    0.928    14.5
    18     0.1235    0.848    0.934    14.6
    19     0.1600    0.762    0.922    14.4
    20     0.1189    0.867    0.930    14.5
    21     0.1382    0.857    0.902    14.5
    22     0.1650    0.924    0.943    14.4
    23     0.1044    0.867    0.945    14.5
    24     0.1476    0.886    0.933    14.5
    25     0.0730    0.876    0.935    14.5
    26     0.1029    0.819    0.897    14.5
    27     0.1093    0.924    0.937    14.4
    28     0.0503    0.857    0.933    14.4
    29     0.2055    0.800    0.920    14.4
    30     0.1515    0.857    0.940    14.4
    31     0.0727    0.895    0.939    14.4
    32     0.0905    0.876    0.943    14.5
    33     0.0780    0.905    0.930    14.4
    34     0.0370    0.876    0.945    14.5
    35     0.1083    0.829    0.950    14.5
    36     0.1265    0.905    0.951    14.4
    37     0.0962    0.914    0.951    14.3
    38     0.0833    0.867    0.952    14.5
    39     0.1163    0.876    0.950    14.4
    40     0.1243    0.876    0.923    14.6
    41     0.1358    0.838    0.949    14.4
    42     0.1111    0.829    0.949    14.3
    43     0.0574    0.867    0.934    14.5
    44     0.1176    0.876    0.950    14.4
    45     0.0431    0.886    0.943    14.4
    46     0.0406    0.924    0.958    14.6
    47     0.0365    0.905    0.948    14.5
    48     0.0883    0.905    0.935    14.6
    49     0.0723    0.857    0.951    14.4
    50     0.0796    0.886    0.931    14.4
[seed=1 size=640 env=01] 末轮 acc 0.886（记进汇总的是这个）   最好 epoch acc 0.924（挑了测试集上最好的一轮，只能参考，不能当结果报）

[seed=1 size=640 env=02] 训练 220 张 / 测试 54 张 / 每 epoch 13 个 batch
 epoch       loss      acc      auc       秒
     1     0.7836    0.574    0.630     7.8
     2     0.6927    0.574    0.672     7.7
     3     0.6752    0.593    0.642     7.6
     4     0.6273    0.556    0.645     7.6
     5     0.6230    0.574    0.682     7.7
     6     0.6140    0.630    0.698     7.7
     7     0.5633    0.611    0.701     7.8
     8     0.5214    0.611    0.658     7.7
     9     0.4649    0.500    0.633     7.7
    10     0.4995    0.519    0.668     7.6
    11     0.3918    0.519    0.617     7.8
    12     0.3009    0.519    0.596     7.6
    13     0.3793    0.593    0.619     7.7
    14     0.2819    0.556    0.625     7.7
    15     0.2675    0.574    0.616     7.7
    16     0.2340    0.611    0.693     7.8
    17     0.1933    0.556    0.634     7.7
    18     0.2518    0.519    0.582     7.7
    19     0.2688    0.648    0.627     7.8
    20     0.2496    0.519    0.574     7.7
    21     0.1536    0.574    0.593     7.7
    22     0.1615    0.537    0.564     7.6
    23     0.1681    0.500    0.634     7.7
    24     0.1432    0.556    0.537     7.6
    25     0.1456    0.519    0.562     7.7
    26     0.1105    0.519    0.570     7.7
    27     0.1156    0.519    0.617     7.6
    28     0.1411    0.556    0.620     7.8
    29     0.2003    0.519    0.561     7.7
    30     0.1870    0.611    0.645     7.8
    31     0.2361    0.574    0.628     7.7
    32     0.1136    0.537    0.614     7.6
    33     0.1281    0.500    0.614     7.7
    34     0.1648    0.481    0.560     7.7
    35     0.1458    0.463    0.582     7.8
    36     0.1985    0.463    0.567     7.8
    37     0.1030    0.574    0.638     7.7
    38     0.1175    0.537    0.581     7.8
    39     0.0657    0.519    0.616     7.7
    40     0.0956    0.574    0.604     7.7
    41     0.1584    0.537    0.633     7.7
    42     0.1050    0.537    0.606     7.7
    43     0.1139    0.611    0.656     7.7
    44     0.1324    0.519    0.593     7.7
    45     0.1391    0.537    0.621     7.7
    46     0.0882    0.537    0.617     7.6
    47     0.0820    0.556    0.626     7.7
    48     0.0482    0.556    0.600     7.6
    49     0.0623    0.574    0.600     7.7
    50     0.1057    0.481    0.558     7.7
[seed=1 size=640 env=02] 末轮 acc 0.481（记进汇总的是这个）   最好 epoch acc 0.648（挑了测试集上最好的一轮，只能参考，不能当结果报）

[seed=2 size=224 env=00] 训练 294 张 / 测试 73 张 / 每 epoch 18 个 batch
 epoch       loss      acc      auc       秒
     1     0.8984    0.575    0.467     1.8
     2     0.7009    0.575    0.476     1.9
     3     0.6962    0.575    0.436     1.8
     4     0.6873    0.575    0.453     1.8
     5     0.6823    0.575    0.432     1.8
     6     0.6740    0.575    0.447     1.8
     7     0.6838    0.575    0.465     1.8
     8     0.6632    0.507    0.484     1.9
     9     0.6923    0.575    0.457     1.9
    10     0.7004    0.479    0.425     1.8
    11     0.6571    0.575    0.462     1.8
    12     0.6803    0.493    0.427     1.8
    13     0.6787    0.575    0.515     1.8
    14     0.6576    0.466    0.469     1.8
    15     0.6558    0.562    0.491     1.9
    16     0.6585    0.562    0.627     1.8
    17     0.6707    0.575    0.598     1.8
    18     0.6499    0.575    0.561     1.8
    19     0.6533    0.438    0.545     1.8
    20     0.6425    0.575    0.545     1.9
    21     0.6340    0.562    0.531     1.8
    22     0.6313    0.589    0.562     1.9
    23     0.6507    0.466    0.512     1.9
    24     0.6331    0.616    0.614     1.8
    25     0.6138    0.616    0.657     1.9
    26     0.6728    0.534    0.560     1.8
    27     0.6466    0.575    0.497     1.8
    28     0.6527    0.644    0.580     1.9
    29     0.6135    0.616    0.605     1.9
    30     0.6103    0.466    0.621     1.9
    31     0.6662    0.548    0.548     1.9
    32     0.6407    0.466    0.610     1.8
    33     0.6117    0.699    0.697     1.8
    34     0.6194    0.630    0.597     1.8
    35     0.6294    0.603    0.641     1.8
    36     0.6432    0.548    0.534     1.8
    37     0.6349    0.562    0.597     1.8
    38     0.6094    0.616    0.644     1.9
    39     0.5937    0.644    0.675     1.8
    40     0.6056    0.644    0.676     1.8
    41     0.6110    0.575    0.658     1.8
    42     0.5943    0.589    0.662     1.8
    43     0.5990    0.616    0.667     1.8
    44     0.6025    0.603    0.607     1.8
    45     0.5941    0.630    0.627     1.9
    46     0.5780    0.616    0.671     1.8
    47     0.5567    0.603    0.554     1.8
    48     0.5813    0.658    0.708     1.9
    49     0.5589    0.548    0.601     1.9
    50     0.5457    0.603    0.672     1.9
[seed=2 size=224 env=00] 末轮 acc 0.603（记进汇总的是这个）   最好 epoch acc 0.699（挑了测试集上最好的一轮，只能参考，不能当结果报）

[seed=2 size=224 env=01] 训练 418 张 / 测试 105 张 / 每 epoch 26 个 batch
 epoch       loss      acc      auc       秒
     1     0.6942    0.505    0.765     2.4
     2     0.7123    0.629    0.794     2.4
     3     0.6572    0.762    0.870     2.4
     4     0.6043    0.771    0.840     2.4
     5     0.5836    0.838    0.962     2.4
     6     0.5861    0.724    0.843     2.4
     7     0.5367    0.800    0.975     2.4
     8     0.4104    0.886    0.951     2.4
     9     0.4657    0.857    0.939     2.4
    10     0.4772    0.905    0.971     2.4
    11     0.4055    0.733    0.936     2.4
    12     0.3793    0.895    0.980     2.4
    13     0.3542    0.886    0.982     2.4
    14     0.2947    0.876    0.981     2.4
    15     0.2889    0.895    0.963     2.4
    16     0.3004    0.867    0.968     2.4
    17     0.2964    0.838    0.933     2.4
    18     0.2901    0.876    0.960     2.4
    19     0.3181    0.905    0.968     2.4
    20     0.2583    0.867    0.977     2.4
    21     0.2283    0.914    0.975     2.4
    22     0.2682    0.819    0.960     2.4
    23     0.2160    0.857    0.940     2.4
    24     0.2256    0.914    0.975     2.4
    25     0.2402    0.905    0.974     2.4
    26     0.2344    0.924    0.953     2.4
    27     0.1736    0.838    0.962     2.4
    28     0.2906    0.895    0.939     2.4
    29     0.1866    0.905    0.978     2.4
    30     0.2327    0.867    0.972     2.4
    31     0.1993    0.905    0.963     2.4
    32     0.1741    0.867    0.971     2.4
    33     0.2152    0.848    0.944     2.4
    34     0.2444    0.867    0.955     2.4
    35     0.1962    0.905    0.947     2.4
    36     0.2089    0.905    0.961     2.4
    37     0.2034    0.924    0.966     2.4
    38     0.1888    0.819    0.962     2.4
    39     0.1308    0.857    0.952     2.4
    40     0.1648    0.886    0.960     2.4
    41     0.1778    0.790    0.948     2.4
    42     0.1553    0.838    0.942     2.4
    43     0.1419    0.867    0.955     2.4
    44     0.1495    0.790    0.899     2.4
    45     0.1804    0.876    0.904     2.4
    46     0.1870    0.876    0.923     2.4
    47     0.1524    0.838    0.935     2.4
    48     0.1391    0.876    0.950     2.4
    49     0.1531    0.838    0.939     2.4
    50     0.1455    0.886    0.942     2.4
[seed=2 size=224 env=01] 末轮 acc 0.886（记进汇总的是这个）   最好 epoch acc 0.924（挑了测试集上最好的一轮，只能参考，不能当结果报）

[seed=2 size=224 env=02] 训练 220 张 / 测试 54 张 / 每 epoch 13 个 batch
 epoch       loss      acc      auc       秒
     1     0.8016    0.574    0.727     1.5
     2     0.6826    0.574    0.575     1.5
     3     0.6685    0.574    0.574     1.5
     4     0.6442    0.537    0.579     1.5
     5     0.6448    0.481    0.729     1.5
     6     0.6669    0.593    0.662     1.5
     7     0.6453    0.574    0.668     1.5
     8     0.6628    0.611    0.647     1.5
     9     0.6150    0.593    0.655     1.5
    10     0.5361    0.630    0.607     1.5
    11     0.5217    0.593    0.689     1.5
    12     0.4132    0.593    0.641     1.5
    13     0.4721    0.648    0.694     1.5
    14     0.3651    0.556    0.596     1.5
    15     0.3690    0.556    0.634     1.5
    16     0.3113    0.574    0.565     1.5
    17     0.2949    0.648    0.670     1.5
    18     0.2355    0.704    0.654     1.5
    19     0.2149    0.630    0.631     1.5
    20     0.3344    0.593    0.607     1.5
    21     0.1978    0.574    0.616     1.5
    22     0.2061    0.556    0.648     1.5
    23     0.2909    0.574    0.634     1.5
    24     0.2212    0.556    0.603     1.5
    25     0.2162    0.519    0.616     1.5
    26     0.2007    0.593    0.602     1.5
    27     0.2111    0.574    0.603     1.5
    28     0.1869    0.593    0.602     1.6
    29     0.1890    0.556    0.589     1.5
    30     0.1396    0.574    0.614     1.5
    31     0.1580    0.537    0.544     1.5
    32     0.1128    0.556    0.541     1.5
    33     0.1421    0.556    0.569     1.5
    34     0.1134    0.611    0.595     1.5
    35     0.1183    0.630    0.631     1.5
    36     0.1042    0.593    0.592     1.5
    37     0.1824    0.593    0.600     1.5
    38     0.1914    0.593    0.642     1.5
    39     0.1306    0.537    0.590     1.5
    40     0.1539    0.611    0.623     1.5
    41     0.0889    0.574    0.610     1.5
    42     0.1241    0.593    0.627     1.5
    43     0.1719    0.556    0.608     1.5
    44     0.1300    0.593    0.603     1.5
    45     0.1763    0.556    0.630     1.5
    46     0.0932    0.611    0.649     1.5
    47     0.1303    0.630    0.656     1.5
    48     0.1212    0.611    0.621     1.5
    49     0.1290    0.574    0.579     1.5
    50     0.1200    0.556    0.554     1.5
[seed=2 size=224 env=02] 末轮 acc 0.556（记进汇总的是这个）   最好 epoch acc 0.704（挑了测试集上最好的一轮，只能参考，不能当结果报）

[seed=2 size=640 env=00] 训练 294 张 / 测试 73 张 / 每 epoch 18 个 batch
 epoch       loss      acc      auc       秒
     1     0.8282    0.575    0.478    10.3
     2     0.6735    0.562    0.428    10.2
     3     0.6711    0.452    0.654    10.2
     4     0.6812    0.562    0.508    10.2
     5     0.6650    0.589    0.599    10.2
     6     0.6590    0.562    0.540    10.2
     7     0.6629    0.562    0.514    10.3
     8     0.6373    0.616    0.647    10.3
     9     0.5912    0.575    0.500    10.2
    10     0.6412    0.562    0.523    10.2
    11     0.6713    0.589    0.600    10.3
    12     0.6387    0.589    0.625    10.4
    13     0.6156    0.685    0.694    10.3
    14     0.5811    0.493    0.642    10.3
    15     0.6011    0.575    0.727    10.2
    16     0.5702    0.575    0.649    10.2
    17     0.5746    0.521    0.530    10.3
    18     0.5690    0.616    0.615    10.3
    19     0.5798    0.589    0.497    10.2
    20     0.6172    0.603    0.643    10.3
    21     0.5856    0.603    0.571    10.2
    22     0.5239    0.616    0.634    10.2
    23     0.5785    0.452    0.576    10.5
    24     0.5893    0.507    0.645    10.3
    25     0.5761    0.575    0.637    10.4
    26     0.4742    0.603    0.655    10.4
    27     0.5276    0.685    0.710    10.2
    28     0.4951    0.630    0.654    10.3
    29     0.4758    0.630    0.591    10.4
    30     0.5102    0.603    0.714    10.2
    31     0.4890    0.671    0.743    10.4
    32     0.4504    0.699    0.715    10.3
    33     0.5127    0.589    0.720    10.3
    34     0.5013    0.589    0.646    10.2
    35     0.4535    0.644    0.720    10.3
    36     0.3959    0.740    0.727    10.3
    37     0.4284    0.671    0.697    10.4
    38     0.4108    0.630    0.645    10.3
    39     0.3851    0.671    0.741    10.3
    40     0.3495    0.699    0.758    10.3
    41     0.3628    0.712    0.710    10.3
    42     0.3426    0.603    0.689    10.2
    43     0.4884    0.658    0.710    10.4
    44     0.3760    0.644    0.717    10.2
    45     0.4004    0.658    0.707    10.2
    46     0.2853    0.658    0.733    10.3
    47     0.2685    0.712    0.757    10.2
    48     0.3233    0.712    0.755    10.2
    49     0.2869    0.644    0.704    10.4
    50     0.2581    0.699    0.728    10.3
[seed=2 size=640 env=00] 末轮 acc 0.699（记进汇总的是这个）   最好 epoch acc 0.740（挑了测试集上最好的一轮，只能参考，不能当结果报）

[seed=2 size=640 env=01] 训练 418 张 / 测试 105 张 / 每 epoch 26 个 batch
 epoch       loss      acc      auc       秒
     1     0.7634    0.514    0.774    14.4
     2     0.7016    0.590    0.837    14.5
     3     0.6501    0.781    0.910    14.6
     4     0.5583    0.867    0.954    14.4
     5     0.4660    0.914    0.974    14.6
     6     0.3871    0.762    0.938    14.5
     7     0.4644    0.629    0.926    14.6
     8     0.4001    0.771    0.906    14.6
     9     0.3528    0.876    0.968    14.4
    10     0.2749    0.905    0.985    14.6
    11     0.4327    0.905    0.975    14.5
    12     0.2832    0.867    0.968    14.4
    13     0.2206    0.848    0.985    14.4
    14     0.2580    0.857    0.966    14.5
    15     0.2075    0.905    0.965    14.4
    16     0.2197    0.857    0.959    14.6
    17     0.2597    0.924    0.972    14.4
    18     0.1729    0.905    0.954    14.7
    19     0.1549    0.914    0.969    14.5
    20     0.1273    0.867    0.960    14.4
    21     0.1388    0.867    0.960    14.6
    22     0.1967    0.762    0.926    14.6
    23     0.1850    0.886    0.967    14.3
    24     0.1142    0.867    0.942    14.6
    25     0.1489    0.790    0.936    14.4
    26     0.1065    0.829    0.930    14.5
    27     0.1402    0.905    0.968    14.5
    28     0.0969    0.876    0.949    14.5
    29     0.1496    0.857    0.946    14.4
    30     0.1320    0.838    0.944    14.3
    31     0.1172    0.857    0.960    14.5
    32     0.1447    0.895    0.948    14.5
    33     0.1241    0.914    0.967    14.5
    34     0.2997    0.886    0.946    14.3
    35     0.0921    0.886    0.961    14.5
    36     0.1109    0.857    0.948    14.4
    37     0.1332    0.790    0.944    14.4
    38     0.0834    0.848    0.954    14.4
    39     0.0621    0.800    0.943    14.5
    40     0.1373    0.771    0.939    14.4
    41     0.1281    0.848    0.950    14.4
    42     0.0910    0.857    0.951    14.4
    43     0.0390    0.848    0.949    14.6
    44     0.0749    0.838    0.950    14.4
    45     0.1097    0.895    0.964    14.6
    46     0.1464    0.895    0.955    14.5
    47     0.0727    0.914    0.968    14.3
    48     0.0659    0.876    0.957    14.4
    49     0.0264    0.905    0.967    14.5
    50     0.0684    0.876    0.951    14.4
[seed=2 size=640 env=01] 末轮 acc 0.876（记进汇总的是这个）   最好 epoch acc 0.924（挑了测试集上最好的一轮，只能参考，不能当结果报）

[seed=2 size=640 env=02] 训练 220 张 / 测试 54 张 / 每 epoch 13 个 batch
 epoch       loss      acc      auc       秒
     1     0.7370    0.611    0.618     7.6
     2     0.6416    0.556    0.620     7.7
     3     0.6686    0.556    0.644     7.8
     4     0.6334    0.556    0.590     7.8
     5     0.5834    0.537    0.635     7.8
     6     0.5549    0.630    0.697     7.7
     7     0.4334    0.630    0.621     7.7
     8     0.5087    0.593    0.642     7.7
     9     0.3791    0.556    0.567     7.8
    10     0.3567    0.481    0.604     7.8
    11     0.3041    0.556    0.527     7.8
    12     0.2767    0.556    0.648     7.7
    13     0.2301    0.574    0.626     7.7
    14     0.1540    0.574    0.642     7.8
    15     0.1078    0.574    0.633     7.7
    16     0.2267    0.611    0.666     7.8
    17     0.1728    0.481    0.680     7.8
    18     0.1925    0.611    0.610     7.9
    19     0.1448    0.630    0.614     7.7
    20     0.0943    0.611    0.645     7.7
    21     0.1560    0.556    0.665     7.9
    22     0.2159    0.630    0.670     7.8
    23     0.1413    0.593    0.652     7.8
    24     0.1094    0.593    0.658     7.7
    25     0.1202    0.574    0.619     7.8
    26     0.0778    0.556    0.595     7.7
    27     0.1166    0.611    0.623     8.0
    28     0.1386    0.537    0.595     7.7
    29     0.1375    0.648    0.635     7.8
    30     0.0664    0.630    0.616     7.7
    31     0.0623    0.574    0.620     7.8
    32     0.0860    0.500    0.620     7.8
    33     0.1839    0.556    0.606     7.8
    34     0.1337    0.574    0.583     7.7
    35     0.0727    0.630    0.637     7.7
    36     0.0559    0.648    0.609     7.7
    37     0.0687    0.611    0.597     7.8
    38     0.0711    0.630    0.662     7.8
    39     0.0619    0.630    0.663     7.7
    40     0.1448    0.611    0.665     7.7
    41     0.0952    0.648    0.687     7.8
    42     0.0713    0.630    0.712     7.8
    43     0.0595    0.648    0.621     7.8
    44     0.0524    0.574    0.649     7.8
    45     0.0626    0.611    0.628     7.8
    46     0.0602    0.519    0.638     7.8
    47     0.1326    0.519    0.569     7.8
    48     0.0805    0.593    0.628     7.7
    49     0.0692    0.630    0.624     7.8
    50     0.0836    0.556    0.569     7.8
[seed=2 size=640 env=02] 末轮 acc 0.556（记进汇总的是这个）   最好 epoch acc 0.648（挑了测试集上最好的一轮，只能参考，不能当结果报）

[seed=3 size=224 env=00] 训练 294 张 / 测试 73 张 / 每 epoch 18 个 batch
 epoch       loss      acc      auc       秒
     1     0.7071    0.575    0.469     1.8
     2     0.7174    0.575    0.575     1.8
     3     0.6765    0.575    0.568     1.8
     4     0.6635    0.493    0.571     1.8
     5     0.6764    0.479    0.573     1.9
     6     0.6567    0.548    0.570     1.8
     7     0.6857    0.466    0.498     1.8
     8     0.6705    0.452    0.486     1.8
     9     0.7005    0.575    0.625     1.8
    10     0.6430    0.521    0.494     1.8
    11     0.6410    0.548    0.464     1.8
    12     0.6487    0.575    0.566     1.9
    13     0.6780    0.575    0.571     1.9
    14     0.6767    0.575    0.526     1.9
    15     0.6551    0.479    0.541     1.8
    16     0.6588    0.575    0.543     1.9
    17     0.6112    0.575    0.513     1.9
    18     0.6439    0.589    0.514     1.9
    19     0.6345    0.603    0.555     1.9
    20     0.6081    0.603    0.531     1.9
    21     0.5782    0.521    0.550     1.9
    22     0.6214    0.575    0.571     1.9
    23     0.5896    0.507    0.529     1.9
    24     0.6148    0.493    0.464     1.9
    25     0.6124    0.521    0.485     1.8
    26     0.5945    0.425    0.449     1.9
    27     0.5604    0.575    0.548     1.9
    28     0.6792    0.575    0.480     1.9
    29     0.6747    0.575    0.517     1.9
    30     0.6657    0.575    0.542     1.9
    31     0.6522    0.575    0.546     1.9
    32     0.6289    0.562    0.503     1.9
    33     0.5598    0.452    0.486     1.8
    34     0.5647    0.589    0.507     1.9
    35     0.6090    0.589    0.487     1.9
    36     0.5993    0.589    0.604     1.9
    37     0.5335    0.603    0.557     1.9
    38     0.5108    0.589    0.575     1.9
    39     0.6432    0.534    0.506     1.8
    40     0.6591    0.575    0.556     1.9
    41     0.6514    0.466    0.568     1.9
    42     0.6008    0.521    0.572     1.8
    43     0.5640    0.644    0.751     1.8
    44     0.4936    0.603    0.642     1.9
    45     0.4577    0.562    0.640     1.8
    46     0.4734    0.575    0.640     1.8
    47     0.4385    0.630    0.678     1.8
    48     0.4198    0.575    0.627     1.8
    49     0.4861    0.603    0.648     1.8
    50     0.4290    0.589    0.641     1.8
[seed=3 size=224 env=00] 末轮 acc 0.589（记进汇总的是这个）   最好 epoch acc 0.644（挑了测试集上最好的一轮，只能参考，不能当结果报）

[seed=3 size=224 env=01] 训练 418 张 / 测试 105 张 / 每 epoch 26 个 batch
 epoch       loss      acc      auc       秒
     1     0.6545    0.867    0.954     2.4
     2     0.5332    0.886    0.959     2.5
     3     0.4244    0.686    0.947     2.4
     4     0.4445    0.886    0.962     2.4
     5     0.3412    0.924    0.972     2.4
     6     0.3170    0.952    0.969     2.4
     7     0.2860    0.848    0.957     2.4
     8     0.3259    0.848    0.974     2.4
     9     0.2491    0.895    0.965     2.4
    10     0.3297    0.857    0.943     2.4
    11     0.2272    0.810    0.952     2.4
    12     0.2772    0.914    0.950     2.4
    13     0.2520    0.876    0.925     2.4
    14     0.1887    0.914    0.959     2.4
    15     0.2009    0.838    0.946     2.4
    16     0.1960    0.914    0.963     2.4
    17     0.2121    0.886    0.953     2.4
    18     0.2099    0.848    0.959     2.4
    19     0.2500    0.810    0.917     2.4
    20     0.2264    0.905    0.945     2.4
    21     0.3045    0.867    0.934     2.4
    22     0.2413    0.857    0.913     2.4
    23     0.2211    0.895    0.943     2.4
    24     0.1696    0.924    0.966     2.4
    25     0.1447    0.838    0.962     2.4
    26     0.1895    0.876    0.955     2.4
    27     0.1748    0.914    0.960     2.4
    28     0.1702    0.771    0.927     2.4
    29     0.1853    0.886    0.960     2.4
    30     0.1916    0.867    0.954     2.4
    31     0.1657    0.867    0.966     2.4
    32     0.1351    0.876    0.967     2.4
    33     0.2166    0.752    0.903     2.4
    34     0.1986    0.933    0.964     2.4
    35     0.1296    0.876    0.939     2.4
    36     0.1479    0.886    0.939     2.4
    37     0.1497    0.933    0.968     2.4
    38     0.1613    0.829    0.927     2.4
    39     0.2317    0.781    0.876     2.4
    40     0.1841    0.914    0.942     2.4
    41     0.1497    0.905    0.957     2.4
    42     0.1283    0.876    0.951     2.5
    43     0.1536    0.905    0.963     2.4
    44     0.2474    0.886    0.937     2.4
    45     0.1388    0.876    0.962     2.4
    46     0.1440    0.924    0.966     2.4
    47     0.1443    0.886    0.965     2.4
    48     0.1393    0.867    0.955     2.4
    49     0.1096    0.838    0.965     2.4
    50     0.0879    0.914    0.974     2.4
[seed=3 size=224 env=01] 末轮 acc 0.914（记进汇总的是这个）   最好 epoch acc 0.952（挑了测试集上最好的一轮，只能参考，不能当结果报）

[seed=3 size=224 env=02] 训练 220 张 / 测试 54 张 / 每 epoch 13 个 batch
 epoch       loss      acc      auc       秒
     1     0.7477    0.574    0.569     1.5
     2     0.6701    0.537    0.592     1.5
     3     0.6205    0.556    0.626     1.5
     4     0.5747    0.593    0.644     1.5
     5     0.5190    0.611    0.668     1.5
     6     0.4999    0.574    0.624     1.5
     7     0.4603    0.630    0.708     1.5
     8     0.4329    0.574    0.686     1.5
     9     0.3715    0.574    0.655     1.5
    10     0.3658    0.630    0.638     1.5
    11     0.3639    0.574    0.624     1.5
    12     0.2276    0.648    0.614     1.5
    13     0.2777    0.574    0.672     1.5
    14     0.3121    0.537    0.638     1.5
    15     0.2668    0.593    0.649     1.5
    16     0.2595    0.574    0.610     1.5
    17     0.2615    0.537    0.631     1.5
    18     0.2213    0.630    0.649     1.5
    19     0.1903    0.611    0.640     1.5
    20     0.2884    0.574    0.628     1.5
    21     0.1670    0.574    0.623     1.5
    22     0.2352    0.611    0.641     1.5
    23     0.2055    0.611    0.640     1.5
    24     0.2205    0.630    0.661     1.5
    25     0.1636    0.556    0.665     1.5
    26     0.1749    0.667    0.732     1.5
    27     0.2231    0.611    0.668     1.5
    28     0.2046    0.648    0.748     1.5
    29     0.1889    0.611    0.673     1.5
    30     0.2650    0.574    0.666     1.5
    31     0.1411    0.593    0.673     1.5
    32     0.1894    0.630    0.663     1.5
    33     0.1889    0.593    0.645     1.5
    34     0.1629    0.537    0.649     1.5
    35     0.1689    0.556    0.645     1.5
    36     0.1424    0.593    0.679     1.5
    37     0.2277    0.630    0.670     1.5
    38     0.2615    0.593    0.656     1.6
    39     0.1917    0.556    0.645     1.5
    40     0.1711    0.574    0.669     1.5
    41     0.1156    0.630    0.666     1.5
    42     0.2264    0.574    0.621     1.5
    43     0.1931    0.593    0.641     1.5
    44     0.1574    0.611    0.689     1.5
    45     0.1486    0.611    0.672     1.5
    46     0.1911    0.630    0.655     1.5
    47     0.1666    0.611    0.684     1.5
    48     0.1686    0.630    0.672     1.5
    49     0.1391    0.556    0.663     1.5
    50     0.1476    0.611    0.640     1.5
[seed=3 size=224 env=02] 末轮 acc 0.611（记进汇总的是这个）   最好 epoch acc 0.667（挑了测试集上最好的一轮，只能参考，不能当结果报）

[seed=3 size=640 env=00] 训练 294 张 / 测试 73 张 / 每 epoch 18 个 batch
 epoch       loss      acc      auc       秒
     1     0.7523    0.452    0.484    10.2
     2     0.6713    0.575    0.509    10.3
     3     0.6407    0.493    0.527    10.2
     4     0.6504    0.452    0.529    10.3
     5     0.5992    0.562    0.598    10.3
     6     0.5571    0.507    0.600    10.3
     7     0.5232    0.616    0.613    10.2
     8     0.4735    0.575    0.622    10.3
     9     0.4187    0.562    0.600    10.2
    10     0.4705    0.644    0.639    10.3
    11     0.4005    0.575    0.646    10.2
    12     0.3998    0.589    0.654    10.3
    13     0.3468    0.603    0.657    10.2
    14     0.3065    0.616    0.615    10.1
    15     0.2377    0.616    0.644    10.1
    16     0.2582    0.616    0.677    10.2
    17     0.2544    0.548    0.614    10.2
    18     0.1814    0.575    0.683    10.4
    19     0.1810    0.699    0.677    10.3
    20     0.1065    0.616    0.669    10.2
    21     0.2682    0.671    0.740    10.2
    22     0.1597    0.616    0.674    10.2
    23     0.1292    0.575    0.638    10.3
    24     0.1270    0.589    0.637    10.3
    25     0.1317    0.630    0.646    10.4
    26     0.0926    0.589    0.612    10.3
    27     0.1684    0.630    0.641    10.2
    28     0.1242    0.575    0.606    10.3
    29     0.0814    0.630    0.611    10.2
    30     0.0460    0.521    0.627    10.3
    31     0.0688    0.562    0.639    10.3
    32     0.1015    0.534    0.618    10.2
    33     0.1482    0.575    0.595    10.3
    34     0.0827    0.575    0.618    10.2
    35     0.1036    0.575    0.570    10.3
    36     0.1537    0.534    0.588    10.3
    37     0.1262    0.575    0.689    10.3
    38     0.0881    0.562    0.573    10.2
    39     0.1283    0.644    0.660    10.3
    40     0.0819    0.507    0.580    10.3
    41     0.0561    0.616    0.644    10.2
    42     0.1078    0.589    0.654    10.2
    43     0.0526    0.616    0.637    10.2
    44     0.0149    0.603    0.618    10.3
    45     0.0069    0.616    0.635    10.4
    46     0.0825    0.534    0.619    10.2
    47     0.1475    0.548    0.598    10.2
    48     0.1725    0.521    0.573    10.3
    49     0.1038    0.589    0.629    10.3
    50     0.0246    0.616    0.614    10.2
[seed=3 size=640 env=00] 末轮 acc 0.616（记进汇总的是这个）   最好 epoch acc 0.699（挑了测试集上最好的一轮，只能参考，不能当结果报）

[seed=3 size=640 env=01] 训练 418 张 / 测试 105 张 / 每 epoch 26 个 batch
 epoch       loss      acc      auc       秒
     1     0.6504    0.695    0.919    14.4
     2     0.5749    0.790    0.917    14.3
     3     0.4506    0.876    0.958    14.4
     4     0.4208    0.733    0.936    14.4
     5     0.3587    0.857    0.965    14.4
     6     0.3166    0.867    0.956    14.5
     7     0.3175    0.895    0.954    14.4
     8     0.2995    0.905    0.949    14.3
     9     0.2628    0.905    0.980    14.5
    10     0.1985    0.914    0.970    14.4
    11     0.2792    0.867    0.963    14.4
    12     0.1849    0.905    0.957    14.3
    13     0.1596    0.886    0.962    14.5
    14     0.2517    0.829    0.957    14.4
    15     0.1589    0.886    0.957    14.3
    16     0.1035    0.857    0.963    14.3
    17     0.1629    0.857    0.943    14.4
    18     0.1252    0.876    0.949    14.4
    19     0.1879    0.857    0.955    14.3
    20     0.1997    0.876    0.972    14.3
    21     0.0943    0.848    0.957    14.4
    22     0.2015    0.790    0.902    14.3
    23     0.1829    0.848    0.959    14.3
    24     0.0803    0.829    0.954    14.3
    25     0.1318    0.905    0.962    14.3
    26     0.2310    0.914    0.976    14.3
    27     0.1034    0.886    0.979    14.2
    28     0.0875    0.905    0.967    14.4
    29     0.1005    0.886    0.943    14.4
    30     0.1263    0.905    0.970    14.3
    31     0.1392    0.905    0.972    14.3
    32     0.0841    0.895    0.980    14.3
    33     0.0966    0.886    0.976    14.4
    34     0.1181    0.895    0.950    14.5
    35     0.0968    0.810    0.956    14.4
    36     0.0896    0.886    0.964    14.3
    37     0.0503    0.838    0.958    14.4
    38     0.0632    0.886    0.964    14.3
    39     0.2704    0.524    0.777    14.5
    40     0.1712    0.819    0.938    14.4
    41     0.1021    0.886    0.950    14.5
    42     0.1132    0.867    0.966    14.4
    43     0.0825    0.876    0.955    14.3
    44     0.0748    0.886    0.948    14.4
    45     0.0533    0.905    0.958    14.5
    46     0.0825    0.838    0.950    14.3
    47     0.0841    0.867    0.948    14.4
    48     0.1280    0.857    0.938    14.4
    49     0.0613    0.895    0.966    14.3
    50     0.0388    0.876    0.954    14.3
[seed=3 size=640 env=01] 末轮 acc 0.876（记进汇总的是这个）   最好 epoch acc 0.914（挑了测试集上最好的一轮，只能参考，不能当结果报）

[seed=3 size=640 env=02] 训练 220 张 / 测试 54 张 / 每 epoch 13 个 batch
 epoch       loss      acc      auc       秒
     1     0.9795    0.426    0.564     7.7
     2     0.6713    0.426    0.581     7.8
     3     0.6485    0.611    0.596     7.7
     4     0.6063    0.556    0.589     7.8
     5     0.6065    0.537    0.554     7.7
     6     0.6137    0.500    0.593     7.7
     7     0.6091    0.593    0.583     7.8
     8     0.5607    0.593    0.652     7.6
     9     0.5559    0.574    0.613     7.8
    10     0.5426    0.556    0.651     7.7
    11     0.5537    0.611    0.586     7.7
    12     0.4901    0.611    0.680     7.7
    13     0.4548    0.556    0.607     7.6
    14     0.4479    0.537    0.683     7.8
    15     0.4678    0.667    0.661     7.7
    16     0.4282    0.593    0.670     7.7
    17     0.3405    0.556    0.659     7.7
    18     0.3502    0.648    0.698     7.7
    19     0.4890    0.722    0.743     7.8
    20     0.3018    0.630    0.691     7.8
    21     0.3112    0.611    0.666     7.7
    22     0.2832    0.741    0.755     7.6
    23     0.3618    0.574    0.691     7.8
    24     0.2942    0.593    0.687     7.8
    25     0.2181    0.630    0.635     7.8
    26     0.1930    0.667    0.712     7.7
    27     0.2703    0.574    0.649     7.7
    28     0.1911    0.574    0.644     7.7
    29     0.1772    0.537    0.633     7.7
    30     0.1415    0.667    0.725     7.8
    31     0.2548    0.648    0.656     7.7
    32     0.2400    0.648    0.677     7.8
    33     0.2034    0.648    0.712     7.7
    34     0.1730    0.593    0.727     7.7
    35     0.1689    0.667    0.704     7.7
    36     0.2680    0.611    0.675     7.8
    37     0.1536    0.630    0.697     7.8
    38     0.1127    0.648    0.738     7.8
    39     0.1631    0.611    0.704     7.8
    40     0.1730    0.611    0.645     7.8
    41     0.1830    0.741    0.735     7.7
    42     0.1128    0.648    0.727     7.8
    43     0.1662    0.611    0.698     7.6
    44     0.1296    0.648    0.724     7.7
    45     0.1548    0.574    0.698     7.8
    46     0.1462    0.630    0.696     7.8
    47     0.1407    0.685    0.738     7.8
    48     0.0607    0.630    0.722     7.9
    49     0.1300    0.648    0.686     7.8
    50     0.1943    0.648    0.694     7.7
[seed=3 size=640 env=02] 末轮 acc 0.648（记进汇总的是这个）   最好 epoch acc 0.741（挑了测试集上最好的一轮，只能参考，不能当结果报）

[seed=4 size=224 env=00] 训练 294 张 / 测试 73 张 / 每 epoch 18 个 batch
 epoch       loss      acc      auc       秒
     1     0.7076    0.575    0.596     1.8
     2     0.6818    0.575    0.722     1.9
     3     0.6820    0.534    0.561     1.9
     4     0.6804    0.589    0.686     1.9
     5     0.6638    0.548    0.596     1.8
     6     0.6653    0.589    0.584     1.9
     7     0.6593    0.603    0.639     1.9
     8     0.6578    0.589    0.563     1.9
     9     0.6468    0.521    0.631     1.9
    10     0.6458    0.534    0.537     1.9
    11     0.5962    0.630    0.616     1.8
    12     0.5878    0.603    0.676     1.9
    13     0.6011    0.589    0.652     1.9
    14     0.5809    0.644    0.693     1.8
    15     0.5618    0.644    0.679     1.9
    16     0.4962    0.630    0.687     1.9
    17     0.4967    0.630    0.688     1.9
    18     0.4685    0.575    0.588     1.9
    19     0.5192    0.603    0.623     1.8
    20     0.5251    0.658    0.700     1.8
    21     0.4478    0.603    0.668     1.8
    22     0.5130    0.575    0.598     1.8
    23     0.4828    0.521    0.556     1.9
    24     0.3604    0.589    0.690     1.9
    25     0.3783    0.630    0.681     1.8
    26     0.3679    0.589    0.696     1.8
    27     0.4156    0.658    0.641     1.8
    28     0.3434    0.658    0.663     1.9
    29     0.3276    0.548    0.600     1.9
    30     0.3667    0.616    0.655     1.8
    31     0.3578    0.630    0.681     1.9
    32     0.3119    0.534    0.608     1.9
    33     0.3502    0.562    0.618     1.8
    34     0.3109    0.644    0.611     1.8
    35     0.3075    0.616    0.675     1.9
    36     0.3237    0.658    0.649     1.9
    37     0.2918    0.658    0.605     1.9
    38     0.2725    0.603    0.647     1.9
    39     0.3063    0.616    0.658     1.8
    40     0.2807    0.699    0.701     1.9
    41     0.2892    0.616    0.674     1.8
    42     0.2737    0.562    0.650     1.9
    43     0.2149    0.685    0.680     1.9
    44     0.1938    0.658    0.697     1.9
    45     0.2064    0.630    0.689     1.8
    46     0.2369    0.548    0.598     1.9
    47     0.2422    0.603    0.613     1.9
    48     0.2205    0.658    0.731     1.9
    49     0.1806    0.616    0.668     1.8
    50     0.2457    0.603    0.659     1.9
[seed=4 size=224 env=00] 末轮 acc 0.603（记进汇总的是这个）   最好 epoch acc 0.699（挑了测试集上最好的一轮，只能参考，不能当结果报）

[seed=4 size=224 env=01] 训练 418 张 / 测试 105 张 / 每 epoch 26 个 batch
 epoch       loss      acc      auc       秒
     1     0.7285    0.495    0.523     2.4
     2     0.6992    0.505    0.782     2.4
     3     0.6881    0.495    0.522     2.4
     4     0.6941    0.505    0.794     2.4
     5     0.6928    0.495    0.797     2.4
     6     0.6894    0.505    0.791     2.4
     7     0.6807    0.505    0.794     2.4
     8     0.6838    0.505    0.707     2.4
     9     0.6909    0.543    0.762     2.4
    10     0.6621    0.648    0.751     2.4
    11     0.6513    0.524    0.801     2.4
    12     0.6624    0.619    0.694     2.4
    13     0.6451    0.638    0.695     2.4
    14     0.6516    0.505    0.620     2.4
    15     0.6453    0.505    0.593     2.4
    16     0.6865    0.514    0.461     2.4
    17     0.6886    0.505    0.692     2.4
    18     0.6624    0.600    0.437     2.4
    19     0.6629    0.590    0.730     2.4
    20     0.6557    0.629    0.727     2.4
    21     0.6481    0.590    0.581     2.4
    22     0.6457    0.657    0.712     2.4
    23     0.6322    0.724    0.711     2.4
    24     0.6253    0.705    0.671     2.4
    25     0.6119    0.629    0.603     2.4
    26     0.6289    0.686    0.695     2.4
    27     0.6247    0.714    0.756     2.4
    28     0.6349    0.619    0.653     2.4
    29     0.6203    0.533    0.373     2.4
    30     0.6475    0.600    0.536     2.4
    31     0.6350    0.686    0.747     2.4
    32     0.6045    0.676    0.638     2.4
    33     0.6023    0.695    0.732     2.4
    34     0.6204    0.590    0.530     2.4
    35     0.6316    0.695    0.728     2.4
    36     0.6114    0.552    0.496     2.4
    37     0.6192    0.676    0.726     2.4
    38     0.6358    0.638    0.702     2.4
    39     0.6386    0.686    0.749     2.4
    40     0.6270    0.667    0.747     2.4
    41     0.6183    0.695    0.739     2.4
    42     0.5974    0.705    0.735     2.4
    43     0.6063    0.743    0.793     2.4
    44     0.5925    0.638    0.740     2.4
    45     0.5992    0.676    0.738     2.4
    46     0.6066    0.695    0.726     2.4
    47     0.5970    0.686    0.764     2.4
    48     0.6004    0.705    0.758     2.4
    49     0.6094    0.629    0.734     2.4
    50     0.6121    0.590    0.452     2.4
[seed=4 size=224 env=01] 末轮 acc 0.590（记进汇总的是这个）   最好 epoch acc 0.743（挑了测试集上最好的一轮，只能参考，不能当结果报）

[seed=4 size=224 env=02] 训练 220 张 / 测试 54 张 / 每 epoch 13 个 batch
 epoch       loss      acc      auc       秒
     1     0.7965    0.574    0.490     1.5
     2     0.6846    0.574    0.533     1.5
     3     0.7078    0.426    0.475     1.5
     4     0.6576    0.556    0.567     1.5
     5     0.6502    0.519    0.505     1.5
     6     0.6342    0.574    0.530     1.5
     7     0.6396    0.556    0.540     1.5
     8     0.6262    0.426    0.525     1.5
     9     0.5911    0.537    0.581     1.5
    10     0.5750    0.519    0.541     1.5
    11     0.5783    0.556    0.567     1.5
    12     0.5776    0.537    0.519     1.5
    13     0.5215    0.630    0.613     1.5
    14     0.5003    0.574    0.583     1.5
    15     0.5389    0.593    0.647     1.5
    16     0.4644    0.630    0.696     1.5
    17     0.4868    0.630    0.680     1.5
    18     0.4245    0.630    0.684     1.5
    19     0.4039    0.593    0.704     1.5
    20     0.4330    0.574    0.655     1.5
    21     0.4594    0.630    0.693     1.5
    22     0.4209    0.667    0.735     1.5
    23     0.3427    0.611    0.703     1.5
    24     0.4017    0.630    0.645     1.5
    25     0.3667    0.574    0.645     1.5
    26     0.3769    0.630    0.637     1.5
    27     0.3215    0.648    0.710     1.5
    28     0.3171    0.648    0.769     1.5
    29     0.3205    0.537    0.666     1.5
    30     0.2986    0.574    0.689     1.5
    31     0.3149    0.611    0.693     1.5
    32     0.3560    0.667    0.742     1.5
    33     0.2568    0.667    0.711     1.5
    34     0.2529    0.630    0.694     1.5
    35     0.3230    0.704    0.697     1.5
    36     0.2539    0.630    0.693     1.5
    37     0.2411    0.722    0.736     1.5
    38     0.2389    0.648    0.741     1.5
    39     0.2368    0.630    0.721     1.5
    40     0.2724    0.630    0.721     1.5
    41     0.1963    0.611    0.711     1.5
    42     0.1774    0.630    0.715     1.5
    43     0.2165    0.685    0.743     1.5
    44     0.1697    0.611    0.696     1.5
    45     0.2148    0.630    0.710     1.5
    46     0.2016    0.667    0.718     1.5
    47     0.1637    0.648    0.734     1.5
    48     0.1424    0.648    0.752     1.5
    49     0.1687    0.667    0.750     1.5
    50     0.2121    0.704    0.719     1.5
[seed=4 size=224 env=02] 末轮 acc 0.704（记进汇总的是这个）   最好 epoch acc 0.722（挑了测试集上最好的一轮，只能参考，不能当结果报）

[seed=4 size=640 env=00] 训练 294 张 / 测试 73 张 / 每 epoch 18 个 batch
 epoch       loss      acc      auc       秒
     1     0.7841    0.575    0.582    10.3
     2     0.6920    0.575    0.630    10.3
     3     0.6675    0.562    0.624    10.3
     4     0.6535    0.575    0.690    10.2
     5     0.6384    0.685    0.694    10.2
     6     0.6589    0.589    0.594    10.3
     7     0.5911    0.575    0.588    10.2
     8     0.6127    0.548    0.588    10.3
     9     0.6523    0.658    0.742    10.4
    10     0.6085    0.589    0.710    10.3
    11     0.5960    0.658    0.713    10.3
    12     0.5778    0.630    0.720    10.3
    13     0.5709    0.562    0.570    10.4
    14     0.4994    0.603    0.585    10.4
    15     0.4690    0.589    0.653    10.3
    16     0.4939    0.575    0.623    10.3
    17     0.5292    0.425    0.574    10.3
    18     0.6127    0.630    0.653    10.3
    19     0.5036    0.575    0.651    10.2
    20     0.4790    0.575    0.644    10.3
    21     0.4295    0.562    0.611    10.2
    22     0.4466    0.575    0.523    10.2
    23     0.4746    0.534    0.593    10.2
    24     0.4068    0.603    0.647    10.4
    25     0.3982    0.534    0.616    10.4
    26     0.3960    0.589    0.613    10.3
    27     0.4017    0.589    0.638    10.4
    28     0.3602    0.644    0.661    10.4
    29     0.3326    0.534    0.606    10.3
    30     0.3272    0.534    0.614    10.3
    31     0.3647    0.562    0.604    10.3
    32     0.3508    0.603    0.638    10.2
    33     0.2801    0.589    0.657    10.3
    34     0.3593    0.575    0.663    10.3
    35     0.2769    0.534    0.551    10.2
    36     0.2337    0.493    0.538    10.4
    37     0.3642    0.521    0.537    10.2
    38     0.3718    0.507    0.533    10.3
    39     0.2279    0.562    0.550    10.3
    40     0.2535    0.548    0.549    10.4
    41     0.1939    0.589    0.601    10.2
    42     0.2345    0.658    0.697    10.4
    43     0.2856    0.493    0.570    10.3
    44     0.2482    0.658    0.651    10.4
    45     0.2501    0.603    0.612    10.3
    46     0.2321    0.630    0.647    10.4
    47     0.2910    0.575    0.601    10.3
    48     0.1936    0.575    0.563    10.3
    49     0.2174    0.548    0.541    10.5
    50     0.1733    0.521    0.531    10.4
[seed=4 size=640 env=00] 末轮 acc 0.521（记进汇总的是这个）   最好 epoch acc 0.685（挑了测试集上最好的一轮，只能参考，不能当结果报）

[seed=4 size=640 env=01] 训练 418 张 / 测试 105 张 / 每 epoch 26 个 batch
 epoch       loss      acc      auc       秒
     1     0.7050    0.724    0.796    14.5
     2     0.4883    0.838    0.923    14.5
     3     0.4831    0.752    0.865    14.5
     4     0.4145    0.857    0.947    14.6
     5     0.3272    0.810    0.931    14.4
     6     0.2801    0.629    0.943    14.4
     7     0.2530    0.848    0.916    14.5
     8     0.2677    0.762    0.921    14.6
     9     0.3080    0.838    0.958    14.6
    10     0.2437    0.914    0.955    14.4
    11     0.2143    0.876    0.955    14.5
    12     0.1591    0.838    0.938    14.5
    13     0.1853    0.867    0.927    14.5
    14     0.1855    0.867    0.927    14.3
    15     0.1731    0.886    0.954    14.5
    16     0.1368    0.895    0.970    14.5
    17     0.1175    0.790    0.952    14.5
    18     0.1677    0.848    0.929    14.5
    19     0.1407    0.819    0.921    14.5
    20     0.1217    0.838    0.950    14.4
    21     0.1032    0.848    0.943    14.4
    22     0.1607    0.876    0.953    14.5
    23     0.0933    0.867    0.955    14.4
    24     0.0984    0.867    0.947    14.5
    25     0.0597    0.810    0.950    14.5
    26     0.1093    0.829    0.953    14.4
    27     0.1019    0.857    0.932    14.7
    28     0.0931    0.810    0.907    14.4
    29     0.1710    0.819    0.940    14.4
    30     0.0789    0.857    0.930    14.5
    31     0.0684    0.867    0.929    14.4
    32     0.0858    0.781    0.936    14.4
    33     0.0783    0.771    0.907    14.5
    34     0.1101    0.752    0.917    14.4
    35     0.0938    0.810    0.930    14.5
    36     0.1079    0.829    0.894    14.4
    37     0.1553    0.848    0.918    14.6
    38     0.1196    0.857    0.957    14.3
    39     0.0425    0.848    0.955    14.4
    40     0.0424    0.905    0.953    14.5
    41     0.0689    0.819    0.896    14.5
    42     0.0677    0.857    0.932    14.6
    43     0.0581    0.790    0.943    14.4
    44     0.0944    0.829    0.927    14.5
    45     0.0820    0.810    0.905    14.4
    46     0.0485    0.838    0.942    14.4
    47     0.1320    0.829    0.920    14.6
    48     0.0402    0.857    0.942    14.5
    49     0.0654    0.848    0.931    14.6
    50     0.1125    0.762    0.934    14.4
[seed=4 size=640 env=01] 末轮 acc 0.762（记进汇总的是这个）   最好 epoch acc 0.914（挑了测试集上最好的一轮，只能参考，不能当结果报）

[seed=4 size=640 env=02] 训练 220 张 / 测试 54 张 / 每 epoch 13 个 batch
 epoch       loss      acc      auc       秒
     1     1.0855    0.500    0.562     7.7
     2     0.7157    0.500    0.491     7.7
     3     0.6533    0.574    0.527     7.8
     4     0.6581    0.574    0.554     7.7
     5     0.6871    0.593    0.546     7.8
     6     0.6232    0.481    0.537     7.8
     7     0.6489    0.556    0.562     7.7
     8     0.6171    0.444    0.527     7.7
     9     0.6191    0.519    0.606     7.7
    10     0.5846    0.574    0.629     7.8
    11     0.6001    0.593    0.642     7.8
    12     0.5701    0.556    0.600     7.7
    13     0.5604    0.519    0.604     7.7
    14     0.5500    0.519    0.548     7.8
    15     0.4808    0.593    0.635     7.8
    16     0.5167    0.611    0.676     7.8
    17     0.5738    0.537    0.575     7.7
    18     0.5068    0.611    0.661     7.8
    19     0.4307    0.556    0.624     7.7
    20     0.5155    0.574    0.637     7.7
    21     0.5154    0.593    0.676     7.7
    22     0.4361    0.556    0.631     7.7
    23     0.4154    0.667    0.717     7.8
    24     0.3738    0.593    0.680     7.8
    25     0.4262    0.537    0.658     7.8
    26     0.3593    0.593    0.652     7.7
    27     0.3903    0.593    0.661     7.8
    28     0.3630    0.630    0.679     7.8
    29     0.3743    0.574    0.658     7.8
    30     0.3149    0.593    0.665     7.8
    31     0.2617    0.630    0.640     7.7
    32     0.3235    0.537    0.764     7.7
    33     0.4349    0.630    0.651     7.8
    34     0.3011    0.574    0.658     7.8
    35     0.3240    0.574    0.642     7.7
    36     0.2749    0.667    0.729     7.7
    37     0.3144    0.611    0.696     7.8
    38     0.2153    0.704    0.763     7.8
    39     0.1950    0.722    0.778     7.8
    40     0.3222    0.685    0.746     7.7
    41     0.2134    0.667    0.764     7.7
    42     0.1933    0.741    0.788     7.8
    43     0.2047    0.648    0.750     7.7
    44     0.1902    0.685    0.783     7.8
    45     0.1557    0.611    0.700     7.7
    46     0.2204    0.611    0.691     7.8
    47     0.2354    0.630    0.694     7.7
    48     0.2580    0.648    0.672     7.7
    49     0.1763    0.630    0.736     7.8
    50     0.2263    0.611    0.743     7.7
[seed=4 size=640 env=02] 末轮 acc 0.611（记进汇总的是这个）   最好 epoch acc 0.741（挑了测试集上最好的一轮，只能参考，不能当结果报）

=== 汇总  dataset=HTP  scope=per_env  arch=vit_b_16  seeds=[0, 1, 2, 3, 4]  epochs=50  test_ratio=0.2 ===
（per_env 的 overall 是各域 acc 的宏平均。各域是各自独立的模型，把预测混起来算微平均没有意义）

acc
 image_size              00              01              02         overall
        224     0.600±0.027     0.800±0.114     0.578±0.075     0.659±0.030
        640     0.605±0.057     0.850±0.046     0.578±0.057     0.678±0.031

auc
 image_size              00              01              02         overall
        224     0.624±0.083     0.848±0.198     0.607±0.065     0.693±0.053
        640     0.654±0.075     0.937±0.014     0.640±0.071     0.744±0.007

结果已写入 indomain_res_vit_per_env.csv（本次 1500 行）
