nohup: 忽略输入
设备 cuda | arch vit_b_16 | scope pooled_split | image_size [224, 640] | seeds [0, 1, 2, 3, 4]
数据集：3 个域，2 个类 ['00', '01']
  域 00: 共   367 张   00:211  01:156   多数类基线 0.575
  域 01: 共   523 张   00:264  01:259   多数类基线 0.505
  域 02: 共   274 张   00:157  01:117   多数类基线 0.573
  合计   : 共  1164 张   多数类基线 0.543

[seed=0 size=224 pooled_split] 训练 932 张 / 测试 232 张 / 每 epoch 58 个 batch
 epoch       loss      acc      auc       秒
     1     0.7198    0.582    0.596     5.8
     2     0.6920    0.543    0.585     5.1
     3     0.6801    0.487    0.557     5.1
     4     0.6870    0.453    0.547     5.1
     5     0.6888    0.543    0.596     5.1
     6     0.6703    0.491    0.558     5.1
     7     0.6822    0.513    0.591     5.1
     8     0.6832    0.543    0.603     5.1
     9     0.6699    0.543    0.583     5.2
    10     0.6681    0.543    0.608     5.1
    11     0.6647    0.534    0.575     5.1
    12     0.6571    0.560    0.596     5.1
    13     0.6616    0.543    0.612     5.1
    14     0.6711    0.560    0.595     5.1
    15     0.6669    0.547    0.609     5.1
    16     0.6557    0.578    0.573     5.1
    17     0.6510    0.573    0.613     5.1
    18     0.6582    0.578    0.592     5.1
    19     0.6490    0.543    0.612     5.1
    20     0.6503    0.543    0.612     5.1
    21     0.6366    0.556    0.619     5.1
    22     0.6670    0.578    0.604     5.1
    23     0.6505    0.547    0.621     5.1
    24     0.6446    0.599    0.635     5.1
    25     0.6650    0.522    0.583     5.2
    26     0.6345    0.517    0.527     5.1
    27     0.6461    0.543    0.587     5.1
    28     0.6582    0.543    0.608     5.2
    29     0.6302    0.642    0.684     5.1
    30     0.6355    0.586    0.663     5.1
    31     0.6376    0.543    0.621     5.1
    32     0.6345    0.638    0.734     5.1
    33     0.6161    0.582    0.675     5.1
    34     0.6170    0.672    0.712     5.2
    35     0.6281    0.543    0.663     5.1
    36     0.6095    0.595    0.626     5.1
    37     0.6057    0.638    0.720     5.1
    38     0.6081    0.616    0.658     5.1
    39     0.6118    0.608    0.719     5.1
    40     0.6105    0.591    0.618     5.1
    41     0.5915    0.668    0.708     5.1
    42     0.5890    0.621    0.652     5.1
    43     0.6215    0.655    0.706     5.1
    44     0.5856    0.690    0.744     5.1
    45     0.5475    0.569    0.621     5.1
    46     0.6200    0.707    0.756     5.1
    47     0.5492    0.672    0.702     5.1
    48     0.5703    0.668    0.730     5.1
    49     0.5515    0.655    0.725     5.1
    50     0.5591    0.621    0.740     5.1
[seed=0 size=224 pooled_split] 末轮 acc 0.621（记进汇总的是这个）   最好 epoch acc 0.707（挑了测试集上最好的一轮，只能参考，不能当结果报）

[seed=0 size=640 pooled_split] 训练 932 张 / 测试 232 张 / 每 epoch 58 个 batch
 epoch       loss      acc      auc       秒
     1     0.6935    0.690    0.748    32.9
     2     0.6345    0.651    0.751    31.7
     3     0.6325    0.668    0.729    31.9
     4     0.5841    0.651    0.764    31.9
     5     0.5665    0.543    0.665    31.9
     6     0.6832    0.664    0.756    31.7
     7     0.5693    0.578    0.729    32.0
     8     0.5312    0.672    0.766    31.8
     9     0.5106    0.629    0.733    31.8
    10     0.4976    0.655    0.746    31.9
    11     0.4595    0.655    0.748    32.1
    12     0.4617    0.690    0.784    32.0
    13     0.4047    0.681    0.768    32.0
    14     0.4049    0.647    0.731    32.1
    15     0.3858    0.591    0.712    32.1
    16     0.3726    0.681    0.747    32.2
    17     0.3774    0.707    0.804    32.0
    18     0.3206    0.621    0.726    31.9
    19     0.2903    0.698    0.785    32.2
    20     0.2628    0.664    0.745    32.1
    21     0.2599    0.616    0.718    32.4
    22     0.2734    0.659    0.744    32.3
    23     0.2474    0.647    0.762    32.4
    24     0.2397    0.707    0.774    32.5
    25     0.2195    0.703    0.782    32.3
    26     0.2257    0.655    0.753    32.2
    27     0.2304    0.638    0.734    32.3
    28     0.1668    0.703    0.751    31.9
    29     0.1907    0.642    0.704    31.8
    30     0.2129    0.690    0.763    31.7
    31     0.1610    0.681    0.756    31.7
    32     0.1681    0.690    0.771    31.8
    33     0.1376    0.651    0.753    31.9
    34     0.1470    0.655    0.729    31.9
    35     0.1435    0.634    0.737    32.0
    36     0.1262    0.647    0.727    31.9
    37     0.1474    0.638    0.726    32.1
    38     0.1405    0.672    0.743    32.1
    39     0.1308    0.625    0.723    32.0
    40     0.1191    0.677    0.750    32.0
    41     0.1187    0.634    0.718    32.2
    42     0.1051    0.664    0.753    32.0
    43     0.1200    0.651    0.715    32.5
    44     0.1114    0.634    0.718    32.1
    45     0.1084    0.629    0.723    32.2
    46     0.0909    0.647    0.728    32.0
    47     0.0978    0.655    0.739    32.1
    48     0.0845    0.651    0.731    32.4
    49     0.0899    0.685    0.724    32.3
    50     0.1060    0.681    0.749    32.1
[seed=0 size=640 pooled_split] 末轮 acc 0.681（记进汇总的是这个）   最好 epoch acc 0.707（挑了测试集上最好的一轮，只能参考，不能当结果报）

[seed=1 size=224 pooled_split] 训练 932 张 / 测试 232 张 / 每 epoch 58 个 batch
 epoch       loss      acc      auc       秒
     1     0.7349    0.530    0.682     5.2
     2     0.6439    0.543    0.661     5.2
     3     0.5969    0.629    0.695     5.2
     4     0.5739    0.573    0.644     5.1
     5     0.5658    0.599    0.669     5.2
     6     0.5261    0.608    0.700     5.2
     7     0.5086    0.698    0.725     5.2
     8     0.4979    0.578    0.709     5.2
     9     0.4844    0.672    0.735     5.2
    10     0.3942    0.672    0.730     5.2
    11     0.3690    0.685    0.752     5.2
    12     0.3614    0.685    0.754     5.2
    13     0.3643    0.664    0.744     5.1
    14     0.3489    0.694    0.766     5.2
    15     0.3375    0.694    0.741     5.2
    16     0.3155    0.634    0.726     5.2
    17     0.2960    0.668    0.719     5.2
    18     0.2947    0.625    0.747     5.2
    19     0.2940    0.664    0.757     5.2
    20     0.2543    0.655    0.734     5.2
    21     0.2401    0.638    0.717     5.2
    22     0.2422    0.694    0.771     5.1
    23     0.2560    0.634    0.708     5.2
    24     0.2312    0.685    0.752     5.2
    25     0.2351    0.685    0.758     5.2
    26     0.2002    0.685    0.760     5.1
    27     0.1903    0.707    0.752     5.2
    28     0.2295    0.672    0.750     5.2
    29     0.1854    0.668    0.747     5.1
    30     0.2065    0.711    0.766     5.2
    31     0.2946    0.668    0.687     5.2
    32     0.1906    0.694    0.744     5.2
    33     0.1986    0.685    0.730     5.2
    34     0.2073    0.647    0.702     5.2
    35     0.1840    0.698    0.747     5.1
    36     0.1727    0.642    0.720     5.2
    37     0.1626    0.664    0.752     5.2
    38     0.2002    0.681    0.755     5.1
    39     0.1620    0.698    0.739     5.1
    40     0.2165    0.677    0.736     5.1
    41     0.1972    0.690    0.762     5.2
    42     0.1596    0.681    0.714     5.2
    43     0.1721    0.677    0.753     5.2
    44     0.1595    0.681    0.736     5.2
    45     0.1553    0.694    0.763     5.2
    46     0.1548    0.694    0.750     5.2
    47     0.1809    0.668    0.746     5.2
    48     0.1098    0.672    0.756     5.2
    49     0.1428    0.638    0.691     5.1
    50     0.1463    0.651    0.720     5.1
[seed=1 size=224 pooled_split] 末轮 acc 0.651（记进汇总的是这个）   最好 epoch acc 0.711（挑了测试集上最好的一轮，只能参考，不能当结果报）

[seed=1 size=640 pooled_split] 训练 932 张 / 测试 232 张 / 每 epoch 58 个 batch
 epoch       loss      acc      auc       秒
     1     0.6923    0.616    0.683    31.4
     2     0.6586    0.547    0.683    31.5
     3     0.6008    0.651    0.723    31.8
     4     0.6050    0.664    0.749    31.7
     5     0.5574    0.698    0.768    31.6
     6     0.5647    0.634    0.728    31.7
     7     0.5759    0.651    0.720    31.7
     8     0.5038    0.690    0.789    31.6
     9     0.5113    0.690    0.787    31.6
    10     0.5161    0.694    0.762    31.6
    11     0.4636    0.703    0.791    31.7
    12     0.4688    0.698    0.796    31.4
    13     0.4368    0.703    0.784    31.5
    14     0.3817    0.638    0.709    31.4
    15     0.4024    0.698    0.787    31.5
    16     0.3407    0.694    0.755    31.6
    17     0.4014    0.655    0.755    31.7
    18     0.3528    0.690    0.789    31.6
    19     0.3072    0.711    0.814    31.9
    20     0.3057    0.707    0.820    31.7
    21     0.2847    0.677    0.756    31.6
    22     0.2767    0.707    0.799    31.8
    23     0.3229    0.698    0.785    31.7
    24     0.2856    0.672    0.782    31.9
    25     0.2484    0.707    0.810    31.8
    26     0.2174    0.703    0.766    32.1
    27     0.2000    0.711    0.792    32.1
    28     0.1870    0.664    0.770    31.9
    29     0.2381    0.690    0.784    31.9
    30     0.1736    0.677    0.781    32.0
    31     0.1750    0.707    0.793    31.9
    32     0.1661    0.681    0.775    31.9
    33     0.1715    0.690    0.770    31.7
    34     0.1659    0.677    0.781    31.6
    35     0.1269    0.672    0.777    31.8
    36     0.1609    0.698    0.798    31.8
    37     0.1403    0.716    0.799    31.5
    38     0.1784    0.672    0.795    31.6
    39     0.1339    0.703    0.808    31.5
    40     0.1330    0.681    0.786    31.8
    41     0.1113    0.707    0.796    32.1
    42     0.1500    0.716    0.798    31.6
    43     0.0964    0.716    0.797    31.6
    44     0.1039    0.694    0.808    31.5
    45     0.0979    0.720    0.781    31.6
    46     0.1349    0.711    0.792    31.9
    47     0.1249    0.711    0.806    31.9
    48     0.1526    0.707    0.786    31.9
    49     0.1030    0.655    0.767    31.5
    50     0.0980    0.668    0.770    31.8
[seed=1 size=640 pooled_split] 末轮 acc 0.668（记进汇总的是这个）   最好 epoch acc 0.720（挑了测试集上最好的一轮，只能参考，不能当结果报）

[seed=2 size=224 pooled_split] 训练 932 张 / 测试 232 张 / 每 epoch 58 个 batch
 epoch       loss      acc      auc       秒
     1     0.7052    0.543    0.613     5.1
     2     0.6924    0.543    0.565     5.1
     3     0.6904    0.556    0.631     5.1
     4     0.6870    0.543    0.594     5.1
     5     0.6805    0.556    0.600     5.1
     6     0.6887    0.517    0.587     5.1
     7     0.6767    0.500    0.559     5.1
     8     0.6831    0.578    0.667     5.1
     9     0.6781    0.534    0.561     5.1
    10     0.6774    0.543    0.640     5.1
    11     0.6644    0.530    0.630     5.2
    12     0.6749    0.543    0.593     5.1
    13     0.6689    0.552    0.673     5.1
    14     0.6812    0.543    0.482     5.1
    15     0.6897    0.543    0.588     5.1
    16     0.6811    0.552    0.610     5.2
    17     0.6748    0.556    0.632     5.1
    18     0.6639    0.461    0.570     5.1
    19     0.6728    0.543    0.641     5.1
    20     0.6716    0.543    0.635     5.1
    21     0.6487    0.504    0.498     5.2
    22     0.6766    0.543    0.491     5.3
    23     0.6604    0.547    0.557     5.2
    24     0.6710    0.543    0.522     5.1
    25     0.6677    0.539    0.616     5.1
    26     0.6552    0.552    0.632     5.2
    27     0.6723    0.543    0.469     5.2
    28     0.6791    0.509    0.511     5.1
    29     0.6554    0.560    0.627     5.1
    30     0.6471    0.612    0.647     5.2
    31     0.6532    0.539    0.636     5.1
    32     0.6501    0.616    0.642     5.1
    33     0.6388    0.573    0.653     5.1
    34     0.6267    0.629    0.659     5.2
    35     0.6575    0.539    0.503     5.1
    36     0.6378    0.543    0.674     5.1
    37     0.6392    0.616    0.678     5.2
    38     0.6461    0.539    0.617     5.1
    39     0.6251    0.659    0.706     5.1
    40     0.6217    0.586    0.624     5.1
    41     0.6421    0.655    0.720     5.1
    42     0.6275    0.685    0.712     5.1
    43     0.6247    0.543    0.563     5.1
    44     0.6265    0.582    0.621     5.2
    45     0.6098    0.659    0.712     5.2
    46     0.6137    0.578    0.691     5.1
    47     0.5986    0.599    0.642     5.2
    48     0.6053    0.655    0.703     5.1
    49     0.5795    0.690    0.718     5.2
    50     0.6018    0.659    0.712     5.1
[seed=2 size=224 pooled_split] 末轮 acc 0.659（记进汇总的是这个）   最好 epoch acc 0.690（挑了测试集上最好的一轮，只能参考，不能当结果报）

[seed=2 size=640 pooled_split] 训练 932 张 / 测试 232 张 / 每 epoch 58 个 batch
 epoch       loss      acc      auc       秒
     1     0.7599    0.543    0.551    31.6
     2     0.6868    0.543    0.582    31.7
     3     0.6734    0.690    0.725    31.7
     4     0.6620    0.578    0.724    31.7
     5     0.6404    0.565    0.628    31.9
     6     0.6323    0.707    0.775    31.7
     7     0.6189    0.703    0.784    32.1
     8     0.5968    0.603    0.681    32.2
     9     0.5708    0.711    0.816    31.8
    10     0.5327    0.629    0.761    31.8
    11     0.5276    0.642    0.779    31.6
    12     0.4916    0.724    0.783    31.8
    13     0.5185    0.720    0.786    31.8
    14     0.4659    0.685    0.808    31.8
    15     0.4485    0.746    0.806    32.1
    16     0.3975    0.724    0.816    31.7
    17     0.3876    0.698    0.790    31.8
    18     0.3861    0.720    0.812    31.8
    19     0.3678    0.672    0.733    31.7
    20     0.3661    0.638    0.702    31.9
    21     0.3259    0.728    0.801    32.0
    22     0.2916    0.741    0.799    31.7
    23     0.3082    0.733    0.814    31.8
    24     0.2980    0.737    0.819    31.7
    25     0.2620    0.703    0.782    31.9
    26     0.3092    0.694    0.781    31.9
    27     0.2500    0.690    0.784    31.8
    28     0.2851    0.728    0.786    31.9
    29     0.2249    0.707    0.789    31.8
    30     0.2258    0.754    0.826    31.7
    31     0.1981    0.754    0.826    31.9
    32     0.1976    0.746    0.819    31.8
    33     0.1962    0.724    0.798    31.9
    34     0.1959    0.677    0.801    31.7
    35     0.1759    0.720    0.800    31.8
    36     0.1907    0.733    0.810    31.7
    37     0.1554    0.728    0.793    31.8
    38     0.1692    0.685    0.745    32.0
    39     0.1556    0.754    0.820    31.7
    40     0.1533    0.754    0.812    31.8
    41     0.1536    0.733    0.803    32.1
    42     0.1732    0.759    0.827    32.1
    43     0.1213    0.754    0.810    31.8
    44     0.1250    0.776    0.826    31.8
    45     0.1109    0.750    0.816    32.0
    46     0.1516    0.733    0.802    31.6
    47     0.1191    0.707    0.784    31.7
    48     0.1080    0.741    0.805    31.8
    49     0.1012    0.754    0.810    31.8
    50     0.1069    0.754    0.818    31.6
[seed=2 size=640 pooled_split] 末轮 acc 0.754（记进汇总的是这个）   最好 epoch acc 0.776（挑了测试集上最好的一轮，只能参考，不能当结果报）

[seed=3 size=224 pooled_split] 训练 932 张 / 测试 232 张 / 每 epoch 58 个 batch
 epoch       loss      acc      auc       秒
     1     0.7169    0.474    0.564     5.1
     2     0.6860    0.543    0.653     5.1
     3     0.6638    0.599    0.658     5.2
     4     0.6525    0.621    0.753     5.2
     5     0.6574    0.612    0.746     5.2
     6     0.6432    0.603    0.648     5.1
     7     0.6170    0.582    0.653     5.1
     8     0.6642    0.543    0.650     5.1
     9     0.6862    0.509    0.596     5.1
    10     0.6743    0.647    0.695     5.2
    11     0.6176    0.681    0.767     5.2
    12     0.6250    0.603    0.703     5.1
    13     0.5890    0.681    0.713     5.1
    14     0.5821    0.724    0.786     5.1
    15     0.6446    0.496    0.532     5.1
    16     0.6593    0.556    0.674     5.1
    17     0.5873    0.707    0.737     5.1
    18     0.5710    0.685    0.785     5.1
    19     0.5372    0.664    0.733     5.1
    20     0.5753    0.720    0.788     5.1
    21     0.5138    0.690    0.803     5.1
    22     0.5329    0.586    0.601     5.1
    23     0.5361    0.578    0.686     5.1
    24     0.4920    0.578    0.796     5.2
    25     0.4939    0.664    0.763     5.1
    26     0.4782    0.703    0.795     5.2
    27     0.4659    0.629    0.730     5.1
    28     0.4310    0.737    0.817     5.1
    29     0.4240    0.638    0.779     5.1
    30     0.4435    0.724    0.802     5.1
    31     0.4133    0.711    0.772     5.1
    32     0.3876    0.720    0.795     5.1
    33     0.3551    0.728    0.813     5.2
    34     0.3478    0.737    0.794     5.2
    35     0.3447    0.716    0.805     5.1
    36     0.3509    0.647    0.727     5.1
    37     0.3415    0.720    0.775     5.2
    38     0.3010    0.703    0.775     5.1
    39     0.2929    0.754    0.823     5.2
    40     0.2890    0.720    0.805     5.2
    41     0.2993    0.716    0.775     5.2
    42     0.2688    0.677    0.798     5.2
    43     0.2899    0.672    0.758     5.1
    44     0.2675    0.737    0.808     5.2
    45     0.2457    0.703    0.784     5.1
    46     0.2375    0.690    0.795     5.1
    47     0.2362    0.681    0.808     5.2
    48     0.3014    0.737    0.832     5.2
    49     0.2379    0.720    0.813     5.1
    50     0.2326    0.741    0.809     5.1
[seed=3 size=224 pooled_split] 末轮 acc 0.741（记进汇总的是这个）   最好 epoch acc 0.754（挑了测试集上最好的一轮，只能参考，不能当结果报）

[seed=3 size=640 pooled_split] 训练 932 张 / 测试 232 张 / 每 epoch 58 个 batch
 epoch       loss      acc      auc       秒
     1     0.7226    0.543    0.675    31.3
     2     0.6618    0.513    0.612    31.6
     3     0.6887    0.565    0.614    31.7
     4     0.6592    0.685    0.737    31.8
     5     0.6339    0.690    0.749    31.8
     6     0.6079    0.634    0.748    31.7
     7     0.6337    0.582    0.745    31.9
     8     0.6081    0.685    0.754    31.7
     9     0.5760    0.728    0.789    31.6
    10     0.5879    0.647    0.739    31.8
    11     0.5196    0.698    0.788    31.9
    12     0.5327    0.716    0.790    31.8
    13     0.4844    0.703    0.805    31.5
    14     0.4977    0.698    0.785    31.7
    15     0.4484    0.733    0.809    31.8
    16     0.4080    0.707    0.803    31.7
    17     0.4448    0.741    0.807    31.5
    18     0.4336    0.612    0.734    31.7
    19     0.4111    0.707    0.785    31.6
    20     0.3675    0.716    0.792    31.5
    21     0.3277    0.647    0.697    31.6
    22     0.3688    0.724    0.802    31.7
    23     0.3273    0.694    0.785    31.9
    24     0.3549    0.720    0.810    31.7
    25     0.2922    0.707    0.787    31.7
    26     0.3385    0.569    0.743    31.5
    27     0.3179    0.759    0.840    31.8
    28     0.2418    0.754    0.826    31.9
    29     0.2437    0.737    0.821    31.5
    30     0.2540    0.746    0.820    31.6
    31     0.2316    0.720    0.804    31.5
    32     0.2402    0.711    0.808    31.9
    33     0.2114    0.733    0.810    31.5
    34     0.2238    0.754    0.817    31.6
    35     0.2261    0.720    0.810    31.7
    36     0.2364    0.720    0.784    31.6
    37     0.2098    0.750    0.810    31.7
    38     0.1671    0.707    0.798    31.5
    39     0.1915    0.690    0.782    31.5
    40     0.1644    0.741    0.819    31.4
    41     0.1613    0.737    0.812    31.7
    42     0.1622    0.741    0.801    31.6
    43     0.1624    0.664    0.768    31.4
    44     0.1763    0.720    0.810    31.6
    45     0.1248    0.720    0.798    31.6
    46     0.1686    0.681    0.772    31.5
    47     0.1297    0.707    0.790    31.6
    48     0.1979    0.741    0.789    31.8
    49     0.1143    0.746    0.822    31.6
    50     0.1431    0.720    0.803    31.6
[seed=3 size=640 pooled_split] 末轮 acc 0.720（记进汇总的是这个）   最好 epoch acc 0.759（挑了测试集上最好的一轮，只能参考，不能当结果报）

[seed=4 size=224 pooled_split] 训练 932 张 / 测试 232 张 / 每 epoch 58 个 batch
 epoch       loss      acc      auc       秒
     1     0.7462    0.470    0.609     5.2
     2     0.6895    0.496    0.622     5.2
     3     0.6864    0.569    0.650     5.1
     4     0.6752    0.543    0.641     5.2
     5     0.6889    0.543    0.637     5.2
     6     0.6762    0.586    0.678     5.2
     7     0.6534    0.543    0.465     5.1
     8     0.6887    0.509    0.650     5.4
     9     0.6727    0.509    0.608     5.1
    10     0.6659    0.543    0.616     5.1
    11     0.6944    0.543    0.659     5.1
    12     0.6757    0.612    0.647     5.1
    13     0.6672    0.543    0.630     5.1
    14     0.6456    0.578    0.605     5.1
    15     0.6677    0.517    0.505     5.2
    16     0.6644    0.517    0.604     5.1
    17     0.6686    0.543    0.666     5.1
    18     0.6607    0.608    0.695     5.1
    19     0.6605    0.543    0.650     5.1
    20     0.6550    0.625    0.676     5.1
    21     0.6550    0.543    0.551     5.1
    22     0.6576    0.539    0.710     5.1
    23     0.6394    0.608    0.651     5.1
    24     0.6629    0.573    0.626     5.1
    25     0.6325    0.578    0.678     5.2
    26     0.6476    0.582    0.638     5.2
    27     0.6701    0.625    0.702     5.1
    28     0.6241    0.642    0.694     5.2
    29     0.6188    0.603    0.704     5.1
    30     0.6218    0.677    0.709     5.1
    31     0.6084    0.625    0.656     5.1
    32     0.6184    0.638    0.700     5.1
    33     0.5994    0.634    0.682     5.1
    34     0.6174    0.543    0.569     5.1
    35     0.6393    0.672    0.710     5.1
    36     0.6175    0.655    0.733     5.1
    37     0.6172    0.586    0.662     5.1
    38     0.6026    0.560    0.662     5.1
    39     0.6059    0.578    0.651     5.2
    40     0.5890    0.629    0.683     5.1
    41     0.5711    0.659    0.757     5.1
    42     0.5891    0.681    0.711     5.2
    43     0.5715    0.694    0.713     5.2
    44     0.5365    0.668    0.700     5.1
    45     0.5888    0.681    0.719     5.2
    46     0.5552    0.672    0.707     5.1
    47     0.6033    0.664    0.719     5.1
    48     0.5560    0.599    0.720     5.1
    49     0.5457    0.681    0.756     5.2
    50     0.5317    0.659    0.713     5.1
[seed=4 size=224 pooled_split] 末轮 acc 0.659（记进汇总的是这个）   最好 epoch acc 0.694（挑了测试集上最好的一轮，只能参考，不能当结果报）

[seed=4 size=640 pooled_split] 训练 932 张 / 测试 232 张 / 每 epoch 58 个 batch
 epoch       loss      acc      auc       秒
     1     0.7039    0.565    0.636    31.9
     2     0.6475    0.599    0.687    31.8
     3     0.6413    0.470    0.549    32.2
     4     0.6374    0.647    0.723    31.8
     5     0.5918    0.625    0.764    31.9
     6     0.5810    0.716    0.782    32.0
     7     0.5582    0.582    0.766    32.0
     8     0.5269    0.737    0.796    31.9
     9     0.5396    0.720    0.809    32.0
    10     0.4993    0.694    0.826    32.1
    11     0.4726    0.728    0.806    31.9
    12     0.4671    0.694    0.806    31.9
    13     0.4421    0.728    0.808    32.0
    14     0.4379    0.672    0.812    32.0
    15     0.4158    0.707    0.802    31.9
    16     0.3844    0.716    0.831    31.9
    17     0.3774    0.711    0.811    31.7
    18     0.3447    0.716    0.819    32.0
    19     0.3471    0.672    0.798    31.8
    20     0.3141    0.724    0.827    31.9
    21     0.2654    0.741    0.823    31.9
    22     0.3143    0.733    0.826    31.9
    23     0.2799    0.737    0.830    31.9
    24     0.2304    0.741    0.786    32.0
    25     0.2314    0.754    0.811    31.9
    26     0.2540    0.728    0.829    31.9
    27     0.1999    0.741    0.822    32.1
    28     0.2200    0.750    0.832    32.0
    29     0.2221    0.759    0.856    32.1
    30     0.2073    0.737    0.835    32.0
    31     0.1964    0.737    0.838    32.2
    32     0.2104    0.737    0.851    32.2
    33     0.1685    0.737    0.842    32.2
    34     0.1857    0.750    0.846    32.1
    35     0.1232    0.724    0.803    32.0
    36     0.1352    0.694    0.835    32.0
    37     0.1495    0.733    0.826    31.8
    38     0.1141    0.733    0.823    31.8
    39     0.1287    0.720    0.823    31.8
    40     0.1729    0.720    0.813    32.1
    41     0.1427    0.746    0.831    31.8
    42     0.1198    0.754    0.872    31.7
    43     0.1476    0.728    0.811    32.0
    44     0.1091    0.772    0.858    31.9
    45     0.1440    0.733    0.818    31.8
    46     0.1287    0.767    0.854    31.8
    47     0.0905    0.716    0.821    31.9
    48     0.1139    0.733    0.805    31.8
    49     0.0941    0.754    0.843    31.9
    50     0.1045    0.741    0.841    32.0
[seed=4 size=640 pooled_split] 末轮 acc 0.741（记进汇总的是这个）   最好 epoch acc 0.772（挑了测试集上最好的一轮，只能参考，不能当结果报）

=== 汇总  dataset=HTP  scope=pooled_split  arch=vit_b_16  seeds=[0, 1, 2, 3, 4]  epochs=50  test_ratio=0.2 ===

acc
 image_size              00              01              02         overall
        224     0.592±0.045     0.789±0.065     0.530±0.032     0.666±0.040
        640     0.668±0.032     0.810±0.046     0.585±0.032     0.713±0.033

auc
 image_size              00              01              02         overall
        224     0.627±0.065     0.892±0.027     0.578±0.053     0.739±0.037
        640     0.714±0.040     0.902±0.032     0.634±0.059     0.796±0.033

结果已写入 indomain_res_vit.csv（本次 2000 行）
