nohup: 忽略输入
设备 cuda | arch resnet50 | scope per_env | image_size [224, 640] | seeds [0, 1, 2, 3, 4]
数据集：3 个域，2 个类 ['00', '01']
  域 00: 共   367 张   00:211  01:156   多数类基线 0.575
  域 01: 共   523 张   00:264  01:259   多数类基线 0.505
  域 02: 共   274 张   00:157  01:117   多数类基线 0.573
  合计   : 共  1164 张   多数类基线 0.543

[seed=0 size=224 env=00] 训练 294 张 / 测试 73 张 / 每 epoch 9 个 batch
 epoch       loss      acc      auc       秒
     1     0.6888    0.671    0.624     8.0
     2     0.6394    0.630    0.590     1.3
     3     0.6048    0.562    0.611     1.3
     4     0.5730    0.562    0.601     1.3
     5     0.5059    0.507    0.584     1.3
     6     0.4415    0.548    0.614     1.3
     7     0.4035    0.562    0.596     1.3
     8     0.3505    0.493    0.535     1.3
     9     0.3213    0.644    0.631     1.4
    10     0.2599    0.575    0.624     1.4
    11     0.2410    0.603    0.594     1.4
    12     0.2084    0.589    0.590     1.4
    13     0.2343    0.603    0.623     1.3
    14     0.1815    0.603    0.597     1.3
    15     0.1942    0.562    0.560     1.3
    16     0.1741    0.548    0.601     1.3
    17     0.1694    0.534    0.553     1.4
    18     0.1835    0.507    0.549     1.4
    19     0.1599    0.548    0.541     1.3
    20     0.1034    0.493    0.549     1.3
    21     0.1322    0.521    0.578     1.3
    22     0.1209    0.575    0.608     1.3
    23     0.1287    0.534    0.564     1.3
    24     0.1518    0.630    0.583     1.3
    25     0.1269    0.589    0.572     1.3
    26     0.1168    0.562    0.581     1.4
    27     0.0677    0.521    0.562     1.3
    28     0.1077    0.589    0.557     1.3
    29     0.1333    0.548    0.586     1.3
    30     0.0862    0.548    0.618     1.3
    31     0.0833    0.575    0.640     1.3
    32     0.0810    0.616    0.637     1.4
    33     0.0481    0.548    0.627     1.4
    34     0.1199    0.589    0.658     1.3
    35     0.1011    0.493    0.629     1.4
    36     0.1083    0.534    0.657     1.4
    37     0.0792    0.548    0.606     1.3
    38     0.1114    0.534    0.608     1.3
    39     0.0552    0.548    0.614     1.3
    40     0.0834    0.575    0.609     1.3
    41     0.0791    0.589    0.618     1.4
    42     0.1424    0.658    0.647     1.3
    43     0.0630    0.603    0.659     1.3
    44     0.0750    0.575    0.603     1.3
    45     0.0632    0.562    0.602     1.3
    46     0.1043    0.534    0.580     1.3
    47     0.1329    0.603    0.604     1.3
    48     0.0937    0.603    0.603     1.3
    49     0.0895    0.589    0.587     1.3
    50     0.1079    0.589    0.611     1.3
[seed=0 size=224 env=00] 末轮 acc 0.589（记进汇总的是这个）   最好 epoch acc 0.671（挑了测试集上最好的一轮，只能参考，不能当结果报）

[seed=0 size=224 env=01] 训练 418 张 / 测试 105 张 / 每 epoch 13 个 batch
 epoch       loss      acc      auc       秒
     1     0.5908    0.743    0.855     1.6
     2     0.3749    0.800    0.904     1.5
     3     0.3281    0.810    0.895     1.6
     4     0.2612    0.886    0.932     1.6
     5     0.2334    0.886    0.933     1.6
     6     0.2439    0.848    0.926     1.6
     7     0.2614    0.857    0.925     1.6
     8     0.2459    0.829    0.927     1.6
     9     0.1915    0.876    0.913     1.6
    10     0.1875    0.829    0.921     1.6
    11     0.1594    0.886    0.926     1.6
    12     0.1360    0.800    0.912     1.6
    13     0.1304    0.838    0.927     1.5
    14     0.1772    0.848    0.919     1.6
    15     0.1623    0.838    0.923     1.6
    16     0.1516    0.838    0.926     1.6
    17     0.1473    0.810    0.933     1.6
    18     0.1363    0.867    0.935     1.6
    19     0.1268    0.848    0.919     1.6
    20     0.1818    0.838    0.918     1.5
    21     0.1498    0.848    0.925     1.6
    22     0.1172    0.886    0.931     1.5
    23     0.1084    0.867    0.930     1.6
    24     0.1112    0.886    0.927     1.6
    25     0.1136    0.790    0.910     1.5
    26     0.1218    0.829    0.921     1.6
    27     0.0859    0.867    0.927     1.6
    28     0.1153    0.848    0.922     1.6
    29     0.1005    0.810    0.914     1.6
    30     0.0844    0.876    0.916     1.5
    31     0.0841    0.867    0.928     1.6
    32     0.1002    0.876    0.925     1.5
    33     0.0696    0.838    0.911     1.6
    34     0.0950    0.829    0.925     1.6
    35     0.1128    0.800    0.922     1.6
    36     0.1019    0.838    0.911     1.6
    37     0.1453    0.848    0.919     1.6
    38     0.0974    0.848    0.912     1.5
    39     0.0732    0.838    0.922     1.5
    40     0.0769    0.838    0.920     1.6
    41     0.0772    0.848    0.922     1.6
    42     0.0832    0.810    0.909     1.6
    43     0.0639    0.848    0.922     1.6
    44     0.0802    0.848    0.921     1.6
    45     0.0663    0.819    0.913     1.6
    46     0.0671    0.848    0.914     1.6
    47     0.0581    0.857    0.918     1.6
    48     0.1071    0.867    0.926     1.6
    49     0.1092    0.838    0.908     1.6
    50     0.1072    0.867    0.924     1.6
[seed=0 size=224 env=01] 末轮 acc 0.867（记进汇总的是这个）   最好 epoch acc 0.886（挑了测试集上最好的一轮，只能参考，不能当结果报）

[seed=0 size=224 env=02] 训练 220 张 / 测试 54 张 / 每 epoch 6 个 batch
 epoch       loss      acc      auc       秒
     1     0.6972    0.556    0.569     2.1
     2     0.6218    0.537    0.522     1.1
     3     0.5694    0.537    0.568     1.1
     4     0.5259    0.574    0.599     1.1
     5     0.4576    0.611    0.624     1.1
     6     0.3981    0.667    0.642     1.1
     7     0.3536    0.593    0.575     1.1
     8     0.2827    0.611    0.597     1.1
     9     0.3303    0.611    0.582     1.1
    10     0.2796    0.556    0.571     1.1
    11     0.1939    0.556    0.565     1.2
    12     0.2508    0.519    0.585     1.2
    13     0.1805    0.630    0.597     1.2
    14     0.1736    0.611    0.595     1.1
    15     0.1839    0.611    0.557     1.1
    16     0.1462    0.519    0.533     1.1
    17     0.1463    0.500    0.518     1.2
    18     0.1490    0.519    0.540     1.2
    19     0.1097    0.500    0.518     1.1
    20     0.1713    0.556    0.525     1.2
    21     0.1311    0.519    0.526     1.2
    22     0.1321    0.537    0.534     1.2
    23     0.1251    0.537    0.525     1.2
    24     0.1431    0.519    0.534     1.2
    25     0.1192    0.537    0.532     1.1
    26     0.1238    0.500    0.515     1.2
    27     0.1120    0.519    0.508     1.2
    28     0.1574    0.500    0.491     1.1
    29     0.0974    0.556    0.518     1.2
    30     0.1009    0.593    0.547     1.2
    31     0.1327    0.593    0.551     1.2
    32     0.1311    0.519    0.497     1.1
    33     0.1366    0.574    0.484     1.2
    34     0.0970    0.519    0.471     1.1
    35     0.0821    0.537    0.501     1.2
    36     0.0816    0.593    0.523     1.2
    37     0.0641    0.574    0.525     1.2
    38     0.1018    0.556    0.518     1.2
    39     0.0924    0.556    0.504     1.2
    40     0.0978    0.556    0.475     1.2
    41     0.0994    0.519    0.481     1.2
    42     0.0819    0.537    0.475     1.2
    43     0.1044    0.537    0.491     1.2
    44     0.0891    0.537    0.504     1.1
    45     0.1278    0.574    0.504     1.2
    46     0.1038    0.556    0.504     1.1
    47     0.0803    0.556    0.520     1.2
    48     0.0979    0.519    0.521     1.2
    49     0.0984    0.574    0.518     1.2
    50     0.0893    0.611    0.530     1.2
[seed=0 size=224 env=02] 末轮 acc 0.611（记进汇总的是这个）   最好 epoch acc 0.667（挑了测试集上最好的一轮，只能参考，不能当结果报）

[seed=0 size=640 env=00] 训练 294 张 / 测试 73 张 / 每 epoch 9 个 batch
 epoch       loss      acc      auc       秒
     1     0.6917    0.616    0.628    15.4
     2     0.6469    0.616    0.669     5.0
     3     0.6286    0.630    0.657     5.1
     4     0.5901    0.603    0.637     5.4
     5     0.5387    0.466    0.629     5.3
     6     0.4777    0.616    0.630     5.4
     7     0.4221    0.616    0.594     5.1
     8     0.3702    0.521    0.588     5.1
     9     0.3227    0.589    0.595     5.2
    10     0.2921    0.630    0.618     5.2
    11     0.2260    0.548    0.615     5.5
    12     0.1937    0.658    0.632     5.2
    13     0.1713    0.575    0.561     5.1
    14     0.1595    0.575    0.618     5.3
    15     0.1424    0.644    0.643     5.2
    16     0.1244    0.603    0.599     5.3
    17     0.1156    0.644    0.627     5.3
    18     0.0874    0.589    0.614     5.3
    19     0.0788    0.575    0.606     5.1
    20     0.0676    0.534    0.612     5.1
    21     0.0694    0.603    0.624     5.1
    22     0.0632    0.616    0.619     5.2
    23     0.0476    0.562    0.568     5.3
    24     0.0573    0.575    0.615     5.2
    25     0.0291    0.630    0.618     5.0
    26     0.0362    0.548    0.603     5.1
    27     0.0286    0.562    0.621     5.3
    28     0.0525    0.616    0.581     5.1
    29     0.0479    0.616    0.578     5.3
    30     0.0428    0.562    0.584     5.1
    31     0.0343    0.575    0.589     5.0
    32     0.0449    0.548    0.583     5.5
    33     0.0356    0.589    0.579     5.0
    34     0.0513    0.603    0.614     5.1
    35     0.0302    0.644    0.659     5.0
    36     0.0305    0.575    0.614     5.2
    37     0.0251    0.534    0.535     5.1
    38     0.0384    0.575    0.604     5.0
    39     0.0184    0.589    0.604     5.3
    40     0.0259    0.616    0.590     5.2
    41     0.0228    0.603    0.607     5.1
    42     0.0532    0.575    0.560     5.4
    43     0.0581    0.616    0.634     5.2
    44     0.0572    0.589    0.604     5.2
    45     0.0306    0.603    0.595     5.1
    46     0.0500    0.534    0.591     5.1
    47     0.0553    0.521    0.568     5.2
    48     0.0671    0.603    0.611     5.1
    49     0.0589    0.575    0.546     5.4
    50     0.0872    0.562    0.601     5.0
[seed=0 size=640 env=00] 末轮 acc 0.562（记进汇总的是这个）   最好 epoch acc 0.658（挑了测试集上最好的一轮，只能参考，不能当结果报）

[seed=0 size=640 env=01] 训练 418 张 / 测试 105 张 / 每 epoch 13 个 batch
 epoch       loss      acc      auc       秒
     1     0.5421    0.838    0.892     6.7
     2     0.3415    0.838    0.904     6.5
     3     0.3444    0.857    0.911     7.2
     4     0.2535    0.857    0.917     6.8
     5     0.2160    0.848    0.921     6.5
     6     0.2728    0.876    0.943     6.9
     7     0.2390    0.857    0.957     6.9
     8     0.2189    0.743    0.874     6.9
     9     0.1599    0.848    0.914     6.9
    10     0.1642    0.810    0.853     6.6
    11     0.1317    0.848    0.901     6.8
    12     0.1109    0.762    0.873     6.5
    13     0.0914    0.838    0.922     6.8
    14     0.1447    0.762    0.865     6.5
    15     0.1162    0.857    0.911     6.5
    16     0.1057    0.857    0.894     6.6
    17     0.1298    0.867    0.898     6.7
    18     0.0781    0.829    0.895     6.6
    19     0.0752    0.829    0.891     6.6
    20     0.0983    0.810    0.903     6.6
    21     0.1471    0.819    0.872     6.8
    22     0.0882    0.810    0.863     6.8
    23     0.0889    0.857    0.910     6.8
    24     0.1100    0.819    0.894     6.6
    25     0.0762    0.857    0.903     6.8
    26     0.0442    0.867    0.904     6.7
    27     0.0568    0.867    0.919     6.5
    28     0.0536    0.848    0.897     6.7
    29     0.0592    0.867    0.897     6.8
    30     0.0929    0.838    0.891     6.4
    31     0.0735    0.838    0.915     6.8
    32     0.0411    0.876    0.917     6.6
    33     0.0376    0.857    0.910     6.6
    34     0.0280    0.867    0.916     6.7
    35     0.0657    0.838    0.918     6.8
    36     0.0432    0.829    0.888     6.5
    37     0.0596    0.857    0.921     6.5
    38     0.0659    0.790    0.879     6.6
    39     0.0679    0.838    0.916     6.7
    40     0.0566    0.867    0.909     6.6
    41     0.0272    0.867    0.918     6.5
    42     0.0396    0.800    0.914     6.6
    43     0.0400    0.838    0.922     6.8
    44     0.0806    0.886    0.933     6.8
    45     0.0315    0.876    0.931     6.5
    46     0.0585    0.848    0.862     6.5
    47     0.0300    0.819    0.885     6.6
    48     0.0584    0.781    0.888     6.6
    49     0.0529    0.829    0.874     6.7
    50     0.0556    0.848    0.882     6.3
[seed=0 size=640 env=01] 末轮 acc 0.848（记进汇总的是这个）   最好 epoch acc 0.886（挑了测试集上最好的一轮，只能参考，不能当结果报）

[seed=0 size=640 env=02] 训练 220 张 / 测试 54 张 / 每 epoch 6 个 batch
 epoch       loss      acc      auc       秒
     1     0.6798    0.611    0.705     5.3
     2     0.6269    0.667    0.662     3.9
     3     0.5847    0.648    0.631     4.0
     4     0.5463    0.630    0.578     3.9
     5     0.4925    0.630    0.606     4.0
     6     0.4487    0.593    0.626     3.8
     7     0.4166    0.574    0.616     4.0
     8     0.3499    0.574    0.634     3.8
     9     0.2943    0.556    0.609     4.0
    10     0.2319    0.556    0.581     3.9
    11     0.1993    0.611    0.620     4.0
    12     0.2268    0.574    0.592     3.8
    13     0.1848    0.593    0.582     3.9
    14     0.1638    0.574    0.597     3.8
    15     0.1603    0.556    0.547     4.0
    16     0.1256    0.574    0.551     4.0
    17     0.1162    0.556    0.508     4.1
    18     0.1521    0.611    0.586     3.9
    19     0.1161    0.537    0.505     4.0
    20     0.1234    0.556    0.501     4.1
    21     0.0736    0.574    0.548     3.9
    22     0.1228    0.574    0.506     4.1
    23     0.0580    0.537    0.516     4.1
    24     0.1141    0.611    0.558     4.1
    25     0.1076    0.593    0.543     4.0
    26     0.1055    0.556    0.550     4.1
    27     0.1005    0.630    0.543     3.9
    28     0.1631    0.593    0.568     4.0
    29     0.0863    0.593    0.606     3.9
    30     0.0578    0.574    0.600     3.9
    31     0.0768    0.593    0.586     4.1
    32     0.1175    0.648    0.666     4.0
    33     0.1041    0.630    0.700     3.9
    34     0.0948    0.611    0.638     4.0
    35     0.0467    0.630    0.640     4.0
    36     0.0441    0.630    0.649     4.1
    37     0.0380    0.648    0.649     4.1
    38     0.0908    0.593    0.600     4.1
    39     0.0806    0.593    0.548     3.9
    40     0.0609    0.611    0.589     3.8
    41     0.0437    0.611    0.604     4.0
    42     0.0394    0.630    0.640     4.1
    43     0.0355    0.648    0.638     3.9
    44     0.0605    0.593    0.606     4.0
    45     0.0703    0.611    0.630     3.9
    46     0.0696    0.648    0.633     3.9
    47     0.0322    0.556    0.609     3.9
    48     0.0531    0.611    0.645     4.0
    49     0.0400    0.574    0.610     4.0
    50     0.0291    0.574    0.575     4.0
[seed=0 size=640 env=02] 末轮 acc 0.574（记进汇总的是这个）   最好 epoch acc 0.667（挑了测试集上最好的一轮，只能参考，不能当结果报）

[seed=1 size=224 env=00] 训练 294 张 / 测试 73 张 / 每 epoch 9 个 batch
 epoch       loss      acc      auc       秒
     1     0.7013    0.534    0.620     1.3
     2     0.6324    0.603    0.714     1.3
     3     0.6034    0.671    0.714     1.3
     4     0.5340    0.603    0.645     1.3
     5     0.4819    0.616    0.577     1.3
     6     0.4356    0.575    0.641     1.3
     7     0.3677    0.493    0.548     1.3
     8     0.3198    0.534    0.619     1.3
     9     0.2805    0.575    0.626     1.3
    10     0.2490    0.603    0.641     1.3
    11     0.2012    0.562    0.626     1.3
    12     0.1894    0.548    0.636     1.3
    13     0.1858    0.534    0.617     1.3
    14     0.1469    0.507    0.591     1.3
    15     0.1503    0.562    0.630     1.3
    16     0.1964    0.534    0.627     1.3
    17     0.1648    0.589    0.627     1.4
    18     0.1427    0.589    0.580     1.3
    19     0.1526    0.575    0.592     1.3
    20     0.1240    0.603    0.605     1.3
    21     0.1205    0.479    0.611     1.3
    22     0.1253    0.589    0.645     1.3
    23     0.1318    0.603    0.631     1.3
    24     0.0984    0.603    0.614     1.3
    25     0.0866    0.603    0.631     1.3
    26     0.0728    0.603    0.618     1.3
    27     0.0827    0.534    0.581     1.3
    28     0.1040    0.589    0.608     1.3
    29     0.1195    0.699    0.647     1.3
    30     0.0815    0.603    0.624     1.3
    31     0.1332    0.644    0.626     1.3
    32     0.1075    0.575    0.636     1.3
    33     0.1130    0.548    0.562     1.3
    34     0.0721    0.452    0.491     1.3
    35     0.1132    0.479    0.512     1.3
    36     0.0920    0.575    0.587     1.3
    37     0.1065    0.562    0.588     1.3
    38     0.0969    0.562    0.567     1.3
    39     0.0763    0.466    0.550     1.3
    40     0.1005    0.534    0.616     1.3
    41     0.0880    0.603    0.606     1.3
    42     0.0844    0.616    0.559     1.3
    43     0.0910    0.644    0.624     1.3
    44     0.1104    0.589    0.620     1.3
    45     0.0736    0.589    0.605     1.3
    46     0.0577    0.589    0.634     1.3
    47     0.0725    0.575    0.594     1.3
    48     0.0611    0.562    0.578     1.3
    49     0.0335    0.507    0.570     1.3
    50     0.0714    0.603    0.596     1.3
[seed=1 size=224 env=00] 末轮 acc 0.603（记进汇总的是这个）   最好 epoch acc 0.699（挑了测试集上最好的一轮，只能参考，不能当结果报）

[seed=1 size=224 env=01] 训练 418 张 / 测试 105 张 / 每 epoch 13 个 batch
 epoch       loss      acc      auc       秒
     1     0.5709    0.695    0.880     1.5
     2     0.3748    0.857    0.921     1.5
     3     0.3288    0.867    0.956     1.5
     4     0.2693    0.895    0.972     1.5
     5     0.2616    0.848    0.976     1.5
     6     0.2462    0.848    0.969     1.5
     7     0.1915    0.886    0.952     1.5
     8     0.1921    0.886    0.974     1.6
     9     0.1931    0.838    0.983     1.5
    10     0.1796    0.800    0.952     1.5
    11     0.1656    0.876    0.978     1.6
    12     0.1295    0.867    0.982     1.5
    13     0.1652    0.829    0.968     1.5
    14     0.1428    0.914    0.964     1.5
    15     0.1659    0.895    0.979     1.5
    16     0.1316    0.876    0.984     1.5
    17     0.1162    0.829    0.963     1.5
    18     0.1855    0.886    0.975     1.6
    19     0.1606    0.905    0.982     1.6
    20     0.1581    0.829    0.979     1.5
    21     0.1401    0.886    0.978     1.6
    22     0.1500    0.829    0.985     1.6
    23     0.1151    0.838    0.966     1.6
    24     0.1197    0.857    0.984     1.5
    25     0.1033    0.857    0.977     1.5
    26     0.1117    0.867    0.969     1.6
    27     0.0869    0.819    0.961     1.6
    28     0.1124    0.838    0.957     1.6
    29     0.1237    0.857    0.950     1.6
    30     0.0992    0.867    0.977     1.6
    31     0.1205    0.771    0.937     1.6
    32     0.1075    0.838    0.952     1.6
    33     0.0755    0.838    0.971     1.6
    34     0.0779    0.876    0.975     1.5
    35     0.0898    0.857    0.962     1.5
    36     0.1053    0.857    0.951     1.6
    37     0.0785    0.876    0.964     1.5
    38     0.1061    0.829    0.970     1.6
    39     0.0757    0.867    0.963     1.6
    40     0.0738    0.857    0.948     1.5
    41     0.0631    0.838    0.962     1.6
    42     0.1059    0.886    0.966     1.6
    43     0.0672    0.857    0.979     1.5
    44     0.0724    0.867    0.979     1.5
    45     0.0560    0.886    0.981     1.6
    46     0.1014    0.848    0.967     1.5
    47     0.0638    0.829    0.971     1.6
    48     0.0883    0.867    0.982     1.5
    49     0.0446    0.848    0.980     1.5
    50     0.0835    0.838    0.980     1.5
[seed=1 size=224 env=01] 末轮 acc 0.838（记进汇总的是这个）   最好 epoch acc 0.914（挑了测试集上最好的一轮，只能参考，不能当结果报）

[seed=1 size=224 env=02] 训练 220 张 / 测试 54 张 / 每 epoch 6 个 batch
 epoch       loss      acc      auc       秒
     1     0.6977    0.537    0.433     1.1
     2     0.6121    0.611    0.536     1.1
     3     0.5244    0.611    0.583     1.1
     4     0.4809    0.593    0.600     1.1
     5     0.4281    0.593    0.581     1.1
     6     0.3621    0.574    0.583     1.2
     7     0.3136    0.537    0.553     1.2
     8     0.3016    0.500    0.512     1.2
     9     0.2168    0.519    0.519     1.1
    10     0.2047    0.537    0.538     1.2
    11     0.1829    0.556    0.547     1.2
    12     0.1873    0.556    0.555     1.2
    13     0.1757    0.481    0.564     1.1
    14     0.1779    0.537    0.579     1.1
    15     0.1595    0.611    0.561     1.2
    16     0.1542    0.500    0.516     1.1
    17     0.1633    0.444    0.495     1.1
    18     0.1950    0.556    0.492     1.1
    19     0.1697    0.556    0.515     1.1
    20     0.2284    0.574    0.461     1.1
    21     0.1593    0.556    0.496     1.2
    22     0.1277    0.574    0.530     1.1
    23     0.1030    0.537    0.520     1.1
    24     0.1412    0.537    0.525     1.1
    25     0.0835    0.593    0.518     1.1
    26     0.1262    0.574    0.527     1.1
    27     0.1403    0.556    0.523     1.1
    28     0.0829    0.537    0.525     1.1
    29     0.0893    0.574    0.536     1.1
    30     0.1061    0.574    0.540     1.1
    31     0.0691    0.537    0.530     1.1
    32     0.0877    0.519    0.526     1.1
    33     0.1294    0.444    0.516     1.1
    34     0.1163    0.500    0.526     1.2
    35     0.0899    0.537    0.501     1.2
    36     0.1177    0.537    0.492     1.2
    37     0.1345    0.500    0.525     1.2
    38     0.0759    0.481    0.544     1.2
    39     0.1328    0.481    0.539     1.2
    40     0.0895    0.537    0.529     1.2
    41     0.0974    0.556    0.530     1.2
    42     0.0961    0.556    0.525     1.2
    43     0.0845    0.556    0.520     1.2
    44     0.0877    0.556    0.518     1.1
    45     0.0793    0.537    0.527     1.1
    46     0.0772    0.537    0.532     1.2
    47     0.0681    0.556    0.539     1.2
    48     0.0868    0.537    0.548     1.2
    49     0.1342    0.519    0.536     1.2
    50     0.0818    0.500    0.536     1.2
[seed=1 size=224 env=02] 末轮 acc 0.500（记进汇总的是这个）   最好 epoch acc 0.611（挑了测试集上最好的一轮，只能参考，不能当结果报）

[seed=1 size=640 env=00] 训练 294 张 / 测试 73 张 / 每 epoch 9 个 batch
 epoch       loss      acc      auc       秒
     1     0.7083    0.575    0.591     5.0
     2     0.6461    0.671    0.671     4.9
     3     0.6418    0.616    0.704     5.0
     4     0.6100    0.616    0.725     5.0
     5     0.5613    0.616    0.684     5.1
     6     0.5135    0.671    0.728     4.9
     7     0.4677    0.726    0.765     5.0
     8     0.3703    0.726    0.729     4.9
     9     0.3209    0.712    0.780     4.9
    10     0.2669    0.712    0.737     5.1
    11     0.2290    0.685    0.754     5.0
    12     0.2095    0.753    0.767     5.2
    13     0.1872    0.740    0.803     5.1
    14     0.1844    0.712    0.785     5.0
    15     0.1260    0.726    0.810     5.2
    16     0.1224    0.740    0.762     5.1
    17     0.1210    0.575    0.707     5.2
    18     0.1088    0.726    0.738     5.0
    19     0.1074    0.767    0.794     5.2
    20     0.0806    0.767    0.808     5.1
    21     0.0834    0.753    0.807     4.9
    22     0.0750    0.753    0.772     4.9
    23     0.0599    0.767    0.793     5.2
    24     0.0683    0.699    0.736     5.2
    25     0.0579    0.726    0.753     5.1
    26     0.0507    0.644    0.767     5.1
    27     0.0595    0.753    0.779     5.1
    28     0.0588    0.726    0.738     5.2
    29     0.0396    0.699    0.783     4.9
    30     0.0457    0.740    0.788     5.1
    31     0.0411    0.712    0.775     5.1
    32     0.0504    0.767    0.791     5.2
    33     0.0696    0.740    0.730     4.9
    34     0.0365    0.726    0.769     5.1
    35     0.0932    0.712    0.799     5.4
    36     0.0470    0.726    0.816     4.9
    37     0.1084    0.644    0.760     5.2
    38     0.0590    0.795    0.816     5.3
    39     0.0766    0.753    0.817     4.9
    40     0.0492    0.753    0.781     5.0
    41     0.0577    0.767    0.794     4.9
    42     0.0337    0.740    0.769     4.9
    43     0.0879    0.753    0.782     4.9
    44     0.0732    0.740    0.814     5.2
    45     0.0363    0.616    0.782     4.9
    46     0.0298    0.740    0.803     4.9
    47     0.0462    0.726    0.807     5.1
    48     0.0288    0.781    0.770     5.1
    49     0.0298    0.767    0.770     5.2
    50     0.0363    0.699    0.803     5.1
[seed=1 size=640 env=00] 末轮 acc 0.699（记进汇总的是这个）   最好 epoch acc 0.795（挑了测试集上最好的一轮，只能参考，不能当结果报）

[seed=1 size=640 env=01] 训练 418 张 / 测试 105 张 / 每 epoch 13 个 batch
 epoch       loss      acc      auc       秒
     1     0.5137    0.867    0.926     6.6
     2     0.3265    0.876    0.939     6.5
     3     0.2835    0.876    0.942     6.7
     4     0.2896    0.857    0.923     6.5
     5     0.2269    0.838    0.934     6.7
     6     0.2336    0.886    0.934     6.6
     7     0.1690    0.848    0.926     6.5
     8     0.1736    0.867    0.946     6.8
     9     0.1522    0.867    0.934     6.4
    10     0.1533    0.829    0.936     6.7
    11     0.1480    0.905    0.948     6.8
    12     0.1164    0.886    0.937     6.6
    13     0.1429    0.876    0.963     6.8
    14     0.1266    0.886    0.935     6.5
    15     0.1116    0.905    0.966     6.5
    16     0.0869    0.838    0.969     6.6
    17     0.0839    0.905    0.958     6.5
    18     0.0941    0.914    0.939     6.8
    19     0.0877    0.924    0.941     6.6
    20     0.1282    0.905    0.946     6.5
    21     0.1108    0.886    0.941     6.5
    22     0.0972    0.905    0.938     6.6
    23     0.0730    0.876    0.942     6.7
    24     0.0609    0.933    0.943     6.8
    25     0.0654    0.914    0.935     6.8
    26     0.0690    0.895    0.950     6.6
    27     0.0661    0.905    0.947     6.7
    28     0.0466    0.905    0.941     6.5
    29     0.0563    0.895    0.933     6.6
    30     0.0500    0.876    0.922     6.7
    31     0.0847    0.876    0.923     6.4
    32     0.0529    0.876    0.922     6.9
    33     0.0555    0.886    0.950     6.5
    34     0.0473    0.876    0.932     6.4
    35     0.0717    0.857    0.927     6.5
    36     0.0409    0.876    0.929     6.6
    37     0.0399    0.886    0.930     6.7
    38     0.0511    0.914    0.952     6.7
    39     0.0719    0.876    0.951     6.5
    40     0.0489    0.895    0.938     6.7
    41     0.0492    0.867    0.929     6.6
    42     0.0668    0.857    0.924     6.5
    43     0.0420    0.876    0.943     6.5
    44     0.0284    0.905    0.953     6.5
    45     0.0283    0.886    0.959     6.6
    46     0.0419    0.829    0.947     6.3
    47     0.0397    0.886    0.949     6.8
    48     0.0581    0.848    0.937     6.6
    49     0.0484    0.905    0.947     6.5
    50     0.0474    0.905    0.951     6.5
[seed=1 size=640 env=01] 末轮 acc 0.905（记进汇总的是这个）   最好 epoch acc 0.933（挑了测试集上最好的一轮，只能参考，不能当结果报）

[seed=1 size=640 env=02] 训练 220 张 / 测试 54 张 / 每 epoch 6 个 batch
 epoch       loss      acc      auc       秒
     1     0.6687    0.574    0.588     4.0
     2     0.6508    0.556    0.599     3.9
     3     0.5821    0.574    0.607     4.0
     4     0.5242    0.611    0.616     4.1
     5     0.4896    0.574    0.582     4.1
     6     0.4221    0.556    0.541     3.9
     7     0.4023    0.519    0.567     3.9
     8     0.3263    0.500    0.541     4.0
     9     0.2552    0.537    0.586     3.9
    10     0.3053    0.500    0.543     4.0
    11     0.2331    0.463    0.522     3.9
    12     0.2332    0.537    0.574     3.9
    13     0.1791    0.556    0.569     4.1
    14     0.1481    0.593    0.583     3.9
    15     0.1427    0.556    0.480     3.9
    16     0.1394    0.574    0.590     3.8
    17     0.1537    0.556    0.568     3.9
    18     0.1364    0.574    0.548     4.1
    19     0.1509    0.593    0.610     3.9
    20     0.1533    0.537    0.534     4.1
    21     0.0971    0.556    0.590     4.0
    22     0.1411    0.519    0.599     4.0
    23     0.0888    0.519    0.541     4.1
    24     0.1171    0.556    0.620     3.9
    25     0.0652    0.519    0.616     4.1
    26     0.0937    0.537    0.562     3.9
    27     0.0710    0.519    0.572     4.1
    28     0.0985    0.537    0.585     4.0
    29     0.1369    0.537    0.592     4.1
    30     0.0685    0.481    0.560     4.0
    31     0.0887    0.519    0.537     4.0
    32     0.0575    0.593    0.583     4.1
    33     0.0703    0.611    0.596     4.1
    34     0.0742    0.537    0.575     4.0
    35     0.0735    0.556    0.567     4.0
    36     0.1306    0.537    0.553     4.1
    37     0.0621    0.593    0.627     4.0
    38     0.0989    0.611    0.619     4.1
    39     0.0758    0.519    0.575     3.9
    40     0.0615    0.574    0.596     4.0
    41     0.0675    0.574    0.596     3.9
    42     0.0620    0.574    0.604     4.1
    43     0.0445    0.500    0.575     4.0
    44     0.0395    0.481    0.572     4.1
    45     0.0486    0.556    0.512     4.1
    46     0.0525    0.500    0.554     3.9
    47     0.0352    0.519    0.575     3.9
    48     0.0667    0.537    0.543     4.1
    49     0.0348    0.500    0.519     3.9
    50     0.0314    0.500    0.527     3.9
[seed=1 size=640 env=02] 末轮 acc 0.500（记进汇总的是这个）   最好 epoch acc 0.611（挑了测试集上最好的一轮，只能参考，不能当结果报）

[seed=2 size=224 env=00] 训练 294 张 / 测试 73 张 / 每 epoch 9 个 batch
 epoch       loss      acc      auc       秒
     1     0.6998    0.630    0.625     1.3
     2     0.6455    0.658    0.655     1.3
     3     0.6083    0.699    0.647     1.3
     4     0.5580    0.644    0.669     1.3
     5     0.5056    0.562    0.684     1.3
     6     0.4786    0.507    0.667     1.3
     7     0.4284    0.548    0.650     1.3
     8     0.3152    0.630    0.674     1.3
     9     0.3006    0.644    0.648     1.3
    10     0.2710    0.685    0.671     1.3
    11     0.2110    0.658    0.720     1.3
    12     0.2053    0.699    0.627     1.3
    13     0.1596    0.685    0.611     1.3
    14     0.2014    0.658    0.611     1.3
    15     0.1909    0.671    0.624     1.3
    16     0.2186    0.603    0.554     1.3
    17     0.2131    0.521    0.565     1.3
    18     0.2047    0.658    0.639     1.3
    19     0.1612    0.630    0.618     1.4
    20     0.1525    0.671    0.645     1.3
    21     0.1183    0.562    0.657     1.3
    22     0.1108    0.630    0.672     1.3
    23     0.1087    0.644    0.700     1.4
    24     0.1125    0.644    0.726     1.3
    25     0.1240    0.603    0.653     1.3
    26     0.1382    0.644    0.659     1.3
    27     0.1816    0.671    0.703     1.3
    28     0.1150    0.726    0.734     1.3
    29     0.1312    0.699    0.717     1.3
    30     0.1249    0.699    0.702     1.3
    31     0.1147    0.699    0.682     1.3
    32     0.1016    0.671    0.661     1.3
    33     0.1190    0.644    0.630     1.3
    34     0.0802    0.699    0.665     1.3
    35     0.0851    0.685    0.696     1.3
    36     0.0818    0.753    0.710     1.3
    37     0.0957    0.685    0.704     1.3
    38     0.0751    0.671    0.696     1.3
    39     0.1033    0.616    0.644     1.3
    40     0.1022    0.658    0.672     1.3
    41     0.0613    0.644    0.667     1.3
    42     0.0850    0.616    0.634     1.3
    43     0.0657    0.616    0.635     1.4
    44     0.0624    0.616    0.635     1.4
    45     0.0878    0.589    0.635     1.4
    46     0.0796    0.630    0.672     1.3
    47     0.0615    0.644    0.675     1.3
    48     0.0465    0.699    0.677     1.3
    49     0.0912    0.685    0.677     1.3
    50     0.0582    0.630    0.682     1.3
[seed=2 size=224 env=00] 末轮 acc 0.630（记进汇总的是这个）   最好 epoch acc 0.753（挑了测试集上最好的一轮，只能参考，不能当结果报）

[seed=2 size=224 env=01] 训练 418 张 / 测试 105 张 / 每 epoch 13 个 batch
 epoch       loss      acc      auc       秒
     1     0.5784    0.800    0.896     1.6
     2     0.4153    0.914    0.956     1.5
     3     0.3692    0.895    0.967     1.5
     4     0.2727    0.886    0.974     1.6
     5     0.2778    0.848    0.970     1.6
     6     0.2403    0.848    0.968     1.6
     7     0.2251    0.914    0.971     1.6
     8     0.2261    0.914    0.973     1.6
     9     0.2052    0.867    0.948     1.6
    10     0.1665    0.857    0.974     1.6
    11     0.1770    0.876    0.974     1.6
    12     0.1476    0.867    0.972     1.5
    13     0.1352    0.886    0.975     1.6
    14     0.1184    0.857    0.957     1.6
    15     0.1319    0.867    0.947     1.6
    16     0.1186    0.867    0.951     1.6
    17     0.1016    0.905    0.956     1.6
    18     0.1265    0.743    0.931     1.6
    19     0.1547    0.829    0.962     1.5
    20     0.1368    0.905    0.967     1.6
    21     0.1364    0.914    0.960     1.6
    22     0.1349    0.876    0.952     1.6
    23     0.1235    0.905    0.962     1.6
    24     0.1238    0.886    0.952     1.6
    25     0.1079    0.857    0.944     1.6
    26     0.0895    0.895    0.970     1.5
    27     0.1234    0.924    0.972     1.5
    28     0.1170    0.876    0.954     1.5
    29     0.0810    0.905    0.960     1.6
    30     0.0864    0.905    0.957     1.5
    31     0.1049    0.914    0.958     1.5
    32     0.0995    0.895    0.964     1.5
    33     0.1243    0.876    0.942     1.5
    34     0.0841    0.867    0.939     1.5
    35     0.0960    0.876    0.950     1.5
    36     0.1049    0.886    0.954     1.5
    37     0.0852    0.848    0.941     1.5
    38     0.0768    0.848    0.957     1.5
    39     0.0665    0.867    0.955     1.5
    40     0.0472    0.829    0.956     1.5
    41     0.0767    0.886    0.948     1.5
    42     0.0625    0.886    0.955     1.5
    43     0.0667    0.886    0.953     1.5
    44     0.0797    0.905    0.945     1.5
    45     0.0658    0.886    0.952     1.5
    46     0.0867    0.857    0.953     1.5
    47     0.0724    0.895    0.953     1.5
    48     0.0632    0.876    0.951     1.5
    49     0.0929    0.829    0.925     1.5
    50     0.0483    0.829    0.927     1.6
[seed=2 size=224 env=01] 末轮 acc 0.829（记进汇总的是这个）   最好 epoch acc 0.924（挑了测试集上最好的一轮，只能参考，不能当结果报）

[seed=2 size=224 env=02] 训练 220 张 / 测试 54 张 / 每 epoch 6 个 batch
 epoch       loss      acc      auc       秒
     1     0.6978    0.611    0.596     1.1
     2     0.6162    0.556    0.637     1.1
     3     0.5722    0.519    0.638     1.1
     4     0.5107    0.537    0.631     1.1
     5     0.4403    0.611    0.592     1.1
     6     0.3413    0.574    0.572     1.1
     7     0.3132    0.537    0.586     1.1
     8     0.2557    0.556    0.569     1.2
     9     0.1881    0.556    0.564     1.2
    10     0.2538    0.519    0.593     1.1
    11     0.1444    0.500    0.583     1.1
    12     0.1838    0.537    0.576     1.1
    13     0.1633    0.537    0.588     1.1
    14     0.1287    0.574    0.595     1.1
    15     0.0969    0.556    0.557     1.1
    16     0.1407    0.556    0.561     1.1
    17     0.1612    0.556    0.558     1.1
    18     0.0908    0.574    0.562     1.1
    19     0.1294    0.556    0.569     1.1
    20     0.1604    0.574    0.586     1.1
    21     0.1152    0.611    0.604     1.1
    22     0.0760    0.556    0.613     1.1
    23     0.0958    0.537    0.599     1.1
    24     0.1086    0.556    0.569     1.1
    25     0.0886    0.463    0.543     1.1
    26     0.0585    0.481    0.523     1.2
    27     0.1035    0.556    0.554     1.1
    28     0.1070    0.556    0.565     1.2
    29     0.0914    0.574    0.551     1.2
    30     0.0933    0.556    0.555     1.1
    31     0.0854    0.519    0.553     1.2
    32     0.0784    0.556    0.562     1.2
    33     0.0757    0.556    0.576     1.1
    34     0.0767    0.574    0.578     1.1
    35     0.0981    0.574    0.584     1.1
    36     0.0732    0.556    0.571     1.1
    37     0.0442    0.500    0.572     1.1
    38     0.0805    0.537    0.547     1.1
    39     0.0637    0.500    0.547     1.1
    40     0.0933    0.537    0.548     1.1
    41     0.0844    0.574    0.532     1.1
    42     0.1020    0.537    0.506     1.1
    43     0.0484    0.481    0.513     1.1
    44     0.0638    0.537    0.534     1.2
    45     0.0857    0.537    0.551     1.1
    46     0.0432    0.556    0.541     1.2
    47     0.0902    0.556    0.530     1.1
    48     0.0562    0.556    0.527     1.1
    49     0.0578    0.593    0.540     1.1
    50     0.0613    0.574    0.543     1.1
[seed=2 size=224 env=02] 末轮 acc 0.574（记进汇总的是这个）   最好 epoch acc 0.611（挑了测试集上最好的一轮，只能参考，不能当结果报）

[seed=2 size=640 env=00] 训练 294 张 / 测试 73 张 / 每 epoch 9 个 batch
 epoch       loss      acc      auc       秒
     1     0.6992    0.589    0.497     4.9
     2     0.6514    0.589    0.584     4.9
     3     0.6247    0.658    0.624     5.2
     4     0.5930    0.548    0.661     4.9
     5     0.5194    0.521    0.662     4.9
     6     0.5097    0.630    0.693     5.2
     7     0.4703    0.575    0.694     5.0
     8     0.3910    0.671    0.700     5.2
     9     0.3408    0.685    0.736     5.0
    10     0.2907    0.521    0.719     5.3
    11     0.2493    0.658    0.722     5.0
    12     0.2157    0.658    0.703     5.2
    13     0.1595    0.575    0.692     5.1
    14     0.2032    0.589    0.691     5.0
    15     0.1289    0.644    0.715     5.1
    16     0.1249    0.562    0.737     5.1
    17     0.1415    0.589    0.680     4.9
    18     0.1515    0.644    0.697     4.9
    19     0.0893    0.671    0.680     5.1
    20     0.0881    0.644    0.709     5.1
    21     0.0825    0.671    0.684     5.1
    22     0.0651    0.603    0.724     5.1
    23     0.0596    0.562    0.701     5.1
    24     0.0715    0.685    0.704     5.0
    25     0.0382    0.685    0.762     4.9
    26     0.0550    0.644    0.730     5.1
    27     0.0765    0.603    0.703     4.8
    28     0.0376    0.671    0.745     5.0
    29     0.0452    0.671    0.762     4.9
    30     0.0588    0.589    0.662     5.2
    31     0.0551    0.616    0.670     5.1
    32     0.0468    0.699    0.694     4.9
    33     0.0521    0.685    0.750     5.1
    34     0.0420    0.699    0.717     5.0
    35     0.0442    0.699    0.709     4.9
    36     0.0544    0.644    0.709     4.8
    37     0.0434    0.685    0.712     5.1
    38     0.0602    0.712    0.759     5.0
    39     0.0505    0.616    0.704     5.0
    40     0.0560    0.616    0.683     5.0
    41     0.0330    0.630    0.647     5.0
    42     0.0719    0.658    0.722     5.0
    43     0.0572    0.603    0.673     5.0
    44     0.0519    0.630    0.678     5.0
    45     0.0383    0.658    0.707     4.9
    46     0.0365    0.616    0.691     5.3
    47     0.0386    0.644    0.726     5.0
    48     0.0377    0.671    0.763     5.2
    49     0.0352    0.616    0.739     5.1
    50     0.0281    0.644    0.700     5.2
[seed=2 size=640 env=00] 末轮 acc 0.644（记进汇总的是这个）   最好 epoch acc 0.712（挑了测试集上最好的一轮，只能参考，不能当结果报）

[seed=2 size=640 env=01] 训练 418 张 / 测试 105 张 / 每 epoch 13 个 batch
 epoch       loss      acc      auc       秒
     1     0.5169    0.848    0.936     6.8
     2     0.3744    0.914    0.968     6.4
     3     0.3260    0.838    0.972     6.8
     4     0.2820    0.943    0.989     6.4
     5     0.2778    0.848    0.978     6.6
     6     0.2686    0.924    0.982     6.6
     7     0.2498    0.933    0.974     6.8
     8     0.2132    0.914    0.966     6.8
     9     0.1644    0.914    0.963     6.5
    10     0.1439    0.933    0.975     6.7
    11     0.1546    0.905    0.972     6.5
    12     0.1338    0.924    0.956     6.7
    13     0.1475    0.905    0.964     6.4
    14     0.1020    0.886    0.961     6.6
    15     0.1028    0.895    0.972     6.4
    16     0.0935    0.838    0.960     6.6
    17     0.0852    0.905    0.971     6.5
    18     0.0873    0.819    0.942     6.4
    19     0.1070    0.905    0.968     6.4
    20     0.0745    0.914    0.966     6.4
    21     0.0842    0.905    0.957     6.6
    22     0.0810    0.943    0.966     6.5
    23     0.0600    0.857    0.968     6.7
    24     0.1285    0.876    0.945     6.5
    25     0.0639    0.829    0.943     6.4
    26     0.0522    0.886    0.949     6.4
    27     0.0651    0.905    0.960     6.6
    28     0.0643    0.914    0.966     6.7
    29     0.0450    0.943    0.971     6.6
    30     0.0372    0.914    0.968     6.6
    31     0.0404    0.924    0.962     6.5
    32     0.0420    0.857    0.963     6.6
    33     0.0517    0.905    0.954     6.6
    34     0.0430    0.895    0.945     6.5
    35     0.0470    0.876    0.965     6.6
    36     0.0434    0.895    0.968     6.5
    37     0.0669    0.895    0.964     6.7
    38     0.0422    0.914    0.952     6.7
    39     0.0231    0.905    0.960     6.6
    40     0.0168    0.905    0.964     6.7
    41     0.0442    0.914    0.963     6.8
    42     0.0522    0.914    0.968     6.7
    43     0.0632    0.800    0.938     6.6
    44     0.0479    0.867    0.963     6.5
    45     0.0355    0.895    0.970     6.6
    46     0.0480    0.895    0.966     6.7
    47     0.0298    0.895    0.951     6.6
    48     0.0514    0.886    0.956     6.6
    49     0.0330    0.819    0.933     6.6
    50     0.0193    0.857    0.962     6.8
[seed=2 size=640 env=01] 末轮 acc 0.857（记进汇总的是这个）   最好 epoch acc 0.943（挑了测试集上最好的一轮，只能参考，不能当结果报）

[seed=2 size=640 env=02] 训练 220 张 / 测试 54 张 / 每 epoch 6 个 batch
 epoch       loss      acc      auc       秒
     1     0.6760    0.574    0.560     4.0
     2     0.6100    0.519    0.571     4.0
     3     0.5690    0.537    0.568     4.2
     4     0.5256    0.593    0.589     3.9
     5     0.4707    0.500    0.506     4.2
     6     0.3945    0.500    0.515     3.9
     7     0.3739    0.556    0.595     3.9
     8     0.2931    0.574    0.571     4.0
     9     0.2483    0.574    0.557     3.9
    10     0.2314    0.574    0.516     4.2
    11     0.1917    0.537    0.522     4.1
    12     0.1770    0.537    0.593     4.2
    13     0.1583    0.481    0.596     4.2
    14     0.1235    0.537    0.564     3.9
    15     0.0969    0.574    0.537     4.2
    16     0.1023    0.574    0.576     4.2
    17     0.1027    0.574    0.583     4.0
    18     0.0785    0.537    0.565     4.3
    19     0.0992    0.519    0.547     4.2
    20     0.0701    0.537    0.585     3.9
    21     0.0751    0.556    0.578     3.9
    22     0.0637    0.519    0.569     4.2
    23     0.0852    0.537    0.534     4.2
    24     0.0424    0.593    0.532     4.1
    25     0.0835    0.593    0.590     3.9
    26     0.0368    0.556    0.585     4.0
    27     0.0766    0.537    0.572     4.1
    28     0.0909    0.537    0.547     3.9
    29     0.0646    0.556    0.509     3.9
    30     0.0491    0.519    0.459     4.2
    31     0.0471    0.519    0.469     4.0
    32     0.0525    0.500    0.485     3.9
    33     0.0351    0.500    0.492     4.0
    34     0.0369    0.519    0.553     4.1
    35     0.0369    0.519    0.582     4.1
    36     0.0615    0.519    0.550     3.9
    37     0.0297    0.519    0.534     4.1
    38     0.0721    0.519    0.532     4.1
    39     0.0356    0.537    0.505     4.2
    40     0.0324    0.463    0.494     4.1
    41     0.0296    0.500    0.501     4.0
    42     0.0559    0.537    0.533     4.1
    43     0.0376    0.519    0.581     4.2
    44     0.0346    0.537    0.567     3.9
    45     0.0370    0.537    0.539     3.9
    46     0.0361    0.500    0.492     3.9
    47     0.0489    0.500    0.518     4.1
    48     0.0503    0.519    0.547     3.9
    49     0.0544    0.537    0.537     4.0
    50     0.0249    0.519    0.511     4.1
[seed=2 size=640 env=02] 末轮 acc 0.519（记进汇总的是这个）   最好 epoch acc 0.593（挑了测试集上最好的一轮，只能参考，不能当结果报）

[seed=3 size=224 env=00] 训练 294 张 / 测试 73 张 / 每 epoch 9 个 batch
 epoch       loss      acc      auc       秒
     1     0.7295    0.548    0.586     1.3
     2     0.6411    0.658    0.598     1.3
     3     0.5577    0.616    0.600     1.3
     4     0.5219    0.589    0.602     1.3
     5     0.4395    0.616    0.588     1.3
     6     0.4054    0.548    0.601     1.3
     7     0.3368    0.589    0.625     1.4
     8     0.2679    0.671    0.651     1.3
     9     0.2496    0.575    0.656     1.3
    10     0.2781    0.575    0.656     1.3
    11     0.2153    0.589    0.655     1.3
    12     0.2144    0.644    0.634     1.3
    13     0.2015    0.658    0.625     1.3
    14     0.1746    0.658    0.635     1.3
    15     0.2122    0.644    0.675     1.3
    16     0.1626    0.630    0.663     1.3
    17     0.1554    0.630    0.647     1.3
    18     0.1167    0.575    0.627     1.3
    19     0.1390    0.589    0.616     1.3
    20     0.1064    0.671    0.654     1.3
    21     0.1314    0.562    0.657     1.4
    22     0.1175    0.658    0.636     1.3
    23     0.1199    0.630    0.641     1.4
    24     0.0814    0.630    0.651     1.3
    25     0.1025    0.753    0.693     1.3
    26     0.0797    0.685    0.714     1.3
    27     0.0991    0.616    0.665     1.3
    28     0.0869    0.671    0.636     1.3
    29     0.0994    0.671    0.615     1.3
    30     0.1425    0.630    0.644     1.3
    31     0.0637    0.630    0.631     1.4
    32     0.0763    0.630    0.628     1.3
    33     0.1057    0.658    0.659     1.3
    34     0.0832    0.658    0.677     1.3
    35     0.0604    0.644    0.658     1.3
    36     0.0704    0.630    0.643     1.3
    37     0.0634    0.685    0.661     1.4
    38     0.1098    0.616    0.660     1.3
    39     0.0738    0.685    0.667     1.3
    40     0.1485    0.699    0.666     1.3
    41     0.0806    0.685    0.680     1.3
    42     0.1191    0.685    0.666     1.3
    43     0.0883    0.658    0.648     1.3
    44     0.1060    0.685    0.646     1.3
    45     0.0870    0.658    0.656     1.3
    46     0.0795    0.644    0.643     1.4
    47     0.1068    0.685    0.655     1.3
    48     0.0766    0.658    0.647     1.3
    49     0.0771    0.616    0.696     1.3
    50     0.0569    0.658    0.671     1.3
[seed=3 size=224 env=00] 末轮 acc 0.658（记进汇总的是这个）   最好 epoch acc 0.753（挑了测试集上最好的一轮，只能参考，不能当结果报）

[seed=3 size=224 env=01] 训练 418 张 / 测试 105 张 / 每 epoch 13 个 batch
 epoch       loss      acc      auc       秒
     1     0.6220    0.829    0.943     1.5
     2     0.4140    0.895    0.956     1.6
     3     0.3618    0.905    0.961     1.6
     4     0.3022    0.924    0.984     1.5
     5     0.2667    0.914    0.975     1.5
     6     0.2759    0.962    0.985     1.5
     7     0.2102    0.905    0.977     1.6
     8     0.2297    0.876    0.966     1.6
     9     0.1574    0.800    0.950     1.6
    10     0.1759    0.848    0.951     1.5
    11     0.1496    0.914    0.972     1.5
    12     0.1929    0.914    0.975     1.6
    13     0.1701    0.952    0.984     1.6
    14     0.1509    0.867    0.967     1.6
    15     0.1634    0.914    0.974     1.6
    16     0.1356    0.867    0.966     1.6
    17     0.1215    0.876    0.973     1.6
    18     0.1146    0.914    0.984     1.5
    19     0.1091    0.943    0.985     1.5
    20     0.1110    0.895    0.976     1.5
    21     0.1177    0.895    0.981     1.6
    22     0.1206    0.952    0.987     1.6
    23     0.0719    0.848    0.981     1.6
    24     0.0919    0.914    0.982     1.6
    25     0.1267    0.905    0.980     1.5
    26     0.0802    0.924    0.980     1.6
    27     0.1099    0.857    0.974     1.6
    28     0.1075    0.895    0.970     1.6
    29     0.1071    0.895    0.964     1.6
    30     0.1006    0.914    0.985     1.5
    31     0.0778    0.914    0.974     1.6
    32     0.1230    0.905    0.963     1.5
    33     0.1202    0.876    0.969     1.6
    34     0.1145    0.857    0.958     1.5
    35     0.1221    0.857    0.949     1.6
    36     0.1001    0.876    0.967     1.6
    37     0.0968    0.886    0.968     1.6
    38     0.0911    0.905    0.971     1.6
    39     0.1170    0.838    0.956     1.5
    40     0.0979    0.895    0.969     1.6
    41     0.1050    0.895    0.956     1.6
    42     0.0712    0.914    0.964     1.6
    43     0.0934    0.943    0.982     1.5
    44     0.0964    0.962    0.985     1.6
    45     0.0964    0.933    0.984     1.5
    46     0.0983    0.924    0.979     1.5
    47     0.0860    0.905    0.974     1.6
    48     0.0727    0.876    0.972     1.5
    49     0.0668    0.924    0.978     1.6
    50     0.0690    0.876    0.971     1.5
[seed=3 size=224 env=01] 末轮 acc 0.876（记进汇总的是这个）   最好 epoch acc 0.962（挑了测试集上最好的一轮，只能参考，不能当结果报）

[seed=3 size=224 env=02] 训练 220 张 / 测试 54 张 / 每 epoch 6 个 batch
 epoch       loss      acc      auc       秒
     1     0.7204    0.463    0.572     1.1
     2     0.6019    0.593    0.568     1.2
     3     0.5469    0.630    0.626     1.2
     4     0.5072    0.630    0.648     1.2
     5     0.4826    0.630    0.644     1.2
     6     0.3789    0.611    0.642     1.2
     7     0.3295    0.593    0.638     1.2
     8     0.3075    0.593    0.640     1.1
     9     0.2603    0.611    0.640     1.2
    10     0.2585    0.611    0.635     1.2
    11     0.2120    0.611    0.635     1.2
    12     0.1883    0.630    0.638     1.1
    13     0.2216    0.630    0.654     1.1
    14     0.1780    0.593    0.659     1.1
    15     0.1914    0.574    0.614     1.1
    16     0.1524    0.611    0.610     1.2
    17     0.1432    0.611    0.602     1.2
    18     0.1717    0.574    0.593     1.2
    19     0.1634    0.593    0.609     1.2
    20     0.1107    0.574    0.623     1.2
    21     0.1555    0.537    0.627     1.2
    22     0.1797    0.593    0.620     1.2
    23     0.1283    0.574    0.616     1.2
    24     0.1472    0.574    0.621     1.2
    25     0.1505    0.556    0.644     1.2
    26     0.1552    0.574    0.642     1.2
    27     0.1624    0.574    0.606     1.2
    28     0.1328    0.537    0.603     1.2
    29     0.1445    0.574    0.602     1.2
    30     0.1163    0.574    0.631     1.2
    31     0.1280    0.630    0.641     1.1
    32     0.1179    0.611    0.654     1.2
    33     0.1193    0.611    0.652     1.2
    34     0.0929    0.556    0.648     1.2
    35     0.1810    0.574    0.649     1.2
    36     0.1320    0.593    0.655     1.2
    37     0.1318    0.593    0.645     1.2
    38     0.0766    0.574    0.652     1.1
    39     0.1290    0.574    0.658     1.2
    40     0.1059    0.574    0.665     1.1
    41     0.1104    0.630    0.675     1.2
    42     0.1313    0.593    0.647     1.2
    43     0.1244    0.611    0.661     1.2
    44     0.0889    0.611    0.677     1.2
    45     0.1077    0.611    0.662     1.2
    46     0.0736    0.611    0.638     1.2
    47     0.1270    0.611    0.670     1.2
    48     0.1310    0.611    0.665     1.2
    49     0.1811    0.593    0.652     1.1
    50     0.1267    0.593    0.670     1.1
[seed=3 size=224 env=02] 末轮 acc 0.593（记进汇总的是这个）   最好 epoch acc 0.630（挑了测试集上最好的一轮，只能参考，不能当结果报）

[seed=3 size=640 env=00] 训练 294 张 / 测试 73 张 / 每 epoch 9 个 batch
 epoch       loss      acc      auc       秒
     1     0.7019    0.603    0.536     5.1
     2     0.6633    0.603    0.516     5.3
     3     0.6310    0.575    0.535     5.0
     4     0.5714    0.589    0.592     5.3
     5     0.5218    0.630    0.627     4.9
     6     0.4743    0.575    0.571     5.3
     7     0.4352    0.534    0.577     5.2
     8     0.3558    0.630    0.601     5.0
     9     0.3097    0.479    0.597     5.0
    10     0.2688    0.644    0.644     5.4
    11     0.2080    0.616    0.611     5.0
    12     0.2045    0.603    0.652     5.2
    13     0.1852    0.644    0.622     5.1
    14     0.1735    0.521    0.631     5.1
    15     0.1495    0.493    0.573     5.3
    16     0.1180    0.603    0.601     5.4
    17     0.0897    0.630    0.614     5.1
    18     0.0828    0.521    0.598     5.1
    19     0.0916    0.575    0.575     5.0
    20     0.0534    0.575    0.608     5.3
    21     0.0929    0.589    0.653     4.9
    22     0.0801    0.548    0.641     5.0
    23     0.0484    0.616    0.610     5.1
    24     0.0680    0.603    0.641     5.0
    25     0.0619    0.658    0.648     5.0
    26     0.0534    0.603    0.636     5.2
    27     0.0655    0.466    0.631     5.2
    28     0.0632    0.452    0.604     5.1
    29     0.0640    0.534    0.699     5.0
    30     0.0495    0.671    0.678     4.9
    31     0.0471    0.699    0.719     5.0
    32     0.0364    0.753    0.688     5.2
    33     0.0335    0.671    0.687     5.1
    34     0.0358    0.616    0.673     5.1
    35     0.0289    0.630    0.663     5.1
    36     0.0327    0.589    0.644     5.2
    37     0.0308    0.630    0.651     5.3
    38     0.0627    0.671    0.646     4.9
    39     0.0477    0.562    0.694     5.2
    40     0.0487    0.575    0.654     5.1
    41     0.0522    0.534    0.610     5.1
    42     0.0605    0.534    0.620     5.2
    43     0.0310    0.658    0.626     5.0
    44     0.0349    0.507    0.598     5.0
    45     0.0601    0.658    0.621     5.4
    46     0.0500    0.562    0.687     5.1
    47     0.0345    0.671    0.687     5.1
    48     0.0262    0.671    0.604     5.1
    49     0.0317    0.644    0.629     5.1
    50     0.0276    0.644    0.694     5.2
[seed=3 size=640 env=00] 末轮 acc 0.644（记进汇总的是这个）   最好 epoch acc 0.753（挑了测试集上最好的一轮，只能参考，不能当结果报）

[seed=3 size=640 env=01] 训练 418 张 / 测试 105 张 / 每 epoch 13 个 batch
 epoch       loss      acc      auc       秒
     1     0.5446    0.857    0.958     6.7
     2     0.3559    0.905    0.979     6.6
     3     0.3328    0.895    0.972     6.7
     4     0.2763    0.914    0.973     6.6
     5     0.2192    0.857    0.972     6.7
     6     0.2403    0.905    0.973     6.7
     7     0.1776    0.943    0.976     6.8
     8     0.2517    0.952    0.987     6.6
     9     0.1482    0.876    0.970     6.7
    10     0.1785    0.876    0.959     6.5
    11     0.1356    0.962    0.980     6.8
    12     0.1327    0.971    0.978     6.7
    13     0.1107    0.943    0.983     6.6
    14     0.1194    0.886    0.964     6.8
    15     0.1089    0.924    0.982     6.6
    16     0.1030    0.924    0.974     6.8
    17     0.1359    0.867    0.955     6.6
    18     0.0846    0.943    0.977     6.8
    19     0.0729    0.943    0.982     6.5
    20     0.0698    0.943    0.975     6.6
    21     0.0869    0.933    0.971     6.9
    22     0.0949    0.924    0.982     6.6
    23     0.0918    0.867    0.944     7.2
    24     0.0546    0.924    0.968     6.6
    25     0.0769    0.924    0.968     6.7
    26     0.0396    0.943    0.978     6.6
    27     0.0594    0.924    0.967     6.6
    28     0.0750    0.905    0.952     6.7
    29     0.0899    0.943    0.976     6.6
    30     0.0551    0.895    0.972     6.5
    31     0.0474    0.876    0.958     6.6
    32     0.0870    0.838    0.994     6.5
    33     0.0665    0.943    0.979     6.6
    34     0.0953    0.943    0.980     6.6
    35     0.0815    0.886    0.971     6.7
    36     0.0575    0.952    0.969     6.9
    37     0.0463    0.933    0.954     6.8
    38     0.0302    0.943    0.976     6.8
    39     0.0346    0.914    0.964     6.6
    40     0.0473    0.914    0.968     6.7
    41     0.0481    0.905    0.976     7.0
    42     0.0468    0.933    0.969     6.8
    43     0.0384    0.952    0.972     6.7
    44     0.0368    0.933    0.971     6.5
    45     0.0300    0.962    0.977     6.7
    46     0.0303    0.914    0.966     6.5
    47     0.0231    0.914    0.956     6.6
    48     0.0524    0.933    0.977     6.6
    49     0.0409    0.933    0.975     6.7
    50     0.0418    0.924    0.969     6.7
[seed=3 size=640 env=01] 末轮 acc 0.924（记进汇总的是这个）   最好 epoch acc 0.971（挑了测试集上最好的一轮，只能参考，不能当结果报）

[seed=3 size=640 env=02] 训练 220 张 / 测试 54 张 / 每 epoch 6 个 batch
 epoch       loss      acc      auc       秒
     1     0.7059    0.574    0.518     4.1
     2     0.6188    0.648    0.560     4.1
     3     0.5844    0.593    0.568     3.9
     4     0.5424    0.648    0.599     4.0
     5     0.5278    0.593    0.655     4.1
     6     0.4472    0.574    0.655     4.1
     7     0.4123    0.556    0.655     4.3
     8     0.3806    0.593    0.649     3.9
     9     0.3029    0.593    0.649     4.0
    10     0.3000    0.574    0.650     3.9
    11     0.2481    0.611    0.659     4.0
    12     0.2069    0.593    0.666     4.1
    13     0.2778    0.574    0.673     4.0
    14     0.1730    0.648    0.701     4.2
    15     0.1702    0.667    0.719     4.1
    16     0.1728    0.648    0.707     4.2
    17     0.2028    0.593    0.693     4.1
    18     0.1406    0.648    0.712     4.0
    19     0.1560    0.593    0.691     4.1
    20     0.1047    0.593    0.697     4.1
    21     0.1315    0.556    0.690     3.8
    22     0.1310    0.611    0.683     4.0
    23     0.1612    0.630    0.714     4.1
    24     0.1375    0.611    0.658     4.2
    25     0.1145    0.593    0.652     3.9
    26     0.0888    0.593    0.672     4.1
    27     0.0823    0.630    0.718     3.9
    28     0.1063    0.593    0.712     4.1
    29     0.0991    0.648    0.707     4.1
    30     0.0632    0.611    0.679     4.1
    31     0.0822    0.611    0.693     4.2
    32     0.0735    0.704    0.748     4.0
    33     0.0494    0.667    0.749     4.0
    34     0.0755    0.574    0.705     4.2
    35     0.1289    0.611    0.697     4.1
    36     0.0888    0.593    0.712     3.9
    37     0.0699    0.648    0.715     4.0
    38     0.0635    0.648    0.735     4.0
    39     0.0899    0.648    0.722     4.5
    40     0.0809    0.648    0.711     4.1
    41     0.0666    0.593    0.703     4.1
    42     0.1095    0.648    0.672     4.3
    43     0.0918    0.630    0.656     4.0
    44     0.0621    0.630    0.701     4.0
    45     0.0669    0.611    0.697     3.9
    46     0.0547    0.611    0.682     4.0
    47     0.0765    0.574    0.659     4.0
    48     0.1259    0.574    0.672     4.0
    49     0.1203    0.630    0.703     4.3
    50     0.1312    0.574    0.682     4.1
[seed=3 size=640 env=02] 末轮 acc 0.574（记进汇总的是这个）   最好 epoch acc 0.704（挑了测试集上最好的一轮，只能参考，不能当结果报）

[seed=4 size=224 env=00] 训练 294 张 / 测试 73 张 / 每 epoch 9 个 batch
 epoch       loss      acc      auc       秒
     1     0.6833    0.603    0.652     1.3
     2     0.6200    0.603    0.642     1.3
     3     0.5928    0.603    0.669     1.4
     4     0.5246    0.644    0.697     1.4
     5     0.4677    0.644    0.714     1.3
     6     0.4115    0.644    0.734     1.3
     7     0.4341    0.671    0.677     1.3
     8     0.3506    0.699    0.744     1.4
     9     0.3771    0.658    0.723     1.3
    10     0.2560    0.699    0.684     1.3
    11     0.2931    0.671    0.660     1.3
    12     0.2338    0.671    0.707     1.4
    13     0.1731    0.658    0.717     1.3
    14     0.1782    0.726    0.752     1.3
    15     0.1582    0.767    0.757     1.3
    16     0.1974    0.699    0.709     1.4
    17     0.1694    0.658    0.694     1.3
    18     0.1162    0.644    0.714     1.3
    19     0.1128    0.699    0.747     1.3
    20     0.1138    0.630    0.695     1.3
    21     0.1543    0.658    0.723     1.3
    22     0.1215    0.712    0.703     1.3
    23     0.0866    0.685    0.699     1.3
    24     0.1165    0.726    0.755     1.3
    25     0.0925    0.685    0.760     1.3
    26     0.1138    0.712    0.763     1.3
    27     0.0956    0.658    0.710     1.3
    28     0.1187    0.658    0.661     1.3
    29     0.0850    0.658    0.704     1.3
    30     0.0970    0.712    0.715     1.3
    31     0.1079    0.603    0.675     1.3
    32     0.1170    0.616    0.710     1.3
    33     0.1195    0.685    0.764     1.3
    34     0.0984    0.671    0.727     1.3
    35     0.1081    0.658    0.726     1.3
    36     0.1321    0.685    0.688     1.3
    37     0.0586    0.671    0.686     1.3
    38     0.1217    0.658    0.713     1.3
    39     0.1096    0.685    0.734     1.3
    40     0.0814    0.630    0.695     1.3
    41     0.0786    0.603    0.687     1.3
    42     0.0722    0.671    0.740     1.3
    43     0.0767    0.712    0.728     1.3
    44     0.1270    0.671    0.731     1.3
    45     0.0740    0.658    0.724     1.3
    46     0.0611    0.644    0.724     1.3
    47     0.0741    0.671    0.716     1.3
    48     0.0886    0.699    0.718     1.3
    49     0.0930    0.685    0.709     1.3
    50     0.0605    0.685    0.714     1.4
[seed=4 size=224 env=00] 末轮 acc 0.685（记进汇总的是这个）   最好 epoch acc 0.767（挑了测试集上最好的一轮，只能参考，不能当结果报）

[seed=4 size=224 env=01] 训练 418 张 / 测试 105 张 / 每 epoch 13 个 batch
 epoch       loss      acc      auc       秒
     1     0.5825    0.800    0.903     1.6
     2     0.4019    0.838    0.944     1.5
     3     0.3396    0.867    0.969     1.5
     4     0.2707    0.838    0.961     1.6
     5     0.2409    0.829    0.956     1.6
     6     0.2472    0.771    0.956     1.6
     7     0.2098    0.790    0.956     1.6
     8     0.1905    0.895    0.966     1.6
     9     0.1776    0.838    0.962     1.6
    10     0.1774    0.838    0.955     1.6
    11     0.1621    0.810    0.935     1.6
    12     0.1511    0.867    0.939     1.6
    13     0.1302    0.867    0.935     1.6
    14     0.1344    0.819    0.937     1.5
    15     0.1442    0.733    0.935     1.6
    16     0.1180    0.762    0.926     1.6
    17     0.1057    0.790    0.933     1.5
    18     0.1474    0.867    0.949     1.5
    19     0.1122    0.810    0.956     1.6
    20     0.1349    0.810    0.959     1.6
    21     0.1155    0.895    0.958     1.6
    22     0.1190    0.905    0.951     1.5
    23     0.1152    0.819    0.951     1.5
    24     0.1239    0.819    0.942     1.5
    25     0.0881    0.790    0.940     1.5
    26     0.0713    0.819    0.941     1.6
    27     0.0748    0.838    0.956     1.6
    28     0.1155    0.800    0.962     1.6
    29     0.1054    0.876    0.959     1.6
    30     0.1043    0.876    0.966     1.6
    31     0.1292    0.781    0.947     1.6
    32     0.1346    0.838    0.960     1.6
    33     0.1138    0.848    0.947     1.6
    34     0.0919    0.800    0.962     1.6
    35     0.1089    0.857    0.956     1.6
    36     0.0677    0.848    0.957     1.6
    37     0.0487    0.819    0.942     1.6
    38     0.0983    0.838    0.952     1.6
    39     0.0550    0.829    0.953     1.6
    40     0.0553    0.819    0.947     1.6
    41     0.0781    0.848    0.963     1.6
    42     0.0916    0.829    0.937     1.5
    43     0.1102    0.857    0.960     1.7
    44     0.0684    0.838    0.935     1.6
    45     0.0730    0.819    0.952     1.6
    46     0.0536    0.867    0.963     1.6
    47     0.1177    0.819    0.937     1.6
    48     0.1197    0.790    0.961     1.6
    49     0.0848    0.886    0.956     1.6
    50     0.0906    0.838    0.927     1.5
[seed=4 size=224 env=01] 末轮 acc 0.838（记进汇总的是这个）   最好 epoch acc 0.905（挑了测试集上最好的一轮，只能参考，不能当结果报）

[seed=4 size=224 env=02] 训练 220 张 / 测试 54 张 / 每 epoch 6 个 batch
 epoch       loss      acc      auc       秒
     1     0.6849    0.500    0.527     1.2
     2     0.5972    0.519    0.585     1.2
     3     0.5383    0.574    0.635     1.2
     4     0.4991    0.648    0.686     1.2
     5     0.4610    0.704    0.724     1.1
     6     0.3896    0.704    0.760     1.1
     7     0.3521    0.667    0.762     1.1
     8     0.3137    0.704    0.766     1.2
     9     0.2908    0.685    0.766     1.2
    10     0.2652    0.648    0.735     1.1
    11     0.2083    0.630    0.693     1.1
    12     0.2668    0.611    0.658     1.1
    13     0.2154    0.611    0.661     1.2
    14     0.1791    0.630    0.686     1.2
    15     0.1875    0.685    0.712     1.1
    16     0.1993    0.685    0.705     1.2
    17     0.1906    0.648    0.710     1.1
    18     0.1714    0.685    0.696     1.2
    19     0.1225    0.648    0.699     1.2
    20     0.1959    0.648    0.742     1.2
    21     0.1643    0.685    0.753     1.2
    22     0.1285    0.685    0.743     1.2
    23     0.1568    0.685    0.726     1.2
    24     0.1510    0.648    0.723     1.2
    25     0.1246    0.648    0.676     1.2
    26     0.1310    0.611    0.675     1.2
    27     0.1098    0.630    0.693     1.2
    28     0.1334    0.648    0.722     1.2
    29     0.1273    0.685    0.719     1.2
    30     0.1569    0.685    0.705     1.2
    31     0.2167    0.722    0.729     1.2
    32     0.1639    0.630    0.711     1.2
    33     0.1298    0.630    0.659     1.2
    34     0.1167    0.630    0.616     1.2
    35     0.1964    0.630    0.641     1.2
    36     0.1618    0.648    0.655     1.2
    37     0.1054    0.667    0.661     1.2
    38     0.1235    0.648    0.647     1.2
    39     0.1152    0.611    0.628     1.2
    40     0.1176    0.611    0.619     1.2
    41     0.0895    0.611    0.612     1.1
    42     0.0920    0.593    0.628     1.2
    43     0.0976    0.611    0.649     1.1
    44     0.1171    0.630    0.656     1.1
    45     0.0913    0.630    0.655     1.1
    46     0.1128    0.593    0.656     1.1
    47     0.1087    0.574    0.651     1.1
    48     0.0873    0.556    0.653     1.2
    49     0.0997    0.556    0.658     1.2
    50     0.0797    0.556    0.663     1.1
[seed=4 size=224 env=02] 末轮 acc 0.556（记进汇总的是这个）   最好 epoch acc 0.722（挑了测试集上最好的一轮，只能参考，不能当结果报）

[seed=4 size=640 env=00] 训练 294 张 / 测试 73 张 / 每 epoch 9 个 batch
 epoch       loss      acc      auc       秒
     1     0.6728    0.575    0.520     5.1
     2     0.6400    0.493    0.589     4.9
     3     0.6084    0.603    0.644     4.9
     4     0.5701    0.603    0.653     5.0
     5     0.5263    0.658    0.667     5.0
     6     0.4588    0.452    0.626     5.1
     7     0.4402    0.699    0.719     4.9
     8     0.3697    0.548    0.637     5.0
     9     0.3391    0.589    0.671     5.2
    10     0.2361    0.589    0.546     5.0
    11     0.2940    0.548    0.684     5.2
    12     0.1735    0.589    0.626     5.2
    13     0.1449    0.589    0.669     5.2
    14     0.1351    0.479    0.596     5.1
    15     0.1221    0.548    0.707     5.0
    16     0.1255    0.644    0.608     5.0
    17     0.1509    0.699    0.703     5.1
    18     0.1351    0.493    0.561     5.3
    19     0.1238    0.562    0.692     4.9
    20     0.0950    0.644    0.690     5.2
    21     0.1138    0.589    0.618     5.0
    22     0.0609    0.562    0.619     5.0
    23     0.0733    0.575    0.647     5.1
    24     0.0682    0.658    0.644     5.2
    25     0.0822    0.616    0.705     4.8
    26     0.0521    0.630    0.681     5.0
    27     0.0572    0.616    0.691     5.2
    28     0.0435    0.603    0.688     5.1
    29     0.0551    0.658    0.714     5.2
    30     0.0341    0.685    0.708     4.9
    31     0.0447    0.562    0.605     4.9
    32     0.0524    0.616    0.680     5.0
    33     0.0572    0.603    0.667     5.0
    34     0.0568    0.671    0.691     5.2
    35     0.0482    0.630    0.664     5.0
    36     0.0319    0.644    0.669     5.0
    37     0.0234    0.671    0.695     4.9
    38     0.0638    0.644    0.707     4.9
    39     0.0406    0.589    0.685     5.0
    40     0.0349    0.575    0.643     4.9
    41     0.0525    0.699    0.673     5.0
    42     0.0449    0.575    0.661     5.1
    43     0.0361    0.534    0.646     4.9
    44     0.0366    0.616    0.643     5.1
    45     0.0200    0.671    0.687     4.9
    46     0.0150    0.671    0.694     5.3
    47     0.0172    0.712    0.715     5.1
    48     0.0288    0.671    0.718     4.9
    49     0.0290    0.616    0.701     5.1
    50     0.0337    0.575    0.685     4.9
[seed=4 size=640 env=00] 末轮 acc 0.575（记进汇总的是这个）   最好 epoch acc 0.712（挑了测试集上最好的一轮，只能参考，不能当结果报）

[seed=4 size=640 env=01] 训练 418 张 / 测试 105 张 / 每 epoch 13 个 batch
 epoch       loss      acc      auc       秒
     1     0.5528    0.800    0.886     6.4
     2     0.3696    0.914    0.971     6.4
     3     0.2750    0.924    0.981     6.4
     4     0.2734    0.895    0.975     6.8
     5     0.2188    0.914    0.985     6.6
     6     0.2861    0.829    0.971     6.4
     7     0.2270    0.857    0.978     6.4
     8     0.1886    0.914    0.981     6.5
     9     0.1919    0.962    0.991     6.5
    10     0.1699    0.752    0.940     6.6
    11     0.1642    0.914    0.981     6.6
    12     0.1359    0.857    0.970     6.7
    13     0.1170    0.733    0.964     6.6
    14     0.0994    0.895    0.974     6.7
    15     0.0806    0.952    0.978     6.5
    16     0.0777    0.924    0.972     6.7
    17     0.0643    0.924    0.979     6.5
    18     0.0662    0.933    0.975     6.8
    19     0.0858    0.895    0.963     6.4
    20     0.0605    0.867    0.962     6.7
    21     0.0819    0.829    0.969     6.6
    22     0.0559    0.905    0.966     6.7
    23     0.1133    0.933    0.976     6.5
    24     0.1004    0.714    0.930     6.5
    25     0.0830    0.905    0.975     6.5
    26     0.0515    0.905    0.962     6.6
    27     0.0851    0.800    0.943     6.4
    28     0.0853    0.914    0.973     6.6
    29     0.0789    0.819    0.962     6.6
    30     0.0569    0.905    0.966     6.5
    31     0.0556    0.876    0.949     6.8
    32     0.0832    0.876    0.975     6.8
    33     0.0469    0.857    0.974     6.4
    34     0.0514    0.867    0.962     6.7
    35     0.0402    0.895    0.959     6.5
    36     0.0398    0.886    0.956     6.6
    37     0.0248    0.857    0.955     6.6
    38     0.0373    0.886    0.962     6.6
    39     0.0329    0.867    0.960     6.8
    40     0.0292    0.838    0.959     6.6
    41     0.0323    0.914    0.968     6.5
    42     0.0403    0.924    0.976     6.4
    43     0.0356    0.876    0.966     6.6
    44     0.0392    0.876    0.953     6.5
    45     0.0396    0.695    0.867     6.7
    46     0.0323    0.857    0.957     6.5
    47     0.0498    0.895    0.953     6.4
    48     0.0403    0.895    0.969     6.6
    49     0.0435    0.857    0.963     6.5
    50     0.0389    0.886    0.965     6.6
[seed=4 size=640 env=01] 末轮 acc 0.886（记进汇总的是这个）   最好 epoch acc 0.962（挑了测试集上最好的一轮，只能参考，不能当结果报）

[seed=4 size=640 env=02] 训练 220 张 / 测试 54 张 / 每 epoch 6 个 batch
 epoch       loss      acc      auc       秒
     1     0.6922    0.574    0.631     3.8
     2     0.6242    0.648    0.669     4.1
     3     0.5870    0.593    0.672     4.1
     4     0.5768    0.611    0.651     4.1
     5     0.5450    0.685    0.705     3.9
     6     0.4782    0.685    0.743     4.0
     7     0.4380    0.648    0.701     4.1
     8     0.4003    0.704    0.708     3.9
     9     0.3881    0.685    0.680     4.0
    10     0.3346    0.630    0.675     4.1
    11     0.2780    0.722    0.711     4.0
    12     0.2816    0.648    0.677     4.0
    13     0.2320    0.630    0.689     3.8
    14     0.1782    0.648    0.687     4.1
    15     0.1716    0.685    0.725     4.2
    16     0.2268    0.648    0.735     4.1
    17     0.2054    0.704    0.752     4.1
    18     0.1346    0.685    0.736     3.8
    19     0.1395    0.593    0.640     3.9
    20     0.1574    0.611    0.659     4.0
    21     0.1940    0.611    0.693     3.9
    22     0.1401    0.704    0.707     4.1
    23     0.1350    0.722    0.718     4.1
    24     0.1298    0.704    0.826     4.1
    25     0.1224    0.611    0.771     3.9
    26     0.1143    0.722    0.786     3.9
    27     0.0839    0.704    0.762     4.0
    28     0.1326    0.685    0.748     3.9
    29     0.0842    0.630    0.739     4.0
    30     0.1105    0.741    0.756     4.0
    31     0.0736    0.667    0.721     3.8
    32     0.1067    0.593    0.705     4.1
    33     0.1131    0.648    0.727     3.9
    34     0.0546    0.648    0.729     3.9
    35     0.1417    0.741    0.763     3.8
    36     0.1311    0.685    0.746     3.9
    37     0.0637    0.667    0.756     4.0
    38     0.0991    0.685    0.757     3.9
    39     0.0615    0.741    0.769     4.0
    40     0.0725    0.667    0.755     4.2
    41     0.0377    0.667    0.735     4.0
    42     0.0498    0.704    0.734     4.0
    43     0.0494    0.704    0.749     4.1
    44     0.0866    0.667    0.755     3.9
    45     0.0582    0.667    0.718     3.8
    46     0.0940    0.722    0.795     3.9
    47     0.0902    0.685    0.792     4.0
    48     0.1008    0.704    0.748     3.9
    49     0.1012    0.593    0.729     3.9
    50     0.0567    0.704    0.760     3.9
[seed=4 size=640 env=02] 末轮 acc 0.704（记进汇总的是这个）   最好 epoch acc 0.741（挑了测试集上最好的一轮，只能参考，不能当结果报）

=== 汇总  dataset=HTP  scope=per_env  arch=resnet50  seeds=[0, 1, 2, 3, 4]  epochs=50  test_ratio=0.2 ===
（per_env 的 overall 是各域 acc 的宏平均。各域是各自独立的模型，把预测混起来算微平均没有意义）

acc
 image_size              00              01              02         overall
        224     0.633±0.035     0.850±0.018     0.567±0.038     0.683±0.021
        640     0.625±0.050     0.884±0.029     0.574±0.071     0.694±0.023

auc
 image_size              00              01              02         overall
        224     0.655±0.045     0.946±0.024     0.589±0.064     0.730±0.034
        640     0.697±0.064     0.946±0.033     0.611±0.096     0.751±0.042

结果已写入 indomain_per_env_res.csv（本次 1500 行）
